E/DUSS&43[        event_task_entry: 296]:(  210): handle_one_event() error: -1001
F/DUSS&41[ mb_local_channel_create:  98]:(15085): Bind socket fail! ret = -1, errno = 98
F/DUSS&41[    mb_active_route_item: 258]:(15085): Create route item test's channel fail! result=-1001
E/DUSS&41[   duss_mb_create_client: 441]:(15085): activate route item test error
F/DUSS&41[ mb_local_channel_create:  98]:(15085): Bind socket fail! ret = -1, errno = 98
F/DUSS&41[    mb_active_route_item: 258]:(15085): Create route item all's channel fail! result=-1001
F/DUSS&42[       tm_monitor_thread:  89]:(  206): Process need be restarted: 1132!
E/DUSS&41[   duss_mb_create_client: 441]:(15085): activate route item all error
F/DUSS&41[ mb_local_channel_create:  98]:(15085): Bind socket fail! ret = -1, errno = 98
W/DUSS&01[         linux_tty_write: 439]:(  217): /dev/ttyGS0 timeout!
E/DUSS&43[         duss_event_send: 693]:(  217): event_mb_send() error: -1002, event_id=0x6001e, peer_host=0xa01, host=0xd01
F/DUSS&41[    mb_active_route_item: 258]:(15085): Create route item glass's channel fail! result=-1001
E/DUSS&43[        event_task_entry: 296]:(  217): handle_one_event() error: -1002
E/DUSS&41[   duss_mb_create_client: 441]:(15085): activate route item glass error
F/DUSS&41[ mb_local_channel_create:  98]:(15085): Bind socket fail! ret = -1, errno = 98
F/DUSS&41[    mb_active_route_item: 258]:(15085): Create route item flight's channel fail! result=-1001
E/DUSS&41[   duss_mb_create_client: 441]:(15085): activate route item flight error
F/DUSS&41[ mb_local_channel_create:  98]:(15085): Bind socket fail! ret = -1, errno = 98
F/DUSS&41[    mb_active_route_item: 258]:(15085): Create route item ve_gnd's channel fail! result=-1001
E/DUSS&41[   duss_mb_create_client: 441]:(15085): activate route item ve_gnd error
F/DUSS&41[ mb_local_channel_create:  98]:(15085): Bind socket fail! ret = -1, errno = 98
F/DUSS&41[    mb_active_route_item: 258]:(15085): Create route item glass's channel fail! result=-1001
E/DUSS&41[   duss_mb_create_client: 441]:(15085): activate route item glass error
E/DUSS&41[      mb_find_target_ctx: 520]:(15085): can't find target 0x1513 on host 0xd01
E/DUSS&43[    duss_event_send_sync: 788]:(15085): can't find the target ctx for 0x1513, this_host=0xd01, msg_id=0x10002
F/DUSS&44[           sketch_atexit:  52]:(15085): Some one called exit(), please check!
W/DUSS&57[    hg_scanning_key_task:3653]:(  210): duss_osal_msgq_send failed -1001
W/DUSS&01[         linux_tty_write: 439]:(  217): /dev/ttyGS0 timeout!
D/DUSS	   (15085): #00  pc 00001b26  /system/lib/libduml_util.so (duss_log_dump_backtrace+21)
D/DUSS	   (15085): #01  pc 00045dd4  /system/lib/libduml_frwk.so
D/DUSS	   (15085): #02  pc 00028c62  /system/lib/libc.so (__cxa_finalize+153)
D/DUSS	   (15085): #03  pc 00028e5c  /system/lib/libc.so (exit+5)
D/DUSS	   (15085): #04  pc 00000dc6  /system/bin/dji_mb_ctrl
D/DUSS	   (15085): #05  pc 0000e428  /system/lib/libc.so (__libc_init+47)
W/DUSS&01[         linux_tty_write: 439]:(  217): /dev/ttyGS0 timeout!
W/DUSS&57[    hg_scanning_key_task:3653]:(  210): duss_osal_msgq_send failed -1001
W/DUSS&01[         linux_tty_write: 439]:(  217): /dev/ttyGS0 timeout!
W/DUSS&01[         linux_tty_write: 439]:(  217): /dev/ttyGS0 timeout!
W/DUSS&41[     mb_auto_detect_recv: 859]:(  210): Get datagram fail! -1008
W/DUSS&57[    hg_scanning_key_task:3653]:(  210): duss_osal_msgq_send failed -1001
W/DUSS&01[         linux_tty_write: 439]:(  217): /dev/ttyGS0 timeout!
W/DUSS&01[         linux_tty_write: 439]:(  217): /dev/ttyGS0 timeout!
E/DUSS&43[         duss_event_send: 693]:(  210): event_mb_send() error: -1001, event_id=0x60005, peer_host=0x200, host=0xe00
E/DUSS&57[ hg_push_key_to_app_task:4941]:(  210): duss_event_send() error: -1001
W/DUSS&57[    hg_scanning_key_task:3653]:(  210): duss_osal_msgq_send failed -1001
W/DUSS&01[         linux_tty_write: 439]:(  217): /dev/ttyGS0 timeout!
W/DUSS&01[         linux_tty_write: 439]:(  217): /dev/ttyGS0 timeout!
E/DUSS&43[         duss_event_send: 693]:(  210): event_mb_send() error: -1001, event_id=0xfb, peer_host=0x200, host=0xe00
E/DUSS&57[send_rc_self_status_to_a: 255]:(  210): duss_event_send() error: -1001
W/DUSS&57[    hg_scanning_key_task:3653]:(  210): duss_osal_msgq_send failed -1001
W/DUSS&01[         linux_tty_write: 439]:(  217): /dev/ttyGS0 timeout!
W/DUSS&01[         linux_tty_write: 439]:(  217): /dev/ttyGS0 timeout!
W/DUSS&57[    hg_scanning_key_task:3653]:(  210): duss_osal_msgq_send failed -1001
W/DUSS&41[     mb_auto_detect_recv: 859]:(  210): Get datagram fail! -1008
W/DUSS&01[         linux_tty_write: 439]:(  217): /dev/ttyGS0 timeout!
W/DUSS&01[         linux_tty_write: 439]:(  217): /dev/ttyGS0 timeout!
W/DUSS&57[    hg_scanning_key_task:3653]:(  210): duss_osal_msgq_send failed -1001
W/DUSS&01[         linux_tty_write: 439]:(  217): /dev/ttyGS0 timeout!
W/DUSS&01[         linux_tty_write: 439]:(  217): /dev/ttyGS0 timeout!
E/DUSS&43[         duss_event_send: 693]:(  210): event_mb_send() error: -1001, event_id=0x6001e, peer_host=0x200, host=0xe00
E/DUSS&43[        event_task_entry: 296]:(  210): handle_one_event() error: -1001
W/DUSS&57[    hg_scanning_key_task:3653]:(  210): duss_osal_msgq_send failed -1001
W/DUSS&01[         linux_tty_write: 439]:(  217): /dev/ttyGS0 timeout!
W/DUSS&01[         linux_tty_write: 439]:(  217): /dev/ttyGS0 timeout!
F/DUSS&42[       tm_monitor_thread:  89]:(  206): Process need be restarted: 1132!
W/DUSS&57[    hg_scanning_key_task:3653]:(  210): duss_osal_msgq_send failed -1001
W/DUSS&01[         linux_tty_write: 439]:(  217): /dev/ttyGS0 timeout!
W/DUSS&01[         linux_tty_write: 439]:(  217): /dev/ttyGS0 timeout!
W/DUSS&41[     mb_auto_detect_recv: 859]:(  210): Get datagram fail! -1008
W/DUSS&57[    hg_scanning_key_task:3653]:(  210): duss_osal_msgq_send failed -1001
W/DUSS&01[         linux_tty_write: 439]:(  217): /dev/ttyGS0 timeout!
W/DUSS&01[         linux_tty_write: 439]:(  217): /dev/ttyGS0 timeout!
E/DUSS&43[         duss_event_send: 693]:(  210): event_mb_send() error: -1001, event_id=0x60005, peer_host=0x200, host=0xe00
E/DUSS&57[ hg_push_key_to_app_task:4941]:(  210): duss_event_send() error: -1001
W/DUSS&57[    hg_scanning_key_task:3653]:(  210): duss_osal_msgq_send failed -1001
W/DUSS&01[         linux_tty_write: 439]:(  217): /dev/ttyGS0 timeout!
W/DUSS&01[         linux_tty_write: 439]:(  217): /dev/ttyGS0 timeout!
E/DUSS&43[         duss_event_send: 693]:(  210): event_mb_send() error: -1001, event_id=0xfb, peer_host=0x200, host=0xe00
E/DUSS&57[send_rc_self_status_to_a: 255]:(  210): duss_event_send() error: -1001
W/DUSS&57[    hg_scanning_key_task:3653]:(  210): duss_osal_msgq_send failed -1001
W/DUSS&01[         linux_tty_write: 439]:(  217): /dev/ttyGS0 timeout!
W/DUSS&01[         linux_tty_write: 439]:(  217): /dev/ttyGS0 timeout!
F/DUSS&41[ mb_local_channel_create:  98]:(15109): Bind socket fail! ret = -1, errno = 98
F/DUSS&41[    mb_active_route_item: 258]:(15109): Create route item ve_gnd's channel fail! result=-1001
E/DUSS&41[   duss_mb_create_client: 441]:(15109): activate route item ve_gnd error
F/DUSS&41[ mb_local_channel_create:  98]:(15109): Bind socket fail! ret = -1, errno = 98
W/DUSS&57[    hg_scanning_key_task:3653]:(  210): duss_osal_msgq_send failed -1001
F/DUSS&41[    mb_active_route_item: 258]:(15109): Create route item vt_gnd's channel fail! result=-1001
E/DUSS&41[   duss_mb_create_client: 441]:(15109): activate route item vt_gnd error
F/DUSS&41[ mb_local_channel_create:  98]:(15109): Bind socket fail! ret = -1, errno = 98
F/DUSS&41[    mb_active_route_item: 258]:(15109): Create route item ve_air's channel fail! result=-1001
E/DUSS&41[   duss_mb_create_client: 441]:(15109): activate route item ve_air error
F/DUSS&41[ mb_local_channel_create:  98]:(15109): Bind socket fail! ret = -1, errno = 98
W/DUSS&01[         linux_tty_write: 439]:(  217): /dev/ttyGS0 timeout!
F/DUSS&41[    mb_active_route_item: 258]:(15109): Create route item vt_gnd's channel fail! result=-1001
E/DUSS&41[   duss_mb_create_client: 441]:(15109): activate route item vt_gnd error
W/DUSS&41[     mb_auto_detect_recv: 859]:(  210): Get datagram fail! -1008
F/DUSS&41[ mb_local_channel_create:  98]:(15109): Bind socket fail! ret = -1, errno = 98
F/DUSS&41[    mb_active_route_item: 258]:(15109): Create route item rc's channel fail! result=-1001
E/DUSS&41[   duss_mb_create_client: 441]:(15109): activate route item rc error
F/DUSS&41[ mb_local_channel_create:  98]:(15109): Bind socket fail! ret = -1, errno = 98
F/DUSS&41[    mb_active_route_item: 258]:(15109): Create route item vt_air's channel fail! result=-1001
E/DUSS&41[   duss_mb_create_client: 441]:(15109): activate route item vt_air error
W/DUSS&01[         linux_tty_write: 439]:(  217): /dev/ttyGS0 timeout!
F/DUSS&41[ mb_local_channel_create:  98]:(15109): Bind socket fail! ret = -1, errno = 98
F/DUSS&41[    mb_active_route_item: 258]:(15109): Create route item mobile's channel fail! result=-1001
E/DUSS&41[   duss_mb_create_client: 441]:(15109): activate route item mobile error
F/DUSS&41[ mb_local_channel_create:  98]:(15109): Bind socket fail! ret = -1, errno = 98
F/DUSS&41[    mb_active_route_item: 258]:(15109): Create route item pc's channel fail! result=-1001
E/DUSS&41[   duss_mb_create_client: 441]:(15109): activate route item pc error
F/DUSS&41[ mb_local_channel_create:  98]:(15109): Bind socket fail! ret = -1, errno = 98
F/DUSS&41[    mb_active_route_item: 258]:(15109): Create route item whoami's channel fail! result=-1001
E/DUSS&41[   duss_mb_create_client: 441]:(15109): activate route item whoami error
F/DUSS&41[ mb_local_channel_create:  98]:(15109): Bind socket fail! ret = -1, errno = 98
F/DUSS&41[    mb_active_route_item: 258]:(15109): Create route item test's channel fail! result=-1001
E/DUSS&41[   duss_mb_create_client: 441]:(15109): activate route item test error
F/DUSS&41[ mb_local_channel_create:  98]:(15109): Bind socket fail! ret = -1, errno = 98
F/DUSS&41[    mb_active_route_item: 258]:(15109): Create route item all's channel fail! result=-1001
E/DUSS&41[   duss_mb_create_client: 441]:(15109): activate route item all error
F/DUSS&41[ mb_local_channel_create:  98]:(15109): Bind socket fail! ret = -1, errno = 98
F/DUSS&41[    mb_active_route_item: 258]:(15109): Create route item glass's channel fail! result=-1001
E/DUSS&41[   duss_mb_create_client: 441]:(15109): activate route item glass error
F/DUSS&41[ mb_local_channel_create:  98]:(15109): Bind socket fail! ret = -1, errno = 98
F/DUSS&41[    mb_active_route_item: 258]:(15109): Create route item flight's channel fail! result=-1001
E/DUSS&41[   duss_mb_create_client: 441]:(15109): activate route item flight error
F/DUSS&41[ mb_local_channel_create:  98]:(15109): Bind socket fail! ret = -1, errno = 98
F/DUSS&41[    mb_active_route_item: 258]:(15109): Create route item ve_gnd's channel fail! result=-1001
E/DUSS&41[   duss_mb_create_client: 441]:(15109): activate route item ve_gnd error
F/DUSS&41[ mb_local_channel_create:  98]:(15109): Bind socket fail! ret = -1, errno = 98
F/DUSS&41[    mb_active_route_item: 258]:(15109): Create route item glass's channel fail! result=-1001
E/DUSS&41[   duss_mb_create_client: 441]:(15109): activate route item glass error
E/DUSS&41[      mb_find_target_ctx: 520]:(15109): can't find target 0x1613 on host 0xd01
W/DUSS&57[    hg_scanning_key_task:3653]:(  210): duss_osal_msgq_send failed -1001
E/DUSS&43[    duss_event_send_sync: 788]:(15109): can't find the target ctx for 0x1613, this_host=0xd01, msg_id=0x10002
F/DUSS&44[           sketch_atexit:  52]:(15109): Some one called exit(), please check!
W/DUSS&01[         linux_tty_write: 439]:(  217): /dev/ttyGS0 timeout!
W/DUSS&01[         linux_tty_write: 439]:(  217): /dev/ttyGS0 timeout!
D/DUSS	   (15109): #00  pc 00001b26  /system/lib/libduml_util.so (duss_log_dump_backtrace+21)
D/DUSS	   (15109): #01  pc 00045dd4  /system/lib/libduml_frwk.so
D/DUSS	   (15109): #02  pc 00028c62  /system/lib/libc.so (__cxa_finalize+153)
D/DUSS	   (15109): #03  pc 00028e5c  /system/lib/libc.so (exit+5)
D/DUSS	   (15109): #04  pc 00000dc6  /system/bin/dji_mb_ctrl
D/DUSS	   (15109): #05  pc 0000e428  /system/lib/libc.so (__libc_init+47)
E/DUSS&43[         duss_event_send: 693]:(  210): event_mb_send() error: -1001, event_id=0x6001e, peer_host=0x200, host=0xe00
E/DUSS&43[        event_task_entry: 296]:(  210): handle_one_event() error: -1001
W/DUSS&57[    hg_scanning_key_task:3653]:(  210): duss_osal_msgq_send failed -1001
W/DUSS&01[         linux_tty_write: 439]:(  217): /dev/ttyGS0 timeout!
W/DUSS&01[         linux_tty_write: 439]:(  217): /dev/ttyGS0 timeout!
F/DUSS&42[       tm_monitor_thread:  89]:(  206): Process need be restarted: 1132!
W/DUSS&57[    hg_scanning_key_task:3653]:(  210): duss_osal_msgq_send failed -1001
W/DUSS&01[         linux_tty_write: 439]:(  217): /dev/ttyGS0 timeout!
W/DUSS&01[         linux_tty_write: 439]:(  217): /dev/ttyGS0 timeout!
W/DUSS&41[     mb_auto_detect_recv: 859]:(  210): Get datagram fail! -1008
W/DUSS&57[    hg_scanning_key_task:3653]:(  210): duss_osal_msgq_send failed -1001
W/DUSS&01[         linux_tty_write: 439]:(  217): /dev/ttyGS0 timeout!
W/DUSS&01[         linux_tty_write: 439]:(  217): /dev/ttyGS0 timeout!
E/DUSS&43[         duss_event_send: 693]:(  210): event_mb_send() error: -1001, event_id=0x60005, peer_host=0x200, host=0xe00
E/DUSS&57[ hg_push_key_to_app_task:4941]:(  210): duss_event_send() error: -1001
W/DUSS&57[    hg_scanning_key_task:3653]:(  210): duss_osal_msgq_send failed -1001
W/DUSS&01[         linux_tty_write: 439]:(  217): /dev/ttyGS0 timeout!
W/DUSS&01[         linux_tty_write: 439]:(  217): /dev/ttyGS0 timeout!
W/DUSS&57[    hg_scanning_key_task:3653]:(  210): duss_osal_msgq_send failed -1001
W/DUSS&01[         linux_tty_write: 439]:(  217): /dev/ttyGS0 timeout!
W/DUSS&01[         linux_tty_write: 439]:(  217): /dev/ttyGS0 timeout!
E/DUSS&43[         duss_event_send: 693]:(  210): event_mb_send() error: -1001, event_id=0xfb, peer_host=0x200, host=0xe00
E/DUSS&57[send_rc_self_status_to_a: 255]:(  210): duss_event_send() error: -1001
W/DUSS&57[    hg_scanning_key_task:3653]:(  210): duss_osal_msgq_send failed -1001
W/DUSS&01[         linux_tty_write: 439]:(  217): /dev/ttyGS0 timeout!
W/DUSS&41[     mb_auto_detect_recv: 859]:(  210): Get datagram fail! -1008
W/DUSS&01[         linux_tty_write: 439]:(  217): /dev/ttyGS0 timeout!
W/DUSS&57[    hg_scanning_key_task:3653]:(  210): duss_osal_msgq_send failed -1001
W/DUSS&01[         linux_tty_write: 439]:(  217): /dev/ttyGS0 timeout!
W/DUSS&01[         linux_tty_write: 439]:(  217): /dev/ttyGS0 timeout!
E/DUSS&43[         duss_event_send: 693]:(  210): event_mb_send() error: -1001, event_id=0x6001e, peer_host=0x200, host=0xe00
E/DUSS&43[        event_task_entry: 296]:(  210): handle_one_event() error: -1001
W/DUSS&57[    hg_scanning_key_task:3653]:(  210): duss_osal_msgq_send failed -1001
W/DUSS&01[         linux_tty_write: 439]:(  217): /dev/ttyGS0 timeout!
W/DUSS&01[         linux_tty_write: 439]:(  217): /dev/ttyGS0 timeout!
W/DUSS&57[    hg_scanning_key_task:3653]:(  210): duss_osal_msgq_send failed -1001
E/DUSS&43[         duss_event_send: 693]:(  210): event_mb_send() error: -1001, event_id=0x60057, peer_host=0x200, host=0xe00
E/DUSS&57[ hdvt_forward_v1_for_sdr: 685]:(  210): hdvt_push command to APP -1001
E/DUSS&43[         duss_event_send: 693]:(  210): event_mb_send() error: -1001, event_id=0x90025, peer_host=0x200, host=0xe00
W/DUSS&01[         linux_tty_write: 439]:(  217): /dev/ttyGS0 timeout!
W/DUSS&01[         linux_tty_write: 439]:(  217): /dev/ttyGS0 timeout!
W/DUSS&41[     mb_auto_detect_recv: 859]:(  210): Get datagram fail! -1008
W/DUSS&57[    hg_scanning_key_task:3653]:(  210): duss_osal_msgq_send failed -1001
W/DUSS&01[         linux_tty_write: 439]:(  217): /dev/ttyGS0 timeout!
W/DUSS&01[         linux_tty_write: 439]:(  217): /dev/ttyGS0 timeout!
E/DUSS&43[         duss_event_send: 693]:(  210): event_mb_send() error: -1001, event_id=0x60005, peer_host=0x200, host=0xe00
E/DUSS&57[ hg_push_key_to_app_task:4941]:(  210): duss_event_send() error: -1001
W/DUSS&57[    hg_scanning_key_task:3653]:(  210): duss_osal_msgq_send failed -1001
F/DUSS&42[       tm_monitor_thread:  89]:(  206): Process need be restarted: 1132!
W/DUSS&01[         linux_tty_write: 439]:(  217): /dev/ttyGS0 timeout!
W/DUSS&01[         linux_tty_write: 439]:(  217): /dev/ttyGS0 timeout!
W/DUSS&57[    hg_scanning_key_task:3653]:(  210): duss_osal_msgq_send failed -1001
E/DUSS&43[         duss_event_send: 693]:(  210): event_mb_send() error: -1001, event_id=0xfb, peer_host=0x200, host=0xe00
E/DUSS&57[send_rc_self_status_to_a: 255]:(  210): duss_event_send() error: -1001
W/DUSS&01[         linux_tty_write: 439]:(  217): /dev/ttyGS0 timeout!
W/DUSS&01[         linux_tty_write: 439]:(  217): /dev/ttyGS0 timeout!
F/DUSS&41[ mb_local_channel_create:  98]:(15139): Bind socket fail! ret = -1, errno = 98
F/DUSS&41[    mb_active_route_item: 258]:(15139): Create route item ve_gnd's channel fail! result=-1001
E/DUSS&41[   duss_mb_create_client: 441]:(15139): activate route item ve_gnd error
F/DUSS&41[ mb_local_channel_create:  98]:(15139): Bind socket fail! ret = -1, errno = 98
F/DUSS&41[    mb_active_route_item: 258]:(15139): Create route item vt_gnd's channel fail! result=-1001
E/DUSS&41[   duss_mb_create_client: 441]:(15139): activate route item vt_gnd error
F/DUSS&41[ mb_local_channel_create:  98]:(15139): Bind socket fail! ret = -1, errno = 98
F/DUSS&41[    mb_active_route_item: 258]:(15139): Create route item ve_air's channel fail! result=-1001
E/DUSS&41[   duss_mb_create_client: 441]:(15139): activate route item ve_air error
F/DUSS&41[ mb_local_channel_create:  98]:(15139): Bind socket fail! ret = -1, errno = 98
F/DUSS&41[    mb_active_route_item: 258]:(15139): Create route item vt_gnd's channel fail! result=-1001
E/DUSS&41[   duss_mb_create_client: 441]:(15139): activate route item vt_gnd error
F/DUSS&41[ mb_local_channel_create:  98]:(15139): Bind socket fail! ret = -1, errno = 98
F/DUSS&41[    mb_active_route_item: 258]:(15139): Create route item rc's channel fail! result=-1001
W/DUSS&57[    hg_scanning_key_task:3653]:(  210): duss_osal_msgq_send failed -1001
E/DUSS&41[   duss_mb_create_client: 441]:(15139): activate route item rc error
F/DUSS&41[ mb_local_channel_create:  98]:(15139): Bind socket fail! ret = -1, errno = 98
F/DUSS&41[    mb_active_route_item: 258]:(15139): Create route item vt_air's channel fail! result=-1001
E/DUSS&41[   duss_mb_create_client: 441]:(15139): activate route item vt_air error
F/DUSS&41[ mb_local_channel_create:  98]:(15139): Bind socket fail! ret = -1, errno = 98
F/DUSS&41[    mb_active_route_item: 258]:(15139): Create route item mobile's channel fail! result=-1001
E/DUSS&41[   duss_mb_create_client: 441]:(15139): activate route item mobile error
W/DUSS&01[         linux_tty_write: 439]:(  217): /dev/ttyGS0 timeout!
F/DUSS&41[ mb_local_channel_create:  98]:(15139): Bind socket fail! ret = -1, errno = 98
F/DUSS&41[    mb_active_route_item: 258]:(15139): Create route item pc's channel fail! result=-1001
E/DUSS&41[   duss_mb_create_client: 441]:(15139): activate route item pc error
F/DUSS&41[ mb_local_channel_create:  98]:(15139): Bind socket fail! ret = -1, errno = 98
W/DUSS&01[         linux_tty_write: 439]:(  217): /dev/ttyGS0 timeout!
F/DUSS&41[    mb_active_route_item: 258]:(15139): Create route item whoami's channel fail! result=-1001
E/DUSS&41[   duss_mb_create_client: 441]:(15139): activate route item whoami error
F/DUSS&41[ mb_local_channel_create:  98]:(15139): Bind socket fail! ret = -1, errno = 98
F/DUSS&41[    mb_active_route_item: 258]:(15139): Create route item test's channel fail! result=-1001
W/DUSS&41[     mb_auto_detect_recv: 859]:(  210): Get datagram fail! -1008
E/DUSS&41[   duss_mb_create_client: 441]:(15139): activate route item test error
F/DUSS&41[ mb_local_channel_create:  98]:(15139): Bind socket fail! ret = -1, errno = 98
F/DUSS&41[    mb_active_route_item: 258]:(15139): Create route item all's channel fail! result=-1001
E/DUSS&41[   duss_mb_create_client: 441]:(15139): activate route item all error
F/DUSS&41[ mb_local_channel_create:  98]:(15139): Bind socket fail! ret = -1, errno = 98
F/DUSS&41[    mb_active_route_item: 258]:(15139): Create route item glass's channel fail! result=-1001
E/DUSS&41[   duss_mb_create_client: 441]:(15139): activate route item glass error
F/DUSS&41[ mb_local_channel_create:  98]:(15139): Bind socket fail! ret = -1, errno = 98
F/DUSS&41[    mb_active_route_item: 258]:(15139): Create route item flight's channel fail! result=-1001
E/DUSS&41[   duss_mb_create_client: 441]:(15139): activate route item flight error
F/DUSS&41[ mb_local_channel_create:  98]:(15139): Bind socket fail! ret = -1, errno = 98
F/DUSS&41[    mb_active_route_item: 258]:(15139): Create route item ve_gnd's channel fail! result=-1001
E/DUSS&41[   duss_mb_create_client: 441]:(15139): activate route item ve_gnd error
F/DUSS&41[ mb_local_channel_create:  98]:(15139): Bind socket fail! ret = -1, errno = 98
F/DUSS&41[    mb_active_route_item: 258]:(15139): Create route item glass's channel fail! result=-1001
E/DUSS&41[   duss_mb_create_client: 441]:(15139): activate route item glass error
E/DUSS&41[      mb_find_target_ctx: 520]:(15139): can't find target 0x1713 on host 0xd01
E/DUSS&43[    duss_event_send_sync: 788]:(15139): can't find the target ctx for 0x1713, this_host=0xd01, msg_id=0x10002
F/DUSS&44[           sketch_atexit:  52]:(15139): Some one called exit(), please check!
W/DUSS&57[    hg_scanning_key_task:3653]:(  210): duss_osal_msgq_send failed -1001
W/DUSS&01[         linux_tty_write: 439]:(  217): /dev/ttyGS0 timeout!
D/DUSS	   (15139): #00  pc 00001b26  /system/lib/libduml_util.so (duss_log_dump_backtrace+21)
D/DUSS	   (15139): #01  pc 00045dd4  /system/lib/libduml_frwk.so
D/DUSS	   (15139): #02  pc 00028c62  /system/lib/libc.so (__cxa_finalize+153)
D/DUSS	   (15139): #03  pc 00028e5c  /system/lib/libc.so (exit+5)
W/DUSS&01[         linux_tty_write: 439]:(  217): /dev/ttyGS0 timeout!
D/DUSS	   (15139): #04  pc 00000dc6  /system/bin/dji_mb_ctrl
D/DUSS	   (15139): #05  pc 0000e428  /system/lib/libc.so (__libc_init+47)
W/DUSS&57[    hg_scanning_key_task:3653]:(  210): duss_osal_msgq_send failed -1001
E/DUSS&43[         duss_event_send: 693]:(  210): event_mb_send() error: -1001, event_id=0x6001e, peer_host=0x200, host=0xe00
E/DUSS&43[        event_task_entry: 296]:(  210): handle_one_event() error: -1001
W/DUSS&01[         linux_tty_write: 439]:(  217): /dev/ttyGS0 timeout!
W/DUSS&01[         linux_tty_write: 439]:(  217): /dev/ttyGS0 timeout!
W/DUSS&57[    hg_scanning_key_task:3653]:(  210): duss_osal_msgq_send failed -1001
W/DUSS&01[         linux_tty_write: 439]:(  217): /dev/ttyGS0 timeout!
W/DUSS&01[         linux_tty_write: 439]:(  217): /dev/ttyGS0 timeout!
W/DUSS&41[     mb_auto_detect_recv: 859]:(  210): Get datagram fail! -1008
W/DUSS&57[    hg_scanning_key_task:3653]:(  210): duss_osal_msgq_send failed -1001
W/DUSS&01[         linux_tty_write: 439]:(  217): /dev/ttyGS0 timeout!
W/DUSS&01[         linux_tty_write: 439]:(  217): /dev/ttyGS0 timeout!
E/DUSS&43[         duss_event_send: 693]:(  210): event_mb_send() error: -1001, event_id=0x60005, peer_host=0x200, host=0xe00
E/DUSS&57[ hg_push_key_to_app_task:4941]:(  210): duss_event_send() error: -1001
W/DUSS&57[    hg_scanning_key_task:3653]:(  210): duss_osal_msgq_send failed -1001
W/DUSS&01[         linux_tty_write: 439]:(  217): /dev/ttyGS0 timeout!
W/DUSS&01[         linux_tty_write: 439]:(  217): /dev/ttyGS0 timeout!
W/DUSS&57[    hg_scanning_key_task:3653]:(  210): duss_osal_msgq_send failed -1001
E/DUSS&43[         duss_event_send: 693]:(  210): event_mb_send() error: -1001, event_id=0xfb, peer_host=0x200, host=0xe00
E/DUSS&57[send_rc_self_status_to_a: 255]:(  210): duss_event_send() error: -1001
W/DUSS&01[         linux_tty_write: 439]:(  217): /dev/ttyGS0 timeout!
W/DUSS&01[         linux_tty_write: 439]:(  217): /dev/ttyGS0 timeout!
W/DUSS&57[    hg_scanning_key_task:3653]:(  210): duss_osal_msgq_send failed -1001
W/DUSS&01[         linux_tty_write: 439]:(  217): /dev/ttyGS0 timeout!
W/DUSS&01[         linux_tty_write: 439]:(  217): /dev/ttyGS0 timeout!
W/DUSS&41[     mb_auto_detect_recv: 859]:(  210): Get datagram fail! -1008
W/DUSS&57[    hg_scanning_key_task:3653]:(  210): duss_osal_msgq_send failed -1001
W/DUSS&01[         linux_tty_write: 439]:(  217): /dev/ttyGS0 timeout!
W/DUSS&01[         linux_tty_write: 439]:(  217): /dev/ttyGS0 timeout!
F/DUSS&42[       tm_monitor_thread:  89]:(  206): Process need be restarted: 1132!
W/DUSS&57[    hg_scanning_key_task:3653]:(  210): duss_osal_msgq_send failed -1001
E/DUSS&43[         duss_event_send: 693]:(  210): event_mb_send() error: -1001, event_id=0x6001e, peer_host=0x200, host=0xe00
E/DUSS&43[        event_task_entry: 296]:(  210): handle_one_event() error: -1001
W/DUSS&01[         linux_tty_write: 439]:(  217): /dev/ttyGS0 timeout!
W/DUSS&01[         linux_tty_write: 439]:(  217): /dev/ttyGS0 timeout!
W/DUSS&57[    hg_scanning_key_task:3653]:(  210): duss_osal_msgq_send failed -1001
W/DUSS&01[         linux_tty_write: 439]:(  217): /dev/ttyGS0 timeout!
W/DUSS&01[         linux_tty_write: 439]:(  217): /dev/ttyGS0 timeout!
W/DUSS&57[    hg_scanning_key_task:3653]:(  210): duss_osal_msgq_send failed -1001
W/DUSS&41[     mb_auto_detect_recv: 859]:(  210): Get datagram fail! -1008
W/DUSS&01[         linux_tty_write: 439]:(  217): /dev/ttyGS0 timeout!
W/DUSS&01[         linux_tty_write: 439]:(  217): /dev/ttyGS0 timeout!
E/DUSS&43[         duss_event_send: 693]:(  210): event_mb_send() error: -1001, event_id=0x60005, peer_host=0x200, host=0xe00
E/DUSS&57[ hg_push_key_to_app_task:4941]:(  210): duss_event_send() error: -1001
W/DUSS&57[    hg_scanning_key_task:3653]:(  210): duss_osal_msgq_send failed -1001
W/DUSS&01[         linux_tty_write: 439]:(  217): /dev/ttyGS0 timeout!
W/DUSS&01[         linux_tty_write: 439]:(  217): /dev/ttyGS0 timeout!
W/DUSS&57[    hg_scanning_key_task:3653]:(  210): duss_osal_msgq_send failed -1001
W/DUSS&01[         linux_tty_write: 439]:(  217): /dev/ttyGS0 timeout!
W/DUSS&01[         linux_tty_write: 439]:(  217): /dev/ttyGS0 timeout!
E/DUSS&43[         duss_event_send: 693]:(  210): event_mb_send() error: -1001, event_id=0x90008, peer_host=0x200, host=0xe00
W/DUSS&57[    hg_scanning_key_task:3653]:(  210): duss_osal_msgq_send failed -1001
E/DUSS&43[         duss_event_send: 693]:(  210): event_mb_send() error: -1001, event_id=0xfb, peer_host=0x200, host=0xe00
E/DUSS&57[send_rc_self_status_to_a: 255]:(  210): duss_event_send() error: -1001
W/DUSS&01[         linux_tty_write: 439]:(  217): /dev/ttyGS0 timeout!
W/DUSS&01[         linux_tty_write: 439]:(  217): /dev/ttyGS0 timeout!
W/DUSS&41[     mb_auto_detect_recv: 859]:(  210): Get datagram fail! -1008
F/DUSS&41[ mb_local_channel_create:  98]:(15178): Bind socket fail! ret = -1, errno = 98
F/DUSS&41[    mb_active_route_item: 258]:(15178): Create route item ve_gnd's channel fail! result=-1001
E/DUSS&41[   duss_mb_create_client: 441]:(15178): activate route item ve_gnd error
F/DUSS&41[ mb_local_channel_create:  98]:(15178): Bind socket fail! ret = -1, errno = 98
F/DUSS&41[    mb_active_route_item: 258]:(15178): Create route item vt_gnd's channel fail! result=-1001
E/DUSS&41[   duss_mb_create_client: 441]:(15178): activate route item vt_gnd error
F/DUSS&41[ mb_local_channel_create:  98]:(15178): Bind socket fail! ret = -1, errno = 98
F/DUSS&41[    mb_active_route_item: 258]:(15178): Create route item ve_air's channel fail! result=-1001
E/DUSS&41[   duss_mb_create_client: 441]:(15178): activate route item ve_air error
F/DUSS&41[ mb_local_channel_create:  98]:(15178): Bind socket fail! ret = -1, errno = 98
F/DUSS&41[    mb_active_route_item: 258]:(15178): Create route item vt_gnd's channel fail! result=-1001
E/DUSS&41[   duss_mb_create_client: 441]:(15178): activate route item vt_gnd error
W/DUSS&57[    hg_scanning_key_task:3653]:(  210): duss_osal_msgq_send failed -1001
F/DUSS&41[ mb_local_channel_create:  98]:(15178): Bind socket fail! ret = -1, errno = 98
F/DUSS&41[    mb_active_route_item: 258]:(15178): Create route item rc's channel fail! result=-1001
E/DUSS&41[   duss_mb_create_client: 441]:(15178): activate route item rc error
F/DUSS&41[ mb_local_channel_create:  98]:(15178): Bind socket fail! ret = -1, errno = 98
F/DUSS&41[    mb_active_route_item: 258]:(15178): Create route item vt_air's channel fail! result=-1001
E/DUSS&41[   duss_mb_create_client: 441]:(15178): activate route item vt_air error
F/DUSS&41[ mb_local_channel_create:  98]:(15178): Bind socket fail! ret = -1, errno = 98
F/DUSS&41[    mb_active_route_item: 258]:(15178): Create route item mobile's channel fail! result=-1001
E/DUSS&41[   duss_mb_create_client: 441]:(15178): activate route item mobile error
F/DUSS&41[ mb_local_channel_create:  98]:(15178): Bind socket fail! ret = -1, errno = 98
F/DUSS&41[    mb_active_route_item: 258]:(15178): Create route item pc's channel fail! result=-1001
W/DUSS&01[         linux_tty_write: 439]:(  217): /dev/ttyGS0 timeout!
E/DUSS&41[   duss_mb_create_client: 441]:(15178): activate route item pc error
F/DUSS&41[ mb_local_channel_create:  98]:(15178): Bind socket fail! ret = -1, errno = 98
F/DUSS&41[    mb_active_route_item: 258]:(15178): Create route item whoami's channel fail! result=-1001
E/DUSS&41[   duss_mb_create_client: 441]:(15178): activate route item whoami error
F/DUSS&41[ mb_local_channel_create:  98]:(15178): Bind socket fail! ret = -1, errno = 98
F/DUSS&41[    mb_active_route_item: 258]:(15178): Create route item test's channel fail! result=-1001
E/DUSS&41[   duss_mb_create_client: 441]:(15178): activate route item test error
F/DUSS&41[ mb_local_channel_create:  98]:(15178): Bind socket fail! ret = -1, errno = 98
F/DUSS&41[    mb_active_route_item: 258]:(15178): Create route item all's channel fail! result=-1001
E/DUSS&41[   duss_mb_create_client: 441]:(15178): activate route item all error
F/DUSS&41[ mb_local_channel_create:  98]:(15178): Bind socket fail! ret = -1, errno = 98
F/DUSS&41[    mb_active_route_item: 258]:(15178): Create route item glass's channel fail! result=-1001
E/DUSS&41[   duss_mb_create_client: 441]:(15178): activate route item glass error
F/DUSS&41[ mb_local_channel_create:  98]:(15178): Bind socket fail! ret = -1, errno = 98
F/DUSS&41[    mb_active_route_item: 258]:(15178): Create route item flight's channel fail! result=-1001
W/DUSS&01[         linux_tty_write: 439]:(  217): /dev/ttyGS0 timeout!
E/DUSS&41[   duss_mb_create_client: 441]:(15178): activate route item flight error
F/DUSS&41[ mb_local_channel_create:  98]:(15178): Bind socket fail! ret = -1, errno = 98
F/DUSS&41[    mb_active_route_item: 258]:(15178): Create route item ve_gnd's channel fail! result=-1001
E/DUSS&41[   duss_mb_create_client: 441]:(15178): activate route item ve_gnd error
F/DUSS&41[ mb_local_channel_create:  98]:(15178): Bind socket fail! ret = -1, errno = 98
F/DUSS&41[    mb_active_route_item: 258]:(15178): Create route item glass's channel fail! result=-1001
E/DUSS&41[   duss_mb_create_client: 441]:(15178): activate route item glass error
E/DUSS&41[      mb_find_target_ctx: 520]:(15178): can't find target 0x1813 on host 0xd01
E/DUSS&43[    duss_event_send_sync: 788]:(15178): can't find the target ctx for 0x1813, this_host=0xd01, msg_id=0x10002
F/DUSS&44[           sketch_atexit:  52]:(15178): Some one called exit(), please check!
D/DUSS	   (15178): #00  pc 00001b26  /system/lib/libduml_util.so (duss_log_dump_backtrace+21)
W/DUSS&57[    hg_scanning_key_task:3653]:(  210): duss_osal_msgq_send failed -1001
D/DUSS	   (15178): #01  pc 00045dd4  /system/lib/libduml_frwk.so
D/DUSS	   (15178): #02  pc 00028c62  /system/lib/libc.so (__cxa_finalize+153)
D/DUSS	   (15178): #03  pc 00028e5c  /system/lib/libc.so (exit+5)
D/DUSS	   (15178): #04  pc 00000dc6  /system/bin/dji_mb_ctrl
D/DUSS	   (15178): #05  pc 0000e428  /system/lib/libc.so (__libc_init+47)
E/DUSS&43[         duss_event_send: 693]:(  210): event_mb_send() error: -1001, event_id=0x6001e, peer_host=0x200, host=0xe00
E/DUSS&43[        event_task_entry: 296]:(  210): handle_one_event() error: -1001
W/DUSS&01[         linux_tty_write: 439]:(  217): /dev/ttyGS0 timeout!
W/DUSS&01[         linux_tty_write: 439]:(  217): /dev/ttyGS0 timeout!
W/DUSS&57[    hg_scanning_key_task:3653]:(  210): duss_osal_msgq_send failed -1001
W/DUSS&01[         linux_tty_write: 439]:(  217): /dev/ttyGS0 timeout!
W/DUSS&01[         linux_tty_write: 439]:(  217): /dev/ttyGS0 timeout!
W/DUSS&57[    hg_scanning_key_task:3653]:(  210): duss_osal_msgq_send failed -1001
W/DUSS&01[         linux_tty_write: 439]:(  217): /dev/ttyGS0 timeout!
W/DUSS&41[     mb_auto_detect_recv: 859]:(  210): Get datagram fail! -1008
F/DUSS&42[       tm_monitor_thread:  89]:(  206): Process need be restarted: 1132!
W/DUSS&01[         linux_tty_write: 439]:(  217): /dev/ttyGS0 timeout!
W/DUSS&57[    hg_scanning_key_task:3653]:(  210): duss_osal_msgq_send failed -1001
E/DUSS&43[         duss_event_send: 693]:(  210): event_mb_send() error: -1001, event_id=0x60005, peer_host=0x200, host=0xe00
E/DUSS&57[ hg_push_key_to_app_task:4941]:(  210): duss_event_send() error: -1001
W/DUSS&01[         linux_tty_write: 439]:(  217): /dev/ttyGS0 timeout!
W/DUSS&01[         linux_tty_write: 439]:(  217): /dev/ttyGS0 timeout!
W/DUSS&57[    hg_scanning_key_task:3653]:(  210): duss_osal_msgq_send failed -1001
W/DUSS&01[         linux_tty_write: 439]:(  217): /dev/ttyGS0 timeout!
W/DUSS&01[         linux_tty_write: 439]:(  217): /dev/ttyGS0 timeout!
E/DUSS&43[         duss_event_send: 693]:(  210): event_mb_send() error: -1001, event_id=0xfb, peer_host=0x200, host=0xe00
E/DUSS&57[send_rc_self_status_to_a: 255]:(  210): duss_event_send() error: -1001
W/DUSS&57[    hg_scanning_key_task:3653]:(  210): duss_osal_msgq_send failed -1001
W/DUSS&01[         linux_tty_write: 439]:(  217): /dev/ttyGS0 timeout!
W/DUSS&01[         linux_tty_write: 439]:(  217): /dev/ttyGS0 timeout!
W/DUSS&41[     mb_auto_detect_recv: 859]:(  210): Get datagram fail! -1008
W/DUSS&57[    hg_scanning_key_task:3653]:(  210): duss_osal_msgq_send failed -1001
W/DUSS&01[         linux_tty_write: 439]:(  217): /dev/ttyGS0 timeout!
W/DUSS&01[         linux_tty_write: 439]:(  217): /dev/ttyGS0 timeout!
W/DUSS&57[    hg_scanning_key_task:3653]:(  210): duss_osal_msgq_send failed -1001
W/DUSS&01[         linux_tty_write: 439]:(  217): /dev/ttyGS0 timeout!
E/DUSS&43[         duss_event_send: 693]:(  210): event_mb_send() error: -1001, event_id=0x6001e, peer_host=0x200, host=0xe00
E/DUSS&43[        event_task_entry: 296]:(  210): handle_one_event() error: -1001
W/DUSS&01[         linux_tty_write: 439]:(  217): /dev/ttyGS0 timeout!
W/DUSS&57[    hg_scanning_key_task:3653]:(  210): duss_osal_msgq_send failed -1001
W/DUSS&01[         linux_tty_write: 439]:(  217): /dev/ttyGS0 timeout!
F/DUSS&42[       tm_monitor_thread:  89]:(  206): Process need be restarted: 1132!
W/DUSS&01[         linux_tty_write: 439]:(  217): /dev/ttyGS0 timeout!
W/DUSS&57[    hg_scanning_key_task:3653]:(  210): duss_osal_msgq_send failed -1001
W/DUSS&01[         linux_tty_write: 439]:(  217): /dev/ttyGS0 timeout!
W/DUSS&41[     mb_auto_detect_recv: 859]:(  210): Get datagram fail! -1008
W/DUSS&01[         linux_tty_write: 439]:(  217): /dev/ttyGS0 timeout!
W/DUSS&57[    hg_scanning_key_task:3653]:(  210): duss_osal_msgq_send failed -1001
E/DUSS&43[         duss_event_send: 693]:(  210): event_mb_send() error: -1001, event_id=0x60005, peer_host=0x200, host=0xe00
E/DUSS&57[ hg_push_key_to_app_task:4941]:(  210): duss_event_send() error: -1001
W/DUSS&01[         linux_tty_write: 439]:(  217): /dev/ttyGS0 timeout!
W/DUSS&01[         linux_tty_write: 439]:(  217): /dev/ttyGS0 timeout!
W/DUSS&57[    hg_scanning_key_task:3653]:(  210): duss_osal_msgq_send failed -1001
W/DUSS&01[         linux_tty_write: 439]:(  217): /dev/ttyGS0 timeout!
W/DUSS&01[         linux_tty_write: 439]:(  217): /dev/ttyGS0 timeout!
E/DUSS&43[         duss_event_send: 693]:(  210): event_mb_send() error: -1001, event_id=0xfb, peer_host=0x200, host=0xe00
E/DUSS&57[send_rc_self_status_to_a: 255]:(  210): duss_event_send() error: -1001
F/DUSS&41[ mb_local_channel_create:  98]:(15206): Bind socket fail! ret = -1, errno = 98
F/DUSS&41[    mb_active_route_item: 258]:(15206): Create route item ve_gnd's channel fail! result=-1001
E/DUSS&41[   duss_mb_create_client: 441]:(15206): activate route item ve_gnd error
F/DUSS&41[ mb_local_channel_create:  98]:(15206): Bind socket fail! ret = -1, errno = 98
F/DUSS&41[    mb_active_route_item: 258]:(15206): Create route item vt_gnd's channel fail! result=-1001
E/DUSS&41[   duss_mb_create_client: 441]:(15206): activate route item vt_gnd error
F/DUSS&41[ mb_local_channel_create:  98]:(15206): Bind socket fail! ret = -1, errno = 98
F/DUSS&41[    mb_active_route_item: 258]:(15206): Create route item ve_air's channel fail! result=-1001
E/DUSS&41[   duss_mb_create_client: 441]:(15206): activate route item ve_air error
F/DUSS&41[ mb_local_channel_create:  98]:(15206): Bind socket fail! ret = -1, errno = 98
F/DUSS&41[    mb_active_route_item: 258]:(15206): Create route item vt_gnd's channel fail! result=-1001
E/DUSS&41[   duss_mb_create_client: 441]:(15206): activate route item vt_gnd error
F/DUSS&41[ mb_local_channel_create:  98]:(15206): Bind socket fail! ret = -1, errno = 98
F/DUSS&41[    mb_active_route_item: 258]:(15206): Create route item rc's channel fail! result=-1001
E/DUSS&41[   duss_mb_create_client: 441]:(15206): activate route item rc error
F/DUSS&41[ mb_local_channel_create:  98]:(15206): Bind socket fail! ret = -1, errno = 98
W/DUSS&57[    hg_scanning_key_task:3653]:(  210): duss_osal_msgq_send failed -1001
F/DUSS&41[    mb_active_route_item: 258]:(15206): Create route item vt_air's channel fail! result=-1001
E/DUSS&41[   duss_mb_create_client: 441]:(15206): activate route item vt_air error
F/DUSS&41[ mb_local_channel_create:  98]:(15206): Bind socket fail! ret = -1, errno = 98
F/DUSS&41[    mb_active_route_item: 258]:(15206): Create route item mobile's channel fail! result=-1001
E/DUSS&41[   duss_mb_create_client: 441]:(15206): activate route item mobile error
F/DUSS&41[ mb_local_channel_create:  98]:(15206): Bind socket fail! ret = -1, errno = 98
F/DUSS&41[    mb_active_route_item: 258]:(15206): Create route item pc's channel fail! result=-1001
E/DUSS&41[   duss_mb_create_client: 441]:(15206): activate route item pc error
F/DUSS&41[ mb_local_channel_create:  98]:(15206): Bind socket fail! ret = -1, errno = 98
F/DUSS&41[    mb_active_route_item: 258]:(15206): Create route item whoami's channel fail! result=-1001
E/DUSS&41[   duss_mb_create_client: 441]:(15206): activate route item whoami error
F/DUSS&41[ mb_local_channel_create:  98]:(15206): Bind socket fail! ret = -1, errno = 98
F/DUSS&41[    mb_active_route_item: 258]:(15206): Create route item test's channel fail! result=-1001
E/DUSS&41[   duss_mb_create_client: 441]:(15206): activate route item test error
F/DUSS&41[ mb_local_channel_create:  98]:(15206): Bind socket fail! ret = -1, errno = 98
F/DUSS&41[    mb_active_route_item: 258]:(15206): Create route item all's channel fail! result=-1001
E/DUSS&41[   duss_mb_create_client: 441]:(15206): activate route item all error
F/DUSS&41[ mb_local_channel_create:  98]:(15206): Bind socket fail! ret = -1, errno = 98
F/DUSS&41[    mb_active_route_item: 258]:(15206): Create route item glass's channel fail! result=-1001
E/DUSS&41[   duss_mb_create_client: 441]:(15206): activate route item glass error
F/DUSS&41[ mb_local_channel_create:  98]:(15206): Bind socket fail! ret = -1, errno = 98
F/DUSS&41[    mb_active_route_item: 258]:(15206): Create route item flight's channel fail! result=-1001
E/DUSS&41[   duss_mb_create_client: 441]:(15206): activate route item flight error
F/DUSS&41[ mb_local_channel_create:  98]:(15206): Bind socket fail! ret = -1, errno = 98
F/DUSS&41[    mb_active_route_item: 258]:(15206): Create route item ve_gnd's channel fail! result=-1001
E/DUSS&41[   duss_mb_create_client: 441]:(15206): activate route item ve_gnd error
F/DUSS&41[ mb_local_channel_create:  98]:(15206): Bind socket fail! ret = -1, errno = 98
F/DUSS&41[    mb_active_route_item: 258]:(15206): Create route item glass's channel fail! result=-1001
E/DUSS&41[   duss_mb_create_client: 441]:(15206): activate route item glass error
W/DUSS&01[         linux_tty_write: 439]:(  217): /dev/ttyGS0 timeout!
E/DUSS&41[      mb_find_target_ctx: 520]:(15206): can't find target 0x1913 on host 0xd01
E/DUSS&43[    duss_event_send_sync: 788]:(15206): can't find the target ctx for 0x1913, this_host=0xd01, msg_id=0x10002
F/DUSS&44[           sketch_atexit:  52]:(15206): Some one called exit(), please check!
W/DUSS&01[         linux_tty_write: 439]:(  217): /dev/ttyGS0 timeout!
D/DUSS	   (15206): #00  pc 00001b26  /system/lib/libduml_util.so (duss_log_dump_backtrace+21)
D/DUSS	   (15206): #01  pc 00045dd4  /system/lib/libduml_frwk.so
D/DUSS	   (15206): #02  pc 00028c62  /system/lib/libc.so (__cxa_finalize+153)
D/DUSS	   (15206): #03  pc 00028e5c  /system/lib/libc.so (exit+5)
D/DUSS	   (15206): #04  pc 00000dc6  /system/bin/dji_mb_ctrl
D/DUSS	   (15206): #05  pc 0000e428  /system/lib/libc.so (__libc_init+47)
W/DUSS&41[     mb_auto_detect_recv: 859]:(  210): Get datagram fail! -1008
W/DUSS&57[    hg_scanning_key_task:3653]:(  210): duss_osal_msgq_send failed -1001
W/DUSS&01[         linux_tty_write: 439]:(  217): /dev/ttyGS0 timeout!
W/DUSS&01[         linux_tty_write: 439]:(  217): /dev/ttyGS0 timeout!
W/DUSS&57[    hg_scanning_key_task:3653]:(  210): duss_osal_msgq_send failed -1001
W/DUSS&01[         linux_tty_write: 439]:(  217): /dev/ttyGS0 timeout!
E/DUSS&43[         duss_event_send: 693]:(  210): event_mb_send() error: -1001, event_id=0x6001e, peer_host=0x200, host=0xe00
E/DUSS&43[        event_task_entry: 296]:(  210): handle_one_event() error: -1001
W/DUSS&01[         linux_tty_write: 439]:(  217): /dev/ttyGS0 timeout!
W/DUSS&57[    hg_scanning_key_task:3653]:(  210): duss_osal_msgq_send failed -1001
W/DUSS&01[         linux_tty_write: 439]:(  217): /dev/ttyGS0 timeout!
W/DUSS&01[         linux_tty_write: 439]:(  217): /dev/ttyGS0 timeout!
W/DUSS&57[    hg_scanning_key_task:3653]:(  210): duss_osal_msgq_send failed -1001
W/DUSS&01[         linux_tty_write: 439]:(  217): /dev/ttyGS0 timeout!
W/DUSS&01[         linux_tty_write: 439]:(  217): /dev/ttyGS0 timeout!
W/DUSS&41[     mb_auto_detect_recv: 859]:(  210): Get datagram fail! -1008
E/DUSS&43[         duss_event_send: 693]:(  210): event_mb_send() error: -1001, event_id=0x90037, peer_host=0x200, host=0xe00
E/DUSS&57[hdvt_self_test_timer_han:3703]:(  210): hdvt self_test timer send failed
W/DUSS&57[    hg_scanning_key_task:3653]:(  210): duss_osal_msgq_send failed -1001
W/DUSS&01[         linux_tty_write: 439]:(  217): /dev/ttyGS0 timeout!
E/DUSS&43[         duss_event_send: 693]:(  210): event_mb_send() error: -1001, event_id=0x60005, peer_host=0x200, host=0xe00
E/DUSS&57[ hg_push_key_to_app_task:4941]:(  210): duss_event_send() error: -1001
W/DUSS&01[         linux_tty_write: 439]:(  217): /dev/ttyGS0 timeout!
F/DUSS&42[       tm_monitor_thread:  89]:(  206): Process need be restarted: 1132!
W/DUSS&57[    hg_scanning_key_task:3653]:(  210): duss_osal_msgq_send failed -1001
W/DUSS&01[         linux_tty_write: 439]:(  217): /dev/ttyGS0 timeout!
W/DUSS&01[         linux_tty_write: 439]:(  217): /dev/ttyGS0 timeout!
W/DUSS&57[    hg_scanning_key_task:3653]:(  210): duss_osal_msgq_send failed -1001
W/DUSS&01[         linux_tty_write: 439]:(  217): /dev/ttyGS0 timeout!
W/DUSS&01[         linux_tty_write: 439]:(  217): /dev/ttyGS0 timeout!
E/DUSS&43[         duss_event_send: 693]:(  210): event_mb_send() error: -1001, event_id=0xfb, peer_host=0x200, host=0xe00
E/DUSS&57[send_rc_self_status_to_a: 255]:(  210): duss_event_send() error: -1001
E/DUSS&43[    duss_event_send_sync: 821]:(  210): timeout to wait ack for msg_id=0xe, peer_host=0x900, seq_id=0x271b
E/DUSS&43[    duss_event_send_sync: 823]:(  210): timeout_us=1000000, this_host=0xe00, ack_index=0
E/DUSS&57[hg_hdvt_sdr_heart_beat_t: 912]:(  210): sdr_mode: duss_event_send() error -1002, uav disconnected 1s
W/DUSS&41[     mb_auto_detect_recv: 859]:(  210): Get datagram fail! -1008
W/DUSS&57[    hg_scanning_key_task:3653]:(  210): duss_osal_msgq_send failed -1001
W/DUSS&01[         linux_tty_write: 439]:(  217): /dev/ttyGS0 timeout!
W/DUSS&01[         linux_tty_write: 439]:(  217): /dev/ttyGS0 timeout!
E/DUSS&41[      mb_find_target_ctx: 520]:(  210): can't find target 0xffff on host 0xe00
E/DUSS&41[            duss_mb_send: 624]:(  210): Can't find the target based on the route table!
E/DUSS&43[duss_event_send_with_ret: 740]:(  210): event_mb_send() error: -1007, event_id=0x9002c, peer_host=0xffff, host=0xe00, retry_count=0, count=5
W/DUSS&57[    hg_scanning_key_task:3653]:(  210): duss_osal_msgq_send failed -1001
W/DUSS&01[         linux_tty_write: 439]:(  217): /dev/ttyGS0 timeout!
E/DUSS&41[      mb_find_target_ctx: 520]:(  210): can't find target 0xffff on host 0xe00
E/DUSS&41[            duss_mb_send: 624]:(  210): Can't find the target based on the route table!
E/DUSS&43[duss_event_send_with_ret: 740]:(  210): event_mb_send() error: -1007, event_id=0x9002c, peer_host=0xffff, host=0xe00, retry_count=1, count=5
W/DUSS&01[         linux_tty_write: 439]:(  217): /dev/ttyGS0 timeout!
F/DUSS&57[hg_event_rc_push_battery: 385]:(  210): hg_event_rc_push_battery_info: cur_cap = 100, is_charging = 0
E/DUSS&43[         duss_event_send: 693]:(  210): event_mb_send() error: -1001, event_id=0x6001e, peer_host=0x200, host=0xe00
E/DUSS&43[        event_task_entry: 296]:(  210): handle_one_event() error: -1001
W/DUSS&57[    hg_scanning_key_task:3653]:(  210): duss_osal_msgq_send failed -1001
E/DUSS&41[      mb_find_target_ctx: 520]:(  210): can't find target 0xffff on host 0xe00
E/DUSS&41[            duss_mb_send: 624]:(  210): Can't find the target based on the route table!
E/DUSS&43[duss_event_send_with_ret: 740]:(  210): event_mb_send() error: -1007, event_id=0x9002c, peer_host=0xffff, host=0xe00, retry_count=2, count=5
W/DUSS&01[         linux_tty_write: 439]:(  217): /dev/ttyGS0 timeout!
W/DUSS&01[         linux_tty_write: 439]:(  217): /dev/ttyGS0 timeout!
E/DUSS&41[      mb_find_target_ctx: 520]:(  210): can't find target 0xffff on host 0xe00
E/DUSS&41[            duss_mb_send: 624]:(  210): Can't find the target based on the route table!
E/DUSS&43[duss_event_send_with_ret: 740]:(  210): event_mb_send() error: -1007, event_id=0x9002c, peer_host=0xffff, host=0xe00, retry_count=3, count=5
W/DUSS&57[    hg_scanning_key_task:3653]:(  210): duss_osal_msgq_send failed -1001
W/DUSS&01[         linux_tty_write: 439]:(  217): /dev/ttyGS0 timeout!
W/DUSS&01[         linux_tty_write: 439]:(  217): /dev/ttyGS0 timeout!
E/DUSS&41[      mb_find_target_ctx: 520]:(  210): can't find target 0xffff on host 0xe00
E/DUSS&41[            duss_mb_send: 624]:(  210): Can't find the target based on the route table!
E/DUSS&43[duss_event_send_with_ret: 740]:(  210): event_mb_send() error: -1007, event_id=0x9002c, peer_host=0xffff, host=0xe00, retry_count=4, count=5
W/DUSS&41[     mb_auto_detect_recv: 859]:(  210): Get datagram fail! -1008
F/DUSS&42[       tm_monitor_thread:  89]:(  206): Process need be restarted: 1132!
W/DUSS&57[    hg_scanning_key_task:3653]:(  210): duss_osal_msgq_send failed -1001
W/DUSS&01[         linux_tty_write: 439]:(  217): /dev/ttyGS0 timeout!
E/DUSS&41[      mb_find_target_ctx: 520]:(  210): can't find target 0xffff on host 0xe00
E/DUSS&41[            duss_mb_send: 624]:(  210): Can't find the target based on the route table!
E/DUSS&43[duss_event_send_with_ret: 740]:(  210): event_mb_send() error: -1007, event_id=0x9002c, peer_host=0xffff, host=0xe00, retry_count=5, count=5
E/DUSS&57[hdvt_amt_send_event_for_: 142]:(  210): send event 0x9002c failed, ret=-1007
W/DUSS&01[         linux_tty_write: 439]:(  217): /dev/ttyGS0 timeout!
E/DUSS&43[         duss_event_send: 693]:(  210): event_mb_send() error: -1001, event_id=0x60005, peer_host=0x200, host=0xe00
E/DUSS&57[ hg_push_key_to_app_task:4941]:(  210): duss_event_send() error: -1001
F/DUSS&41[ mb_local_channel_create:  98]:(15226): Bind socket fail! ret = -1, errno = 98
F/DUSS&41[    mb_active_route_item: 258]:(15226): Create route item ve_gnd's channel fail! result=-1001
E/DUSS&41[   duss_mb_create_client: 441]:(15226): activate route item ve_gnd error
F/DUSS&41[ mb_local_channel_create:  98]:(15226): Bind socket fail! ret = -1, errno = 98
F/DUSS&41[    mb_active_route_item: 258]:(15226): Create route item vt_gnd's channel fail! result=-1001
E/DUSS&41[   duss_mb_create_client: 441]:(15226): activate route item vt_gnd error
F/DUSS&41[ mb_local_channel_create:  98]:(15226): Bind socket fail! ret = -1, errno = 98
F/DUSS&41[    mb_active_route_item: 258]:(15226): Create route item ve_air's channel fail! result=-1001
E/DUSS&41[   duss_mb_create_client: 441]:(15226): activate route item ve_air error
F/DUSS&41[ mb_local_channel_create:  98]:(15226): Bind socket fail! ret = -1, errno = 98
F/DUSS&41[    mb_active_route_item: 258]:(15226): Create route item vt_gnd's channel fail! result=-1001
E/DUSS&41[   duss_mb_create_client: 441]:(15226): activate route item vt_gnd error
F/DUSS&41[ mb_local_channel_create:  98]:(15226): Bind socket fail! ret = -1, errno = 98
F/DUSS&41[    mb_active_route_item: 258]:(15226): Create route item rc's channel fail! result=-1001
E/DUSS&41[   duss_mb_create_client: 441]:(15226): activate route item rc error
F/DUSS&41[ mb_local_channel_create:  98]:(15226): Bind socket fail! ret = -1, errno = 98
F/DUSS&41[    mb_active_route_item: 258]:(15226): Create route item vt_air's channel fail! result=-1001
