E/DUSS&41[   duss_mb_create_client: 441]:(15226): activate route item vt_air error
F/DUSS&41[ mb_local_channel_create:  98]:(15226): Bind socket fail! ret = -1, errno = 98
F/DUSS&41[    mb_active_route_item: 258]:(15226): Create route item mobile's channel fail! result=-1001
E/DUSS&41[   duss_mb_create_client: 441]:(15226): activate route item mobile error
F/DUSS&41[ mb_local_channel_create:  98]:(15226): Bind socket fail! ret = -1, errno = 98
F/DUSS&41[    mb_active_route_item: 258]:(15226): Create route item pc's channel fail! result=-1001
W/DUSS&57[    hg_scanning_key_task:3653]:(  210): duss_osal_msgq_send failed -1001
E/DUSS&41[   duss_mb_create_client: 441]:(15226): activate route item pc error
F/DUSS&41[ mb_local_channel_create:  98]:(15226): Bind socket fail! ret = -1, errno = 98
F/DUSS&41[    mb_active_route_item: 258]:(15226): Create route item whoami's channel fail! result=-1001
E/DUSS&41[   duss_mb_create_client: 441]:(15226): activate route item whoami error
F/DUSS&41[ mb_local_channel_create:  98]:(15226): Bind socket fail! ret = -1, errno = 98
F/DUSS&41[    mb_active_route_item: 258]:(15226): Create route item test's channel fail! result=-1001
E/DUSS&41[   duss_mb_create_client: 441]:(15226): activate route item test error
F/DUSS&41[ mb_local_channel_create:  98]:(15226): Bind socket fail! ret = -1, errno = 98
F/DUSS&41[    mb_active_route_item: 258]:(15226): Create route item all's channel fail! result=-1001
E/DUSS&41[   duss_mb_create_client: 441]:(15226): activate route item all error
F/DUSS&41[ mb_local_channel_create:  98]:(15226): Bind socket fail! ret = -1, errno = 98
W/DUSS&01[         linux_tty_write: 439]:(  217): /dev/ttyGS0 timeout!
F/DUSS&41[    mb_active_route_item: 258]:(15226): Create route item glass's channel fail! result=-1001
E/DUSS&41[   duss_mb_create_client: 441]:(15226): activate route item glass error
F/DUSS&41[ mb_local_channel_create:  98]:(15226): Bind socket fail! ret = -1, errno = 98
F/DUSS&41[    mb_active_route_item: 258]:(15226): Create route item flight's channel fail! result=-1001
E/DUSS&41[   duss_mb_create_client: 441]:(15226): activate route item flight error
F/DUSS&41[ mb_local_channel_create:  98]:(15226): Bind socket fail! ret = -1, errno = 98
F/DUSS&41[    mb_active_route_item: 258]:(15226): Create route item ve_gnd's channel fail! result=-1001
E/DUSS&41[   duss_mb_create_client: 441]:(15226): activate route item ve_gnd error
F/DUSS&41[ mb_local_channel_create:  98]:(15226): Bind socket fail! ret = -1, errno = 98
W/DUSS&01[         linux_tty_write: 439]:(  217): /dev/ttyGS0 timeout!
F/DUSS&41[    mb_active_route_item: 258]:(15226): Create route item glass's channel fail! result=-1001
E/DUSS&41[   duss_mb_create_client: 441]:(15226): activate route item glass error
E/DUSS&41[      mb_find_target_ctx: 520]:(15226): can't find target 0x1a13 on host 0xd01
E/DUSS&43[    duss_event_send_sync: 788]:(15226): can't find the target ctx for 0x1a13, this_host=0xd01, msg_id=0x10002
F/DUSS&44[           sketch_atexit:  52]:(15226): Some one called exit(), please check!
E/DUSS&43[         duss_event_send: 693]:(  210): event_mb_send() error: -1001, event_id=0xfb, peer_host=0x200, host=0xe00
E/DUSS&57[send_rc_self_status_to_a: 255]:(  210): duss_event_send() error: -1001
D/DUSS	   (15226): #00  pc 00001b26  /system/lib/libduml_util.so (duss_log_dump_backtrace+21)
D/DUSS	   (15226): #01  pc 00045dd4  /system/lib/libduml_frwk.so
D/DUSS	   (15226): #02  pc 00028c62  /system/lib/libc.so (__cxa_finalize+153)
D/DUSS	   (15226): #03  pc 00028e5c  /system/lib/libc.so (exit+5)
D/DUSS	   (15226): #04  pc 00000dc6  /system/bin/dji_mb_ctrl
D/DUSS	   (15226): #05  pc 0000e428  /system/lib/libc.so (__libc_init+47)
W/DUSS&57[    hg_scanning_key_task:3653]:(  210): duss_osal_msgq_send failed -1001
W/DUSS&01[         linux_tty_write: 439]:(  217): /dev/ttyGS0 timeout!
W/DUSS&01[         linux_tty_write: 439]:(  217): /dev/ttyGS0 timeout!
W/DUSS&57[    hg_scanning_key_task:3653]:(  210): duss_osal_msgq_send failed -1001
W/DUSS&41[     mb_auto_detect_recv: 859]:(  210): Get datagram fail! -1008
W/DUSS&01[         linux_tty_write: 439]:(  217): /dev/ttyGS0 timeout!
W/DUSS&01[         linux_tty_write: 439]:(  217): /dev/ttyGS0 timeout!
W/DUSS&57[    hg_scanning_key_task:3653]:(  210): duss_osal_msgq_send failed -1001
W/DUSS&01[         linux_tty_write: 439]:(  217): /dev/ttyGS0 timeout!
W/DUSS&01[         linux_tty_write: 439]:(  217): /dev/ttyGS0 timeout!
E/DUSS&43[         duss_event_send: 693]:(  210): event_mb_send() error: -1001, event_id=0x6001e, peer_host=0x200, host=0xe00
E/DUSS&43[        event_task_entry: 296]:(  210): handle_one_event() error: -1001
W/DUSS&57[    hg_scanning_key_task:3653]:(  210): duss_osal_msgq_send failed -1001
W/DUSS&01[         linux_tty_write: 439]:(  217): /dev/ttyGS0 timeout!
W/DUSS&01[         linux_tty_write: 439]:(  217): /dev/ttyGS0 timeout!
W/DUSS&57[    hg_scanning_key_task:3653]:(  210): duss_osal_msgq_send failed -1001
W/DUSS&01[         linux_tty_write: 439]:(  217): /dev/ttyGS0 timeout!
W/DUSS&01[         linux_tty_write: 439]:(  217): /dev/ttyGS0 timeout!
W/DUSS&41[     mb_auto_detect_recv: 859]:(  210): Get datagram fail! -1008
W/DUSS&57[    hg_scanning_key_task:3653]:(  210): duss_osal_msgq_send failed -1001
W/DUSS&01[         linux_tty_write: 439]:(  217): /dev/ttyGS0 timeout!
W/DUSS&01[         linux_tty_write: 439]:(  217): /dev/ttyGS0 timeout!
E/DUSS&43[         duss_event_send: 693]:(  210): event_mb_send() error: -1001, event_id=0x60005, peer_host=0x200, host=0xe00
E/DUSS&57[ hg_push_key_to_app_task:4941]:(  210): duss_event_send() error: -1001
W/DUSS&57[    hg_scanning_key_task:3653]:(  210): duss_osal_msgq_send failed -1001
W/DUSS&01[         linux_tty_write: 439]:(  217): /dev/ttyGS0 timeout!
W/DUSS&01[         linux_tty_write: 439]:(  217): /dev/ttyGS0 timeout!
F/DUSS&42[       tm_monitor_thread:  89]:(  206): Process need be restarted: 1132!
E/DUSS&43[         duss_event_send: 693]:(  210): event_mb_send() error: -1001, event_id=0xfb, peer_host=0x200, host=0xe00
E/DUSS&57[send_rc_self_status_to_a: 255]:(  210): duss_event_send() error: -1001
W/DUSS&57[    hg_scanning_key_task:3653]:(  210): duss_osal_msgq_send failed -1001
W/DUSS&01[         linux_tty_write: 439]:(  217): /dev/ttyGS0 timeout!
W/DUSS&01[         linux_tty_write: 439]:(  217): /dev/ttyGS0 timeout!
W/DUSS&57[    hg_scanning_key_task:3653]:(  210): duss_osal_msgq_send failed -1001
W/DUSS&01[         linux_tty_write: 439]:(  217): /dev/ttyGS0 timeout!
W/DUSS&41[     mb_auto_detect_recv: 859]:(  210): Get datagram fail! -1008
W/DUSS&01[         linux_tty_write: 439]:(  217): /dev/ttyGS0 timeout!
W/DUSS&57[    hg_scanning_key_task:3653]:(  210): duss_osal_msgq_send failed -1001
W/DUSS&01[         linux_tty_write: 439]:(  217): /dev/ttyGS0 timeout!
W/DUSS&01[         linux_tty_write: 439]:(  217): /dev/ttyGS0 timeout!
E/DUSS&43[         duss_event_send: 693]:(  210): event_mb_send() error: -1001, event_id=0x6001e, peer_host=0x200, host=0xe00
E/DUSS&43[        event_task_entry: 296]:(  210): handle_one_event() error: -1001
W/DUSS&57[    hg_scanning_key_task:3653]:(  210): duss_osal_msgq_send failed -1001
W/DUSS&01[         linux_tty_write: 439]:(  217): /dev/ttyGS0 timeout!
W/DUSS&01[         linux_tty_write: 439]:(  217): /dev/ttyGS0 timeout!
W/DUSS&57[    hg_scanning_key_task:3653]:(  210): duss_osal_msgq_send failed -1001
W/DUSS&01[         linux_tty_write: 439]:(  217): /dev/ttyGS0 timeout!
W/DUSS&01[         linux_tty_write: 439]:(  217): /dev/ttyGS0 timeout!
F/DUSS&41[ mb_local_channel_create:  98]:(15246): Bind socket fail! ret = -1, errno = 98
F/DUSS&41[    mb_active_route_item: 258]:(15246): Create route item ve_gnd's channel fail! result=-1001
E/DUSS&41[   duss_mb_create_client: 441]:(15246): activate route item ve_gnd error
F/DUSS&41[ mb_local_channel_create:  98]:(15246): Bind socket fail! ret = -1, errno = 98
F/DUSS&41[    mb_active_route_item: 258]:(15246): Create route item vt_gnd's channel fail! result=-1001
E/DUSS&41[   duss_mb_create_client: 441]:(15246): activate route item vt_gnd error
F/DUSS&41[ mb_local_channel_create:  98]:(15246): Bind socket fail! ret = -1, errno = 98
F/DUSS&41[    mb_active_route_item: 258]:(15246): Create route item ve_air's channel fail! result=-1001
E/DUSS&41[   duss_mb_create_client: 441]:(15246): activate route item ve_air error
F/DUSS&41[ mb_local_channel_create:  98]:(15246): Bind socket fail! ret = -1, errno = 98
F/DUSS&41[    mb_active_route_item: 258]:(15246): Create route item vt_gnd's channel fail! result=-1001
E/DUSS&41[   duss_mb_create_client: 441]:(15246): activate route item vt_gnd error
F/DUSS&41[ mb_local_channel_create:  98]:(15246): Bind socket fail! ret = -1, errno = 98
F/DUSS&41[    mb_active_route_item: 258]:(15246): Create route item rc's channel fail! result=-1001
E/DUSS&41[   duss_mb_create_client: 441]:(15246): activate route item rc error
F/DUSS&41[ mb_local_channel_create:  98]:(15246): Bind socket fail! ret = -1, errno = 98
F/DUSS&41[    mb_active_route_item: 258]:(15246): Create route item vt_air's channel fail! result=-1001
E/DUSS&41[   duss_mb_create_client: 441]:(15246): activate route item vt_air error
F/DUSS&41[ mb_local_channel_create:  98]:(15246): Bind socket fail! ret = -1, errno = 98
F/DUSS&41[    mb_active_route_item: 258]:(15246): Create route item mobile's channel fail! result=-1001
E/DUSS&41[   duss_mb_create_client: 441]:(15246): activate route item mobile error
F/DUSS&41[ mb_local_channel_create:  98]:(15246): Bind socket fail! ret = -1, errno = 98
F/DUSS&41[    mb_active_route_item: 258]:(15246): Create route item pc's channel fail! result=-1001
E/DUSS&41[   duss_mb_create_client: 441]:(15246): activate route item pc error
F/DUSS&41[ mb_local_channel_create:  98]:(15246): Bind socket fail! ret = -1, errno = 98
F/DUSS&41[    mb_active_route_item: 258]:(15246): Create route item whoami's channel fail! result=-1001
E/DUSS&41[   duss_mb_create_client: 441]:(15246): activate route item whoami error
F/DUSS&41[ mb_local_channel_create:  98]:(15246): Bind socket fail! ret = -1, errno = 98
F/DUSS&41[    mb_active_route_item: 258]:(15246): Create route item test's channel fail! result=-1001
E/DUSS&41[   duss_mb_create_client: 441]:(15246): activate route item test error
F/DUSS&41[ mb_local_channel_create:  98]:(15246): Bind socket fail! ret = -1, errno = 98
F/DUSS&41[    mb_active_route_item: 258]:(15246): Create route item all's channel fail! result=-1001
E/DUSS&41[   duss_mb_create_client: 441]:(15246): activate route item all error
F/DUSS&41[ mb_local_channel_create:  98]:(15246): Bind socket fail! ret = -1, errno = 98
F/DUSS&41[    mb_active_route_item: 258]:(15246): Create route item glass's channel fail! result=-1001
E/DUSS&41[   duss_mb_create_client: 441]:(15246): activate route item glass error
F/DUSS&41[ mb_local_channel_create:  98]:(15246): Bind socket fail! ret = -1, errno = 98
F/DUSS&41[    mb_active_route_item: 258]:(15246): Create route item flight's channel fail! result=-1001
E/DUSS&41[   duss_mb_create_client: 441]:(15246): activate route item flight error
F/DUSS&41[ mb_local_channel_create:  98]:(15246): Bind socket fail! ret = -1, errno = 98
F/DUSS&41[    mb_active_route_item: 258]:(15246): Create route item ve_gnd's channel fail! result=-1001
E/DUSS&41[   duss_mb_create_client: 441]:(15246): activate route item ve_gnd error
F/DUSS&41[ mb_local_channel_create:  98]:(15246): Bind socket fail! ret = -1, errno = 98
F/DUSS&41[    mb_active_route_item: 258]:(15246): Create route item glass's channel fail! result=-1001
E/DUSS&41[   duss_mb_create_client: 441]:(15246): activate route item glass error
W/DUSS&41[     mb_auto_detect_recv: 859]:(  210): Get datagram fail! -1008
E/DUSS&41[      mb_find_target_ctx: 520]:(15246): can't find target 0x1b13 on host 0xd01
E/DUSS&43[    duss_event_send_sync: 788]:(15246): can't find the target ctx for 0x1b13, this_host=0xd01, msg_id=0x10002
F/DUSS&44[           sketch_atexit:  52]:(15246): Some one called exit(), please check!
W/DUSS&57[    hg_scanning_key_task:3653]:(  210): duss_osal_msgq_send failed -1001
W/DUSS&01[         linux_tty_write: 439]:(  217): /dev/ttyGS0 timeout!
D/DUSS	   (15246): #00  pc 00001b26  /system/lib/libduml_util.so (duss_log_dump_backtrace+21)
D/DUSS	   (15246): #01  pc 00045dd4  /system/lib/libduml_frwk.so
D/DUSS	   (15246): #02  pc 00028c62  /system/lib/libc.so (__cxa_finalize+153)
D/DUSS	   (15246): #03  pc 00028e5c  /system/lib/libc.so (exit+5)
D/DUSS	   (15246): #04  pc 00000dc6  /system/bin/dji_mb_ctrl
D/DUSS	   (15246): #05  pc 0000e428  /system/lib/libc.so (__libc_init+47)
W/DUSS&01[         linux_tty_write: 439]:(  217): /dev/ttyGS0 timeout!
E/DUSS&43[         duss_event_send: 693]:(  210): event_mb_send() error: -1001, event_id=0x60005, peer_host=0x200, host=0xe00
E/DUSS&57[ hg_push_key_to_app_task:4941]:(  210): duss_event_send() error: -1001
W/DUSS&57[    hg_scanning_key_task:3653]:(  210): duss_osal_msgq_send failed -1001
F/DUSS&42[       tm_monitor_thread:  89]:(  206): Process need be restarted: 1132!
W/DUSS&01[         linux_tty_write: 439]:(  217): /dev/ttyGS0 timeout!
W/DUSS&01[         linux_tty_write: 439]:(  217): /dev/ttyGS0 timeout!
W/DUSS&57[    hg_scanning_key_task:3653]:(  210): duss_osal_msgq_send failed -1001
W/DUSS&01[         linux_tty_write: 439]:(  217): /dev/ttyGS0 timeout!
W/DUSS&01[         linux_tty_write: 439]:(  217): /dev/ttyGS0 timeout!
E/DUSS&43[         duss_event_send: 693]:(  210): event_mb_send() error: -1001, event_id=0xfb, peer_host=0x200, host=0xe00
E/DUSS&57[send_rc_self_status_to_a: 255]:(  210): duss_event_send() error: -1001
W/DUSS&57[    hg_scanning_key_task:3653]:(  210): duss_osal_msgq_send failed -1001
W/DUSS&01[         linux_tty_write: 439]:(  217): /dev/ttyGS0 timeout!
W/DUSS&01[         linux_tty_write: 439]:(  217): /dev/ttyGS0 timeout!
W/DUSS&41[     mb_auto_detect_recv: 859]:(  210): Get datagram fail! -1008
W/DUSS&57[    hg_scanning_key_task:3653]:(  210): duss_osal_msgq_send failed -1001
W/DUSS&01[         linux_tty_write: 439]:(  217): /dev/ttyGS0 timeout!
W/DUSS&01[         linux_tty_write: 439]:(  217): /dev/ttyGS0 timeout!
E/DUSS&43[         duss_event_send: 693]:(  210): event_mb_send() error: -1001, event_id=0x6001e, peer_host=0x200, host=0xe00
E/DUSS&43[        event_task_entry: 296]:(  210): handle_one_event() error: -1001
W/DUSS&57[    hg_scanning_key_task:3653]:(  210): duss_osal_msgq_send failed -1001
W/DUSS&01[         linux_tty_write: 439]:(  217): /dev/ttyGS0 timeout!
W/DUSS&01[         linux_tty_write: 439]:(  217): /dev/ttyGS0 timeout!
W/DUSS&57[    hg_scanning_key_task:3653]:(  210): duss_osal_msgq_send failed -1001
W/DUSS&01[         linux_tty_write: 439]:(  217): /dev/ttyGS0 timeout!
W/DUSS&01[         linux_tty_write: 439]:(  217): /dev/ttyGS0 timeout!
W/DUSS&41[     mb_auto_detect_recv: 859]:(  210): Get datagram fail! -1008
W/DUSS&57[    hg_scanning_key_task:3653]:(  210): duss_osal_msgq_send failed -1001
W/DUSS&01[         linux_tty_write: 439]:(  217): /dev/ttyGS0 timeout!
W/DUSS&01[         linux_tty_write: 439]:(  217): /dev/ttyGS0 timeout!
E/DUSS&43[         duss_event_send: 693]:(  210): event_mb_send() error: -1001, event_id=0x60005, peer_host=0x200, host=0xe00
E/DUSS&57[ hg_push_key_to_app_task:4941]:(  210): duss_event_send() error: -1001
W/DUSS&57[    hg_scanning_key_task:3653]:(  210): duss_osal_msgq_send failed -1001
W/DUSS&01[         linux_tty_write: 439]:(  217): /dev/ttyGS0 timeout!
W/DUSS&01[         linux_tty_write: 439]:(  217): /dev/ttyGS0 timeout!
E/DUSS&43[         duss_event_send: 693]:(  210): event_mb_send() error: -1001, event_id=0xfb, peer_host=0x200, host=0xe00
E/DUSS&57[send_rc_self_status_to_a: 255]:(  210): duss_event_send() error: -1001
W/DUSS&57[    hg_scanning_key_task:3653]:(  210): duss_osal_msgq_send failed -1001
W/DUSS&01[         linux_tty_write: 439]:(  217): /dev/ttyGS0 timeout!
W/DUSS&01[         linux_tty_write: 439]:(  217): /dev/ttyGS0 timeout!
W/DUSS&57[    hg_scanning_key_task:3653]:(  210): duss_osal_msgq_send failed -1001
W/DUSS&01[         linux_tty_write: 439]:(  217): /dev/ttyGS0 timeout!
F/DUSS&42[       tm_monitor_thread:  89]:(  206): Process need be restarted: 1132!
W/DUSS&01[         linux_tty_write: 439]:(  217): /dev/ttyGS0 timeout!
W/DUSS&41[     mb_auto_detect_recv: 859]:(  210): Get datagram fail! -1008
W/DUSS&57[    hg_scanning_key_task:3653]:(  210): duss_osal_msgq_send failed -1001
W/DUSS&01[         linux_tty_write: 439]:(  217): /dev/ttyGS0 timeout!
W/DUSS&01[         linux_tty_write: 439]:(  217): /dev/ttyGS0 timeout!
E/DUSS&43[         duss_event_send: 693]:(  210): event_mb_send() error: -1001, event_id=0x6001e, peer_host=0x200, host=0xe00
E/DUSS&43[        event_task_entry: 296]:(  210): handle_one_event() error: -1001
W/DUSS&57[    hg_scanning_key_task:3653]:(  210): duss_osal_msgq_send failed -1001
W/DUSS&01[         linux_tty_write: 439]:(  217): /dev/ttyGS0 timeout!
W/DUSS&01[         linux_tty_write: 439]:(  217): /dev/ttyGS0 timeout!
W/DUSS&57[    hg_scanning_key_task:3653]:(  210): duss_osal_msgq_send failed -1001
E/DUSS&43[         duss_event_send: 693]:(  210): event_mb_send() error: -1001, event_id=0x60057, peer_host=0x200, host=0xe00
E/DUSS&57[ hdvt_forward_v1_for_sdr: 685]:(  210): hdvt_push command to APP -1001
E/DUSS&43[         duss_event_send: 693]:(  210): event_mb_send() error: -1001, event_id=0x90025, peer_host=0x200, host=0xe00
W/DUSS&01[         linux_tty_write: 439]:(  217): /dev/ttyGS0 timeout!
F/DUSS&41[ mb_local_channel_create:  98]:(15267): Bind socket fail! ret = -1, errno = 98
F/DUSS&41[    mb_active_route_item: 258]:(15267): Create route item ve_gnd's channel fail! result=-1001
E/DUSS&41[   duss_mb_create_client: 441]:(15267): activate route item ve_gnd error
F/DUSS&41[ mb_local_channel_create:  98]:(15267): Bind socket fail! ret = -1, errno = 98
F/DUSS&41[    mb_active_route_item: 258]:(15267): Create route item vt_gnd's channel fail! result=-1001
E/DUSS&41[   duss_mb_create_client: 441]:(15267): activate route item vt_gnd error
F/DUSS&41[ mb_local_channel_create:  98]:(15267): Bind socket fail! ret = -1, errno = 98
F/DUSS&41[    mb_active_route_item: 258]:(15267): Create route item ve_air's channel fail! result=-1001
E/DUSS&41[   duss_mb_create_client: 441]:(15267): activate route item ve_air error
F/DUSS&41[ mb_local_channel_create:  98]:(15267): Bind socket fail! ret = -1, errno = 98
F/DUSS&41[    mb_active_route_item: 258]:(15267): Create route item vt_gnd's channel fail! result=-1001
E/DUSS&41[   duss_mb_create_client: 441]:(15267): activate route item vt_gnd error
F/DUSS&41[ mb_local_channel_create:  98]:(15267): Bind socket fail! ret = -1, errno = 98
F/DUSS&41[    mb_active_route_item: 258]:(15267): Create route item rc's channel fail! result=-1001
E/DUSS&41[   duss_mb_create_client: 441]:(15267): activate route item rc error
F/DUSS&41[ mb_local_channel_create:  98]:(15267): Bind socket fail! ret = -1, errno = 98
F/DUSS&41[    mb_active_route_item: 258]:(15267): Create route item vt_air's channel fail! result=-1001
E/DUSS&41[   duss_mb_create_client: 441]:(15267): activate route item vt_air error
F/DUSS&41[ mb_local_channel_create:  98]:(15267): Bind socket fail! ret = -1, errno = 98
F/DUSS&41[    mb_active_route_item: 258]:(15267): Create route item mobile's channel fail! result=-1001
E/DUSS&41[   duss_mb_create_client: 441]:(15267): activate route item mobile error
W/DUSS&01[         linux_tty_write: 439]:(  217): /dev/ttyGS0 timeout!
F/DUSS&41[ mb_local_channel_create:  98]:(15267): Bind socket fail! ret = -1, errno = 98
F/DUSS&41[    mb_active_route_item: 258]:(15267): Create route item pc's channel fail! result=-1001
E/DUSS&41[   duss_mb_create_client: 441]:(15267): activate route item pc error
F/DUSS&41[ mb_local_channel_create:  98]:(15267): Bind socket fail! ret = -1, errno = 98
F/DUSS&41[    mb_active_route_item: 258]:(15267): Create route item whoami's channel fail! result=-1001
E/DUSS&41[   duss_mb_create_client: 441]:(15267): activate route item whoami error
F/DUSS&41[ mb_local_channel_create:  98]:(15267): Bind socket fail! ret = -1, errno = 98
F/DUSS&41[    mb_active_route_item: 258]:(15267): Create route item test's channel fail! result=-1001
E/DUSS&41[   duss_mb_create_client: 441]:(15267): activate route item test error
F/DUSS&41[ mb_local_channel_create:  98]:(15267): Bind socket fail! ret = -1, errno = 98
F/DUSS&41[    mb_active_route_item: 258]:(15267): Create route item all's channel fail! result=-1001
E/DUSS&41[   duss_mb_create_client: 441]:(15267): activate route item all error
F/DUSS&41[ mb_local_channel_create:  98]:(15267): Bind socket fail! ret = -1, errno = 98
F/DUSS&41[    mb_active_route_item: 258]:(15267): Create route item glass's channel fail! result=-1001
E/DUSS&41[   duss_mb_create_client: 441]:(15267): activate route item glass error
F/DUSS&41[ mb_local_channel_create:  98]:(15267): Bind socket fail! ret = -1, errno = 98
F/DUSS&41[    mb_active_route_item: 258]:(15267): Create route item flight's channel fail! result=-1001
E/DUSS&41[   duss_mb_create_client: 441]:(15267): activate route item flight error
F/DUSS&41[ mb_local_channel_create:  98]:(15267): Bind socket fail! ret = -1, errno = 98
F/DUSS&41[    mb_active_route_item: 258]:(15267): Create route item ve_gnd's channel fail! result=-1001
E/DUSS&41[   duss_mb_create_client: 441]:(15267): activate route item ve_gnd error
F/DUSS&41[ mb_local_channel_create:  98]:(15267): Bind socket fail! ret = -1, errno = 98
F/DUSS&41[    mb_active_route_item: 258]:(15267): Create route item glass's channel fail! result=-1001
E/DUSS&41[   duss_mb_create_client: 441]:(15267): activate route item glass error
E/DUSS&41[      mb_find_target_ctx: 520]:(15267): can't find target 0x1c13 on host 0xd01
E/DUSS&43[    duss_event_send_sync: 788]:(15267): can't find the target ctx for 0x1c13, this_host=0xd01, msg_id=0x10002
F/DUSS&44[           sketch_atexit:  52]:(15267): Some one called exit(), please check!
D/DUSS	   (15267): #00  pc 00001b26  /system/lib/libduml_util.so (duss_log_dump_backtrace+21)
D/DUSS	   (15267): #01  pc 00045dd4  /system/lib/libduml_frwk.so
D/DUSS	   (15267): #02  pc 00028c62  /system/lib/libc.so (__cxa_finalize+153)
D/DUSS	   (15267): #03  pc 00028e5c  /system/lib/libc.so (exit+5)
D/DUSS	   (15267): #04  pc 00000dc6  /system/bin/dji_mb_ctrl
D/DUSS	   (15267): #05  pc 0000e428  /system/lib/libc.so (__libc_init+47)
W/DUSS&41[     mb_auto_detect_recv: 859]:(  210): Get datagram fail! -1008
W/DUSS&57[    hg_scanning_key_task:3653]:(  210): duss_osal_msgq_send failed -1001
W/DUSS&01[         linux_tty_write: 439]:(  217): /dev/ttyGS0 timeout!
W/DUSS&01[         linux_tty_write: 439]:(  217): /dev/ttyGS0 timeout!
E/DUSS&43[         duss_event_send: 693]:(  210): event_mb_send() error: -1001, event_id=0x60005, peer_host=0x200, host=0xe00
E/DUSS&57[ hg_push_key_to_app_task:4941]:(  210): duss_event_send() error: -1001
W/DUSS&57[    hg_scanning_key_task:3653]:(  210): duss_osal_msgq_send failed -1001
W/DUSS&01[         linux_tty_write: 439]:(  217): /dev/ttyGS0 timeout!
W/DUSS&01[         linux_tty_write: 439]:(  217): /dev/ttyGS0 timeout!
W/DUSS&57[    hg_scanning_key_task:3653]:(  210): duss_osal_msgq_send failed -1001
E/DUSS&43[         duss_event_send: 693]:(  210): event_mb_send() error: -1001, event_id=0xfb, peer_host=0x200, host=0xe00
E/DUSS&57[send_rc_self_status_to_a: 255]:(  210): duss_event_send() error: -1001
W/DUSS&01[         linux_tty_write: 439]:(  217): /dev/ttyGS0 timeout!
W/DUSS&01[         linux_tty_write: 439]:(  217): /dev/ttyGS0 timeout!
W/DUSS&57[    hg_scanning_key_task:3653]:(  210): duss_osal_msgq_send failed -1001
W/DUSS&01[         linux_tty_write: 439]:(  217): /dev/ttyGS0 timeout!
W/DUSS&01[         linux_tty_write: 439]:(  217): /dev/ttyGS0 timeout!
W/DUSS&41[     mb_auto_detect_recv: 859]:(  210): Get datagram fail! -1008
W/DUSS&57[    hg_scanning_key_task:3653]:(  210): duss_osal_msgq_send failed -1001
W/DUSS&01[         linux_tty_write: 439]:(  217): /dev/ttyGS0 timeout!
W/DUSS&01[         linux_tty_write: 439]:(  217): /dev/ttyGS0 timeout!
W/DUSS&57[    hg_scanning_key_task:3653]:(  210): duss_osal_msgq_send failed -1001
F/DUSS&42[       tm_monitor_thread:  89]:(  206): Process need be restarted: 1132!
E/DUSS&43[         duss_event_send: 693]:(  210): event_mb_send() error: -1001, event_id=0x90036, peer_host=0x200, host=0xe00
E/DUSS&57[ hdvt_forward_v1_for_sdr: 685]:(  210): hdvt_push command to APP -1001
E/DUSS&43[         duss_event_send: 693]:(  210): event_mb_send() error: -1001, event_id=0x6001e, peer_host=0x200, host=0xe00
E/DUSS&43[        event_task_entry: 296]:(  210): handle_one_event() error: -1001
W/DUSS&01[         linux_tty_write: 439]:(  217): /dev/ttyGS0 timeout!
W/DUSS&01[         linux_tty_write: 439]:(  217): /dev/ttyGS0 timeout!
W/DUSS&57[    hg_scanning_key_task:3653]:(  210): duss_osal_msgq_send failed -1001
W/DUSS&01[         linux_tty_write: 439]:(  217): /dev/ttyGS0 timeout!
W/DUSS&01[         linux_tty_write: 439]:(  217): /dev/ttyGS0 timeout!
W/DUSS&57[    hg_scanning_key_task:3653]:(  210): duss_osal_msgq_send failed -1001
W/DUSS&41[     mb_auto_detect_recv: 859]:(  210): Get datagram fail! -1008
W/DUSS&01[         linux_tty_write: 439]:(  217): /dev/ttyGS0 timeout!
W/DUSS&01[         linux_tty_write: 439]:(  217): /dev/ttyGS0 timeout!
E/DUSS&43[         duss_event_send: 693]:(  210): event_mb_send() error: -1001, event_id=0x60005, peer_host=0x200, host=0xe00
E/DUSS&57[ hg_push_key_to_app_task:4941]:(  210): duss_event_send() error: -1001
W/DUSS&57[    hg_scanning_key_task:3653]:(  210): duss_osal_msgq_send failed -1001
W/DUSS&01[         linux_tty_write: 439]:(  217): /dev/ttyGS0 timeout!
W/DUSS&01[         linux_tty_write: 439]:(  217): /dev/ttyGS0 timeout!
W/DUSS&57[    hg_scanning_key_task:3653]:(  210): duss_osal_msgq_send failed -1001
W/DUSS&01[         linux_tty_write: 439]:(  217): /dev/ttyGS0 timeout!
W/DUSS&01[         linux_tty_write: 439]:(  217): /dev/ttyGS0 timeout!
W/DUSS&57[    hg_scanning_key_task:3653]:(  210): duss_osal_msgq_send failed -1001
E/DUSS&43[         duss_event_send: 693]:(  210): event_mb_send() error: -1001, event_id=0xfb, peer_host=0x200, host=0xe00
E/DUSS&57[send_rc_self_status_to_a: 255]:(  210): duss_event_send() error: -1001
W/DUSS&01[         linux_tty_write: 439]:(  217): /dev/ttyGS0 timeout!
W/DUSS&01[         linux_tty_write: 439]:(  217): /dev/ttyGS0 timeout!
W/DUSS&41[     mb_auto_detect_recv: 859]:(  210): Get datagram fail! -1008
W/DUSS&57[    hg_scanning_key_task:3653]:(  210): duss_osal_msgq_send failed -1001
W/DUSS&01[         linux_tty_write: 439]:(  217): /dev/ttyGS0 timeout!
W/DUSS&01[         linux_tty_write: 439]:(  217): /dev/ttyGS0 timeout!
F/DUSS&5a[ sys_process_motor_logic:  27]:(  217): sys_info->conn_pc = 1 app_type = 1
E/DUSS&43[         duss_event_send: 693]:(  210): event_mb_send() error: -1001, event_id=0x6001e, peer_host=0x200, host=0xe00
E/DUSS&43[        event_task_entry: 296]:(  210): handle_one_event() error: -1001
W/DUSS&57[    hg_scanning_key_task:3653]:(  210): duss_osal_msgq_send failed -1001
W/DUSS&01[         linux_tty_write: 439]:(  217): /dev/ttyGS0 timeout!
F/DUSS&42[       tm_monitor_thread:  89]:(  206): Process need be restarted: 1132!
W/DUSS&01[         linux_tty_write: 439]:(  217): /dev/ttyGS0 timeout!
F/DUSS&41[ mb_local_channel_create:  98]:(15286): Bind socket fail! ret = -1, errno = 98
F/DUSS&41[    mb_active_route_item: 258]:(15286): Create route item ve_gnd's channel fail! result=-1001
E/DUSS&41[   duss_mb_create_client: 441]:(15286): activate route item ve_gnd error
F/DUSS&41[ mb_local_channel_create:  98]:(15286): Bind socket fail! ret = -1, errno = 98
F/DUSS&41[    mb_active_route_item: 258]:(15286): Create route item vt_gnd's channel fail! result=-1001
E/DUSS&41[   duss_mb_create_client: 441]:(15286): activate route item vt_gnd error
F/DUSS&41[ mb_local_channel_create:  98]:(15286): Bind socket fail! ret = -1, errno = 98
F/DUSS&41[    mb_active_route_item: 258]:(15286): Create route item ve_air's channel fail! result=-1001
E/DUSS&41[   duss_mb_create_client: 441]:(15286): activate route item ve_air error
F/DUSS&41[ mb_local_channel_create:  98]:(15286): Bind socket fail! ret = -1, errno = 98
F/DUSS&41[    mb_active_route_item: 258]:(15286): Create route item vt_gnd's channel fail! result=-1001
E/DUSS&41[   duss_mb_create_client: 441]:(15286): activate route item vt_gnd error
F/DUSS&41[ mb_local_channel_create:  98]:(15286): Bind socket fail! ret = -1, errno = 98
F/DUSS&41[    mb_active_route_item: 258]:(15286): Create route item rc's channel fail! result=-1001
E/DUSS&41[   duss_mb_create_client: 441]:(15286): activate route item rc error
F/DUSS&41[ mb_local_channel_create:  98]:(15286): Bind socket fail! ret = -1, errno = 98
F/DUSS&41[    mb_active_route_item: 258]:(15286): Create route item vt_air's channel fail! result=-1001
E/DUSS&41[   duss_mb_create_client: 441]:(15286): activate route item vt_air error
F/DUSS&41[ mb_local_channel_create:  98]:(15286): Bind socket fail! ret = -1, errno = 98
F/DUSS&41[    mb_active_route_item: 258]:(15286): Create route item mobile's channel fail! result=-1001
E/DUSS&41[   duss_mb_create_client: 441]:(15286): activate route item mobile error
W/DUSS&57[    hg_scanning_key_task:3653]:(  210): duss_osal_msgq_send failed -1001
F/DUSS&41[ mb_local_channel_create:  98]:(15286): Bind socket fail! ret = -1, errno = 98
F/DUSS&41[    mb_active_route_item: 258]:(15286): Create route item pc's channel fail! result=-1001
E/DUSS&41[   duss_mb_create_client: 441]:(15286): activate route item pc error
F/DUSS&41[ mb_local_channel_create:  98]:(15286): Bind socket fail! ret = -1, errno = 98
F/DUSS&41[    mb_active_route_item: 258]:(15286): Create route item whoami's channel fail! result=-1001
E/DUSS&41[   duss_mb_create_client: 441]:(15286): activate route item whoami error
F/DUSS&41[ mb_local_channel_create:  98]:(15286): Bind socket fail! ret = -1, errno = 98
F/DUSS&41[    mb_active_route_item: 258]:(15286): Create route item test's channel fail! result=-1001
E/DUSS&41[   duss_mb_create_client: 441]:(15286): activate route item test error
F/DUSS&41[ mb_local_channel_create:  98]:(15286): Bind socket fail! ret = -1, errno = 98
F/DUSS&41[    mb_active_route_item: 258]:(15286): Create route item all's channel fail! result=-1001
E/DUSS&41[   duss_mb_create_client: 441]:(15286): activate route item all error
F/DUSS&41[ mb_local_channel_create:  98]:(15286): Bind socket fail! ret = -1, errno = 98
F/DUSS&41[    mb_active_route_item: 258]:(15286): Create route item glass's channel fail! result=-1001
E/DUSS&41[   duss_mb_create_client: 441]:(15286): activate route item glass error
F/DUSS&41[ mb_local_channel_create:  98]:(15286): Bind socket fail! ret = -1, errno = 98
F/DUSS&41[    mb_active_route_item: 258]:(15286): Create route item flight's channel fail! result=-1001
E/DUSS&41[   duss_mb_create_client: 441]:(15286): activate route item flight error
F/DUSS&41[ mb_local_channel_create:  98]:(15286): Bind socket fail! ret = -1, errno = 98
F/DUSS&41[    mb_active_route_item: 258]:(15286): Create route item ve_gnd's channel fail! result=-1001
E/DUSS&41[   duss_mb_create_client: 441]:(15286): activate route item ve_gnd error
F/DUSS&41[ mb_local_channel_create:  98]:(15286): Bind socket fail! ret = -1, errno = 98
F/DUSS&41[    mb_active_route_item: 258]:(15286): Create route item glass's channel fail! result=-1001
E/DUSS&41[   duss_mb_create_client: 441]:(15286): activate route item glass error
W/DUSS&01[         linux_tty_write: 439]:(  217): /dev/ttyGS0 timeout!
E/DUSS&41[      mb_find_target_ctx: 520]:(15286): can't find target 0x1d13 on host 0xd01
E/DUSS&43[    duss_event_send_sync: 788]:(15286): can't find the target ctx for 0x1d13, this_host=0xd01, msg_id=0x10002
F/DUSS&44[           sketch_atexit:  52]:(15286): Some one called exit(), please check!
W/DUSS&01[         linux_tty_write: 439]:(  217): /dev/ttyGS0 timeout!
D/DUSS	   (15286): #00  pc 00001b26  /system/lib/libduml_util.so (duss_log_dump_backtrace+21)
D/DUSS	   (15286): #01  pc 00045dd4  /system/lib/libduml_frwk.so
D/DUSS	   (15286): #02  pc 00028c62  /system/lib/libc.so (__cxa_finalize+153)
D/DUSS	   (15286): #03  pc 00028e5c  /system/lib/libc.so (exit+5)
D/DUSS	   (15286): #04  pc 00000dc6  /system/bin/dji_mb_ctrl
D/DUSS	   (15286): #05  pc 0000e428  /system/lib/libc.so (__libc_init+47)
W/DUSS&57[    hg_scanning_key_task:3653]:(  210): duss_osal_msgq_send failed -1001
W/DUSS&01[         linux_tty_write: 439]:(  217): /dev/ttyGS0 timeout!
W/DUSS&41[     mb_auto_detect_recv: 859]:(  210): Get datagram fail! -1008
W/DUSS&01[         linux_tty_write: 439]:(  217): /dev/ttyGS0 timeout!
E/DUSS&43[         duss_event_send: 693]:(  210): event_mb_send() error: -1001, event_id=0x60005, peer_host=0x200, host=0xe00
E/DUSS&57[ hg_push_key_to_app_task:4941]:(  210): duss_event_send() error: -1001
W/DUSS&57[    hg_scanning_key_task:3653]:(  210): duss_osal_msgq_send failed -1001
W/DUSS&01[         linux_tty_write: 439]:(  217): /dev/ttyGS0 timeout!
W/DUSS&01[         linux_tty_write: 439]:(  217): /dev/ttyGS0 timeout!
W/DUSS&57[    hg_scanning_key_task:3653]:(  210): duss_osal_msgq_send failed -1001
W/DUSS&01[         linux_tty_write: 439]:(  217): /dev/ttyGS0 timeout!
E/DUSS&43[         duss_event_send: 693]:(  210): event_mb_send() error: -1001, event_id=0xfb, peer_host=0x200, host=0xe00
E/DUSS&57[send_rc_self_status_to_a: 255]:(  210): duss_event_send() error: -1001
W/DUSS&01[         linux_tty_write: 439]:(  217): /dev/ttyGS0 timeout!
E/DUSS&43[         duss_event_send: 693]:(  210): event_mb_send() error: -1001, event_id=0x90008, peer_host=0x200, host=0xe00
W/DUSS&57[    hg_scanning_key_task:3653]:(  210): duss_osal_msgq_send failed -1001
W/DUSS&01[         linux_tty_write: 439]:(  217): /dev/ttyGS0 timeout!
W/DUSS&01[         linux_tty_write: 439]:(  217): /dev/ttyGS0 timeout!
W/DUSS&41[     mb_auto_detect_recv: 859]:(  210): Get datagram fail! -1008
W/DUSS&57[    hg_scanning_key_task:3653]:(  210): duss_osal_msgq_send failed -1001
W/DUSS&01[         linux_tty_write: 439]:(  217): /dev/ttyGS0 timeout!
W/DUSS&01[         linux_tty_write: 439]:(  217): /dev/ttyGS0 timeout!
W/DUSS&57[    hg_scanning_key_task:3653]:(  210): duss_osal_msgq_send failed -1001
E/DUSS&43[         duss_event_send: 693]:(  210): event_mb_send() error: -1001, event_id=0x6001e, peer_host=0x200, host=0xe00
E/DUSS&43[        event_task_entry: 296]:(  210): handle_one_event() error: -1001
W/DUSS&01[         linux_tty_write: 439]:(  217): /dev/ttyGS0 timeout!
W/DUSS&01[         linux_tty_write: 439]:(  217): /dev/ttyGS0 timeout!
W/DUSS&57[    hg_scanning_key_task:3653]:(  210): duss_osal_msgq_send failed -1001
W/DUSS&01[         linux_tty_write: 439]:(  217): /dev/ttyGS0 timeout!
W/DUSS&01[         linux_tty_write: 439]:(  217): /dev/ttyGS0 timeout!
F/DUSS&42[       tm_monitor_thread:  89]:(  206): Process need be restarted: 1132!
W/DUSS&57[    hg_scanning_key_task:3653]:(  210): duss_osal_msgq_send failed -1001
W/DUSS&01[         linux_tty_write: 439]:(  217): /dev/ttyGS0 timeout!
W/DUSS&01[         linux_tty_write: 439]:(  217): /dev/ttyGS0 timeout!
W/DUSS&41[     mb_auto_detect_recv: 859]:(  210): Get datagram fail! -1008
W/DUSS&57[    hg_scanning_key_task:3653]:(  210): duss_osal_msgq_send failed -1001
E/DUSS&43[         duss_event_send: 693]:(  210): event_mb_send() error: -1001, event_id=0x60005, peer_host=0x200, host=0xe00
E/DUSS&57[ hg_push_key_to_app_task:4941]:(  210): duss_event_send() error: -1001
W/DUSS&01[         linux_tty_write: 439]:(  217): /dev/ttyGS0 timeout!
W/DUSS&01[         linux_tty_write: 439]:(  217): /dev/ttyGS0 timeout!
W/DUSS&57[    hg_scanning_key_task:3653]:(  210): duss_osal_msgq_send failed -1001
W/DUSS&01[         linux_tty_write: 439]:(  217): /dev/ttyGS0 timeout!
E/DUSS&43[         duss_event_send: 693]:(  210): event_mb_send() error: -1001, event_id=0xfb, peer_host=0x200, host=0xe00
E/DUSS&57[send_rc_self_status_to_a: 255]:(  210): duss_event_send() error: -1001
W/DUSS&01[         linux_tty_write: 439]:(  217): /dev/ttyGS0 timeout!
W/DUSS&57[    hg_scanning_key_task:3653]:(  210): duss_osal_msgq_send failed -1001
W/DUSS&01[         linux_tty_write: 439]:(  217): /dev/ttyGS0 timeout!
W/DUSS&01[         linux_tty_write: 439]:(  217): /dev/ttyGS0 timeout!
W/DUSS&41[     mb_auto_detect_recv: 859]:(  210): Get datagram fail! -1008
W/DUSS&57[    hg_scanning_key_task:3653]:(  210): duss_osal_msgq_send failed -1001
W/DUSS&01[         linux_tty_write: 439]:(  217): /dev/ttyGS0 timeout!
F/DUSS&41[ mb_local_channel_create:  98]:(15317): Bind socket fail! ret = -1, errno = 98
W/DUSS&01[         linux_tty_write: 439]:(  217): /dev/ttyGS0 timeout!
F/DUSS&41[    mb_active_route_item: 258]:(15317): Create route item ve_gnd's channel fail! result=-1001
E/DUSS&41[   duss_mb_create_client: 441]:(15317): activate route item ve_gnd error
F/DUSS&41[ mb_local_channel_create:  98]:(15317): Bind socket fail! ret = -1, errno = 98
F/DUSS&41[    mb_active_route_item: 258]:(15317): Create route item vt_gnd's channel fail! result=-1001
E/DUSS&41[   duss_mb_create_client: 441]:(15317): activate route item vt_gnd error
F/DUSS&41[ mb_local_channel_create:  98]:(15317): Bind socket fail! ret = -1, errno = 98
F/DUSS&41[    mb_active_route_item: 258]:(15317): Create route item ve_air's channel fail! result=-1001
E/DUSS&41[   duss_mb_create_client: 441]:(15317): activate route item ve_air error
F/DUSS&41[ mb_local_channel_create:  98]:(15317): Bind socket fail! ret = -1, errno = 98
F/DUSS&41[    mb_active_route_item: 258]:(15317): Create route item vt_gnd's channel fail! result=-1001
E/DUSS&41[   duss_mb_create_client: 441]:(15317): activate route item vt_gnd error
F/DUSS&41[ mb_local_channel_create:  98]:(15317): Bind socket fail! ret = -1, errno = 98
F/DUSS&41[    mb_active_route_item: 258]:(15317): Create route item rc's channel fail! result=-1001
E/DUSS&41[   duss_mb_create_client: 441]:(15317): activate route item rc error
F/DUSS&41[ mb_local_channel_create:  98]:(15317): Bind socket fail! ret = -1, errno = 98
F/DUSS&41[    mb_active_route_item: 258]:(15317): Create route item vt_air's channel fail! result=-1001
E/DUSS&41[   duss_mb_create_client: 441]:(15317): activate route item vt_air error
F/DUSS&41[ mb_local_channel_create:  98]:(15317): Bind socket fail! ret = -1, errno = 98
F/DUSS&41[    mb_active_route_item: 258]:(15317): Create route item mobile's channel fail! result=-1001
E/DUSS&41[   duss_mb_create_client: 441]:(15317): activate route item mobile error
F/DUSS&41[ mb_local_channel_create:  98]:(15317): Bind socket fail! ret = -1, errno = 98
F/DUSS&41[    mb_active_route_item: 258]:(15317): Create route item pc's channel fail! result=-1001
E/DUSS&41[   duss_mb_create_client: 441]:(15317): activate route item pc error
F/DUSS&41[ mb_local_channel_create:  98]:(15317): Bind socket fail! ret = -1, errno = 98
F/DUSS&41[    mb_active_route_item: 258]:(15317): Create route item whoami's channel fail! result=-1001
E/DUSS&41[   duss_mb_create_client: 441]:(15317): activate route item whoami error
F/DUSS&41[ mb_local_channel_create:  98]:(15317): Bind socket fail! ret = -1, errno = 98
F/DUSS&41[    mb_active_route_item: 258]:(15317): Create route item test's channel fail! result=-1001
E/DUSS&41[   duss_mb_create_client: 441]:(15317): activate route item test error
F/DUSS&41[ mb_local_channel_create:  98]:(15317): Bind socket fail! ret = -1, errno = 98
F/DUSS&41[    mb_active_route_item: 258]:(15317): Create route item all's channel fail! result=-1001
E/DUSS&41[   duss_mb_create_client: 441]:(15317): activate route item all error
F/DUSS&41[ mb_local_channel_create:  98]:(15317): Bind socket fail! ret = -1, errno = 98
F/DUSS&41[    mb_active_route_item: 258]:(15317): Create route item glass's channel fail! result=-1001
E/DUSS&41[   duss_mb_create_client: 441]:(15317): activate route item glass error
F/DUSS&41[ mb_local_channel_create:  98]:(15317): Bind socket fail! ret = -1, errno = 98
F/DUSS&41[    mb_active_route_item: 258]:(15317): Create route item flight's channel fail! result=-1001
E/DUSS&41[   duss_mb_create_client: 441]:(15317): activate route item flight error
F/DUSS&41[ mb_local_channel_create:  98]:(15317): Bind socket fail! ret = -1, errno = 98
F/DUSS&41[    mb_active_route_item: 258]:(15317): Create route item ve_gnd's channel fail! result=-1001
E/DUSS&41[   duss_mb_create_client: 441]:(15317): activate route item ve_gnd error
F/DUSS&41[ mb_local_channel_create:  98]:(15317): Bind socket fail! ret = -1, errno = 98
F/DUSS&41[    mb_active_route_item: 258]:(15317): Create route item glass's channel fail! result=-1001
E/DUSS&41[   duss_mb_create_client: 441]:(15317): activate route item glass error
E/DUSS&41[      mb_find_target_ctx: 520]:(15317): can't find target 0x1e13 on host 0xd01
E/DUSS&43[    duss_event_send_sync: 788]:(15317): can't find the target ctx for 0x1e13, this_host=0xd01, msg_id=0x10002
F/DUSS&44[           sketch_atexit:  52]:(15317): Some one called exit(), please check!
W/DUSS&57[    hg_scanning_key_task:3653]:(  210): duss_osal_msgq_send failed -1001
D/DUSS	   (15317): #00  pc 00001b26  /system/lib/libduml_util.so (duss_log_dump_backtrace+21)
D/DUSS	   (15317): #01  pc 00045dd4  /system/lib/libduml_frwk.so
D/DUSS	   (15317): #02  pc 00028c62  /system/lib/libc.so (__cxa_finalize+153)
D/DUSS	   (15317): #03  pc 00028e5c  /system/lib/libc.so (exit+5)
D/DUSS	   (15317): #04  pc 00000dc6  /system/bin/dji_mb_ctrl
D/DUSS	   (15317): #05  pc 0000e428  /system/lib/libc.so (__libc_init+47)
W/DUSS&01[         linux_tty_write: 439]:(  217): /dev/ttyGS0 timeout!
E/DUSS&43[         duss_event_send: 693]:(  210): event_mb_send() error: -1001, event_id=0x6001e, peer_host=0x200, host=0xe00
E/DUSS&43[        event_task_entry: 296]:(  210): handle_one_event() error: -1001
W/DUSS&01[         linux_tty_write: 439]:(  217): /dev/ttyGS0 timeout!
W/DUSS&57[    hg_scanning_key_task:3653]:(  210): duss_osal_msgq_send failed -1001
W/DUSS&01[         linux_tty_write: 439]:(  217): /dev/ttyGS0 timeout!
W/DUSS&01[         linux_tty_write: 439]:(  217): /dev/ttyGS0 timeout!
F/DUSS&42[       tm_monitor_thread:  89]:(  206): Process need be restarted: 1132!
W/DUSS&57[    hg_scanning_key_task:3653]:(  210): duss_osal_msgq_send failed -1001
W/DUSS&01[         linux_tty_write: 439]:(  217): /dev/ttyGS0 timeout!
W/DUSS&01[         linux_tty_write: 439]:(  217): /dev/ttyGS0 timeout!
W/DUSS&41[     mb_auto_detect_recv: 859]:(  210): Get datagram fail! -1008
W/DUSS&57[    hg_scanning_key_task:3653]:(  210): duss_osal_msgq_send failed -1001
E/DUSS&43[         duss_event_send: 693]:(  210): event_mb_send() error: -1001, event_id=0x60005, peer_host=0x200, host=0xe00
E/DUSS&57[ hg_push_key_to_app_task:4941]:(  210): duss_event_send() error: -1001
W/DUSS&01[         linux_tty_write: 439]:(  217): /dev/ttyGS0 timeout!
W/DUSS&01[         linux_tty_write: 439]:(  217): /dev/ttyGS0 timeout!
W/DUSS&57[    hg_scanning_key_task:3653]:(  210): duss_osal_msgq_send failed -1001
W/DUSS&01[         linux_tty_write: 439]:(  217): /dev/ttyGS0 timeout!
W/DUSS&01[         linux_tty_write: 439]:(  217): /dev/ttyGS0 timeout!
W/DUSS&57[    hg_scanning_key_task:3653]:(  210): duss_osal_msgq_send failed -1001
W/DUSS&01[         linux_tty_write: 439]:(  217): /dev/ttyGS0 timeout!
W/DUSS&01[         linux_tty_write: 439]:(  217): /dev/ttyGS0 timeout!
E/DUSS&43[         duss_event_send: 693]:(  210): event_mb_send() error: -1001, event_id=0xfb, peer_host=0x200, host=0xe00
E/DUSS&57[send_rc_self_status_to_a: 255]:(  210): duss_event_send() error: -1001
W/DUSS&41[     mb_auto_detect_recv: 859]:(  210): Get datagram fail! -1008
W/DUSS&57[    hg_scanning_key_task:3653]:(  210): duss_osal_msgq_send failed -1001
W/DUSS&01[         linux_tty_write: 439]:(  217): /dev/ttyGS0 timeout!
W/DUSS&01[         linux_tty_write: 439]:(  217): /dev/ttyGS0 timeout!
W/DUSS&57[    hg_scanning_key_task:3653]:(  210): duss_osal_msgq_send failed -1001
W/DUSS&01[         linux_tty_write: 439]:(  217): /dev/ttyGS0 timeout!
E/DUSS&43[         duss_event_send: 693]:(  210): event_mb_send() error: -1001, event_id=0x6001e, peer_host=0x200, host=0xe00
E/DUSS&43[        event_task_entry: 296]:(  210): handle_one_event() error: -1001
W/DUSS&01[         linux_tty_write: 439]:(  217): /dev/ttyGS0 timeout!
W/DUSS&57[    hg_scanning_key_task:3653]:(  210): duss_osal_msgq_send failed -1001
W/DUSS&01[         linux_tty_write: 439]:(  217): /dev/ttyGS0 timeout!
W/DUSS&01[         linux_tty_write: 439]:(  217): /dev/ttyGS0 timeout!
W/DUSS&57[    hg_scanning_key_task:3653]:(  210): duss_osal_msgq_send failed -1001
W/DUSS&01[         linux_tty_write: 439]:(  217): /dev/ttyGS0 timeout!
W/DUSS&01[         linux_tty_write: 439]:(  217): /dev/ttyGS0 timeout!
W/DUSS&41[     mb_auto_detect_recv: 859]:(  210): Get datagram fail! -1008
E/DUSS&43[         duss_event_send: 693]:(  210): event_mb_send() error: -1001, event_id=0x90037, peer_host=0x200, host=0xe00
E/DUSS&57[hdvt_self_test_timer_han:3703]:(  210): hdvt self_test timer send failed
W/DUSS&57[    hg_scanning_key_task:3653]:(  210): duss_osal_msgq_send failed -1001
W/DUSS&01[         linux_tty_write: 439]:(  217): /dev/ttyGS0 timeout!
E/DUSS&43[         duss_event_send: 693]:(  210): event_mb_send() error: -1001, event_id=0x60005, peer_host=0x200, host=0xe00
E/DUSS&57[ hg_push_key_to_app_task:4941]:(  210): duss_event_send() error: -1001
W/DUSS&01[         linux_tty_write: 439]:(  217): /dev/ttyGS0 timeout!
F/DUSS&42[       tm_monitor_thread:  89]:(  206): Process need be restarted: 1132!
W/DUSS&57[    hg_scanning_key_task:3653]:(  210): duss_osal_msgq_send failed -1001
W/DUSS&01[         linux_tty_write: 439]:(  217): /dev/ttyGS0 timeout!
W/DUSS&01[         linux_tty_write: 439]:(  217): /dev/ttyGS0 timeout!
E/DUSS&43[         duss_event_send: 693]:(  210): event_mb_send() error: -1001, event_id=0xfb, peer_host=0x200, host=0xe00
E/DUSS&57[send_rc_self_status_to_a: 255]:(  210): duss_event_send() error: -1001
W/DUSS&57[    hg_scanning_key_task:3653]:(  210): duss_osal_msgq_send failed -1001
W/DUSS&01[         linux_tty_write: 439]:(  217): /dev/ttyGS0 timeout!
W/DUSS&01[         linux_tty_write: 439]:(  217): /dev/ttyGS0 timeout!
W/DUSS&57[    hg_scanning_key_task:3653]:(  210): duss_osal_msgq_send failed -1001
W/DUSS&41[     mb_auto_detect_recv: 859]:(  210): Get datagram fail! -1008
W/DUSS&01[         linux_tty_write: 439]:(  217): /dev/ttyGS0 timeout!
W/DUSS&01[         linux_tty_write: 439]:(  217): /dev/ttyGS0 timeout!
F/DUSS&41[ mb_local_channel_create:  98]:(15348): Bind socket fail! ret = -1, errno = 98
F/DUSS&41[    mb_active_route_item: 258]:(15348): Create route item ve_gnd's channel fail! result=-1001
E/DUSS&41[   duss_mb_create_client: 441]:(15348): activate route item ve_gnd error
F/DUSS&41[ mb_local_channel_create:  98]:(15348): Bind socket fail! ret = -1, errno = 98
F/DUSS&41[    mb_active_route_item: 258]:(15348): Create route item vt_gnd's channel fail! result=-1001
E/DUSS&41[   duss_mb_create_client: 441]:(15348): activate route item vt_gnd error
F/DUSS&41[ mb_local_channel_create:  98]:(15348): Bind socket fail! ret = -1, errno = 98
F/DUSS&41[    mb_active_route_item: 258]:(15348): Create route item ve_air's channel fail! result=-1001
E/DUSS&41[   duss_mb_create_client: 441]:(15348): activate route item ve_air error
F/DUSS&41[ mb_local_channel_create:  98]:(15348): Bind socket fail! ret = -1, errno = 98
F/DUSS&41[    mb_active_route_item: 258]:(15348): Create route item vt_gnd's channel fail! result=-1001
E/DUSS&41[   duss_mb_create_client: 441]:(15348): activate route item vt_gnd error
F/DUSS&41[ mb_local_channel_create:  98]:(15348): Bind socket fail! ret = -1, errno = 98
F/DUSS&41[    mb_active_route_item: 258]:(15348): Create route item rc's channel fail! result=-1001
E/DUSS&41[   duss_mb_create_client: 441]:(15348): activate route item rc error
F/DUSS&41[ mb_local_channel_create:  98]:(15348): Bind socket fail! ret = -1, errno = 98
F/DUSS&41[    mb_active_route_item: 258]:(15348): Create route item vt_air's channel fail! result=-1001
E/DUSS&41[   duss_mb_create_client: 441]:(15348): activate route item vt_air error
F/DUSS&41[ mb_local_channel_create:  98]:(15348): Bind socket fail! ret = -1, errno = 98
F/DUSS&41[    mb_active_route_item: 258]:(15348): Create route item mobile's channel fail! result=-1001
E/DUSS&41[   duss_mb_create_client: 441]:(15348): activate route item mobile error
F/DUSS&41[ mb_local_channel_create:  98]:(15348): Bind socket fail! ret = -1, errno = 98
F/DUSS&41[    mb_active_route_item: 258]:(15348): Create route item pc's channel fail! result=-1001
E/DUSS&41[   duss_mb_create_client: 441]:(15348): activate route item pc error
F/DUSS&41[ mb_local_channel_create:  98]:(15348): Bind socket fail! ret = -1, errno = 98
F/DUSS&41[    mb_active_route_item: 258]:(15348): Create route item whoami's channel fail! result=-1001
E/DUSS&41[   duss_mb_create_client: 441]:(15348): activate route item whoami error
F/DUSS&41[ mb_local_channel_create:  98]:(15348): Bind socket fail! ret = -1, errno = 98
F/DUSS&41[    mb_active_route_item: 258]:(15348): Create route item test's channel fail! result=-1001
E/DUSS&41[   duss_mb_create_client: 441]:(15348): activate route item test error
F/DUSS&41[ mb_local_channel_create:  98]:(15348): Bind socket fail! ret = -1, errno = 98
F/DUSS&41[    mb_active_route_item: 258]:(15348): Create route item all's channel fail! result=-1001
E/DUSS&41[   duss_mb_create_client: 441]:(15348): activate route item all error
F/DUSS&41[ mb_local_channel_create:  98]:(15348): Bind socket fail! ret = -1, errno = 98
F/DUSS&41[    mb_active_route_item: 258]:(15348): Create route item glass's channel fail! result=-1001
E/DUSS&41[   duss_mb_create_client: 441]:(15348): activate route item glass error
F/DUSS&41[ mb_local_channel_create:  98]:(15348): Bind socket fail! ret = -1, errno = 98
