F/DUSS&41[ mb_local_channel_create:  98]:(14959): Bind socket fail! ret = -1, errno = 98
F/DUSS&41[    mb_active_route_item: 258]:(14959): Create route item all's channel fail! result=-1001
E/DUSS&41[   duss_mb_create_client: 441]:(14959): activate route item all error
F/DUSS&41[ mb_local_channel_create:  98]:(14959): Bind socket fail! ret = -1, errno = 98
F/DUSS&41[    mb_active_route_item: 258]:(14959): Create route item glass's channel fail! result=-1001
E/DUSS&41[   duss_mb_create_client: 441]:(14959): activate route item glass error
F/DUSS&41[ mb_local_channel_create:  98]:(14959): Bind socket fail! ret = -1, errno = 98
F/DUSS&41[    mb_active_route_item: 258]:(14959): Create route item flight's channel fail! result=-1001
E/DUSS&41[   duss_mb_create_client: 441]:(14959): activate route item flight error
F/DUSS&41[ mb_local_channel_create:  98]:(14959): Bind socket fail! ret = -1, errno = 98
F/DUSS&41[    mb_active_route_item: 258]:(14959): Create route item ve_gnd's channel fail! result=-1001
E/DUSS&41[   duss_mb_create_client: 441]:(14959): activate route item ve_gnd error
E/DUSS&43[         duss_event_send: 693]:(  210): event_mb_send() error: -1001, event_id=0xfb, peer_host=0x200, host=0xe00
E/DUSS&57[send_rc_self_status_to_a: 255]:(  210): duss_event_send() error: -1001
F/DUSS&41[ mb_local_channel_create:  98]:(14959): Bind socket fail! ret = -1, errno = 98
F/DUSS&41[    mb_active_route_item: 258]:(14959): Create route item glass's channel fail! result=-1001
E/DUSS&41[   duss_mb_create_client: 441]:(14959): activate route item glass error
E/DUSS&41[      mb_find_target_ctx: 520]:(14959): can't find target 0x1013 on host 0xd01
E/DUSS&43[    duss_event_send_sync: 788]:(14959): can't find the target ctx for 0x1013, this_host=0xd01, msg_id=0x10002
F/DUSS&44[           sketch_atexit:  52]:(14959): Some one called exit(), please check!
W/DUSS&41[     mb_auto_detect_recv: 859]:(  210): Get datagram fail! -1008
W/DUSS&57[    hg_scanning_key_task:3653]:(  210): duss_osal_msgq_send failed -1001
W/DUSS&01[         linux_tty_write: 439]:(  217): /dev/ttyGS0 timeout!
D/DUSS	   (14959): #00  pc 00001b26  /system/lib/libduml_util.so (duss_log_dump_backtrace+21)
D/DUSS	   (14959): #01  pc 00045dd4  /system/lib/libduml_frwk.so
D/DUSS	   (14959): #02  pc 00028c62  /system/lib/libc.so (__cxa_finalize+153)
D/DUSS	   (14959): #03  pc 00028e5c  /system/lib/libc.so (exit+5)
D/DUSS	   (14959): #04  pc 00000dc6  /system/bin/dji_mb_ctrl
D/DUSS	   (14959): #05  pc 0000e428  /system/lib/libc.so (__libc_init+47)
W/DUSS&01[         linux_tty_write: 439]:(  217): /dev/ttyGS0 timeout!
W/DUSS&57[    hg_scanning_key_task:3653]:(  210): duss_osal_msgq_send failed -1001
W/DUSS&01[         linux_tty_write: 439]:(  217): /dev/ttyGS0 timeout!
W/DUSS&01[         linux_tty_write: 439]:(  217): /dev/ttyGS0 timeout!
E/DUSS&43[         duss_event_send: 693]:(  210): event_mb_send() error: -1001, event_id=0x6001e, peer_host=0x200, host=0xe00
E/DUSS&43[        event_task_entry: 296]:(  210): handle_one_event() error: -1001
W/DUSS&57[    hg_scanning_key_task:3653]:(  210): duss_osal_msgq_send failed -1001
W/DUSS&01[         linux_tty_write: 439]:(  217): /dev/ttyGS0 timeout!
W/DUSS&01[         linux_tty_write: 439]:(  217): /dev/ttyGS0 timeout!
W/DUSS&57[    hg_scanning_key_task:3653]:(  210): duss_osal_msgq_send failed -1001
W/DUSS&01[         linux_tty_write: 439]:(  217): /dev/ttyGS0 timeout!
W/DUSS&01[         linux_tty_write: 439]:(  217): /dev/ttyGS0 timeout!
W/DUSS&41[     mb_auto_detect_recv: 859]:(  210): Get datagram fail! -1008
W/DUSS&57[    hg_scanning_key_task:3653]:(  210): duss_osal_msgq_send failed -1001
W/DUSS&01[         linux_tty_write: 439]:(  217): /dev/ttyGS0 timeout!
W/DUSS&01[         linux_tty_write: 439]:(  217): /dev/ttyGS0 timeout!
E/DUSS&43[         duss_event_send: 693]:(  210): event_mb_send() error: -1001, event_id=0x60005, peer_host=0x200, host=0xe00
E/DUSS&57[ hg_push_key_to_app_task:4941]:(  210): duss_event_send() error: -1001
F/DUSS&42[       tm_monitor_thread:  89]:(  206): Process need be restarted: 1132!
W/DUSS&57[    hg_scanning_key_task:3653]:(  210): duss_osal_msgq_send failed -1001
W/DUSS&01[         linux_tty_write: 439]:(  217): /dev/ttyGS0 timeout!
W/DUSS&01[         linux_tty_write: 439]:(  217): /dev/ttyGS0 timeout!
E/DUSS&43[         duss_event_send: 693]:(  210): event_mb_send() error: -1001, event_id=0xfb, peer_host=0x200, host=0xe00
E/DUSS&57[send_rc_self_status_to_a: 255]:(  210): duss_event_send() error: -1001
W/DUSS&57[    hg_scanning_key_task:3653]:(  210): duss_osal_msgq_send failed -1001
W/DUSS&01[         linux_tty_write: 439]:(  217): /dev/ttyGS0 timeout!
W/DUSS&01[         linux_tty_write: 439]:(  217): /dev/ttyGS0 timeout!
W/DUSS&57[    hg_scanning_key_task:3653]:(  210): duss_osal_msgq_send failed -1001
W/DUSS&41[     mb_auto_detect_recv: 859]:(  210): Get datagram fail! -1008
W/DUSS&01[         linux_tty_write: 439]:(  217): /dev/ttyGS0 timeout!
W/DUSS&01[         linux_tty_write: 439]:(  217): /dev/ttyGS0 timeout!
W/DUSS&57[    hg_scanning_key_task:3653]:(  210): duss_osal_msgq_send failed -1001
W/DUSS&01[         linux_tty_write: 439]:(  217): /dev/ttyGS0 timeout!
W/DUSS&01[         linux_tty_write: 439]:(  217): /dev/ttyGS0 timeout!
E/DUSS&43[         duss_event_send: 693]:(  210): event_mb_send() error: -1001, event_id=0x6001e, peer_host=0x200, host=0xe00
E/DUSS&43[        event_task_entry: 296]:(  210): handle_one_event() error: -1001
W/DUSS&57[    hg_scanning_key_task:3653]:(  210): duss_osal_msgq_send failed -1001
W/DUSS&01[         linux_tty_write: 439]:(  217): /dev/ttyGS0 timeout!
W/DUSS&01[         linux_tty_write: 439]:(  217): /dev/ttyGS0 timeout!
W/DUSS&57[    hg_scanning_key_task:3653]:(  210): duss_osal_msgq_send failed -1001
W/DUSS&01[         linux_tty_write: 439]:(  217): /dev/ttyGS0 timeout!
W/DUSS&01[         linux_tty_write: 439]:(  217): /dev/ttyGS0 timeout!
W/DUSS&41[     mb_auto_detect_recv: 859]:(  210): Get datagram fail! -1008
W/DUSS&57[    hg_scanning_key_task:3653]:(  210): duss_osal_msgq_send failed -1001
F/DUSS&42[       tm_monitor_thread:  89]:(  206): Process need be restarted: 1132!
W/DUSS&01[         linux_tty_write: 439]:(  217): /dev/ttyGS0 timeout!
W/DUSS&01[         linux_tty_write: 439]:(  217): /dev/ttyGS0 timeout!
E/DUSS&43[         duss_event_send: 693]:(  210): event_mb_send() error: -1001, event_id=0x60005, peer_host=0x200, host=0xe00
E/DUSS&57[ hg_push_key_to_app_task:4941]:(  210): duss_event_send() error: -1001
W/DUSS&57[    hg_scanning_key_task:3653]:(  210): duss_osal_msgq_send failed -1001
F/DUSS&41[ mb_local_channel_create:  98]:(14995): Bind socket fail! ret = -1, errno = 98
W/DUSS&01[         linux_tty_write: 439]:(  217): /dev/ttyGS0 timeout!
F/DUSS&41[    mb_active_route_item: 258]:(14995): Create route item ve_gnd's channel fail! result=-1001
E/DUSS&41[   duss_mb_create_client: 441]:(14995): activate route item ve_gnd error
F/DUSS&41[ mb_local_channel_create:  98]:(14995): Bind socket fail! ret = -1, errno = 98
F/DUSS&41[    mb_active_route_item: 258]:(14995): Create route item vt_gnd's channel fail! result=-1001
E/DUSS&41[   duss_mb_create_client: 441]:(14995): activate route item vt_gnd error
F/DUSS&41[ mb_local_channel_create:  98]:(14995): Bind socket fail! ret = -1, errno = 98
F/DUSS&41[    mb_active_route_item: 258]:(14995): Create route item ve_air's channel fail! result=-1001
E/DUSS&41[   duss_mb_create_client: 441]:(14995): activate route item ve_air error
F/DUSS&41[ mb_local_channel_create:  98]:(14995): Bind socket fail! ret = -1, errno = 98
F/DUSS&41[    mb_active_route_item: 258]:(14995): Create route item vt_gnd's channel fail! result=-1001
E/DUSS&41[   duss_mb_create_client: 441]:(14995): activate route item vt_gnd error
W/DUSS&01[         linux_tty_write: 439]:(  217): /dev/ttyGS0 timeout!
F/DUSS&41[ mb_local_channel_create:  98]:(14995): Bind socket fail! ret = -1, errno = 98
F/DUSS&41[    mb_active_route_item: 258]:(14995): Create route item rc's channel fail! result=-1001
E/DUSS&41[   duss_mb_create_client: 441]:(14995): activate route item rc error
F/DUSS&41[ mb_local_channel_create:  98]:(14995): Bind socket fail! ret = -1, errno = 98
F/DUSS&41[    mb_active_route_item: 258]:(14995): Create route item vt_air's channel fail! result=-1001
E/DUSS&41[   duss_mb_create_client: 441]:(14995): activate route item vt_air error
F/DUSS&41[ mb_local_channel_create:  98]:(14995): Bind socket fail! ret = -1, errno = 98
F/DUSS&41[    mb_active_route_item: 258]:(14995): Create route item mobile's channel fail! result=-1001
E/DUSS&41[   duss_mb_create_client: 441]:(14995): activate route item mobile error
F/DUSS&41[ mb_local_channel_create:  98]:(14995): Bind socket fail! ret = -1, errno = 98
F/DUSS&41[    mb_active_route_item: 258]:(14995): Create route item pc's channel fail! result=-1001
E/DUSS&41[   duss_mb_create_client: 441]:(14995): activate route item pc error
F/DUSS&41[ mb_local_channel_create:  98]:(14995): Bind socket fail! ret = -1, errno = 98
F/DUSS&41[    mb_active_route_item: 258]:(14995): Create route item whoami's channel fail! result=-1001
E/DUSS&41[   duss_mb_create_client: 441]:(14995): activate route item whoami error
F/DUSS&41[ mb_local_channel_create:  98]:(14995): Bind socket fail! ret = -1, errno = 98
F/DUSS&41[    mb_active_route_item: 258]:(14995): Create route item test's channel fail! result=-1001
E/DUSS&41[   duss_mb_create_client: 441]:(14995): activate route item test error
F/DUSS&41[ mb_local_channel_create:  98]:(14995): Bind socket fail! ret = -1, errno = 98
F/DUSS&41[    mb_active_route_item: 258]:(14995): Create route item all's channel fail! result=-1001
E/DUSS&41[   duss_mb_create_client: 441]:(14995): activate route item all error
F/DUSS&41[ mb_local_channel_create:  98]:(14995): Bind socket fail! ret = -1, errno = 98
F/DUSS&41[    mb_active_route_item: 258]:(14995): Create route item glass's channel fail! result=-1001
E/DUSS&41[   duss_mb_create_client: 441]:(14995): activate route item glass error
F/DUSS&41[ mb_local_channel_create:  98]:(14995): Bind socket fail! ret = -1, errno = 98
F/DUSS&41[    mb_active_route_item: 258]:(14995): Create route item flight's channel fail! result=-1001
E/DUSS&41[   duss_mb_create_client: 441]:(14995): activate route item flight error
F/DUSS&41[ mb_local_channel_create:  98]:(14995): Bind socket fail! ret = -1, errno = 98
F/DUSS&41[    mb_active_route_item: 258]:(14995): Create route item ve_gnd's channel fail! result=-1001
E/DUSS&41[   duss_mb_create_client: 441]:(14995): activate route item ve_gnd error
F/DUSS&41[ mb_local_channel_create:  98]:(14995): Bind socket fail! ret = -1, errno = 98
F/DUSS&41[    mb_active_route_item: 258]:(14995): Create route item glass's channel fail! result=-1001
E/DUSS&41[   duss_mb_create_client: 441]:(14995): activate route item glass error
E/DUSS&41[      mb_find_target_ctx: 520]:(14995): can't find target 0x1113 on host 0xd01
E/DUSS&43[    duss_event_send_sync: 788]:(14995): can't find the target ctx for 0x1113, this_host=0xd01, msg_id=0x10002
F/DUSS&44[           sketch_atexit:  52]:(14995): Some one called exit(), please check!
E/DUSS&43[         duss_event_send: 693]:(  210): event_mb_send() error: -1001, event_id=0xfb, peer_host=0x200, host=0xe00
E/DUSS&57[send_rc_self_status_to_a: 255]:(  210): duss_event_send() error: -1001
W/DUSS&57[    hg_scanning_key_task:3653]:(  210): duss_osal_msgq_send failed -1001
D/DUSS	   (14995): #00  pc 00001b26  /system/lib/libduml_util.so (duss_log_dump_backtrace+21)
D/DUSS	   (14995): #01  pc 00045dd4  /system/lib/libduml_frwk.so
W/DUSS&01[         linux_tty_write: 439]:(  217): /dev/ttyGS0 timeout!
D/DUSS	   (14995): #02  pc 00028c62  /system/lib/libc.so (__cxa_finalize+153)
D/DUSS	   (14995): #03  pc 00028e5c  /system/lib/libc.so (exit+5)
D/DUSS	   (14995): #04  pc 00000dc6  /system/bin/dji_mb_ctrl
D/DUSS	   (14995): #05  pc 0000e428  /system/lib/libc.so (__libc_init+47)
W/DUSS&01[         linux_tty_write: 439]:(  217): /dev/ttyGS0 timeout!
W/DUSS&57[    hg_scanning_key_task:3653]:(  210): duss_osal_msgq_send failed -1001
W/DUSS&01[         linux_tty_write: 439]:(  217): /dev/ttyGS0 timeout!
W/DUSS&41[     mb_auto_detect_recv: 859]:(  210): Get datagram fail! -1008
W/DUSS&01[         linux_tty_write: 439]:(  217): /dev/ttyGS0 timeout!
W/DUSS&57[    hg_scanning_key_task:3653]:(  210): duss_osal_msgq_send failed -1001
W/DUSS&01[         linux_tty_write: 439]:(  217): /dev/ttyGS0 timeout!
W/DUSS&01[         linux_tty_write: 439]:(  217): /dev/ttyGS0 timeout!
E/DUSS&43[         duss_event_send: 693]:(  210): event_mb_send() error: -1001, event_id=0x6001e, peer_host=0x200, host=0xe00
E/DUSS&43[        event_task_entry: 296]:(  210): handle_one_event() error: -1001
W/DUSS&57[    hg_scanning_key_task:3653]:(  210): duss_osal_msgq_send failed -1001
W/DUSS&01[         linux_tty_write: 439]:(  217): /dev/ttyGS0 timeout!
W/DUSS&01[         linux_tty_write: 439]:(  217): /dev/ttyGS0 timeout!
W/DUSS&57[    hg_scanning_key_task:3653]:(  210): duss_osal_msgq_send failed -1001
E/DUSS&43[         duss_event_send: 693]:(  210): event_mb_send() error: -1001, event_id=0x60057, peer_host=0x200, host=0xe00
E/DUSS&57[ hdvt_forward_v1_for_sdr: 685]:(  210): hdvt_push command to APP -1001
E/DUSS&43[         duss_event_send: 693]:(  210): event_mb_send() error: -1001, event_id=0x90025, peer_host=0x200, host=0xe00
W/DUSS&01[         linux_tty_write: 439]:(  217): /dev/ttyGS0 timeout!
W/DUSS&01[         linux_tty_write: 439]:(  217): /dev/ttyGS0 timeout!
W/DUSS&41[     mb_auto_detect_recv: 859]:(  210): Get datagram fail! -1008
W/DUSS&57[    hg_scanning_key_task:3653]:(  210): duss_osal_msgq_send failed -1001
W/DUSS&01[         linux_tty_write: 439]:(  217): /dev/ttyGS0 timeout!
W/DUSS&01[         linux_tty_write: 439]:(  217): /dev/ttyGS0 timeout!
E/DUSS&43[         duss_event_send: 693]:(  210): event_mb_send() error: -1001, event_id=0x60005, peer_host=0x200, host=0xe00
E/DUSS&57[ hg_push_key_to_app_task:4941]:(  210): duss_event_send() error: -1001
W/DUSS&57[    hg_scanning_key_task:3653]:(  210): duss_osal_msgq_send failed -1001
W/DUSS&01[         linux_tty_write: 439]:(  217): /dev/ttyGS0 timeout!
W/DUSS&01[         linux_tty_write: 439]:(  217): /dev/ttyGS0 timeout!
F/DUSS&42[       tm_monitor_thread:  89]:(  206): Process need be restarted: 1132!
W/DUSS&57[    hg_scanning_key_task:3653]:(  210): duss_osal_msgq_send failed -1001
W/DUSS&01[         linux_tty_write: 439]:(  217): /dev/ttyGS0 timeout!
W/DUSS&01[         linux_tty_write: 439]:(  217): /dev/ttyGS0 timeout!
E/DUSS&43[         duss_event_send: 693]:(  210): event_mb_send() error: -1001, event_id=0xfb, peer_host=0x200, host=0xe00
E/DUSS&57[send_rc_self_status_to_a: 255]:(  210): duss_event_send() error: -1001
W/DUSS&57[    hg_scanning_key_task:3653]:(  210): duss_osal_msgq_send failed -1001
W/DUSS&01[         linux_tty_write: 439]:(  217): /dev/ttyGS0 timeout!
W/DUSS&41[     mb_auto_detect_recv: 859]:(  210): Get datagram fail! -1008
W/DUSS&01[         linux_tty_write: 439]:(  217): /dev/ttyGS0 timeout!
W/DUSS&57[    hg_scanning_key_task:3653]:(  210): duss_osal_msgq_send failed -1001
W/DUSS&01[         linux_tty_write: 439]:(  217): /dev/ttyGS0 timeout!
W/DUSS&01[         linux_tty_write: 439]:(  217): /dev/ttyGS0 timeout!
W/DUSS&57[    hg_scanning_key_task:3653]:(  210): duss_osal_msgq_send failed -1001
E/DUSS&43[         duss_event_send: 693]:(  210): event_mb_send() error: -1001, event_id=0x90036, peer_host=0x200, host=0xe00
E/DUSS&57[ hdvt_forward_v1_for_sdr: 685]:(  210): hdvt_push command to APP -1001
E/DUSS&43[         duss_event_send: 693]:(  210): event_mb_send() error: -1001, event_id=0x6001e, peer_host=0x200, host=0xe00
E/DUSS&43[        event_task_entry: 296]:(  210): handle_one_event() error: -1001
W/DUSS&01[         linux_tty_write: 439]:(  217): /dev/ttyGS0 timeout!
W/DUSS&01[         linux_tty_write: 439]:(  217): /dev/ttyGS0 timeout!
W/DUSS&57[    hg_scanning_key_task:3653]:(  210): duss_osal_msgq_send failed -1001
W/DUSS&01[         linux_tty_write: 439]:(  217): /dev/ttyGS0 timeout!
W/DUSS&01[         linux_tty_write: 439]:(  217): /dev/ttyGS0 timeout!
W/DUSS&41[     mb_auto_detect_recv: 859]:(  210): Get datagram fail! -1008
W/DUSS&57[    hg_scanning_key_task:3653]:(  210): duss_osal_msgq_send failed -1001
W/DUSS&01[         linux_tty_write: 439]:(  217): /dev/ttyGS0 timeout!
W/DUSS&01[         linux_tty_write: 439]:(  217): /dev/ttyGS0 timeout!
F/DUSS&41[ mb_local_channel_create:  98]:(15019): Bind socket fail! ret = -1, errno = 98
F/DUSS&41[    mb_active_route_item: 258]:(15019): Create route item ve_gnd's channel fail! result=-1001
E/DUSS&41[   duss_mb_create_client: 441]:(15019): activate route item ve_gnd error
F/DUSS&41[ mb_local_channel_create:  98]:(15019): Bind socket fail! ret = -1, errno = 98
F/DUSS&41[    mb_active_route_item: 258]:(15019): Create route item vt_gnd's channel fail! result=-1001
E/DUSS&41[   duss_mb_create_client: 441]:(15019): activate route item vt_gnd error
F/DUSS&41[ mb_local_channel_create:  98]:(15019): Bind socket fail! ret = -1, errno = 98
F/DUSS&41[    mb_active_route_item: 258]:(15019): Create route item ve_air's channel fail! result=-1001
E/DUSS&41[   duss_mb_create_client: 441]:(15019): activate route item ve_air error
F/DUSS&41[ mb_local_channel_create:  98]:(15019): Bind socket fail! ret = -1, errno = 98
F/DUSS&41[    mb_active_route_item: 258]:(15019): Create route item vt_gnd's channel fail! result=-1001
E/DUSS&41[   duss_mb_create_client: 441]:(15019): activate route item vt_gnd error
F/DUSS&41[ mb_local_channel_create:  98]:(15019): Bind socket fail! ret = -1, errno = 98
F/DUSS&41[    mb_active_route_item: 258]:(15019): Create route item rc's channel fail! result=-1001
E/DUSS&41[   duss_mb_create_client: 441]:(15019): activate route item rc error
F/DUSS&41[ mb_local_channel_create:  98]:(15019): Bind socket fail! ret = -1, errno = 98
F/DUSS&41[    mb_active_route_item: 258]:(15019): Create route item vt_air's channel fail! result=-1001
E/DUSS&41[   duss_mb_create_client: 441]:(15019): activate route item vt_air error
F/DUSS&41[ mb_local_channel_create:  98]:(15019): Bind socket fail! ret = -1, errno = 98
F/DUSS&41[    mb_active_route_item: 258]:(15019): Create route item mobile's channel fail! result=-1001
E/DUSS&41[   duss_mb_create_client: 441]:(15019): activate route item mobile error
F/DUSS&41[ mb_local_channel_create:  98]:(15019): Bind socket fail! ret = -1, errno = 98
F/DUSS&41[    mb_active_route_item: 258]:(15019): Create route item pc's channel fail! result=-1001
E/DUSS&41[   duss_mb_create_client: 441]:(15019): activate route item pc error
F/DUSS&41[ mb_local_channel_create:  98]:(15019): Bind socket fail! ret = -1, errno = 98
E/DUSS&43[         duss_event_send: 693]:(  210): event_mb_send() error: -1001, event_id=0x60005, peer_host=0x200, host=0xe00
F/DUSS&41[    mb_active_route_item: 258]:(15019): Create route item whoami's channel fail! result=-1001
E/DUSS&57[ hg_push_key_to_app_task:4941]:(  210): duss_event_send() error: -1001
E/DUSS&41[   duss_mb_create_client: 441]:(15019): activate route item whoami error
F/DUSS&41[ mb_local_channel_create:  98]:(15019): Bind socket fail! ret = -1, errno = 98
F/DUSS&41[    mb_active_route_item: 258]:(15019): Create route item test's channel fail! result=-1001
E/DUSS&41[   duss_mb_create_client: 441]:(15019): activate route item test error
F/DUSS&41[ mb_local_channel_create:  98]:(15019): Bind socket fail! ret = -1, errno = 98
F/DUSS&41[    mb_active_route_item: 258]:(15019): Create route item all's channel fail! result=-1001
E/DUSS&41[   duss_mb_create_client: 441]:(15019): activate route item all error
F/DUSS&41[ mb_local_channel_create:  98]:(15019): Bind socket fail! ret = -1, errno = 98
F/DUSS&41[    mb_active_route_item: 258]:(15019): Create route item glass's channel fail! result=-1001
W/DUSS&57[    hg_scanning_key_task:3653]:(  210): duss_osal_msgq_send failed -1001
E/DUSS&41[   duss_mb_create_client: 441]:(15019): activate route item glass error
F/DUSS&41[ mb_local_channel_create:  98]:(15019): Bind socket fail! ret = -1, errno = 98
F/DUSS&41[    mb_active_route_item: 258]:(15019): Create route item flight's channel fail! result=-1001
E/DUSS&41[   duss_mb_create_client: 441]:(15019): activate route item flight error
F/DUSS&42[       tm_monitor_thread:  89]:(  206): Process need be restarted: 1132!
F/DUSS&41[ mb_local_channel_create:  98]:(15019): Bind socket fail! ret = -1, errno = 98
F/DUSS&41[    mb_active_route_item: 258]:(15019): Create route item ve_gnd's channel fail! result=-1001
E/DUSS&41[   duss_mb_create_client: 441]:(15019): activate route item ve_gnd error
F/DUSS&41[ mb_local_channel_create:  98]:(15019): Bind socket fail! ret = -1, errno = 98
F/DUSS&41[    mb_active_route_item: 258]:(15019): Create route item glass's channel fail! result=-1001
E/DUSS&41[   duss_mb_create_client: 441]:(15019): activate route item glass error
W/DUSS&01[         linux_tty_write: 439]:(  217): /dev/ttyGS0 timeout!
E/DUSS&41[      mb_find_target_ctx: 520]:(15019): can't find target 0x1213 on host 0xd01
E/DUSS&43[    duss_event_send_sync: 788]:(15019): can't find the target ctx for 0x1213, this_host=0xd01, msg_id=0x10002
F/DUSS&44[           sketch_atexit:  52]:(15019): Some one called exit(), please check!
W/DUSS&01[         linux_tty_write: 439]:(  217): /dev/ttyGS0 timeout!
D/DUSS	   (15019): #00  pc 00001b26  /system/lib/libduml_util.so (duss_log_dump_backtrace+21)
D/DUSS	   (15019): #01  pc 00045dd4  /system/lib/libduml_frwk.so
D/DUSS	   (15019): #02  pc 00028c62  /system/lib/libc.so (__cxa_finalize+153)
D/DUSS	   (15019): #03  pc 00028e5c  /system/lib/libc.so (exit+5)
D/DUSS	   (15019): #04  pc 00000dc6  /system/bin/dji_mb_ctrl
D/DUSS	   (15019): #05  pc 0000e428  /system/lib/libc.so (__libc_init+47)
W/DUSS&57[    hg_scanning_key_task:3653]:(  210): duss_osal_msgq_send failed -1001
E/DUSS&43[         duss_event_send: 693]:(  210): event_mb_send() error: -1001, event_id=0xfb, peer_host=0x200, host=0xe00
E/DUSS&57[send_rc_self_status_to_a: 255]:(  210): duss_event_send() error: -1001
W/DUSS&01[         linux_tty_write: 439]:(  217): /dev/ttyGS0 timeout!
W/DUSS&01[         linux_tty_write: 439]:(  217): /dev/ttyGS0 timeout!
W/DUSS&57[    hg_scanning_key_task:3653]:(  210): duss_osal_msgq_send failed -1001
W/DUSS&01[         linux_tty_write: 439]:(  217): /dev/ttyGS0 timeout!
W/DUSS&01[         linux_tty_write: 439]:(  217): /dev/ttyGS0 timeout!
W/DUSS&41[     mb_auto_detect_recv: 859]:(  210): Get datagram fail! -1008
W/DUSS&57[    hg_scanning_key_task:3653]:(  210): duss_osal_msgq_send failed -1001
W/DUSS&01[         linux_tty_write: 439]:(  217): /dev/ttyGS0 timeout!
W/DUSS&01[         linux_tty_write: 439]:(  217): /dev/ttyGS0 timeout!
F/DUSS&5a[ sys_process_motor_logic:  27]:(  217): sys_info->conn_pc = 1 app_type = 1
E/DUSS&43[         duss_event_send: 693]:(  210): event_mb_send() error: -1001, event_id=0x6001e, peer_host=0x200, host=0xe00
E/DUSS&43[        event_task_entry: 296]:(  210): handle_one_event() error: -1001
W/DUSS&57[    hg_scanning_key_task:3653]:(  210): duss_osal_msgq_send failed -1001
W/DUSS&01[         linux_tty_write: 439]:(  217): /dev/ttyGS0 timeout!
W/DUSS&01[         linux_tty_write: 439]:(  217): /dev/ttyGS0 timeout!
W/DUSS&57[    hg_scanning_key_task:3653]:(  210): duss_osal_msgq_send failed -1001
W/DUSS&01[         linux_tty_write: 439]:(  217): /dev/ttyGS0 timeout!
W/DUSS&01[         linux_tty_write: 439]:(  217): /dev/ttyGS0 timeout!
W/DUSS&41[     mb_auto_detect_recv: 859]:(  210): Get datagram fail! -1008
W/DUSS&57[    hg_scanning_key_task:3653]:(  210): duss_osal_msgq_send failed -1001
W/DUSS&01[         linux_tty_write: 439]:(  217): /dev/ttyGS0 timeout!
W/DUSS&01[         linux_tty_write: 439]:(  217): /dev/ttyGS0 timeout!
E/DUSS&43[         duss_event_send: 693]:(  210): event_mb_send() error: -1001, event_id=0x60005, peer_host=0x200, host=0xe00
E/DUSS&57[ hg_push_key_to_app_task:4941]:(  210): duss_event_send() error: -1001
W/DUSS&57[    hg_scanning_key_task:3653]:(  210): duss_osal_msgq_send failed -1001
W/DUSS&01[         linux_tty_write: 439]:(  217): /dev/ttyGS0 timeout!
W/DUSS&01[         linux_tty_write: 439]:(  217): /dev/ttyGS0 timeout!
W/DUSS&57[    hg_scanning_key_task:3653]:(  210): duss_osal_msgq_send failed -1001
W/DUSS&01[         linux_tty_write: 439]:(  217): /dev/ttyGS0 timeout!
E/DUSS&43[         duss_event_send: 693]:(  210): event_mb_send() error: -1001, event_id=0xfb, peer_host=0x200, host=0xe00
E/DUSS&57[send_rc_self_status_to_a: 255]:(  210): duss_event_send() error: -1001
W/DUSS&01[         linux_tty_write: 439]:(  217): /dev/ttyGS0 timeout!
F/DUSS&42[       tm_monitor_thread:  89]:(  206): Process need be restarted: 1132!
E/DUSS&43[         duss_event_send: 693]:(  210): event_mb_send() error: -1001, event_id=0x90008, peer_host=0x200, host=0xe00
W/DUSS&57[    hg_scanning_key_task:3653]:(  210): duss_osal_msgq_send failed -1001
W/DUSS&01[         linux_tty_write: 439]:(  217): /dev/ttyGS0 timeout!
W/DUSS&01[         linux_tty_write: 439]:(  217): /dev/ttyGS0 timeout!
W/DUSS&41[     mb_auto_detect_recv: 859]:(  210): Get datagram fail! -1008
W/DUSS&57[    hg_scanning_key_task:3653]:(  210): duss_osal_msgq_send failed -1001
W/DUSS&01[         linux_tty_write: 439]:(  217): /dev/ttyGS0 timeout!
W/DUSS&01[         linux_tty_write: 439]:(  217): /dev/ttyGS0 timeout!
W/DUSS&57[    hg_scanning_key_task:3653]:(  210): duss_osal_msgq_send failed -1001
E/DUSS&43[         duss_event_send: 693]:(  210): event_mb_send() error: -1001, event_id=0x6001e, peer_host=0x200, host=0xe00
E/DUSS&43[        event_task_entry: 296]:(  210): handle_one_event() error: -1001
W/DUSS&01[         linux_tty_write: 439]:(  217): /dev/ttyGS0 timeout!
W/DUSS&01[         linux_tty_write: 439]:(  217): /dev/ttyGS0 timeout!
E/DUSS&41[      mb_find_target_ctx: 520]:(  210): can't find target 0xffff on host 0xe00
E/DUSS&41[            duss_mb_send: 624]:(  210): Can't find the target based on the route table!
E/DUSS&43[duss_event_send_with_ret: 740]:(  210): event_mb_send() error: -1007, event_id=0x9002c, peer_host=0xffff, host=0xe00, retry_count=0, count=5
W/DUSS&57[    hg_scanning_key_task:3653]:(  210): duss_osal_msgq_send failed -1001
W/DUSS&01[         linux_tty_write: 439]:(  217): /dev/ttyGS0 timeout!
W/DUSS&01[         linux_tty_write: 439]:(  217): /dev/ttyGS0 timeout!
E/DUSS&41[      mb_find_target_ctx: 520]:(  210): can't find target 0xffff on host 0xe00
E/DUSS&41[            duss_mb_send: 624]:(  210): Can't find the target based on the route table!
E/DUSS&43[duss_event_send_with_ret: 740]:(  210): event_mb_send() error: -1007, event_id=0x9002c, peer_host=0xffff, host=0xe00, retry_count=1, count=5
F/DUSS&41[ mb_local_channel_create:  98]:(15043): Bind socket fail! ret = -1, errno = 98
F/DUSS&41[    mb_active_route_item: 258]:(15043): Create route item ve_gnd's channel fail! result=-1001
E/DUSS&41[   duss_mb_create_client: 441]:(15043): activate route item ve_gnd error
F/DUSS&41[ mb_local_channel_create:  98]:(15043): Bind socket fail! ret = -1, errno = 98
F/DUSS&41[    mb_active_route_item: 258]:(15043): Create route item vt_gnd's channel fail! result=-1001
E/DUSS&41[   duss_mb_create_client: 441]:(15043): activate route item vt_gnd error
F/DUSS&41[ mb_local_channel_create:  98]:(15043): Bind socket fail! ret = -1, errno = 98
F/DUSS&41[    mb_active_route_item: 258]:(15043): Create route item ve_air's channel fail! result=-1001
E/DUSS&41[   duss_mb_create_client: 441]:(15043): activate route item ve_air error
W/DUSS&57[    hg_scanning_key_task:3653]:(  210): duss_osal_msgq_send failed -1001
F/DUSS&41[ mb_local_channel_create:  98]:(15043): Bind socket fail! ret = -1, errno = 98
F/DUSS&41[    mb_active_route_item: 258]:(15043): Create route item vt_gnd's channel fail! result=-1001
E/DUSS&41[   duss_mb_create_client: 441]:(15043): activate route item vt_gnd error
W/DUSS&41[     mb_auto_detect_recv: 859]:(  210): Get datagram fail! -1008
F/DUSS&41[ mb_local_channel_create:  98]:(15043): Bind socket fail! ret = -1, errno = 98
F/DUSS&41[    mb_active_route_item: 258]:(15043): Create route item rc's channel fail! result=-1001
E/DUSS&41[   duss_mb_create_client: 441]:(15043): activate route item rc error
F/DUSS&41[ mb_local_channel_create:  98]:(15043): Bind socket fail! ret = -1, errno = 98
F/DUSS&41[    mb_active_route_item: 258]:(15043): Create route item vt_air's channel fail! result=-1001
E/DUSS&41[   duss_mb_create_client: 441]:(15043): activate route item vt_air error
F/DUSS&41[ mb_local_channel_create:  98]:(15043): Bind socket fail! ret = -1, errno = 98
W/DUSS&01[         linux_tty_write: 439]:(  217): /dev/ttyGS0 timeout!
E/DUSS&41[      mb_find_target_ctx: 520]:(  210): can't find target 0xffff on host 0xe00
E/DUSS&41[            duss_mb_send: 624]:(  210): Can't find the target based on the route table!
E/DUSS&43[duss_event_send_with_ret: 740]:(  210): event_mb_send() error: -1007, event_id=0x9002c, peer_host=0xffff, host=0xe00, retry_count=2, count=5
F/DUSS&41[    mb_active_route_item: 258]:(15043): Create route item mobile's channel fail! result=-1001
E/DUSS&41[   duss_mb_create_client: 441]:(15043): activate route item mobile error
F/DUSS&41[ mb_local_channel_create:  98]:(15043): Bind socket fail! ret = -1, errno = 98
F/DUSS&41[    mb_active_route_item: 258]:(15043): Create route item pc's channel fail! result=-1001
E/DUSS&41[   duss_mb_create_client: 441]:(15043): activate route item pc error
F/DUSS&41[ mb_local_channel_create:  98]:(15043): Bind socket fail! ret = -1, errno = 98
F/DUSS&41[    mb_active_route_item: 258]:(15043): Create route item whoami's channel fail! result=-1001
E/DUSS&41[   duss_mb_create_client: 441]:(15043): activate route item whoami error
W/DUSS&01[         linux_tty_write: 439]:(  217): /dev/ttyGS0 timeout!
F/DUSS&41[ mb_local_channel_create:  98]:(15043): Bind socket fail! ret = -1, errno = 98
F/DUSS&41[    mb_active_route_item: 258]:(15043): Create route item test's channel fail! result=-1001
E/DUSS&41[   duss_mb_create_client: 441]:(15043): activate route item test error
F/DUSS&41[ mb_local_channel_create:  98]:(15043): Bind socket fail! ret = -1, errno = 98
F/DUSS&41[    mb_active_route_item: 258]:(15043): Create route item all's channel fail! result=-1001
E/DUSS&41[   duss_mb_create_client: 441]:(15043): activate route item all error
F/DUSS&41[ mb_local_channel_create:  98]:(15043): Bind socket fail! ret = -1, errno = 98
F/DUSS&41[    mb_active_route_item: 258]:(15043): Create route item glass's channel fail! result=-1001
E/DUSS&41[   duss_mb_create_client: 441]:(15043): activate route item glass error
F/DUSS&41[ mb_local_channel_create:  98]:(15043): Bind socket fail! ret = -1, errno = 98
F/DUSS&41[    mb_active_route_item: 258]:(15043): Create route item flight's channel fail! result=-1001
E/DUSS&41[   duss_mb_create_client: 441]:(15043): activate route item flight error
F/DUSS&41[ mb_local_channel_create:  98]:(15043): Bind socket fail! ret = -1, errno = 98
F/DUSS&41[    mb_active_route_item: 258]:(15043): Create route item ve_gnd's channel fail! result=-1001
E/DUSS&41[   duss_mb_create_client: 441]:(15043): activate route item ve_gnd error
F/DUSS&41[ mb_local_channel_create:  98]:(15043): Bind socket fail! ret = -1, errno = 98
F/DUSS&41[    mb_active_route_item: 258]:(15043): Create route item glass's channel fail! result=-1001
E/DUSS&41[   duss_mb_create_client: 441]:(15043): activate route item glass error
E/DUSS&41[      mb_find_target_ctx: 520]:(15043): can't find target 0x1313 on host 0xd01
E/DUSS&43[    duss_event_send_sync: 788]:(15043): can't find the target ctx for 0x1313, this_host=0xd01, msg_id=0x10002
F/DUSS&44[           sketch_atexit:  52]:(15043): Some one called exit(), please check!
D/DUSS	   (15043): #00  pc 00001b26  /system/lib/libduml_util.so (duss_log_dump_backtrace+21)
D/DUSS	   (15043): #01  pc 00045dd4  /system/lib/libduml_frwk.so
D/DUSS	   (15043): #02  pc 00028c62  /system/lib/libc.so (__cxa_finalize+153)
D/DUSS	   (15043): #03  pc 00028e5c  /system/lib/libc.so (exit+5)
E/DUSS&41[      mb_find_target_ctx: 520]:(  210): can't find target 0xffff on host 0xe00
E/DUSS&41[            duss_mb_send: 624]:(  210): Can't find the target based on the route table!
E/DUSS&43[duss_event_send_with_ret: 740]:(  210): event_mb_send() error: -1007, event_id=0x9002c, peer_host=0xffff, host=0xe00, retry_count=3, count=5
D/DUSS	   (15043): #04  pc 00000dc6  /system/bin/dji_mb_ctrl
D/DUSS	   (15043): #05  pc 0000e428  /system/lib/libc.so (__libc_init+47)
W/DUSS&57[    hg_scanning_key_task:3653]:(  210): duss_osal_msgq_send failed -1001
E/DUSS&43[         duss_event_send: 693]:(  210): event_mb_send() error: -1001, event_id=0x60005, peer_host=0x200, host=0xe00
E/DUSS&57[ hg_push_key_to_app_task:4941]:(  210): duss_event_send() error: -1001
W/DUSS&01[         linux_tty_write: 439]:(  217): /dev/ttyGS0 timeout!
W/DUSS&01[         linux_tty_write: 439]:(  217): /dev/ttyGS0 timeout!
E/DUSS&41[      mb_find_target_ctx: 520]:(  210): can't find target 0xffff on host 0xe00
E/DUSS&41[            duss_mb_send: 624]:(  210): Can't find the target based on the route table!
E/DUSS&43[duss_event_send_with_ret: 740]:(  210): event_mb_send() error: -1007, event_id=0x9002c, peer_host=0xffff, host=0xe00, retry_count=4, count=5
W/DUSS&57[    hg_scanning_key_task:3653]:(  210): duss_osal_msgq_send failed -1001
W/DUSS&01[         linux_tty_write: 439]:(  217): /dev/ttyGS0 timeout!
W/DUSS&01[         linux_tty_write: 439]:(  217): /dev/ttyGS0 timeout!
E/DUSS&41[      mb_find_target_ctx: 520]:(  210): can't find target 0xffff on host 0xe00
E/DUSS&41[            duss_mb_send: 624]:(  210): Can't find the target based on the route table!
E/DUSS&43[duss_event_send_with_ret: 740]:(  210): event_mb_send() error: -1007, event_id=0x9002c, peer_host=0xffff, host=0xe00, retry_count=5, count=5
E/DUSS&57[hdvt_amt_send_event_for_: 142]:(  210): send event 0x9002c failed, ret=-1007
W/DUSS&57[    hg_scanning_key_task:3653]:(  210): duss_osal_msgq_send failed -1001
W/DUSS&01[         linux_tty_write: 439]:(  217): /dev/ttyGS0 timeout!
E/DUSS&43[         duss_event_send: 693]:(  210): event_mb_send() error: -1001, event_id=0xfb, peer_host=0x200, host=0xe00
E/DUSS&57[send_rc_self_status_to_a: 255]:(  210): duss_event_send() error: -1001
W/DUSS&01[         linux_tty_write: 439]:(  217): /dev/ttyGS0 timeout!
W/DUSS&41[     mb_auto_detect_recv: 859]:(  210): Get datagram fail! -1008
W/DUSS&57[    hg_scanning_key_task:3653]:(  210): duss_osal_msgq_send failed -1001
W/DUSS&01[         linux_tty_write: 439]:(  217): /dev/ttyGS0 timeout!
W/DUSS&01[         linux_tty_write: 439]:(  217): /dev/ttyGS0 timeout!
W/DUSS&57[    hg_scanning_key_task:3653]:(  210): duss_osal_msgq_send failed -1001
F/DUSS&42[       tm_monitor_thread:  89]:(  206): Process need be restarted: 1132!
W/DUSS&01[         linux_tty_write: 439]:(  217): /dev/ttyGS0 timeout!
E/DUSS&43[         duss_event_send: 693]:(  210): event_mb_send() error: -1001, event_id=0x6001e, peer_host=0x200, host=0xe00
E/DUSS&43[        event_task_entry: 296]:(  210): handle_one_event() error: -1001
W/DUSS&01[         linux_tty_write: 439]:(  217): /dev/ttyGS0 timeout!
W/DUSS&57[    hg_scanning_key_task:3653]:(  210): duss_osal_msgq_send failed -1001
W/DUSS&01[         linux_tty_write: 439]:(  217): /dev/ttyGS0 timeout!
W/DUSS&01[         linux_tty_write: 439]:(  217): /dev/ttyGS0 timeout!
W/DUSS&57[    hg_scanning_key_task:3653]:(  210): duss_osal_msgq_send failed -1001
W/DUSS&01[         linux_tty_write: 439]:(  217): /dev/ttyGS0 timeout!
W/DUSS&41[     mb_auto_detect_recv: 859]:(  210): Get datagram fail! -1008
W/DUSS&01[         linux_tty_write: 439]:(  217): /dev/ttyGS0 timeout!
W/DUSS&57[    hg_scanning_key_task:3653]:(  210): duss_osal_msgq_send failed -1001
E/DUSS&43[         duss_event_send: 693]:(  210): event_mb_send() error: -1001, event_id=0x60005, peer_host=0x200, host=0xe00
E/DUSS&57[ hg_push_key_to_app_task:4941]:(  210): duss_event_send() error: -1001
W/DUSS&01[         linux_tty_write: 439]:(  217): /dev/ttyGS0 timeout!
W/DUSS&01[         linux_tty_write: 439]:(  217): /dev/ttyGS0 timeout!
W/DUSS&57[    hg_scanning_key_task:3653]:(  210): duss_osal_msgq_send failed -1001
W/DUSS&01[         linux_tty_write: 439]:(  217): /dev/ttyGS0 timeout!
W/DUSS&01[         linux_tty_write: 439]:(  217): /dev/ttyGS0 timeout!
E/DUSS&43[         duss_event_send: 693]:(  210): event_mb_send() error: -1001, event_id=0xfb, peer_host=0x200, host=0xe00
E/DUSS&57[send_rc_self_status_to_a: 255]:(  210): duss_event_send() error: -1001
W/DUSS&57[    hg_scanning_key_task:3653]:(  210): duss_osal_msgq_send failed -1001
W/DUSS&01[         linux_tty_write: 439]:(  217): /dev/ttyGS0 timeout!
W/DUSS&01[         linux_tty_write: 439]:(  217): /dev/ttyGS0 timeout!
W/DUSS&41[     mb_auto_detect_recv: 859]:(  210): Get datagram fail! -1008
W/DUSS&57[    hg_scanning_key_task:3653]:(  210): duss_osal_msgq_send failed -1001
W/DUSS&01[         linux_tty_write: 439]:(  217): /dev/ttyGS0 timeout!
W/DUSS&01[         linux_tty_write: 439]:(  217): /dev/ttyGS0 timeout!
F/DUSS&42[       tm_monitor_thread:  89]:(  206): Process need be restarted: 1132!
W/DUSS&57[    hg_scanning_key_task:3653]:(  210): duss_osal_msgq_send failed -1001
W/DUSS&01[         linux_tty_write: 439]:(  217): /dev/ttyGS0 timeout!
E/DUSS&43[         duss_event_send: 693]:(  210): event_mb_send() error: -1001, event_id=0x6001e, peer_host=0x200, host=0xe00
E/DUSS&43[        event_task_entry: 296]:(  210): handle_one_event() error: -1001
W/DUSS&01[         linux_tty_write: 439]:(  217): /dev/ttyGS0 timeout!
F/DUSS&41[ mb_local_channel_create:  98]:(15065): Bind socket fail! ret = -1, errno = 98
F/DUSS&41[    mb_active_route_item: 258]:(15065): Create route item ve_gnd's channel fail! result=-1001
E/DUSS&41[   duss_mb_create_client: 441]:(15065): activate route item ve_gnd error
F/DUSS&41[ mb_local_channel_create:  98]:(15065): Bind socket fail! ret = -1, errno = 98
F/DUSS&41[    mb_active_route_item: 258]:(15065): Create route item vt_gnd's channel fail! result=-1001
E/DUSS&41[   duss_mb_create_client: 441]:(15065): activate route item vt_gnd error
F/DUSS&41[ mb_local_channel_create:  98]:(15065): Bind socket fail! ret = -1, errno = 98
F/DUSS&41[    mb_active_route_item: 258]:(15065): Create route item ve_air's channel fail! result=-1001
E/DUSS&41[   duss_mb_create_client: 441]:(15065): activate route item ve_air error
F/DUSS&41[ mb_local_channel_create:  98]:(15065): Bind socket fail! ret = -1, errno = 98
F/DUSS&41[    mb_active_route_item: 258]:(15065): Create route item vt_gnd's channel fail! result=-1001
E/DUSS&41[   duss_mb_create_client: 441]:(15065): activate route item vt_gnd error
F/DUSS&41[ mb_local_channel_create:  98]:(15065): Bind socket fail! ret = -1, errno = 98
F/DUSS&41[    mb_active_route_item: 258]:(15065): Create route item rc's channel fail! result=-1001
E/DUSS&41[   duss_mb_create_client: 441]:(15065): activate route item rc error
F/DUSS&41[ mb_local_channel_create:  98]:(15065): Bind socket fail! ret = -1, errno = 98
F/DUSS&41[    mb_active_route_item: 258]:(15065): Create route item vt_air's channel fail! result=-1001
E/DUSS&41[   duss_mb_create_client: 441]:(15065): activate route item vt_air error
F/DUSS&41[ mb_local_channel_create:  98]:(15065): Bind socket fail! ret = -1, errno = 98
F/DUSS&41[    mb_active_route_item: 258]:(15065): Create route item mobile's channel fail! result=-1001
E/DUSS&41[   duss_mb_create_client: 441]:(15065): activate route item mobile error
W/DUSS&57[    hg_scanning_key_task:3653]:(  210): duss_osal_msgq_send failed -1001
F/DUSS&41[ mb_local_channel_create:  98]:(15065): Bind socket fail! ret = -1, errno = 98
F/DUSS&41[    mb_active_route_item: 258]:(15065): Create route item pc's channel fail! result=-1001
E/DUSS&41[   duss_mb_create_client: 441]:(15065): activate route item pc error
F/DUSS&41[ mb_local_channel_create:  98]:(15065): Bind socket fail! ret = -1, errno = 98
F/DUSS&41[    mb_active_route_item: 258]:(15065): Create route item whoami's channel fail! result=-1001
E/DUSS&41[   duss_mb_create_client: 441]:(15065): activate route item whoami error
F/DUSS&41[ mb_local_channel_create:  98]:(15065): Bind socket fail! ret = -1, errno = 98
F/DUSS&41[    mb_active_route_item: 258]:(15065): Create route item test's channel fail! result=-1001
E/DUSS&41[   duss_mb_create_client: 441]:(15065): activate route item test error
F/DUSS&41[ mb_local_channel_create:  98]:(15065): Bind socket fail! ret = -1, errno = 98
F/DUSS&41[    mb_active_route_item: 258]:(15065): Create route item all's channel fail! result=-1001
E/DUSS&41[   duss_mb_create_client: 441]:(15065): activate route item all error
F/DUSS&41[ mb_local_channel_create:  98]:(15065): Bind socket fail! ret = -1, errno = 98
F/DUSS&41[    mb_active_route_item: 258]:(15065): Create route item glass's channel fail! result=-1001
E/DUSS&41[   duss_mb_create_client: 441]:(15065): activate route item glass error
F/DUSS&41[ mb_local_channel_create:  98]:(15065): Bind socket fail! ret = -1, errno = 98
F/DUSS&41[    mb_active_route_item: 258]:(15065): Create route item flight's channel fail! result=-1001
E/DUSS&41[   duss_mb_create_client: 441]:(15065): activate route item flight error
F/DUSS&41[ mb_local_channel_create:  98]:(15065): Bind socket fail! ret = -1, errno = 98
F/DUSS&41[    mb_active_route_item: 258]:(15065): Create route item ve_gnd's channel fail! result=-1001
E/DUSS&41[   duss_mb_create_client: 441]:(15065): activate route item ve_gnd error
F/DUSS&41[ mb_local_channel_create:  98]:(15065): Bind socket fail! ret = -1, errno = 98
F/DUSS&41[    mb_active_route_item: 258]:(15065): Create route item glass's channel fail! result=-1001
E/DUSS&41[   duss_mb_create_client: 441]:(15065): activate route item glass error
E/DUSS&41[      mb_find_target_ctx: 520]:(15065): can't find target 0x1413 on host 0xd01
W/DUSS&01[         linux_tty_write: 439]:(  217): /dev/ttyGS0 timeout!
E/DUSS&43[    duss_event_send_sync: 788]:(15065): can't find the target ctx for 0x1413, this_host=0xd01, msg_id=0x10002
F/DUSS&44[           sketch_atexit:  52]:(15065): Some one called exit(), please check!
W/DUSS&01[         linux_tty_write: 439]:(  217): /dev/ttyGS0 timeout!
D/DUSS	   (15065): #00  pc 00001b26  /system/lib/libduml_util.so (duss_log_dump_backtrace+21)
D/DUSS	   (15065): #01  pc 00045dd4  /system/lib/libduml_frwk.so
D/DUSS	   (15065): #02  pc 00028c62  /system/lib/libc.so (__cxa_finalize+153)
D/DUSS	   (15065): #03  pc 00028e5c  /system/lib/libc.so (exit+5)
D/DUSS	   (15065): #04  pc 00000dc6  /system/bin/dji_mb_ctrl
D/DUSS	   (15065): #05  pc 0000e428  /system/lib/libc.so (__libc_init+47)
W/DUSS&57[    hg_scanning_key_task:3653]:(  210): duss_osal_msgq_send failed -1001
W/DUSS&01[         linux_tty_write: 439]:(  217): /dev/ttyGS0 timeout!
W/DUSS&41[     mb_auto_detect_recv: 859]:(  210): Get datagram fail! -1008
W/DUSS&01[         linux_tty_write: 439]:(  217): /dev/ttyGS0 timeout!
E/DUSS&43[         duss_event_send: 693]:(  210): event_mb_send() error: -1001, event_id=0x90037, peer_host=0x200, host=0xe00
E/DUSS&57[hdvt_self_test_timer_han:3703]:(  210): hdvt self_test timer send failed
W/DUSS&57[    hg_scanning_key_task:3653]:(  210): duss_osal_msgq_send failed -1001
W/DUSS&01[         linux_tty_write: 439]:(  217): /dev/ttyGS0 timeout!
E/DUSS&43[         duss_event_send: 693]:(  210): event_mb_send() error: -1001, event_id=0x60005, peer_host=0x200, host=0xe00
E/DUSS&57[ hg_push_key_to_app_task:4941]:(  210): duss_event_send() error: -1001
W/DUSS&01[         linux_tty_write: 439]:(  217): /dev/ttyGS0 timeout!
W/DUSS&57[    hg_scanning_key_task:3653]:(  210): duss_osal_msgq_send failed -1001
W/DUSS&01[         linux_tty_write: 439]:(  217): /dev/ttyGS0 timeout!
W/DUSS&01[         linux_tty_write: 439]:(  217): /dev/ttyGS0 timeout!
E/DUSS&43[         duss_event_send: 693]:(  210): event_mb_send() error: -1001, event_id=0xfb, peer_host=0x200, host=0xe00
E/DUSS&57[send_rc_self_status_to_a: 255]:(  210): duss_event_send() error: -1001
W/DUSS&57[    hg_scanning_key_task:3653]:(  210): duss_osal_msgq_send failed -1001
W/DUSS&01[         linux_tty_write: 439]:(  217): /dev/ttyGS0 timeout!
W/DUSS&01[         linux_tty_write: 439]:(  217): /dev/ttyGS0 timeout!
W/DUSS&41[     mb_auto_detect_recv: 859]:(  210): Get datagram fail! -1008
W/DUSS&57[    hg_scanning_key_task:3653]:(  210): duss_osal_msgq_send failed -1001
W/DUSS&01[         linux_tty_write: 439]:(  217): /dev/ttyGS0 timeout!
W/DUSS&01[         linux_tty_write: 439]:(  217): /dev/ttyGS0 timeout!
W/DUSS&57[    hg_scanning_key_task:3653]:(  210): duss_osal_msgq_send failed -1001
W/DUSS&01[         linux_tty_write: 439]:(  217): /dev/ttyGS0 timeout!
W/DUSS&01[         linux_tty_write: 439]:(  217): /dev/ttyGS0 timeout!
F/DUSS&57[hg_event_rc_push_battery: 385]:(  210): hg_event_rc_push_battery_info: cur_cap = 100, is_charging = 0
E/DUSS&43[         duss_event_send: 693]:(  210): event_mb_send() error: -1001, event_id=0x6001e, peer_host=0x200, host=0xe00
E/DUSS&43[        event_task_entry: 296]:(  210): handle_one_event() error: -1001
F/DUSS&42[       tm_monitor_thread:  89]:(  206): Process need be restarted: 1132!
W/DUSS&57[    hg_scanning_key_task:3653]:(  210): duss_osal_msgq_send failed -1001
W/DUSS&01[         linux_tty_write: 439]:(  217): /dev/ttyGS0 timeout!
W/DUSS&01[         linux_tty_write: 439]:(  217): /dev/ttyGS0 timeout!
W/DUSS&57[    hg_scanning_key_task:3653]:(  210): duss_osal_msgq_send failed -1001
W/DUSS&01[         linux_tty_write: 439]:(  217): /dev/ttyGS0 timeout!
W/DUSS&01[         linux_tty_write: 439]:(  217): /dev/ttyGS0 timeout!
W/DUSS&41[     mb_auto_detect_recv: 859]:(  210): Get datagram fail! -1008
W/DUSS&57[    hg_scanning_key_task:3653]:(  210): duss_osal_msgq_send failed -1001
W/DUSS&01[         linux_tty_write: 439]:(  217): /dev/ttyGS0 timeout!
W/DUSS&01[         linux_tty_write: 439]:(  217): /dev/ttyGS0 timeout!
E/DUSS&43[         duss_event_send: 693]:(  210): event_mb_send() error: -1001, event_id=0x60005, peer_host=0x200, host=0xe00
E/DUSS&57[ hg_push_key_to_app_task:4941]:(  210): duss_event_send() error: -1001
W/DUSS&57[    hg_scanning_key_task:3653]:(  210): duss_osal_msgq_send failed -1001
W/DUSS&01[         linux_tty_write: 439]:(  217): /dev/ttyGS0 timeout!
W/DUSS&01[         linux_tty_write: 439]:(  217): /dev/ttyGS0 timeout!
W/DUSS&57[    hg_scanning_key_task:3653]:(  210): duss_osal_msgq_send failed -1001
W/DUSS&01[         linux_tty_write: 439]:(  217): /dev/ttyGS0 timeout!
W/DUSS&01[         linux_tty_write: 439]:(  217): /dev/ttyGS0 timeout!
E/DUSS&43[         duss_event_send: 693]:(  210): event_mb_send() error: -1001, event_id=0xfb, peer_host=0x200, host=0xe00
E/DUSS&57[send_rc_self_status_to_a: 255]:(  210): duss_event_send() error: -1001
W/DUSS&41[     mb_auto_detect_recv: 859]:(  210): Get datagram fail! -1008
W/DUSS&57[    hg_scanning_key_task:3653]:(  210): duss_osal_msgq_send failed -1001
W/DUSS&01[         linux_tty_write: 439]:(  217): /dev/ttyGS0 timeout!
W/DUSS&01[         linux_tty_write: 439]:(  217): /dev/ttyGS0 timeout!
F/DUSS&41[ mb_local_channel_create:  98]:(15085): Bind socket fail! ret = -1, errno = 98
F/DUSS&41[    mb_active_route_item: 258]:(15085): Create route item ve_gnd's channel fail! result=-1001
E/DUSS&41[   duss_mb_create_client: 441]:(15085): activate route item ve_gnd error
F/DUSS&41[ mb_local_channel_create:  98]:(15085): Bind socket fail! ret = -1, errno = 98
F/DUSS&41[    mb_active_route_item: 258]:(15085): Create route item vt_gnd's channel fail! result=-1001
W/DUSS&57[    hg_scanning_key_task:3653]:(  210): duss_osal_msgq_send failed -1001
E/DUSS&41[   duss_mb_create_client: 441]:(15085): activate route item vt_gnd error
F/DUSS&41[ mb_local_channel_create:  98]:(15085): Bind socket fail! ret = -1, errno = 98
F/DUSS&41[    mb_active_route_item: 258]:(15085): Create route item ve_air's channel fail! result=-1001
E/DUSS&41[   duss_mb_create_client: 441]:(15085): activate route item ve_air error
F/DUSS&41[ mb_local_channel_create:  98]:(15085): Bind socket fail! ret = -1, errno = 98
F/DUSS&41[    mb_active_route_item: 258]:(15085): Create route item vt_gnd's channel fail! result=-1001
E/DUSS&41[   duss_mb_create_client: 441]:(15085): activate route item vt_gnd error
F/DUSS&41[ mb_local_channel_create:  98]:(15085): Bind socket fail! ret = -1, errno = 98
F/DUSS&41[    mb_active_route_item: 258]:(15085): Create route item rc's channel fail! result=-1001
E/DUSS&41[   duss_mb_create_client: 441]:(15085): activate route item rc error
F/DUSS&41[ mb_local_channel_create:  98]:(15085): Bind socket fail! ret = -1, errno = 98
W/DUSS&01[         linux_tty_write: 439]:(  217): /dev/ttyGS0 timeout!
F/DUSS&41[    mb_active_route_item: 258]:(15085): Create route item vt_air's channel fail! result=-1001
E/DUSS&41[   duss_mb_create_client: 441]:(15085): activate route item vt_air error
F/DUSS&41[ mb_local_channel_create:  98]:(15085): Bind socket fail! ret = -1, errno = 98
F/DUSS&41[    mb_active_route_item: 258]:(15085): Create route item mobile's channel fail! result=-1001
E/DUSS&41[   duss_mb_create_client: 441]:(15085): activate route item mobile error
F/DUSS&41[ mb_local_channel_create:  98]:(15085): Bind socket fail! ret = -1, errno = 98
W/DUSS&01[         linux_tty_write: 439]:(  217): /dev/ttyGS0 timeout!
F/DUSS&41[    mb_active_route_item: 258]:(15085): Create route item pc's channel fail! result=-1001
E/DUSS&41[   duss_mb_create_client: 441]:(15085): activate route item pc error
F/DUSS&41[ mb_local_channel_create:  98]:(15085): Bind socket fail! ret = -1, errno = 98
F/DUSS&41[    mb_active_route_item: 258]:(15085): Create route item whoami's channel fail! result=-1001
E/DUSS&41[   duss_mb_create_client: 441]:(15085): activate route item whoami error
E/DUSS&43[         duss_event_send: 693]:(  210): event_mb_send() error: -1001, event_id=0x6001e, peer_host=0x200, host=0xe00
