01-01 00:00:13.049   215   215 E DUSS&63[sys_p1_check_compability: 234]:: check version for file wm220_0101_v02.10.05.19_20180122_ca02.pro.fw.sig error
01-01 00:00:13.049   215   215 I DUSS&63[        sys_p1_check_ver:2477]:: check version for wm220_0101_v02.08.56.68_20180122.pro.fw.sig
01-01 00:00:13.049   215   215 I DUSS&63[        sys_p1_check_ver:2524]:: skip module dev_id=0x1, dev_index=0x1 on dev 0, current gnd: add_uav=0, add_gls=0
01-01 00:00:13.050   215   215 E DUSS&63[sys_p1_check_compability: 234]:: check version for file wm220_0101_v02.08.56.68_20180122.pro.fw.sig error
01-01 00:00:13.050   215   215 I DUSS&63[        sys_p1_check_ver:2477]:: check version for wm220_0400_v01.50.12.10_20170809.pro.fw.sig
01-01 00:00:13.050   215   215 I DUSS&63[        sys_p1_check_ver:2524]:: skip module dev_id=0x4, dev_index=0x0 on dev 0, current gnd: add_uav=0, add_gls=0
01-01 00:00:13.050   215   215 E DUSS&63[sys_p1_check_compability: 234]:: check version for file wm220_0400_v01.50.12.10_20170809.pro.fw.sig error
01-01 00:00:13.050   215   215 I DUSS&63[        sys_p1_check_ver:2477]:: check version for wm220_0804_v01.00.00.11_20170828.pro.fw.sig
01-01 00:00:13.050   215   215 I DUSS&63[        sys_p1_check_ver:2524]:: skip module dev_id=0x8, dev_index=0x4 on dev 0, current gnd: add_uav=0, add_gls=0
01-01 00:00:13.050   215   215 E DUSS&63[sys_p1_check_compability: 234]:: check version for file wm220_0804_v01.00.00.11_20170828.pro.fw.sig error
01-01 00:00:13.050   215   215 I DUSS&63[        sys_p1_check_ver:2477]:: check version for wm220_0801_v01.06.00.35_20171228.pro.fw.sig
01-01 00:00:13.050   215   215 I DUSS&63[        sys_p1_check_ver:2524]:: skip module dev_id=0x8, dev_index=0x1 on dev 0, current gnd: add_uav=0, add_gls=0
01-01 00:00:13.050   215   215 E DUSS&63[sys_p1_check_compability: 234]:: check version for file wm220_0801_v01.06.00.35_20171228.pro.fw.sig error
01-01 00:00:13.050   215   215 I DUSS&63[        sys_p1_check_ver:2477]:: check version for wm220_1200_v01.01.00.71_20171122_es02.pro.fw.sig
01-01 00:00:13.050   215   215 I DUSS&63[        sys_p1_check_ver:2524]:: skip module dev_id=0xc, dev_index=0x0 on dev 0, current gnd: add_uav=0, add_gls=0
01-01 00:00:13.050   215   215 E DUSS&63[sys_p1_check_compability: 234]:: check version for file wm220_1200_v01.01.00.71_20171122_es02.pro.fw.sig error
01-01 00:00:13.050   215   215 I DUSS&63[        sys_p1_check_ver:2477]:: check version for wm220_1200_v01.10.00.00_20170731.pro.fw.sig
01-01 00:00:13.050   215   215 I DUSS&63[        sys_p1_check_ver:2524]:: skip module dev_id=0xc, dev_index=0x0 on dev 0, current gnd: add_uav=0, add_gls=0
01-01 00:00:13.050   215   215 E DUSS&63[sys_p1_check_compability: 234]:: check version for file wm220_1200_v01.10.00.00_20170731.pro.fw.sig error
01-01 00:00:13.050   215   215 I DUSS&63[        sys_p1_check_ver:2477]:: check version for wm220_1201_v01.10.00.00_20170731.pro.fw.sig
01-01 00:00:13.050   215   215 I DUSS&63[        sys_p1_check_ver:2524]:: skip module dev_id=0xc, dev_index=0x1 on dev 0, current gnd: add_uav=0, add_gls=0
01-01 00:00:13.050   215   215 E DUSS&63[sys_p1_check_compability: 234]:: check version for file wm220_1201_v01.10.00.00_20170731.pro.fw.sig error
01-01 00:00:13.050   215   215 I DUSS&63[        sys_p1_check_ver:2477]:: check version for wm220_1202_v01.10.00.00_20170731.pro.fw.sig
01-01 00:00:13.050   215   215 I DUSS&63[        sys_p1_check_ver:2524]:: skip module dev_id=0xc, dev_index=0x2 on dev 0, current gnd: add_uav=0, add_gls=0
01-01 00:00:13.050   215   215 E DUSS&63[sys_p1_check_compability: 234]:: check version for file wm220_1202_v01.10.00.00_20170731.pro.fw.sig error
01-01 00:00:13.050   215   215 I DUSS&63[        sys_p1_check_ver:2477]:: check version for wm220_1203_v01.10.00.00_20170731.pro.fw.sig
01-01 00:00:13.050   215   215 I DUSS&63[        sys_p1_check_ver:2524]:: skip module dev_id=0xc, dev_index=0x3 on dev 0, current gnd: add_uav=0, add_gls=0
01-01 00:00:13.050   215   215 E DUSS&63[sys_p1_check_compability: 234]:: check version for file wm220_1203_v01.10.00.00_20170731.pro.fw.sig error
01-01 00:00:13.050   215   215 I DUSS&63[        sys_p1_check_ver:2477]:: check version for wm220_0802_v01.01.00.02_20170729.pro.fw.sig
01-01 00:00:13.050   215   215 I DUSS&63[        sys_p1_check_ver:2524]:: skip module dev_id=0x8, dev_index=0x2 on dev 0, current gnd: add_uav=0, add_gls=0
01-01 00:00:13.050   215   215 E DUSS&63[sys_p1_check_compability: 234]:: check version for file wm220_0802_v01.01.00.02_20170729.pro.fw.sig error
01-01 00:00:13.050   215   215 I DUSS&63[        sys_p1_check_ver:2477]:: check version for wm220_0805_v01.03.00.99_20171121.pro.fw.sig
01-01 00:00:13.050   215   215 I DUSS&63[        sys_p1_check_ver:2524]:: skip module dev_id=0x8, dev_index=0x5 on dev 0, current gnd: add_uav=0, add_gls=0
01-01 00:00:13.050   215   215 E DUSS&63[sys_p1_check_compability: 234]:: check version for file wm220_0805_v01.03.00.99_20171121.pro.fw.sig error
01-01 00:00:13.050   215   215 I DUSS&63[        sys_p1_check_ver:2477]:: check version for wm220_1407_v47.26.02.18_20170801.pro.fw.sig
01-01 00:00:13.051   215   287 I DUSS&63[   sys_event_dev_ver_get: 257]:: from 0xa03, this_host=0xe07, dev_type=1, hw_str=WM220 RC
01-01 00:00:13.079   215   215 I DUSS&63[        sys_p1_check_ver:2592]:: 14:7: Same version.
01-01 00:00:13.079   215   215 I DUSS&63[        sys_p1_check_ver:2477]:: check version for wm220_0600_v00.00.01.28_20170727.pro.fw.sig
01-01 00:00:13.095   215   215 I DUSS&63[        sys_p1_check_ver:2592]:: 6:0: Same version.
01-01 00:00:13.095   215   215 I DUSS&63[        sys_p1_check_ver:2477]:: check version for wm220_1301_v01.06.00.35_20171228.pro.fw.sig
01-01 00:00:13.096   215   284 I DUSS&63[   sys_event_dev_ver_get: 257]:: from 0xa03, this_host=0xd01, dev_type=1, hw_str=WM220 RC
01-01 00:00:13.107   215   215 I DUSS&63[        sys_p1_check_ver:2592]:: 13:1: Same version.
01-01 00:00:13.107   215   215 I DUSS&63[        sys_p1_check_ver:2477]:: check version for wm220_2807_v47.26.02.18_20170801.pro.fw.sig
01-01 00:00:13.107   215   215 I DUSS&63[        sys_p1_check_ver:2524]:: skip module dev_id=0x1c, dev_index=0x7 on dev 2, current gnd: add_uav=0, add_gls=0
01-01 00:00:13.107   215   215 E DUSS&63[sys_p1_check_compability: 234]:: check version for file wm220_2807_v47.26.02.18_20170801.pro.fw.sig error
01-01 00:00:13.107   215   215 I DUSS&63[        sys_p1_check_ver:2477]:: check version for wm220_0601_v00.00.03.06_20170528.pro.fw.sig
01-01 00:00:13.107   215   215 I DUSS&63[        sys_p1_check_ver:2524]:: skip module dev_id=0x6, dev_index=0x1 on dev 2, current gnd: add_uav=0, add_gls=0
01-01 00:00:13.107   215   215 E DUSS&63[sys_p1_check_compability: 234]:: check version for file wm220_0601_v00.00.03.06_20170528.pro.fw.sig error
01-01 00:00:13.107   215   215 I DUSS&63[        sys_p1_check_ver:2477]:: check version for wm220_0603_v00.00.06.09_20170728.pro.fw.sig
01-01 00:00:13.107   215   215 I DUSS&63[        sys_p1_check_ver:2524]:: skip module dev_id=0x6, dev_index=0x3 on dev 2, current gnd: add_uav=0, add_gls=0
01-01 00:00:13.107   215   215 E DUSS&63[sys_p1_check_compability: 234]:: check version for file wm220_0603_v00.00.06.09_20170728.pro.fw.sig error
01-01 00:00:13.107   215   215 I DUSS&63[        sys_p1_check_ver:2477]:: check version for wm220_2801_v01.03.01.71_20180207.pro.fw.sig
01-01 00:00:13.107   215   215 I DUSS&63[        sys_p1_check_ver:2524]:: skip module dev_id=0x1c, dev_index=0x1 on dev 2, current gnd: add_uav=0, add_gls=0
01-01 00:00:13.107   215   215 E DUSS&63[sys_p1_check_compability: 234]:: check version for file wm220_2801_v01.03.01.71_20180207.pro.fw.sig error
01-01 00:00:13.107   215   215 I DUSS&63[        sys_p1_check_ver:2477]:: check version for wm220_2803_v00.00.03.08_20170302_cd02.pro.fw.sig
01-01 00:00:13.107   215   215 I DUSS&63[        sys_p1_check_ver:2524]:: skip module dev_id=0x1c, dev_index=0x3 on dev 2, current gnd: add_uav=0, add_gls=0
01-01 00:00:13.107   215   215 E DUSS&63[sys_p1_check_compability: 234]:: check version for file wm220_2803_v00.00.03.08_20170302_cd02.pro.fw.sig error
01-01 00:00:13.107   215   215 I DUSS&63[        sys_p1_check_ver:2477]:: check version for wm220_2803_v00.00.03.08_20170302_cd01.pro.fw.sig
01-01 00:00:13.107   215   215 I DUSS&63[        sys_p1_check_ver:2524]:: skip module dev_id=0x1c, dev_index=0x3 on dev 2, current gnd: add_uav=0, add_gls=0
01-01 00:00:13.107   215   215 E DUSS&63[sys_p1_check_compability: 234]:: check version for file wm220_2803_v00.00.03.08_20170302_cd01.pro.fw.sig error
01-01 00:00:13.107   215   215 I DUSS&63[        sys_p1_check_ver:2477]:: check version for wm220_2803_v00.00.04.08_20170828_cd03.pro.fw.sig
01-01 00:00:13.107   215   215 I DUSS&63[        sys_p1_check_ver:2524]:: skip module dev_id=0x1c, dev_index=0x3 on dev 2, current gnd: add_uav=0, add_gls=0
01-01 00:00:13.107   215   215 E DUSS&63[sys_p1_check_compability: 234]:: check version for file wm220_2803_v00.00.04.08_20170828_cd03.pro.fw.sig error
01-01 00:00:13.107   215   215 I DUSS&63[        sys_p1_check_ver:2477]:: check version for wm220_0905_v01.00.01.07_20170929.pro.fw.sig
01-01 00:00:13.107   215   215 I DUSS&63[        sys_p1_check_ver:2498]:: skip module for datacopy, dev_id=0x9, dev_index=0x5 
01-01 00:00:13.107   215   215 E DUSS&63[sys_p1_check_compability: 234]:: check version for file wm220_0905_v01.00.01.07_20170929.pro.fw.sig error
01-01 00:00:13.107   215   215 I DUSS&63[sys_p1_check_compability: 252]:: after check *comptbl = 0, p1_first=0
01-01 00:00:13.108   215   215 I DUSS&63[        sys_version_scan: 194]:: found system compatible with the large package
01-01 00:00:13.108   215   215 I DUSS&63[            sys_mainloop: 266]:: version scan done.
01-01 00:00:35.986   215   284 I DUSS&63[sys_event_query_device_i:4792]:: CMD_QUERY_DEVICE_INFO WM220 1860RC Dec 28 2017|16:11:56
01-01 00:00:35.998   215   295 I DUSS&63[   sys_event_dev_ver_get: 289]:: DUSS_MB_HOST_ALL ver WM220 RC Ver.A, package ver 1.4.300, Production=1
01-01 00:00:37.283   215   284 I DUSS&63[ sys_common_get_cfg_file:1340]:: +++request file from 0x200: req type 1, off 0, len -1
01-01 00:00:37.283   215   284 I DUSS&63[           _get_cfg_file:1270]:: +++request cfg file /data/upgrade/wm330_0000.cfg.sig
01-01 00:00:37.285   215   284 I DUSS&63[ sys_common_get_cfg_file:1374]:: get cfg/log file from 0x200: req type 1, off 0, len 980; ack aclen 980, leftlen 5356, ret=0
01-01 00:00:37.726   215   284 I DUSS&63[sys_event_query_device_i:4792]:: CMD_QUERY_DEVICE_INFO WM220 1860RC Dec 28 2017|16:11:56
01-01 00:00:37.739   215   295 I DUSS&63[   sys_event_dev_ver_get: 289]:: DUSS_MB_HOST_ALL ver WM220 RC Ver.A, package ver 1.4.300, Production=1
01-01 00:00:37.794   215   284 I DUSS&63[ sys_common_get_cfg_file:1374]:: get cfg/log file from 0x200: req type 1, off 980, len 980; ack aclen 980, leftlen 4376, ret=0
01-01 00:00:38.002   215   284 I DUSS&63[ sys_common_get_cfg_file:1374]:: get cfg/log file from 0x200: req type 1, off 1960, len 980; ack aclen 980, leftlen 3396, ret=0
01-01 00:00:38.102   215   284 I DUSS&63[ sys_common_get_cfg_file:1374]:: get cfg/log file from 0x200: req type 1, off 2940, len 980; ack aclen 980, leftlen 2416, ret=0
01-01 00:00:38.137   215   284 I DUSS&63[ sys_common_get_cfg_file:1374]:: get cfg/log file from 0x200: req type 1, off 3920, len 980; ack aclen 980, leftlen 1436, ret=0
01-01 00:00:38.205   215   284 I DUSS&63[ sys_common_get_cfg_file:1374]:: get cfg/log file from 0x200: req type 1, off 4900, len 980; ack aclen 980, leftlen 456, ret=0
01-01 00:00:38.305   215   284 I DUSS&63[ sys_common_get_cfg_file:1374]:: get cfg/log file from 0x200: req type 1, off 5880, len 980; ack aclen 456, leftlen 0, ret=0
01-01 00:00:38.308   215   284 I DUSS&63[ sys_common_get_cfg_file:1340]:: +++request file from 0x200: req type 1, off 0, len -1
01-01 00:00:38.308   215   284 I DUSS&63[           _get_cfg_file:1270]:: +++request cfg file /data/upgrade/wm330_0000.cfg.sig
01-01 00:00:38.309   215   284 I DUSS&63[ sys_common_get_cfg_file:1374]:: get cfg/log file from 0x200: req type 1, off 0, len 980; ack aclen 980, leftlen 5356, ret=0
01-01 00:00:38.321   215   284 I DUSS&63[ sys_common_get_cfg_file:1374]:: get cfg/log file from 0x200: req type 1, off 980, len 980; ack aclen 980, leftlen 4376, ret=0
01-01 00:00:38.345   215   284 I DUSS&63[ sys_common_get_cfg_file:1374]:: get cfg/log file from 0x200: req type 1, off 1960, len 980; ack aclen 980, leftlen 3396, ret=0
01-01 00:00:38.349   215   284 I DUSS&63[ sys_common_get_cfg_file:1374]:: get cfg/log file from 0x200: req type 1, off 2940, len 980; ack aclen 980, leftlen 2416, ret=0
01-01 00:00:38.368   215   284 I DUSS&63[ sys_common_get_cfg_file:1374]:: get cfg/log file from 0x200: req type 1, off 3920, len 980; ack aclen 980, leftlen 1436, ret=0
01-01 00:00:38.376   215   284 I DUSS&63[ sys_common_get_cfg_file:1374]:: get cfg/log file from 0x200: req type 1, off 4900, len 980; ack aclen 980, leftlen 456, ret=0
01-01 00:00:38.381   215   284 I DUSS&63[ sys_common_get_cfg_file:1374]:: get cfg/log file from 0x200: req type 1, off 5880, len 980; ack aclen 456, leftlen 0, ret=0
01-01 00:00:41.065   215   284 I DUSS&63[ sys_common_get_cfg_file:1340]:: +++request file from 0x200: req type 1, off 0, len -1
01-01 00:00:41.065   215   284 I DUSS&63[           _get_cfg_file:1270]:: +++request cfg file /data/upgrade/wm330_0000.cfg.sig
01-01 00:00:41.066   215   284 I DUSS&63[ sys_common_get_cfg_file:1374]:: get cfg/log file from 0x200: req type 1, off 0, len 980; ack aclen 980, leftlen 5356, ret=0
01-01 00:00:41.072   215   284 I DUSS&63[ sys_common_get_cfg_file:1374]:: get cfg/log file from 0x200: req type 1, off 980, len 980; ack aclen 980, leftlen 4376, ret=0
01-01 00:00:41.076   215   284 I DUSS&63[ sys_common_get_cfg_file:1374]:: get cfg/log file from 0x200: req type 1, off 1960, len 980; ack aclen 980, leftlen 3396, ret=0
01-01 00:00:41.108   215   284 I DUSS&63[ sys_common_get_cfg_file:1374]:: get cfg/log file from 0x200: req type 1, off 2940, len 980; ack aclen 980, leftlen 2416, ret=0
01-01 00:00:41.142   215   284 I DUSS&63[ sys_common_get_cfg_file:1374]:: get cfg/log file from 0x200: req type 1, off 3920, len 980; ack aclen 980, leftlen 1436, ret=0
01-01 00:00:41.160   215   284 I DUSS&63[ sys_common_get_cfg_file:1374]:: get cfg/log file from 0x200: req type 1, off 4900, len 980; ack aclen 980, leftlen 456, ret=0
01-01 00:00:41.162   215   284 I DUSS&63[ sys_common_get_cfg_file:1374]:: get cfg/log file from 0x200: req type 1, off 5880, len 980; ack aclen 456, leftlen 0, ret=0
05-12 23:25:14.008   215   284 F DUSS&63[      sys_event_set_date: 101]:: Got sys_event_set_date message: 2018.05.12-23:25:14, result 0
05-12 23:25:16.994   213   452 W DUSS&63[       tcp_async_connect: 311]:: [sys]EINPROGRESS in connect() - selecting,addr=192.168.41.1
05-12 23:25:17.651   215   297 W DUSS&63[       tcp_async_connect: 311]:: [sys]EINPROGRESS in connect() - selecting,addr=192.168.41.1
05-12 23:25:17.652   215   299 W DUSS&63[       tcp_async_connect: 311]:: [sys]EINPROGRESS in connect() - selecting,addr=192.168.41.3
05-12 23:25:17.995   213   452 W DUSS&63[       tcp_async_connect: 334]:: [sys]Timeout in select() - Cancelling, addr=192.168.41.1
05-12 23:25:18.652   215   297 W DUSS&63[       tcp_async_connect: 334]:: [sys]Timeout in select() - Cancelling, addr=192.168.41.1
05-12 23:25:18.653   215   299 W DUSS&63[       tcp_async_connect: 334]:: [sys]Timeout in select() - Cancelling, addr=192.168.41.3
05-12 23:25:32.997   213   452 I DUSS&63[       tcp_async_connect: 375]:: [sys]connect to 192.168.41.1 success
05-12 23:25:32.997   213   452 I DUSS&63[      tcp_connect_thread: 152]:: [sys]connected to 192.168.41.1
05-12 23:25:32.997   213   452 I DUSS&63[      tcp_connect_thread: 160]:: [sys]WL TCP State change to connected
05-12 23:25:33.479   215   284 I DUSS&63[sys_event_self_define_cm: 457]:: check compability from 0x801, this_host=0xd01
05-12 23:25:33.479   215   284 I DUSS&63[   sys_check_compability: 207]:: from 0x801, this_host=0xd01, dev_type=1
05-12 23:25:33.479   215   284 I DUSS&63[   sys_check_compability: 210]:: package_str=wm220, package_ver=1.4.300
05-12 23:25:33.479   215   284 I DUSS&63[   sys_check_compability: 212]:: peer_str=wm220, peer_ver=1.4.300
05-12 23:25:33.479   215   284 I DUSS&63[   sys_check_compability: 219]:: package_uav_cnt=20, package_gls_cnt=7
05-12 23:25:33.479   215   284 I DUSS&63[   sys_check_compability: 261]:: the same product, and self version is the same or older than peer
05-12 23:25:33.653   215   297 I DUSS&63[       tcp_async_connect: 375]:: [sys]connect to 192.168.41.1 success
05-12 23:25:33.653   215   297 I DUSS&63[      tcp_connect_thread: 152]:: [sys]connected to 192.168.41.1
05-12 23:25:33.653   215   297 I DUSS&63[      tcp_connect_thread: 160]:: [sys]WL TCP State change to connected
05-12 23:25:58.658   215   299 W DUSS&63[       tcp_async_connect: 311]:: [sys]EINPROGRESS in connect() - selecting,addr=192.168.41.3
05-12 23:25:59.659   215   299 W DUSS&63[       tcp_async_connect: 334]:: [sys]Timeout in select() - Cancelling, addr=192.168.41.3
05-12 23:26:39.663   215   299 W DUSS&63[       tcp_async_connect: 311]:: [sys]EINPROGRESS in connect() - selecting,addr=192.168.41.3
05-12 23:26:40.664   215   299 W DUSS&63[       tcp_async_connect: 334]:: [sys]Timeout in select() - Cancelling, addr=192.168.41.3
05-12 23:27:20.668   215   299 W DUSS&63[       tcp_async_connect: 311]:: [sys]EINPROGRESS in connect() - selecting,addr=192.168.41.3
05-12 23:27:21.669   215   299 W DUSS&63[       tcp_async_connect: 334]:: [sys]Timeout in select() - Cancelling, addr=192.168.41.3
05-12 23:28:01.676   215   299 W DUSS&63[       tcp_async_connect: 311]:: [sys]EINPROGRESS in connect() - selecting,addr=192.168.41.3
05-12 23:28:02.677   215   299 W DUSS&63[       tcp_async_connect: 334]:: [sys]Timeout in select() - Cancelling, addr=192.168.41.3
05-12 23:28:42.681   215   299 W DUSS&63[       tcp_async_connect: 311]:: [sys]EINPROGRESS in connect() - selecting,addr=192.168.41.3
05-12 23:28:43.683   215   299 W DUSS&63[       tcp_async_connect: 334]:: [sys]Timeout in select() - Cancelling, addr=192.168.41.3
05-12 23:29:23.688   215   299 W DUSS&63[       tcp_async_connect: 311]:: [sys]EINPROGRESS in connect() - selecting,addr=192.168.41.3
05-12 23:29:24.689   215   299 W DUSS&63[       tcp_async_connect: 334]:: [sys]Timeout in select() - Cancelling, addr=192.168.41.3
05-12 23:30:04.696   215   299 W DUSS&63[       tcp_async_connect: 311]:: [sys]EINPROGRESS in connect() - selecting,addr=192.168.41.3
05-12 23:30:05.697   215   299 W DUSS&63[       tcp_async_connect: 334]:: [sys]Timeout in select() - Cancelling, addr=192.168.41.3
05-12 23:30:45.703   215   299 W DUSS&63[       tcp_async_connect: 311]:: [sys]EINPROGRESS in connect() - selecting,addr=192.168.41.3
05-12 23:30:46.704   215   299 W DUSS&63[       tcp_async_connect: 334]:: [sys]Timeout in select() - Cancelling, addr=192.168.41.3
05-12 23:31:26.709   215   299 W DUSS&63[       tcp_async_connect: 311]:: [sys]EINPROGRESS in connect() - selecting,addr=192.168.41.3
05-12 23:31:27.710   215   299 W DUSS&63[       tcp_async_connect: 334]:: [sys]Timeout in select() - Cancelling, addr=192.168.41.3
05-12 23:32:07.715   215   299 W DUSS&63[       tcp_async_connect: 311]:: [sys]EINPROGRESS in connect() - selecting,addr=192.168.41.3
05-12 23:32:08.716   215   299 W DUSS&63[       tcp_async_connect: 334]:: [sys]Timeout in select() - Cancelling, addr=192.168.41.3
05-12 23:32:48.720   215   299 W DUSS&63[       tcp_async_connect: 311]:: [sys]EINPROGRESS in connect() - selecting,addr=192.168.41.3
05-12 23:32:49.721   215   299 W DUSS&63[       tcp_async_connect: 334]:: [sys]Timeout in select() - Cancelling, addr=192.168.41.3
05-12 23:33:29.725   215   299 W DUSS&63[       tcp_async_connect: 311]:: [sys]EINPROGRESS in connect() - selecting,addr=192.168.41.3
05-12 23:33:30.726   215   299 W DUSS&63[       tcp_async_connect: 334]:: [sys]Timeout in select() - Cancelling, addr=192.168.41.3
05-12 23:34:10.737   215   299 W DUSS&63[       tcp_async_connect: 311]:: [sys]EINPROGRESS in connect() - selecting,addr=192.168.41.3
05-12 23:34:11.738   215   299 W DUSS&63[       tcp_async_connect: 334]:: [sys]Timeout in select() - Cancelling, addr=192.168.41.3
05-12 23:34:51.744   215   299 W DUSS&63[       tcp_async_connect: 311]:: [sys]EINPROGRESS in connect() - selecting,addr=192.168.41.3
05-12 23:34:52.745   215   299 W DUSS&63[       tcp_async_connect: 334]:: [sys]Timeout in select() - Cancelling, addr=192.168.41.3
05-12 23:35:32.751   215   299 W DUSS&63[       tcp_async_connect: 311]:: [sys]EINPROGRESS in connect() - selecting,addr=192.168.41.3
05-12 23:35:33.752   215   299 W DUSS&63[       tcp_async_connect: 334]:: [sys]Timeout in select() - Cancelling, addr=192.168.41.3
05-12 23:36:13.756   215   299 W DUSS&63[       tcp_async_connect: 311]:: [sys]EINPROGRESS in connect() - selecting,addr=192.168.41.3
05-12 23:36:14.757   215   299 W DUSS&63[       tcp_async_connect: 334]:: [sys]Timeout in select() - Cancelling, addr=192.168.41.3
05-12 23:36:54.761   215   299 W DUSS&63[       tcp_async_connect: 311]:: [sys]EINPROGRESS in connect() - selecting,addr=192.168.41.3
05-12 23:36:55.763   215   299 W DUSS&63[       tcp_async_connect: 334]:: [sys]Timeout in select() - Cancelling, addr=192.168.41.3
05-12 23:37:35.768   215   299 W DUSS&63[       tcp_async_connect: 311]:: [sys]EINPROGRESS in connect() - selecting,addr=192.168.41.3
05-12 23:37:36.769   215   299 W DUSS&63[       tcp_async_connect: 334]:: [sys]Timeout in select() - Cancelling, addr=192.168.41.3
05-12 23:38:16.774   215   299 W DUSS&63[       tcp_async_connect: 311]:: [sys]EINPROGRESS in connect() - selecting,addr=192.168.41.3
05-12 23:38:17.775   215   299 W DUSS&63[       tcp_async_connect: 334]:: [sys]Timeout in select() - Cancelling, addr=192.168.41.3
05-12 23:38:57.780   215   299 W DUSS&63[       tcp_async_connect: 311]:: [sys]EINPROGRESS in connect() - selecting,addr=192.168.41.3
05-12 23:38:58.781   215   299 W DUSS&63[       tcp_async_connect: 334]:: [sys]Timeout in select() - Cancelling, addr=192.168.41.3
05-12 23:39:38.787   215   299 W DUSS&63[       tcp_async_connect: 311]:: [sys]EINPROGRESS in connect() - selecting,addr=192.168.41.3
05-12 23:39:39.788   215   299 W DUSS&63[       tcp_async_connect: 334]:: [sys]Timeout in select() - Cancelling, addr=192.168.41.3
05-12 23:40:19.792   215   299 W DUSS&63[       tcp_async_connect: 311]:: [sys]EINPROGRESS in connect() - selecting,addr=192.168.41.3
05-12 23:40:20.793   215   299 W DUSS&63[       tcp_async_connect: 334]:: [sys]Timeout in select() - Cancelling, addr=192.168.41.3
05-12 23:41:00.799   215   299 W DUSS&63[       tcp_async_connect: 311]:: [sys]EINPROGRESS in connect() - selecting,addr=192.168.41.3
05-12 23:41:01.800   215   299 W DUSS&63[       tcp_async_connect: 334]:: [sys]Timeout in select() - Cancelling, addr=192.168.41.3
05-12 23:41:41.804   215   299 W DUSS&63[       tcp_async_connect: 311]:: [sys]EINPROGRESS in connect() - selecting,addr=192.168.41.3
05-12 23:41:42.805   215   299 W DUSS&63[       tcp_async_connect: 334]:: [sys]Timeout in select() - Cancelling, addr=192.168.41.3
05-12 23:42:22.811   215   299 W DUSS&63[       tcp_async_connect: 311]:: [sys]EINPROGRESS in connect() - selecting,addr=192.168.41.3
05-12 23:42:23.812   215   299 W DUSS&63[       tcp_async_connect: 334]:: [sys]Timeout in select() - Cancelling, addr=192.168.41.3
05-12 23:43:03.817   215   299 W DUSS&63[       tcp_async_connect: 311]:: [sys]EINPROGRESS in connect() - selecting,addr=192.168.41.3
05-12 23:43:04.818   215   299 W DUSS&63[       tcp_async_connect: 334]:: [sys]Timeout in select() - Cancelling, addr=192.168.41.3
05-12 23:43:44.823   215   299 W DUSS&63[       tcp_async_connect: 311]:: [sys]EINPROGRESS in connect() - selecting,addr=192.168.41.3
05-12 23:43:45.824   215   299 W DUSS&63[       tcp_async_connect: 334]:: [sys]Timeout in select() - Cancelling, addr=192.168.41.3
05-12 23:44:25.834   215   299 W DUSS&63[       tcp_async_connect: 311]:: [sys]EINPROGRESS in connect() - selecting,addr=192.168.41.3
05-12 23:44:26.835   215   299 W DUSS&63[       tcp_async_connect: 334]:: [sys]Timeout in select() - Cancelling, addr=192.168.41.3
05-12 23:45:06.842   215   299 W DUSS&63[       tcp_async_connect: 311]:: [sys]EINPROGRESS in connect() - selecting,addr=192.168.41.3
05-12 23:45:07.843   215   299 W DUSS&63[       tcp_async_connect: 334]:: [sys]Timeout in select() - Cancelling, addr=192.168.41.3
05-12 23:45:47.849   215   299 W DUSS&63[       tcp_async_connect: 311]:: [sys]EINPROGRESS in connect() - selecting,addr=192.168.41.3
05-12 23:45:48.850   215   299 W DUSS&63[       tcp_async_connect: 334]:: [sys]Timeout in select() - Cancelling, addr=192.168.41.3
05-12 23:46:28.854   215   299 W DUSS&63[       tcp_async_connect: 311]:: [sys]EINPROGRESS in connect() - selecting,addr=192.168.41.3
05-12 23:46:29.855   215   299 W DUSS&63[       tcp_async_connect: 334]:: [sys]Timeout in select() - Cancelling, addr=192.168.41.3
05-12 23:47:09.859   215   299 W DUSS&63[       tcp_async_connect: 311]:: [sys]EINPROGRESS in connect() - selecting,addr=192.168.41.3
05-12 23:47:10.860   215   299 W DUSS&63[       tcp_async_connect: 334]:: [sys]Timeout in select() - Cancelling, addr=192.168.41.3
05-12 23:47:50.864   215   299 W DUSS&63[       tcp_async_connect: 311]:: [sys]EINPROGRESS in connect() - selecting,addr=192.168.41.3
05-12 23:47:51.865   215   299 W DUSS&63[       tcp_async_connect: 334]:: [sys]Timeout in select() - Cancelling, addr=192.168.41.3
05-12 23:48:31.870   215   299 W DUSS&63[       tcp_async_connect: 311]:: [sys]EINPROGRESS in connect() - selecting,addr=192.168.41.3
05-12 23:48:32.871   215   299 W DUSS&63[       tcp_async_connect: 334]:: [sys]Timeout in select() - Cancelling, addr=192.168.41.3
05-12 23:49:12.876   215   299 W DUSS&63[       tcp_async_connect: 311]:: [sys]EINPROGRESS in connect() - selecting,addr=192.168.41.3
05-12 23:49:13.877   215   299 W DUSS&63[       tcp_async_connect: 334]:: [sys]Timeout in select() - Cancelling, addr=192.168.41.3
05-12 23:49:53.882   215   299 W DUSS&63[       tcp_async_connect: 311]:: [sys]EINPROGRESS in connect() - selecting,addr=192.168.41.3
05-12 23:49:54.883   215   299 W DUSS&63[       tcp_async_connect: 334]:: [sys]Timeout in select() - Cancelling, addr=192.168.41.3
05-12 23:50:04.207   213   453 E DUSS&63[        wl_prot_tcp_recv: 749]:: [sys]WL TCP State change to disconnect, cur_fd=49, addr=192.168.41.1
05-12 23:50:04.207   213   453 I DUSS&63[           tcp_reconnect: 193]:: [sys]new socket fd 89, need connect
05-12 23:50:04.207   213   453 W DUSS&63[       tcp_async_connect: 311]:: [sys]EINPROGRESS in connect() - selecting,addr=192.168.41.1
05-12 23:50:04.376   213   453 E DUSS&63[       tcp_async_connect: 328]:: [sys]Error in delayed connection() - Connection refused
05-12 23:50:04.376   213   453 E DUSS&63[           tcp_reconnect: 197]:: [sys]first connect failed, err=Operation now in progress, will try later
05-12 23:50:04.376   213   453 I DUSS&63[           tcp_reconnect: 201]:: [sys]before join the old connect task
05-12 23:50:04.376   213   453 I DUSS&63[           tcp_reconnect: 206]:: [sys]success joined the connect task
05-12 23:50:04.376   213 28305 I DUSS&63[      tcp_connect_thread: 139]:: [sys]start to connect, fd=89
05-12 23:50:04.376   213 28305 I DUSS&63[      tcp_connect_thread: 143]:: [sys]WL TCP State change to connecting
05-12 23:50:06.377   213 28305 W DUSS&63[       tcp_async_connect: 311]:: [sys]EINPROGRESS in connect() - selecting,addr=192.168.41.1
05-12 23:50:07.377   213 28305 W DUSS&63[       tcp_async_connect: 334]:: [sys]Timeout in select() - Cancelling, addr=192.168.41.1
05-12 23:50:31.582   215   284 I DUSS&63[        sys_event_reboot:1401]:: receive reboot from 0x600, this_host=0xd01
05-12 23:50:31.582   215   284 I DUSS&63[        sys_event_reboot:1407]:: Get reboot callback. .
05-12 23:50:31.582   215   284 I DUSS&63[           sys_p1_reboot:4879]:: Request power/boot 2 after 2000 ms from 0x600
05-12 23:50:33.636   215   284 I DUSS&63[           sys_p1_reboot:4956]:: going to reboot/poweroff/powersave... reboot_type 2 reboot_mode 0
===/data/dji/log is already a link===
===/data/dji/blackbox is already a link===


!!!new file start!!!

01-01 00:00:03.431   208   208 I DUSS&63[                    main: 657]:: dji_sys run as dev_type 1, duss_sketch_initialize done...
01-01 00:00:03.437   208   208 I DUSS&63[sys_load_config_from_jso: 154]:: Get the hw_str WM220 RC
01-01 00:00:03.437   208   208 W DUSS&63[sys_load_config_from_jso: 160]:: Can't find platform:system_init domain! Call default routing...
01-01 00:00:03.437   208   208 I DUSS&63[         sys_load_config: 488]:: platform dev_info: WM220 1860RC
01-01 00:00:03.470   208   208 I DUSS&63[sys_check_boot_mode_norm: 333]:: Set system mode to NORMAL.
01-01 00:00:03.513   208   208 I DUSS&63[sys_up_load_general_stat: 203]:: get option_value wm220 for package_id
01-01 00:00:03.513   208   208 I DUSS&63[sys_up_load_general_stat: 204]:: updated package_str wm220
01-01 00:00:03.513   208   208 I DUSS&63[sys_up_load_general_stat: 211]:: get package_ver 1.4.300
01-01 00:00:03.513   208   208 I DUSS&63[sys_up_load_general_stat: 211]:: 
01-01 00:00:03.513   208   208 I DUSS&63[sys_up_load_general_stat: 215]:: updated package_ver 1.4.300
01-01 00:00:03.513   208   208 I DUSS&63[sys_up_load_general_stat: 222]:: get package_uav_cnt 20
01-01 00:00:03.513   208   208 I DUSS&63[sys_up_load_general_stat: 222]:: 
01-01 00:00:03.513   208   208 I DUSS&63[sys_up_load_general_stat: 224]:: updated package_uav_cnt 20
01-01 00:00:03.513   208   208 I DUSS&63[sys_up_load_general_stat: 231]:: get package_gnd_cnt 3
01-01 00:00:03.513   208   208 I DUSS&63[sys_up_load_general_stat: 231]:: 
01-01 00:00:03.513   208   208 I DUSS&63[sys_up_load_general_stat: 233]:: updated package_gnd_cnt 3
01-01 00:00:03.513   208   208 I DUSS&63[sys_up_load_general_stat: 240]:: get package_gls_cnt 7
01-01 00:00:03.513   208   208 I DUSS&63[sys_up_load_general_stat: 240]:: 
01-01 00:00:03.513   208   208 I DUSS&63[sys_up_load_general_stat: 242]:: updated package_gls_cnt 7
01-01 00:00:03.513   208   208 W DUSS&63[sys_up_load_general_stat: 251]:: can not get option_value for wm22x_type, use wm220 by default
01-01 00:00:03.513   208   208 I DUSS&63[sys_up_load_upgrade_stat: 275]:: file /cache/upgrade_status not exist, return directly
01-01 00:00:03.518   208   208 I DUSS&63[sys_upgrade_check_status:5119]:: didn't save upgrade_retry in last boot
01-01 00:00:03.518   208   208 I DUSS&63[sys_upgrade_check_status:5145]:: non need to push upgrade status, set upgrade status to idle.
01-01 00:00:03.631   208   208 I DUSS&63[            sys_pre_init: 534]:: this is production board
01-01 00:00:03.658   208   208 I DUSS&63[      wl_prot_tcp_create: 404]:: [sys]open_type=0, local_port=0, remote_ip=192.168.41.1, remote_port=22350, l_ctx=0xb70fde18 
01-01 00:00:03.658   208   208 I DUSS&63[      wl_prot_tcp_create: 467]:: [sys]first connect failed, err=Network is unreachable
01-01 00:00:03.659   208   208 I DUSS&63[      wl_prot_tcp_create: 500]:: [sys]create tcp channel success, l_ctx=0xb70fde18
01-01 00:00:03.659   208   208 I DUSS&63[      wl_prot_tcp_create: 404]:: [sys]open_type=0, local_port=0, remote_ip=192.168.41.3, remote_port=22351, l_ctx=0xb70fefb8 
01-01 00:00:03.659   208   208 I DUSS&63[      wl_prot_tcp_create: 467]:: [sys]first connect failed, err=Network is unreachable
01-01 00:00:03.659   208   208 I DUSS&63[      wl_prot_tcp_create: 500]:: [sys]create tcp channel success, l_ctx=0xb70fefb8
01-01 00:00:03.660   208   300 I DUSS&63[      tcp_connect_thread: 139]:: [sys]start to connect, fd=18
01-01 00:00:03.660   208   208 I DUSS&63[        sys_events_start:  96]:: aging_test_mode=0, system_mode=0
01-01 00:00:03.660   208   300 I DUSS&63[      tcp_connect_thread: 143]:: [sys]WL TCP State change to connecting
01-01 00:00:03.660   208   208 I DUSS&63[       sys_check_pc_conn: 300]:: For pc connection, usb state is DISCONNECTED
01-01 00:00:03.660   208   208 I DUSS&63[           sys_post_init: 565]:: conn_pc=0 when init
01-01 00:00:03.660   208   208 E DUSS&63[sys_event_pc_through_rc_:1196]:: Find route item to pc by wl channel fail: -1001
01-01 00:00:03.661   208   208 I DUSS&63[sys_flight_data_do_first: 627]:: gnd, need to check whether to send nfz.db to uav
01-01 00:00:03.661   208   304 I DUSS&63[sys_up_status_push_threa: 863]:: pushing thread start, stop_pushing=1, push_status=0
01-01 00:00:03.661   208   298 I DUSS&63[      tcp_connect_thread: 139]:: [sys]start to connect, fd=17
01-01 00:00:03.661   208   298 I DUSS&63[      tcp_connect_thread: 143]:: [sys]WL TCP State change to connecting
01-01 00:00:03.662   208   208 I DUSS&63[sys_flight_data_send_to_: 519]:: nfz already sent before already exist, return directly!
01-01 00:00:03.672   208   208 I DUSS&63[        sys_version_scan: 130]:: Got signed cfg file /data/upgrade/backup/01.04.0300.cfg.sig
01-01 00:00:03.736   208   208 I DUSS&63[        sys_version_scan: 144]:: unsign the backup cfg file.
01-01 00:00:03.793   208   208 I DUSS&63[       sys_p1_unsign_img:1829]:: verify results: passed to verify image /data/upgrade/backup/01.04.0300.cfg.sig
01-01 00:00:03.794   208   208 I DUSS&63[       sys_p1_unsign_img:1837]:: dji_verify -n 0000 -o /tmp/wm330_0000.xml /data/upgrade/backup/01.04.0300.cfg.sig exit status 0, return 0
01-01 00:00:03.794   208   208 I DUSS&63[       sys_p1_unsign_img:1845]:: dji_verify -n 0000 -o /tmp/wm330_0000.xml /data/upgrade/backup/01.04.0300.cfg.sig success.
01-01 00:00:03.794   208   208 I DUSS&63[        sys_version_scan: 154]:: check the system compability..
01-01 00:00:03.794   208   208 I DUSS&63[  need_check_compability:  89]:: will send revert SYS_SELF_DEF_CMD_NEED_CHK_COMP to id=8, index=1
01-01 00:00:03.794   208   208 I DUSS&63[  need_check_compability: 109]:: dev_type=1, dev_id=wm220, pack_ver=1.4.300
01-01 00:00:05.631   208   306 E DUSS&63[find_and_kill_all_udhcpd: 457]:: pid 167's cmdline: busybox udhcpd
01-01 00:00:05.631   208   306 E DUSS&63[find_and_kill_all_udhcpd: 460]:: execute busybox kill 167
01-01 00:00:05.640   208   306 E DUSS&63[find_and_kill_all_udhcpd: 457]:: pid 168's cmdline: busybox tcpsvd
01-01 00:00:05.641   208   306 I DUSS&63[ handle_dji_device_event: 284]:: kill udhcpd service (busybox)
01-01 00:00:05.794   208   208 E DUSS&63[  need_check_compability: 118]:: can not get response from 0x801, result=-1002, retry_count=0
01-01 00:00:06.017   206   206 I DUSS&63[      wl_prot_tcp_create: 404]:: [sys]open_type=0, local_port=0, remote_ip=192.168.41.1, remote_port=22352, l_ctx=0xb71be050 
01-01 00:00:06.017   206   206 I DUSS&63[      wl_prot_tcp_create: 467]:: [sys]first connect failed, err=Network is unreachable
01-01 00:00:06.017   206   206 I DUSS&63[      wl_prot_tcp_create: 500]:: [sys]create tcp channel success, l_ctx=0xb71be050
01-01 00:00:06.017   206   458 I DUSS&63[      tcp_connect_thread: 139]:: [sys]start to connect, fd=49
01-01 00:00:06.017   206   458 I DUSS&63[      tcp_connect_thread: 143]:: [sys]WL TCP State change to connecting
01-01 00:00:07.018   206   458 W DUSS&63[       tcp_async_connect: 311]:: [sys]EINPROGRESS in connect() - selecting,addr=192.168.41.1
01-01 00:00:07.661   208   300 W DUSS&63[       tcp_async_connect: 311]:: [sys]EINPROGRESS in connect() - selecting,addr=192.168.41.3
01-01 00:00:07.662   208   298 W DUSS&63[       tcp_async_connect: 311]:: [sys]EINPROGRESS in connect() - selecting,addr=192.168.41.1
01-01 00:00:07.894   208   208 E DUSS&63[  need_check_compability: 118]:: can not get response from 0x801, result=-1002, retry_count=1
01-01 00:00:07.894   208   208 I DUSS&63[sys_need_check_compabili: 167]:: on gnd, *add_uav=0
01-01 00:00:07.894   208   208 I DUSS&63[  need_check_compability:  89]:: will send revert SYS_SELF_DEF_CMD_NEED_CHK_COMP to id=28, index=1
01-01 00:00:07.894   208   208 I DUSS&63[  need_check_compability: 109]:: dev_type=1, dev_id=wm220, pack_ver=1.4.300
01-01 00:00:08.019   206   458 W DUSS&63[       tcp_async_connect: 334]:: [sys]Timeout in select() - Cancelling, addr=192.168.41.1
01-01 00:00:08.662   208   300 W DUSS&63[       tcp_async_connect: 334]:: [sys]Timeout in select() - Cancelling, addr=192.168.41.3
01-01 00:00:08.665   208   298 W DUSS&63[       tcp_async_connect: 334]:: [sys]Timeout in select() - Cancelling, addr=192.168.41.1
01-01 00:00:09.895   208   208 E DUSS&63[  need_check_compability: 118]:: can not get response from 0x1c01, result=-1002, retry_count=0
01-01 00:00:11.995   208   208 E DUSS&63[  need_check_compability: 118]:: can not get response from 0x1c01, result=-1002, retry_count=1
01-01 00:00:11.995   208   208 I DUSS&63[sys_need_check_compabili: 177]:: on gnd, *add_gls=0
01-01 00:00:11.998   208   208 I DUSS&63[sys_p1_check_compability: 196]:: get device_id wm220 from xml
01-01 00:00:11.998   208   208 I DUSS&63[sys_p1_check_compability: 210]:: get last updated package version  Major=1, minor=4, build=300
01-01 00:00:11.998   208   208 I DUSS&63[        sys_p1_check_ver:2477]:: check version for wm220_0907_v47.26.02.18_20170801.pro.fw.sig
01-01 00:00:11.998   208   208 I DUSS&63[        sys_p1_check_ver:2524]:: skip module dev_id=0x9, dev_index=0x7 on dev 0, current gnd: add_uav=0, add_gls=0
01-01 00:00:11.998   208   208 E DUSS&63[sys_p1_check_compability: 234]:: check version for file wm220_0907_v47.26.02.18_20170801.pro.fw.sig error
01-01 00:00:11.998   208   208 I DUSS&63[        sys_p1_check_ver:2477]:: check version for wm220_0305_v34.04.00.24_20170726.pro.fw.sig
01-01 00:00:11.998   208   208 I DUSS&63[        sys_p1_check_ver:2524]:: skip module dev_id=0x3, dev_index=0x5 on dev 0, current gnd: add_uav=0, add_gls=0
01-01 00:00:11.998   208   208 E DUSS&63[sys_p1_check_compability: 234]:: check version for file wm220_0305_v34.04.00.24_20170726.pro.fw.sig error
01-01 00:00:11.998   208   208 I DUSS&63[        sys_p1_check_ver:2477]:: check version for wm220_0306_v03.02.44.07_20171116.pro.fw.sig
01-01 00:00:11.998   208   208 I DUSS&63[        sys_p1_check_ver:2524]:: skip module dev_id=0x3, dev_index=0x6 on dev 0, current gnd: add_uav=0, add_gls=0
01-01 00:00:11.998   208   208 E DUSS&63[sys_p1_check_compability: 234]:: check version for file wm220_0306_v03.02.44.07_20171116.pro.fw.sig error
01-01 00:00:11.998   208   208 I DUSS&63[        sys_p1_check_ver:2477]:: check version for wm220_1100_v01.00.07.32_20170726.pro.fw.sig
01-01 00:00:11.998   208   208 I DUSS&63[        sys_p1_check_ver:2524]:: skip module dev_id=0xb, dev_index=0x0 on dev 0, current gnd: add_uav=0, add_gls=0
01-01 00:00:11.998   208   208 E DUSS&63[sys_p1_check_compability: 234]:: check version for file wm220_1100_v01.00.07.32_20170726.pro.fw.sig error
01-01 00:00:11.998   208   208 I DUSS&63[        sys_p1_check_ver:2477]:: check version for wm220_0803_v00.00.04.09_20170728.pro.fw.sig
01-01 00:00:11.998   208   208 I DUSS&63[        sys_p1_check_ver:2524]:: skip module dev_id=0x8, dev_index=0x3 on dev 0, current gnd: add_uav=0, add_gls=0
01-01 00:00:11.998   208   208 E DUSS&63[sys_p1_check_compability: 234]:: check version for file wm220_0803_v00.00.04.09_20170728.pro.fw.sig error
01-01 00:00:11.998   208   208 I DUSS&63[        sys_p1_check_ver:2477]:: check version for wm220_0100_v02.08.56.68_20180122.pro.fw.sig
01-01 00:00:11.998   208   208 I DUSS&63[        sys_p1_check_ver:2524]:: skip module dev_id=0x1, dev_index=0x0 on dev 0, current gnd: add_uav=0, add_gls=0
01-01 00:00:11.998   208   208 E DUSS&63[sys_p1_check_compability: 234]:: check version for file wm220_0100_v02.08.56.68_20180122.pro.fw.sig error
01-01 00:00:11.998   208   208 I DUSS&63[        sys_p1_check_ver:2477]:: check version for wm220_0100_v02.10.05.19_20180122_ca02.pro.fw.sig
01-01 00:00:11.998   208   208 I DUSS&63[        sys_p1_check_ver:2524]:: skip module dev_id=0x1, dev_index=0x0 on dev 0, current gnd: add_uav=0, add_gls=0
01-01 00:00:11.998   208   208 E DUSS&63[sys_p1_check_compability: 234]:: check version for file wm220_0100_v02.10.05.19_20180122_ca02.pro.fw.sig error
01-01 00:00:11.999   208   208 I DUSS&63[        sys_p1_check_ver:2477]:: check version for wm220_0101_v02.10.05.19_20180122_ca02.pro.fw.sig
01-01 00:00:11.999   208   208 I DUSS&63[        sys_p1_check_ver:2524]:: skip module dev_id=0x1, dev_index=0x1 on dev 0, current gnd: add_uav=0, add_gls=0
01-01 00:00:11.999   208   208 E DUSS&63[sys_p1_check_compability: 234]:: check version for file wm220_0101_v02.10.05.19_20180122_ca02.pro.fw.sig error
01-01 00:00:11.999   208   208 I DUSS&63[        sys_p1_check_ver:2477]:: check version for wm220_0101_v02.08.56.68_20180122.pro.fw.sig
01-01 00:00:11.999   208   208 I DUSS&63[        sys_p1_check_ver:2524]:: skip module dev_id=0x1, dev_index=0x1 on dev 0, current gnd: add_uav=0, add_gls=0
01-01 00:00:11.999   208   208 E DUSS&63[sys_p1_check_compability: 234]:: check version for file wm220_0101_v02.08.56.68_20180122.pro.fw.sig error
01-01 00:00:11.999   208   208 I DUSS&63[        sys_p1_check_ver:2477]:: check version for wm220_0400_v01.50.12.10_20170809.pro.fw.sig
01-01 00:00:11.999   208   208 I DUSS&63[        sys_p1_check_ver:2524]:: skip module dev_id=0x4, dev_index=0x0 on dev 0, current gnd: add_uav=0, add_gls=0
01-01 00:00:11.999   208   208 E DUSS&63[sys_p1_check_compability: 234]:: check version for file wm220_0400_v01.50.12.10_20170809.pro.fw.sig error
01-01 00:00:11.999   208   208 I DUSS&63[        sys_p1_check_ver:2477]:: check version for wm220_0804_v01.00.00.11_20170828.pro.fw.sig
01-01 00:00:11.999   208   208 I DUSS&63[        sys_p1_check_ver:2524]:: skip module dev_id=0x8, dev_index=0x4 on dev 0, current gnd: add_uav=0, add_gls=0
01-01 00:00:11.999   208   208 E DUSS&63[sys_p1_check_compability: 234]:: check version for file wm220_0804_v01.00.00.11_20170828.pro.fw.sig error
01-01 00:00:11.999   208   208 I DUSS&63[        sys_p1_check_ver:2477]:: check version for wm220_0801_v01.06.00.35_20171228.pro.fw.sig
01-01 00:00:11.999   208   208 I DUSS&63[        sys_p1_check_ver:2524]:: skip module dev_id=0x8, dev_index=0x1 on dev 0, current gnd: add_uav=0, add_gls=0
01-01 00:00:11.999   208   208 E DUSS&63[sys_p1_check_compability: 234]:: check version for file wm220_0801_v01.06.00.35_20171228.pro.fw.sig error
01-01 00:00:11.999   208   208 I DUSS&63[        sys_p1_check_ver:2477]:: check version for wm220_1200_v01.01.00.71_20171122_es02.pro.fw.sig
01-01 00:00:11.999   208   208 I DUSS&63[        sys_p1_check_ver:2524]:: skip module dev_id=0xc, dev_index=0x0 on dev 0, current gnd: add_uav=0, add_gls=0
01-01 00:00:11.999   208   208 E DUSS&63[sys_p1_check_compability: 234]:: check version for file wm220_1200_v01.01.00.71_20171122_es02.pro.fw.sig error
01-01 00:00:11.999   208   208 I DUSS&63[        sys_p1_check_ver:2477]:: check version for wm220_1200_v01.10.00.00_20170731.pro.fw.sig
01-01 00:00:11.999   208   208 I DUSS&63[        sys_p1_check_ver:2524]:: skip module dev_id=0xc, dev_index=0x0 on dev 0, current gnd: add_uav=0, add_gls=0
01-01 00:00:11.999   208   208 E DUSS&63[sys_p1_check_compability: 234]:: check version for file wm220_1200_v01.10.00.00_20170731.pro.fw.sig error
01-01 00:00:11.999   208   208 I DUSS&63[        sys_p1_check_ver:2477]:: check version for wm220_1201_v01.10.00.00_20170731.pro.fw.sig
01-01 00:00:11.999   208   208 I DUSS&63[        sys_p1_check_ver:2524]:: skip module dev_id=0xc, dev_index=0x1 on dev 0, current gnd: add_uav=0, add_gls=0
01-01 00:00:11.999   208   208 E DUSS&63[sys_p1_check_compability: 234]:: check version for file wm220_1201_v01.10.00.00_20170731.pro.fw.sig error
01-01 00:00:11.999   208   208 I DUSS&63[        sys_p1_check_ver:2477]:: check version for wm220_1202_v01.10.00.00_20170731.pro.fw.sig
01-01 00:00:11.999   208   208 I DUSS&63[        sys_p1_check_ver:2524]:: skip module dev_id=0xc, dev_index=0x2 on dev 0, current gnd: add_uav=0, add_gls=0
01-01 00:00:11.999   208   208 E DUSS&63[sys_p1_check_compability: 234]:: check version for file wm220_1202_v01.10.00.00_20170731.pro.fw.sig error
01-01 00:00:11.999   208   208 I DUSS&63[        sys_p1_check_ver:2477]:: check version for wm220_1203_v01.10.00.00_20170731.pro.fw.sig
01-01 00:00:11.999   208   208 I DUSS&63[        sys_p1_check_ver:2524]:: skip module dev_id=0xc, dev_index=0x3 on dev 0, current gnd: add_uav=0, add_gls=0
01-01 00:00:11.999   208   208 E DUSS&63[sys_p1_check_compability: 234]:: check version for file wm220_1203_v01.10.00.00_20170731.pro.fw.sig error
01-01 00:00:11.999   208   208 I DUSS&63[        sys_p1_check_ver:2477]:: check version for wm220_0802_v01.01.00.02_20170729.pro.fw.sig
01-01 00:00:11.999   208   208 I DUSS&63[        sys_p1_check_ver:2524]:: skip module dev_id=0x8, dev_index=0x2 on dev 0, current gnd: add_uav=0, add_gls=0
01-01 00:00:11.999   208   208 E DUSS&63[sys_p1_check_compability: 234]:: check version for file wm220_0802_v01.01.00.02_20170729.pro.fw.sig error
01-01 00:00:11.999   208   208 I DUSS&63[        sys_p1_check_ver:2477]:: check version for wm220_0805_v01.03.00.99_20171121.pro.fw.sig
01-01 00:00:11.999   208   208 I DUSS&63[        sys_p1_check_ver:2524]:: skip module dev_id=0x8, dev_index=0x5 on dev 0, current gnd: add_uav=0, add_gls=0
01-01 00:00:11.999   208   208 E DUSS&63[sys_p1_check_compability: 234]:: check version for file wm220_0805_v01.03.00.99_20171121.pro.fw.sig error
01-01 00:00:11.999   208   208 I DUSS&63[        sys_p1_check_ver:2477]:: check version for wm220_1407_v47.26.02.18_20170801.pro.fw.sig
01-01 00:00:12.000   208   287 I DUSS&63[   sys_event_dev_ver_get: 257]:: from 0xa03, this_host=0xe07, dev_type=1, hw_str=WM220 RC
01-01 00:00:12.028   208   208 I DUSS&63[        sys_p1_check_ver:2592]:: 14:7: Same version.
01-01 00:00:12.028   208   208 I DUSS&63[        sys_p1_check_ver:2477]:: check version for wm220_0600_v00.00.01.28_20170727.pro.fw.sig
01-01 00:00:12.043   208   208 I DUSS&63[        sys_p1_check_ver:2592]:: 6:0: Same version.
01-01 00:00:12.043   208   208 I DUSS&63[        sys_p1_check_ver:2477]:: check version for wm220_1301_v01.06.00.35_20171228.pro.fw.sig
01-01 00:00:12.043   208   284 I DUSS&63[   sys_event_dev_ver_get: 257]:: from 0xa03, this_host=0xd01, dev_type=1, hw_str=WM220 RC
01-01 00:00:12.055   208   208 I DUSS&63[        sys_p1_check_ver:2592]:: 13:1: Same version.
01-01 00:00:12.055   208   208 I DUSS&63[        sys_p1_check_ver:2477]:: check version for wm220_2807_v47.26.02.18_20170801.pro.fw.sig
01-01 00:00:12.055   208   208 I DUSS&63[        sys_p1_check_ver:2524]:: skip module dev_id=0x1c, dev_index=0x7 on dev 2, current gnd: add_uav=0, add_gls=0
01-01 00:00:12.055   208   208 E DUSS&63[sys_p1_check_compability: 234]:: check version for file wm220_2807_v47.26.02.18_20170801.pro.fw.sig error
01-01 00:00:12.055   208   208 I DUSS&63[        sys_p1_check_ver:2477]:: check version for wm220_0601_v00.00.03.06_20170528.pro.fw.sig
01-01 00:00:12.055   208   208 I DUSS&63[        sys_p1_check_ver:2524]:: skip module dev_id=0x6, dev_index=0x1 on dev 2, current gnd: add_uav=0, add_gls=0
01-01 00:00:12.055   208   208 E DUSS&63[sys_p1_check_compability: 234]:: check version for file wm220_0601_v00.00.03.06_20170528.pro.fw.sig error
01-01 00:00:12.055   208   208 I DUSS&63[        sys_p1_check_ver:2477]:: check version for wm220_0603_v00.00.06.09_20170728.pro.fw.sig
01-01 00:00:12.055   208   208 I DUSS&63[        sys_p1_check_ver:2524]:: skip module dev_id=0x6, dev_index=0x3 on dev 2, current gnd: add_uav=0, add_gls=0
01-01 00:00:12.055   208   208 E DUSS&63[sys_p1_check_compability: 234]:: check version for file wm220_0603_v00.00.06.09_20170728.pro.fw.sig error
01-01 00:00:12.055   208   208 I DUSS&63[        sys_p1_check_ver:2477]:: check version for wm220_2801_v01.03.01.71_20180207.pro.fw.sig
01-01 00:00:12.056   208   208 I DUSS&63[        sys_p1_check_ver:2524]:: skip module dev_id=0x1c, dev_index=0x1 on dev 2, current gnd: add_uav=0, add_gls=0
01-01 00:00:12.056   208   208 E DUSS&63[sys_p1_check_compability: 234]:: check version for file wm220_2801_v01.03.01.71_20180207.pro.fw.sig error
01-01 00:00:12.056   208   208 I DUSS&63[        sys_p1_check_ver:2477]:: check version for wm220_2803_v00.00.03.08_20170302_cd02.pro.fw.sig
01-01 00:00:12.056   208   208 I DUSS&63[        sys_p1_check_ver:2524]:: skip module dev_id=0x1c, dev_index=0x3 on dev 2, current gnd: add_uav=0, add_gls=0
01-01 00:00:12.056   208   208 E DUSS&63[sys_p1_check_compability: 234]:: check version for file wm220_2803_v00.00.03.08_20170302_cd02.pro.fw.sig error
01-01 00:00:12.056   208   208 I DUSS&63[        sys_p1_check_ver:2477]:: check version for wm220_2803_v00.00.03.08_20170302_cd01.pro.fw.sig
01-01 00:00:12.056   208   208 I DUSS&63[        sys_p1_check_ver:2524]:: skip module dev_id=0x1c, dev_index=0x3 on dev 2, current gnd: add_uav=0, add_gls=0
01-01 00:00:12.056   208   208 E DUSS&63[sys_p1_check_compability: 234]:: check version for file wm220_2803_v00.00.03.08_20170302_cd01.pro.fw.sig error
01-01 00:00:12.056   208   208 I DUSS&63[        sys_p1_check_ver:2477]:: check version for wm220_2803_v00.00.04.08_20170828_cd03.pro.fw.sig
01-01 00:00:12.056   208   208 I DUSS&63[        sys_p1_check_ver:2524]:: skip module dev_id=0x1c, dev_index=0x3 on dev 2, current gnd: add_uav=0, add_gls=0
01-01 00:00:12.056   208   208 E DUSS&63[sys_p1_check_compability: 234]:: check version for file wm220_2803_v00.00.04.08_20170828_cd03.pro.fw.sig error
01-01 00:00:12.056   208   208 I DUSS&63[        sys_p1_check_ver:2477]:: check version for wm220_0905_v01.00.01.07_20170929.pro.fw.sig
01-01 00:00:12.056   208   208 I DUSS&63[        sys_p1_check_ver:2498]:: skip module for datacopy, dev_id=0x9, dev_index=0x5 
01-01 00:00:12.056   208   208 E DUSS&63[sys_p1_check_compability: 234]:: check version for file wm220_0905_v01.00.01.07_20170929.pro.fw.sig error
