01-01 00:00:12.056   208   208 I DUSS&63[sys_p1_check_compability: 252]:: after check *comptbl = 0, p1_first=0
01-01 00:00:12.056   208   208 I DUSS&63[        sys_version_scan: 194]:: found system compatible with the large package
01-01 00:00:12.056   208   208 I DUSS&63[            sys_mainloop: 266]:: version scan done.
01-01 00:00:48.024   206   458 W DUSS&63[       tcp_async_connect: 311]:: [sys]EINPROGRESS in connect() - selecting,addr=192.168.41.1
01-01 00:00:48.667   208   300 W DUSS&63[       tcp_async_connect: 311]:: [sys]EINPROGRESS in connect() - selecting,addr=192.168.41.3
01-01 00:00:48.671   208   298 W DUSS&63[       tcp_async_connect: 311]:: [sys]EINPROGRESS in connect() - selecting,addr=192.168.41.1
01-01 00:00:49.025   206   458 W DUSS&63[       tcp_async_connect: 334]:: [sys]Timeout in select() - Cancelling, addr=192.168.41.1
01-01 00:00:49.669   208   300 W DUSS&63[       tcp_async_connect: 334]:: [sys]Timeout in select() - Cancelling, addr=192.168.41.3
01-01 00:00:49.672   208   298 W DUSS&63[       tcp_async_connect: 334]:: [sys]Timeout in select() - Cancelling, addr=192.168.41.1
01-01 00:01:29.029   206   458 W DUSS&63[       tcp_async_connect: 311]:: [sys]EINPROGRESS in connect() - selecting,addr=192.168.41.1
01-01 00:01:29.675   208   300 W DUSS&63[       tcp_async_connect: 311]:: [sys]EINPROGRESS in connect() - selecting,addr=192.168.41.3
01-01 00:01:29.678   208   298 W DUSS&63[       tcp_async_connect: 311]:: [sys]EINPROGRESS in connect() - selecting,addr=192.168.41.1
01-01 00:01:30.030   206   458 W DUSS&63[       tcp_async_connect: 334]:: [sys]Timeout in select() - Cancelling, addr=192.168.41.1
01-01 00:01:30.676   208   300 W DUSS&63[       tcp_async_connect: 334]:: [sys]Timeout in select() - Cancelling, addr=192.168.41.3
01-01 00:01:30.679   208   298 W DUSS&63[       tcp_async_connect: 334]:: [sys]Timeout in select() - Cancelling, addr=192.168.41.1
01-01 00:01:49.582   208   284 I DUSS&63[        sys_event_reboot:1401]:: receive reboot from 0x600, this_host=0xd01
01-01 00:01:49.582   208   284 I DUSS&63[        sys_event_reboot:1407]:: Get reboot callback. .
01-01 00:01:49.582   208   284 I DUSS&63[           sys_p1_reboot:4879]:: Request power/boot 2 after 2000 ms from 0x600
01-01 00:01:51.621   208   284 I DUSS&63[           sys_p1_reboot:4956]:: going to reboot/poweroff/powersave... reboot_type 2 reboot_mode 0
===/data/dji/log is already a link===
===/data/dji/blackbox is already a link===


!!!new file start!!!

01-01 00:00:04.550   218   218 I DUSS&63[                    main: 657]:: dji_sys run as dev_type 1, duss_sketch_initialize done...
01-01 00:00:04.555   218   218 I DUSS&63[sys_load_config_from_jso: 154]:: Get the hw_str WM220 RC
01-01 00:00:04.555   218   218 W DUSS&63[sys_load_config_from_jso: 160]:: Can't find platform:system_init domain! Call default routing...
01-01 00:00:04.556   218   218 I DUSS&63[         sys_load_config: 488]:: platform dev_info: WM220 1860RC
01-01 00:00:04.572   218   218 I DUSS&63[sys_check_boot_mode_norm: 333]:: Set system mode to NORMAL.
01-01 00:00:04.607   218   218 I DUSS&63[sys_up_load_general_stat: 203]:: get option_value wm220 for package_id
01-01 00:00:04.607   218   218 I DUSS&63[sys_up_load_general_stat: 204]:: updated package_str wm220
01-01 00:00:04.607   218   218 I DUSS&63[sys_up_load_general_stat: 211]:: get package_ver 1.4.300
01-01 00:00:04.607   218   218 I DUSS&63[sys_up_load_general_stat: 211]:: 
01-01 00:00:04.607   218   218 I DUSS&63[sys_up_load_general_stat: 215]:: updated package_ver 1.4.300
01-01 00:00:04.607   218   218 I DUSS&63[sys_up_load_general_stat: 222]:: get package_uav_cnt 20
01-01 00:00:04.607   218   218 I DUSS&63[sys_up_load_general_stat: 222]:: 
01-01 00:00:04.607   218   218 I DUSS&63[sys_up_load_general_stat: 224]:: updated package_uav_cnt 20
01-01 00:00:04.607   218   218 I DUSS&63[sys_up_load_general_stat: 231]:: get package_gnd_cnt 3
01-01 00:00:04.607   218   218 I DUSS&63[sys_up_load_general_stat: 231]:: 
01-01 00:00:04.607   218   218 I DUSS&63[sys_up_load_general_stat: 233]:: updated package_gnd_cnt 3
01-01 00:00:04.607   218   218 I DUSS&63[sys_up_load_general_stat: 240]:: get package_gls_cnt 7
01-01 00:00:04.607   218   218 I DUSS&63[sys_up_load_general_stat: 240]:: 
01-01 00:00:04.607   218   218 I DUSS&63[sys_up_load_general_stat: 242]:: updated package_gls_cnt 7
01-01 00:00:04.607   218   218 W DUSS&63[sys_up_load_general_stat: 251]:: can not get option_value for wm22x_type, use wm220 by default
01-01 00:00:04.607   218   218 I DUSS&63[sys_up_load_upgrade_stat: 275]:: file /cache/upgrade_status not exist, return directly
01-01 00:00:04.612   218   218 I DUSS&63[sys_upgrade_check_status:5119]:: didn't save upgrade_retry in last boot
01-01 00:00:04.612   218   218 I DUSS&63[sys_upgrade_check_status:5145]:: non need to push upgrade status, set upgrade status to idle.
01-01 00:00:04.732   218   218 I DUSS&63[            sys_pre_init: 534]:: this is production board
01-01 00:00:04.777   218   218 I DUSS&63[      wl_prot_tcp_create: 404]:: [sys]open_type=0, local_port=0, remote_ip=192.168.41.1, remote_port=22350, l_ctx=0xb71d5e48 
01-01 00:00:04.778   218   218 I DUSS&63[      wl_prot_tcp_create: 467]:: [sys]first connect failed, err=Network is unreachable
01-01 00:00:04.778   218   218 I DUSS&63[      wl_prot_tcp_create: 500]:: [sys]create tcp channel success, l_ctx=0xb71d5e48
01-01 00:00:04.778   218   305 I DUSS&63[      tcp_connect_thread: 139]:: [sys]start to connect, fd=17
01-01 00:00:04.778   218   305 I DUSS&63[      tcp_connect_thread: 143]:: [sys]WL TCP State change to connecting
01-01 00:00:04.779   218   218 I DUSS&63[      wl_prot_tcp_create: 404]:: [sys]open_type=0, local_port=0, remote_ip=192.168.41.3, remote_port=22351, l_ctx=0xb71d6fe8 
01-01 00:00:04.780   218   218 I DUSS&63[      wl_prot_tcp_create: 467]:: [sys]first connect failed, err=Network is unreachable
01-01 00:00:04.780   218   218 I DUSS&63[      wl_prot_tcp_create: 500]:: [sys]create tcp channel success, l_ctx=0xb71d6fe8
01-01 00:00:04.780   218   307 I DUSS&63[      tcp_connect_thread: 139]:: [sys]start to connect, fd=18
01-01 00:00:04.780   218   307 I DUSS&63[      tcp_connect_thread: 143]:: [sys]WL TCP State change to connecting
01-01 00:00:04.781   218   218 I DUSS&63[        sys_events_start:  96]:: aging_test_mode=0, system_mode=0
01-01 00:00:04.782   218   311 I DUSS&63[sys_up_status_push_threa: 863]:: pushing thread start, stop_pushing=1, push_status=0
01-01 00:00:04.782   218   218 I DUSS&63[       sys_check_pc_conn: 300]:: For pc connection, usb state is DISCONNECTED
01-01 00:00:04.782   218   218 I DUSS&63[           sys_post_init: 565]:: conn_pc=0 when init
01-01 00:00:04.782   218   218 E DUSS&63[sys_event_pc_through_rc_:1196]:: Find route item to pc by wl channel fail: -1001
01-01 00:00:04.782   218   218 I DUSS&63[sys_flight_data_do_first: 627]:: gnd, need to check whether to send nfz.db to uav
01-01 00:00:04.784   218   218 I DUSS&63[sys_flight_data_send_to_: 519]:: nfz already sent before already exist, return directly!
01-01 00:00:04.797   218   218 I DUSS&63[        sys_version_scan: 130]:: Got signed cfg file /data/upgrade/backup/01.04.0300.cfg.sig
01-01 00:00:04.845   218   218 I DUSS&63[        sys_version_scan: 144]:: unsign the backup cfg file.
01-01 00:00:04.892   218   218 I DUSS&63[       sys_p1_unsign_img:1829]:: verify results: passed to verify image /data/upgrade/backup/01.04.0300.cfg.sig
01-01 00:00:04.893   218   218 I DUSS&63[       sys_p1_unsign_img:1837]:: dji_verify -n 0000 -o /tmp/wm330_0000.xml /data/upgrade/backup/01.04.0300.cfg.sig exit status 0, return 0
01-01 00:00:04.893   218   218 I DUSS&63[       sys_p1_unsign_img:1845]:: dji_verify -n 0000 -o /tmp/wm330_0000.xml /data/upgrade/backup/01.04.0300.cfg.sig success.
01-01 00:00:04.893   218   218 I DUSS&63[        sys_version_scan: 154]:: check the system compability..
01-01 00:00:04.893   218   218 I DUSS&63[  need_check_compability:  89]:: will send revert SYS_SELF_DEF_CMD_NEED_CHK_COMP to id=8, index=1
01-01 00:00:04.893   218   218 I DUSS&63[  need_check_compability: 109]:: dev_type=1, dev_id=wm220, pack_ver=1.4.300
01-01 00:00:06.633   218   313 E DUSS&63[find_and_kill_all_udhcpd: 457]:: pid 168's cmdline: busybox udhcpd
01-01 00:00:06.633   218   313 E DUSS&63[find_and_kill_all_udhcpd: 460]:: execute busybox kill 168
01-01 00:00:06.641   218   313 E DUSS&63[find_and_kill_all_udhcpd: 457]:: pid 169's cmdline: busybox tcpsvd
01-01 00:00:06.642   218   313 I DUSS&63[ handle_dji_device_event: 284]:: kill udhcpd service (busybox)
01-01 00:00:06.894   218   218 E DUSS&63[  need_check_compability: 118]:: can not get response from 0x801, result=-1002, retry_count=0
01-01 00:00:06.991   216   216 I DUSS&63[      wl_prot_tcp_create: 404]:: [sys]open_type=0, local_port=0, remote_ip=192.168.41.1, remote_port=22352, l_ctx=0xb71dd050 
01-01 00:00:06.991   216   216 I DUSS&63[      wl_prot_tcp_create: 467]:: [sys]first connect failed, err=Network is unreachable
01-01 00:00:06.991   216   216 I DUSS&63[      wl_prot_tcp_create: 500]:: [sys]create tcp channel success, l_ctx=0xb71dd050
01-01 00:00:06.991   216   451 I DUSS&63[      tcp_connect_thread: 139]:: [sys]start to connect, fd=49
01-01 00:00:06.991   216   451 I DUSS&63[      tcp_connect_thread: 143]:: [sys]WL TCP State change to connecting
01-01 00:00:07.779   218   305 W DUSS&63[       tcp_async_connect: 311]:: [sys]EINPROGRESS in connect() - selecting,addr=192.168.41.1
01-01 00:00:07.780   218   307 W DUSS&63[       tcp_async_connect: 311]:: [sys]EINPROGRESS in connect() - selecting,addr=192.168.41.3
01-01 00:00:07.991   216   451 W DUSS&63[       tcp_async_connect: 311]:: [sys]EINPROGRESS in connect() - selecting,addr=192.168.41.1
01-01 00:00:08.780   218   305 W DUSS&63[       tcp_async_connect: 334]:: [sys]Timeout in select() - Cancelling, addr=192.168.41.1
01-01 00:00:08.781   218   307 W DUSS&63[       tcp_async_connect: 334]:: [sys]Timeout in select() - Cancelling, addr=192.168.41.3
01-01 00:00:08.992   216   451 W DUSS&63[       tcp_async_connect: 334]:: [sys]Timeout in select() - Cancelling, addr=192.168.41.1
01-01 00:00:08.994   218   218 E DUSS&63[  need_check_compability: 118]:: can not get response from 0x801, result=-1002, retry_count=1
01-01 00:00:08.994   218   218 I DUSS&63[sys_need_check_compabili: 167]:: on gnd, *add_uav=0
01-01 00:00:08.994   218   218 I DUSS&63[  need_check_compability:  89]:: will send revert SYS_SELF_DEF_CMD_NEED_CHK_COMP to id=28, index=1
01-01 00:00:08.994   218   218 I DUSS&63[  need_check_compability: 109]:: dev_type=1, dev_id=wm220, pack_ver=1.4.300
01-01 00:00:10.995   218   218 E DUSS&63[  need_check_compability: 118]:: can not get response from 0x1c01, result=-1002, retry_count=0
01-01 00:00:11.023   218   285 I DUSS&63[sys_event_query_device_i:4792]:: CMD_QUERY_DEVICE_INFO WM220 1860RC Dec 28 2017|16:11:56
01-01 00:00:11.037   218   297 I DUSS&63[   sys_event_dev_ver_get: 289]:: DUSS_MB_HOST_ALL ver WM220 RC Ver.A, package ver 1.4.300, Production=1
01-01 00:00:11.653   218   285 I DUSS&63[ sys_common_get_cfg_file:1340]:: +++request file from 0x200: req type 1, off 0, len -1
01-01 00:00:11.653   218   285 I DUSS&63[           _get_cfg_file:1270]:: +++request cfg file /data/upgrade/wm330_0000.cfg.sig
01-01 00:00:11.655   218   285 I DUSS&63[ sys_common_get_cfg_file:1374]:: get cfg/log file from 0x200: req type 1, off 0, len 980; ack aclen 980, leftlen 5356, ret=0
01-01 00:00:12.013   218   285 I DUSS&63[ sys_common_get_cfg_file:1374]:: get cfg/log file from 0x200: req type 1, off 980, len 980; ack aclen 980, leftlen 4376, ret=0
01-01 00:00:12.018   218   285 I DUSS&63[sys_event_query_device_i:4792]:: CMD_QUERY_DEVICE_INFO WM220 1860RC Dec 28 2017|16:11:56
01-01 00:00:12.029   218   297 I DUSS&63[   sys_event_dev_ver_get: 289]:: DUSS_MB_HOST_ALL ver WM220 RC Ver.A, package ver 1.4.300, Production=1
01-01 00:00:12.076   218   297 I DUSS&63[   sys_event_dev_ver_get: 289]:: DUSS_MB_HOST_ALL ver WM220 RC Ver.A, package ver 1.4.300, Production=1
01-01 00:00:12.352   218   285 I DUSS&63[ sys_common_get_cfg_file:1374]:: get cfg/log file from 0x200: req type 1, off 1960, len 980; ack aclen 980, leftlen 3396, ret=0
01-01 00:00:12.387   218   285 I DUSS&63[ sys_common_get_cfg_file:1374]:: get cfg/log file from 0x200: req type 1, off 2940, len 980; ack aclen 980, leftlen 2416, ret=0
01-01 00:00:12.493   218   285 I DUSS&63[ sys_common_get_cfg_file:1374]:: get cfg/log file from 0x200: req type 1, off 3920, len 980; ack aclen 980, leftlen 1436, ret=0
01-01 00:00:12.507   218   285 I DUSS&63[ sys_common_get_cfg_file:1374]:: get cfg/log file from 0x200: req type 1, off 4900, len 980; ack aclen 980, leftlen 456, ret=0
01-01 00:00:12.518   218   285 I DUSS&63[ sys_common_get_cfg_file:1374]:: get cfg/log file from 0x200: req type 1, off 5880, len 980; ack aclen 456, leftlen 0, ret=0
01-01 00:00:12.539   218   285 I DUSS&63[ sys_common_get_cfg_file:1340]:: +++request file from 0x200: req type 1, off 0, len -1
01-01 00:00:12.539   218   285 I DUSS&63[           _get_cfg_file:1270]:: +++request cfg file /data/upgrade/wm330_0000.cfg.sig
01-01 00:00:12.540   218   285 I DUSS&63[ sys_common_get_cfg_file:1374]:: get cfg/log file from 0x200: req type 1, off 0, len 980; ack aclen 980, leftlen 5356, ret=0
01-01 00:00:12.577   218   285 I DUSS&63[ sys_common_get_cfg_file:1374]:: get cfg/log file from 0x200: req type 1, off 980, len 980; ack aclen 980, leftlen 4376, ret=0
01-01 00:00:12.608   218   285 I DUSS&63[ sys_common_get_cfg_file:1374]:: get cfg/log file from 0x200: req type 1, off 1960, len 980; ack aclen 980, leftlen 3396, ret=0
01-01 00:00:12.615   218   285 I DUSS&63[ sys_common_get_cfg_file:1374]:: get cfg/log file from 0x200: req type 1, off 2940, len 980; ack aclen 980, leftlen 2416, ret=0
01-01 00:00:12.622   218   285 I DUSS&63[ sys_common_get_cfg_file:1374]:: get cfg/log file from 0x200: req type 1, off 3920, len 980; ack aclen 980, leftlen 1436, ret=0
01-01 00:00:12.625   218   285 I DUSS&63[ sys_common_get_cfg_file:1374]:: get cfg/log file from 0x200: req type 1, off 4900, len 980; ack aclen 980, leftlen 456, ret=0
01-01 00:00:12.627   218   285 I DUSS&63[ sys_common_get_cfg_file:1374]:: get cfg/log file from 0x200: req type 1, off 5880, len 980; ack aclen 456, leftlen 0, ret=0
01-01 00:00:13.097   218   218 E DUSS&63[  need_check_compability: 118]:: can not get response from 0x1c01, result=-1002, retry_count=1
01-01 00:00:13.097   218   218 I DUSS&63[sys_need_check_compabili: 177]:: on gnd, *add_gls=0
01-01 00:00:13.101   218   218 I DUSS&63[sys_p1_check_compability: 196]:: get device_id wm220 from xml
01-01 00:00:13.101   218   218 I DUSS&63[sys_p1_check_compability: 210]:: get last updated package version  Major=1, minor=4, build=300
01-01 00:00:13.101   218   218 I DUSS&63[        sys_p1_check_ver:2477]:: check version for wm220_0907_v47.26.02.18_20170801.pro.fw.sig
01-01 00:00:13.101   218   218 I DUSS&63[        sys_p1_check_ver:2524]:: skip module dev_id=0x9, dev_index=0x7 on dev 0, current gnd: add_uav=0, add_gls=0
01-01 00:00:13.101   218   218 E DUSS&63[sys_p1_check_compability: 234]:: check version for file wm220_0907_v47.26.02.18_20170801.pro.fw.sig error
01-01 00:00:13.101   218   218 I DUSS&63[        sys_p1_check_ver:2477]:: check version for wm220_0305_v34.04.00.24_20170726.pro.fw.sig
01-01 00:00:13.101   218   218 I DUSS&63[        sys_p1_check_ver:2524]:: skip module dev_id=0x3, dev_index=0x5 on dev 0, current gnd: add_uav=0, add_gls=0
01-01 00:00:13.101   218   218 E DUSS&63[sys_p1_check_compability: 234]:: check version for file wm220_0305_v34.04.00.24_20170726.pro.fw.sig error
01-01 00:00:13.101   218   218 I DUSS&63[        sys_p1_check_ver:2477]:: check version for wm220_0306_v03.02.44.07_20171116.pro.fw.sig
01-01 00:00:13.101   218   218 I DUSS&63[        sys_p1_check_ver:2524]:: skip module dev_id=0x3, dev_index=0x6 on dev 0, current gnd: add_uav=0, add_gls=0
01-01 00:00:13.102   218   218 E DUSS&63[sys_p1_check_compability: 234]:: check version for file wm220_0306_v03.02.44.07_20171116.pro.fw.sig error
01-01 00:00:13.102   218   218 I DUSS&63[        sys_p1_check_ver:2477]:: check version for wm220_1100_v01.00.07.32_20170726.pro.fw.sig
01-01 00:00:13.102   218   218 I DUSS&63[        sys_p1_check_ver:2524]:: skip module dev_id=0xb, dev_index=0x0 on dev 0, current gnd: add_uav=0, add_gls=0
01-01 00:00:13.102   218   218 E DUSS&63[sys_p1_check_compability: 234]:: check version for file wm220_1100_v01.00.07.32_20170726.pro.fw.sig error
01-01 00:00:13.102   218   218 I DUSS&63[        sys_p1_check_ver:2477]:: check version for wm220_0803_v00.00.04.09_20170728.pro.fw.sig
01-01 00:00:13.102   218   218 I DUSS&63[        sys_p1_check_ver:2524]:: skip module dev_id=0x8, dev_index=0x3 on dev 0, current gnd: add_uav=0, add_gls=0
01-01 00:00:13.102   218   218 E DUSS&63[sys_p1_check_compability: 234]:: check version for file wm220_0803_v00.00.04.09_20170728.pro.fw.sig error
01-01 00:00:13.102   218   218 I DUSS&63[        sys_p1_check_ver:2477]:: check version for wm220_0100_v02.08.56.68_20180122.pro.fw.sig
01-01 00:00:13.102   218   218 I DUSS&63[        sys_p1_check_ver:2524]:: skip module dev_id=0x1, dev_index=0x0 on dev 0, current gnd: add_uav=0, add_gls=0
01-01 00:00:13.102   218   218 E DUSS&63[sys_p1_check_compability: 234]:: check version for file wm220_0100_v02.08.56.68_20180122.pro.fw.sig error
01-01 00:00:13.102   218   218 I DUSS&63[        sys_p1_check_ver:2477]:: check version for wm220_0100_v02.10.05.19_20180122_ca02.pro.fw.sig
01-01 00:00:13.102   218   218 I DUSS&63[        sys_p1_check_ver:2524]:: skip module dev_id=0x1, dev_index=0x0 on dev 0, current gnd: add_uav=0, add_gls=0
01-01 00:00:13.103   218   297 I DUSS&63[   sys_event_dev_ver_get: 289]:: DUSS_MB_HOST_ALL ver WM220 RC Ver.A, package ver 1.4.300, Production=1
01-01 00:00:13.103   218   218 E DUSS&63[sys_p1_check_compability: 234]:: check version for file wm220_0100_v02.10.05.19_20180122_ca02.pro.fw.sig error
01-01 00:00:13.103   218   218 I DUSS&63[        sys_p1_check_ver:2477]:: check version for wm220_0101_v02.10.05.19_20180122_ca02.pro.fw.sig
01-01 00:00:13.103   218   218 I DUSS&63[        sys_p1_check_ver:2524]:: skip module dev_id=0x1, dev_index=0x1 on dev 0, current gnd: add_uav=0, add_gls=0
01-01 00:00:13.103   218   218 E DUSS&63[sys_p1_check_compability: 234]:: check version for file wm220_0101_v02.10.05.19_20180122_ca02.pro.fw.sig error
01-01 00:00:13.103   218   218 I DUSS&63[        sys_p1_check_ver:2477]:: check version for wm220_0101_v02.08.56.68_20180122.pro.fw.sig
01-01 00:00:13.103   218   218 I DUSS&63[        sys_p1_check_ver:2524]:: skip module dev_id=0x1, dev_index=0x1 on dev 0, current gnd: add_uav=0, add_gls=0
01-01 00:00:13.103   218   218 E DUSS&63[sys_p1_check_compability: 234]:: check version for file wm220_0101_v02.08.56.68_20180122.pro.fw.sig error
01-01 00:00:13.103   218   218 I DUSS&63[        sys_p1_check_ver:2477]:: check version for wm220_0400_v01.50.12.10_20170809.pro.fw.sig
01-01 00:00:13.103   218   218 I DUSS&63[        sys_p1_check_ver:2524]:: skip module dev_id=0x4, dev_index=0x0 on dev 0, current gnd: add_uav=0, add_gls=0
01-01 00:00:13.103   218   218 E DUSS&63[sys_p1_check_compability: 234]:: check version for file wm220_0400_v01.50.12.10_20170809.pro.fw.sig error
01-01 00:00:13.104   218   218 I DUSS&63[        sys_p1_check_ver:2477]:: check version for wm220_0804_v01.00.00.11_20170828.pro.fw.sig
01-01 00:00:13.104   218   218 I DUSS&63[        sys_p1_check_ver:2524]:: skip module dev_id=0x8, dev_index=0x4 on dev 0, current gnd: add_uav=0, add_gls=0
01-01 00:00:13.104   218   218 E DUSS&63[sys_p1_check_compability: 234]:: check version for file wm220_0804_v01.00.00.11_20170828.pro.fw.sig error
01-01 00:00:13.104   218   218 I DUSS&63[        sys_p1_check_ver:2477]:: check version for wm220_0801_v01.06.00.35_20171228.pro.fw.sig
01-01 00:00:13.104   218   218 I DUSS&63[        sys_p1_check_ver:2524]:: skip module dev_id=0x8, dev_index=0x1 on dev 0, current gnd: add_uav=0, add_gls=0
01-01 00:00:13.104   218   218 E DUSS&63[sys_p1_check_compability: 234]:: check version for file wm220_0801_v01.06.00.35_20171228.pro.fw.sig error
01-01 00:00:13.104   218   218 I DUSS&63[        sys_p1_check_ver:2477]:: check version for wm220_1200_v01.01.00.71_20171122_es02.pro.fw.sig
01-01 00:00:13.104   218   218 I DUSS&63[        sys_p1_check_ver:2524]:: skip module dev_id=0xc, dev_index=0x0 on dev 0, current gnd: add_uav=0, add_gls=0
01-01 00:00:13.104   218   218 E DUSS&63[sys_p1_check_compability: 234]:: check version for file wm220_1200_v01.01.00.71_20171122_es02.pro.fw.sig error
01-01 00:00:13.105   218   218 I DUSS&63[        sys_p1_check_ver:2477]:: check version for wm220_1200_v01.10.00.00_20170731.pro.fw.sig
01-01 00:00:13.105   218   218 I DUSS&63[        sys_p1_check_ver:2524]:: skip module dev_id=0xc, dev_index=0x0 on dev 0, current gnd: add_uav=0, add_gls=0
01-01 00:00:13.105   218   218 E DUSS&63[sys_p1_check_compability: 234]:: check version for file wm220_1200_v01.10.00.00_20170731.pro.fw.sig error
01-01 00:00:13.105   218   218 I DUSS&63[        sys_p1_check_ver:2477]:: check version for wm220_1201_v01.10.00.00_20170731.pro.fw.sig
01-01 00:00:13.105   218   218 I DUSS&63[        sys_p1_check_ver:2524]:: skip module dev_id=0xc, dev_index=0x1 on dev 0, current gnd: add_uav=0, add_gls=0
01-01 00:00:13.105   218   218 E DUSS&63[sys_p1_check_compability: 234]:: check version for file wm220_1201_v01.10.00.00_20170731.pro.fw.sig error
01-01 00:00:13.105   218   218 I DUSS&63[        sys_p1_check_ver:2477]:: check version for wm220_1202_v01.10.00.00_20170731.pro.fw.sig
01-01 00:00:13.105   218   218 I DUSS&63[        sys_p1_check_ver:2524]:: skip module dev_id=0xc, dev_index=0x2 on dev 0, current gnd: add_uav=0, add_gls=0
01-01 00:00:13.105   218   218 E DUSS&63[sys_p1_check_compability: 234]:: check version for file wm220_1202_v01.10.00.00_20170731.pro.fw.sig error
01-01 00:00:13.105   218   218 I DUSS&63[        sys_p1_check_ver:2477]:: check version for wm220_1203_v01.10.00.00_20170731.pro.fw.sig
01-01 00:00:13.105   218   218 I DUSS&63[        sys_p1_check_ver:2524]:: skip module dev_id=0xc, dev_index=0x3 on dev 0, current gnd: add_uav=0, add_gls=0
01-01 00:00:13.106   218   218 E DUSS&63[sys_p1_check_compability: 234]:: check version for file wm220_1203_v01.10.00.00_20170731.pro.fw.sig error
01-01 00:00:13.106   218   218 I DUSS&63[        sys_p1_check_ver:2477]:: check version for wm220_0802_v01.01.00.02_20170729.pro.fw.sig
01-01 00:00:13.106   218   218 I DUSS&63[        sys_p1_check_ver:2524]:: skip module dev_id=0x8, dev_index=0x2 on dev 0, current gnd: add_uav=0, add_gls=0
01-01 00:00:13.106   218   218 E DUSS&63[sys_p1_check_compability: 234]:: check version for file wm220_0802_v01.01.00.02_20170729.pro.fw.sig error
01-01 00:00:13.106   218   218 I DUSS&63[        sys_p1_check_ver:2477]:: check version for wm220_0805_v01.03.00.99_20171121.pro.fw.sig
01-01 00:00:13.106   218   218 I DUSS&63[        sys_p1_check_ver:2524]:: skip module dev_id=0x8, dev_index=0x5 on dev 0, current gnd: add_uav=0, add_gls=0
01-01 00:00:13.106   218   218 E DUSS&63[sys_p1_check_compability: 234]:: check version for file wm220_0805_v01.03.00.99_20171121.pro.fw.sig error
01-01 00:00:13.106   218   218 I DUSS&63[        sys_p1_check_ver:2477]:: check version for wm220_1407_v47.26.02.18_20170801.pro.fw.sig
01-01 00:00:13.107   218   289 I DUSS&63[   sys_event_dev_ver_get: 257]:: from 0xa03, this_host=0xe07, dev_type=1, hw_str=WM220 RC
01-01 00:00:13.141   218   218 I DUSS&63[        sys_p1_check_ver:2592]:: 14:7: Same version.
01-01 00:00:13.141   218   218 I DUSS&63[        sys_p1_check_ver:2477]:: check version for wm220_0600_v00.00.01.28_20170727.pro.fw.sig
01-01 00:00:13.153   218   218 I DUSS&63[        sys_p1_check_ver:2592]:: 6:0: Same version.
01-01 00:00:13.153   218   218 I DUSS&63[        sys_p1_check_ver:2477]:: check version for wm220_1301_v01.06.00.35_20171228.pro.fw.sig
01-01 00:00:13.153   218   285 I DUSS&63[   sys_event_dev_ver_get: 257]:: from 0xa03, this_host=0xd01, dev_type=1, hw_str=WM220 RC
01-01 00:00:13.165   218   218 I DUSS&63[        sys_p1_check_ver:2592]:: 13:1: Same version.
01-01 00:00:13.165   218   218 I DUSS&63[        sys_p1_check_ver:2477]:: check version for wm220_2807_v47.26.02.18_20170801.pro.fw.sig
01-01 00:00:13.165   218   218 I DUSS&63[        sys_p1_check_ver:2524]:: skip module dev_id=0x1c, dev_index=0x7 on dev 2, current gnd: add_uav=0, add_gls=0
01-01 00:00:13.165   218   218 E DUSS&63[sys_p1_check_compability: 234]:: check version for file wm220_2807_v47.26.02.18_20170801.pro.fw.sig error
01-01 00:00:13.165   218   218 I DUSS&63[        sys_p1_check_ver:2477]:: check version for wm220_0601_v00.00.03.06_20170528.pro.fw.sig
01-01 00:00:13.166   218   218 I DUSS&63[        sys_p1_check_ver:2524]:: skip module dev_id=0x6, dev_index=0x1 on dev 2, current gnd: add_uav=0, add_gls=0
01-01 00:00:13.166   218   218 E DUSS&63[sys_p1_check_compability: 234]:: check version for file wm220_0601_v00.00.03.06_20170528.pro.fw.sig error
01-01 00:00:13.166   218   218 I DUSS&63[        sys_p1_check_ver:2477]:: check version for wm220_0603_v00.00.06.09_20170728.pro.fw.sig
01-01 00:00:13.166   218   218 I DUSS&63[        sys_p1_check_ver:2524]:: skip module dev_id=0x6, dev_index=0x3 on dev 2, current gnd: add_uav=0, add_gls=0
01-01 00:00:13.166   218   218 E DUSS&63[sys_p1_check_compability: 234]:: check version for file wm220_0603_v00.00.06.09_20170728.pro.fw.sig error
01-01 00:00:13.166   218   218 I DUSS&63[        sys_p1_check_ver:2477]:: check version for wm220_2801_v01.03.01.71_20180207.pro.fw.sig
01-01 00:00:13.166   218   218 I DUSS&63[        sys_p1_check_ver:2524]:: skip module dev_id=0x1c, dev_index=0x1 on dev 2, current gnd: add_uav=0, add_gls=0
01-01 00:00:13.166   218   218 E DUSS&63[sys_p1_check_compability: 234]:: check version for file wm220_2801_v01.03.01.71_20180207.pro.fw.sig error
01-01 00:00:13.166   218   218 I DUSS&63[        sys_p1_check_ver:2477]:: check version for wm220_2803_v00.00.03.08_20170302_cd02.pro.fw.sig
01-01 00:00:13.166   218   218 I DUSS&63[        sys_p1_check_ver:2524]:: skip module dev_id=0x1c, dev_index=0x3 on dev 2, current gnd: add_uav=0, add_gls=0
01-01 00:00:13.166   218   218 E DUSS&63[sys_p1_check_compability: 234]:: check version for file wm220_2803_v00.00.03.08_20170302_cd02.pro.fw.sig error
01-01 00:00:13.166   218   218 I DUSS&63[        sys_p1_check_ver:2477]:: check version for wm220_2803_v00.00.03.08_20170302_cd01.pro.fw.sig
01-01 00:00:13.166   218   218 I DUSS&63[        sys_p1_check_ver:2524]:: skip module dev_id=0x1c, dev_index=0x3 on dev 2, current gnd: add_uav=0, add_gls=0
01-01 00:00:13.166   218   218 E DUSS&63[sys_p1_check_compability: 234]:: check version for file wm220_2803_v00.00.03.08_20170302_cd01.pro.fw.sig error
01-01 00:00:13.166   218   218 I DUSS&63[        sys_p1_check_ver:2477]:: check version for wm220_2803_v00.00.04.08_20170828_cd03.pro.fw.sig
01-01 00:00:13.166   218   218 I DUSS&63[        sys_p1_check_ver:2524]:: skip module dev_id=0x1c, dev_index=0x3 on dev 2, current gnd: add_uav=0, add_gls=0
01-01 00:00:13.166   218   218 E DUSS&63[sys_p1_check_compability: 234]:: check version for file wm220_2803_v00.00.04.08_20170828_cd03.pro.fw.sig error
01-01 00:00:13.166   218   218 I DUSS&63[        sys_p1_check_ver:2477]:: check version for wm220_0905_v01.00.01.07_20170929.pro.fw.sig
01-01 00:00:13.166   218   218 I DUSS&63[        sys_p1_check_ver:2498]:: skip module for datacopy, dev_id=0x9, dev_index=0x5 
01-01 00:00:13.166   218   218 E DUSS&63[sys_p1_check_compability: 234]:: check version for file wm220_0905_v01.00.01.07_20170929.pro.fw.sig error
01-01 00:00:13.166   218   218 I DUSS&63[sys_p1_check_compability: 252]:: after check *comptbl = 0, p1_first=0
01-01 00:00:13.167   218   218 I DUSS&63[        sys_version_scan: 194]:: found system compatible with the large package
01-01 00:00:13.167   218   218 I DUSS&63[            sys_mainloop: 266]:: version scan done.
01-01 00:00:14.457   218   285 I DUSS&63[ sys_common_get_cfg_file:1340]:: +++request file from 0x200: req type 1, off 0, len -1
01-01 00:00:14.457   218   285 I DUSS&63[           _get_cfg_file:1270]:: +++request cfg file /data/upgrade/wm330_0000.cfg.sig
01-01 00:00:14.458   218   285 I DUSS&63[ sys_common_get_cfg_file:1374]:: get cfg/log file from 0x200: req type 1, off 0, len 980; ack aclen 980, leftlen 5356, ret=0
01-01 00:00:14.467   218   285 I DUSS&63[ sys_common_get_cfg_file:1374]:: get cfg/log file from 0x200: req type 1, off 980, len 980; ack aclen 980, leftlen 4376, ret=0
01-01 00:00:14.565   218   285 I DUSS&63[ sys_common_get_cfg_file:1374]:: get cfg/log file from 0x200: req type 1, off 1960, len 980; ack aclen 980, leftlen 3396, ret=0
01-01 00:00:14.605   218   285 I DUSS&63[ sys_common_get_cfg_file:1374]:: get cfg/log file from 0x200: req type 1, off 2940, len 980; ack aclen 980, leftlen 2416, ret=0
01-01 00:00:14.608   218   285 I DUSS&63[ sys_common_get_cfg_file:1374]:: get cfg/log file from 0x200: req type 1, off 3920, len 980; ack aclen 980, leftlen 1436, ret=0
01-01 00:00:14.610   218   285 I DUSS&63[ sys_common_get_cfg_file:1374]:: get cfg/log file from 0x200: req type 1, off 4900, len 980; ack aclen 980, leftlen 456, ret=0
01-01 00:00:14.613   218   285 I DUSS&63[ sys_common_get_cfg_file:1374]:: get cfg/log file from 0x200: req type 1, off 5880, len 980; ack aclen 456, leftlen 0, ret=0
05-13 01:14:46.008   218   285 F DUSS&63[      sys_event_set_date: 101]:: Got sys_event_set_date message: 2018.05.13-01:14:46, result 0
05-13 01:14:56.720   218   305 I DUSS&63[       tcp_async_connect: 375]:: [sys]connect to 192.168.41.1 success
05-13 01:14:56.720   218   305 I DUSS&63[      tcp_connect_thread: 152]:: [sys]connected to 192.168.41.1
05-13 01:14:56.720   218   305 I DUSS&63[      tcp_connect_thread: 160]:: [sys]WL TCP State change to connected
05-13 01:14:56.932   216   451 I DUSS&63[       tcp_async_connect: 375]:: [sys]connect to 192.168.41.1 success
05-13 01:14:56.932   216   451 I DUSS&63[      tcp_connect_thread: 152]:: [sys]connected to 192.168.41.1
05-13 01:14:56.932   216   451 I DUSS&63[      tcp_connect_thread: 160]:: [sys]WL TCP State change to connected
05-13 01:14:57.142   218   285 I DUSS&63[sys_event_self_define_cm: 457]:: check compability from 0x801, this_host=0xd01
05-13 01:14:57.142   218   285 I DUSS&63[   sys_check_compability: 207]:: from 0x801, this_host=0xd01, dev_type=1
05-13 01:14:57.142   218   285 I DUSS&63[   sys_check_compability: 210]:: package_str=wm220, package_ver=1.4.300
05-13 01:14:57.142   218   285 I DUSS&63[   sys_check_compability: 212]:: peer_str=wm220, peer_ver=1.4.300
05-13 01:14:57.142   218   285 I DUSS&63[   sys_check_compability: 219]:: package_uav_cnt=20, package_gls_cnt=7
05-13 01:14:57.142   218   285 I DUSS&63[   sys_check_compability: 261]:: the same product, and self version is the same or older than peer
05-13 01:15:13.723   218   307 W DUSS&63[       tcp_async_connect: 311]:: [sys]EINPROGRESS in connect() - selecting,addr=192.168.41.3
05-13 01:15:14.724   218   307 W DUSS&63[       tcp_async_connect: 334]:: [sys]Timeout in select() - Cancelling, addr=192.168.41.3
05-13 01:15:54.728   218   307 W DUSS&63[       tcp_async_connect: 311]:: [sys]EINPROGRESS in connect() - selecting,addr=192.168.41.3
05-13 01:15:55.729   218   307 W DUSS&63[       tcp_async_connect: 334]:: [sys]Timeout in select() - Cancelling, addr=192.168.41.3
05-13 01:16:35.733   218   307 W DUSS&63[       tcp_async_connect: 311]:: [sys]EINPROGRESS in connect() - selecting,addr=192.168.41.3
05-13 01:16:36.735   218   307 W DUSS&63[       tcp_async_connect: 334]:: [sys]Timeout in select() - Cancelling, addr=192.168.41.3
05-13 01:17:16.739   218   307 W DUSS&63[       tcp_async_connect: 311]:: [sys]EINPROGRESS in connect() - selecting,addr=192.168.41.3
05-13 01:17:17.740   218   307 W DUSS&63[       tcp_async_connect: 334]:: [sys]Timeout in select() - Cancelling, addr=192.168.41.3
05-13 01:17:57.745   218   307 W DUSS&63[       tcp_async_connect: 311]:: [sys]EINPROGRESS in connect() - selecting,addr=192.168.41.3
05-13 01:17:58.746   218   307 W DUSS&63[       tcp_async_connect: 334]:: [sys]Timeout in select() - Cancelling, addr=192.168.41.3
05-13 01:18:38.751   218   307 W DUSS&63[       tcp_async_connect: 311]:: [sys]EINPROGRESS in connect() - selecting,addr=192.168.41.3
05-13 01:18:39.752   218   307 W DUSS&63[       tcp_async_connect: 334]:: [sys]Timeout in select() - Cancelling, addr=192.168.41.3
05-13 01:19:19.756   218   307 W DUSS&63[       tcp_async_connect: 311]:: [sys]EINPROGRESS in connect() - selecting,addr=192.168.41.3
05-13 01:19:20.757   218   307 W DUSS&63[       tcp_async_connect: 334]:: [sys]Timeout in select() - Cancelling, addr=192.168.41.3
05-13 01:20:00.761   218   307 W DUSS&63[       tcp_async_connect: 311]:: [sys]EINPROGRESS in connect() - selecting,addr=192.168.41.3
05-13 01:20:01.762   218   307 W DUSS&63[       tcp_async_connect: 334]:: [sys]Timeout in select() - Cancelling, addr=192.168.41.3
05-13 01:20:41.767   218   307 W DUSS&63[       tcp_async_connect: 311]:: [sys]EINPROGRESS in connect() - selecting,addr=192.168.41.3
05-13 01:20:42.768   218   307 W DUSS&63[       tcp_async_connect: 334]:: [sys]Timeout in select() - Cancelling, addr=192.168.41.3
05-13 01:21:22.776   218   307 W DUSS&63[       tcp_async_connect: 311]:: [sys]EINPROGRESS in connect() - selecting,addr=192.168.41.3
05-13 01:21:23.777   218   307 W DUSS&63[       tcp_async_connect: 334]:: [sys]Timeout in select() - Cancelling, addr=192.168.41.3
05-13 01:22:03.782   218   307 W DUSS&63[       tcp_async_connect: 311]:: [sys]EINPROGRESS in connect() - selecting,addr=192.168.41.3
05-13 01:22:04.783   218   307 W DUSS&63[       tcp_async_connect: 334]:: [sys]Timeout in select() - Cancelling, addr=192.168.41.3
05-13 01:22:44.788   218   307 W DUSS&63[       tcp_async_connect: 311]:: [sys]EINPROGRESS in connect() - selecting,addr=192.168.41.3
05-13 01:22:45.789   218   307 W DUSS&63[       tcp_async_connect: 334]:: [sys]Timeout in select() - Cancelling, addr=192.168.41.3
05-13 01:23:24.362   218   285 I DUSS&63[sys_event_query_device_i:4792]:: CMD_QUERY_DEVICE_INFO WM220 1860RC Dec 28 2017|16:11:56
05-13 01:23:24.375   218   297 I DUSS&63[   sys_event_dev_ver_get: 289]:: DUSS_MB_HOST_ALL ver WM220 RC Ver.A, package ver 1.4.300, Production=1
05-13 01:23:25.454   218   297 I DUSS&63[   sys_event_dev_ver_get: 289]:: DUSS_MB_HOST_ALL ver WM220 RC Ver.A, package ver 1.4.300, Production=1
05-13 01:23:25.494   218   285 I DUSS&63[ sys_common_get_cfg_file:1340]:: +++request file from 0x200: req type 1, off 0, len -1
05-13 01:23:25.494   218   285 I DUSS&63[           _get_cfg_file:1270]:: +++request cfg file /data/upgrade/wm330_0000.cfg.sig
05-13 01:23:25.495   218   285 I DUSS&63[ sys_common_get_cfg_file:1374]:: get cfg/log file from 0x200: req type 1, off 0, len 980; ack aclen 980, leftlen 5356, ret=0
05-13 01:23:25.794   218   307 W DUSS&63[       tcp_async_connect: 311]:: [sys]EINPROGRESS in connect() - selecting,addr=192.168.41.3
05-13 01:23:26.337   218   285 I DUSS&63[ sys_common_get_cfg_file:1374]:: get cfg/log file from 0x200: req type 1, off 980, len 980; ack aclen 980, leftlen 4376, ret=0
05-13 01:23:26.356   218   285 I DUSS&63[sys_event_query_device_i:4792]:: CMD_QUERY_DEVICE_INFO WM220 1860RC Dec 28 2017|16:11:56
05-13 01:23:26.370   218   297 I DUSS&63[   sys_event_dev_ver_get: 289]:: DUSS_MB_HOST_ALL ver WM220 RC Ver.A, package ver 1.4.300, Production=1
05-13 01:23:26.454   218   285 I DUSS&63[ sys_common_get_cfg_file:1374]:: get cfg/log file from 0x200: req type 1, off 1960, len 980; ack aclen 980, leftlen 3396, ret=0
05-13 01:23:26.483   218   285 I DUSS&63[ sys_common_get_cfg_file:1374]:: get cfg/log file from 0x200: req type 1, off 2940, len 980; ack aclen 980, leftlen 2416, ret=0
05-13 01:23:26.586   218   285 I DUSS&63[ sys_common_get_cfg_file:1374]:: get cfg/log file from 0x200: req type 1, off 3920, len 980; ack aclen 980, leftlen 1436, ret=0
05-13 01:23:26.606   218   285 I DUSS&63[ sys_common_get_cfg_file:1374]:: get cfg/log file from 0x200: req type 1, off 4900, len 980; ack aclen 980, leftlen 456, ret=0
05-13 01:23:26.613   218   285 I DUSS&63[ sys_common_get_cfg_file:1374]:: get cfg/log file from 0x200: req type 1, off 5880, len 980; ack aclen 456, leftlen 0, ret=0
05-13 01:23:26.795   218   307 W DUSS&63[       tcp_async_connect: 334]:: [sys]Timeout in select() - Cancelling, addr=192.168.41.3
05-13 01:23:26.880   218   285 I DUSS&63[ sys_common_get_cfg_file:1340]:: +++request file from 0x200: req type 1, off 0, len -1
05-13 01:23:26.880   218   285 I DUSS&63[           _get_cfg_file:1270]:: +++request cfg file /data/upgrade/wm330_0000.cfg.sig
05-13 01:23:26.881   218   285 I DUSS&63[ sys_common_get_cfg_file:1374]:: get cfg/log file from 0x200: req type 1, off 0, len 980; ack aclen 980, leftlen 5356, ret=0
05-13 01:23:27.003   218   285 I DUSS&63[ sys_common_get_cfg_file:1374]:: get cfg/log file from 0x200: req type 1, off 980, len 980; ack aclen 980, leftlen 4376, ret=0
05-13 01:23:27.014   218   285 I DUSS&63[ sys_common_get_cfg_file:1374]:: get cfg/log file from 0x200: req type 1, off 1960, len 980; ack aclen 980, leftlen 3396, ret=0
05-13 01:23:27.018   218   285 I DUSS&63[ sys_common_get_cfg_file:1374]:: get cfg/log file from 0x200: req type 1, off 2940, len 980; ack aclen 980, leftlen 2416, ret=0
05-13 01:23:27.021   218   285 I DUSS&63[ sys_common_get_cfg_file:1374]:: get cfg/log file from 0x200: req type 1, off 3920, len 980; ack aclen 980, leftlen 1436, ret=0
05-13 01:23:27.024   218   285 I DUSS&63[ sys_common_get_cfg_file:1374]:: get cfg/log file from 0x200: req type 1, off 4900, len 980; ack aclen 980, leftlen 456, ret=0
05-13 01:23:27.027   218   285 I DUSS&63[ sys_common_get_cfg_file:1374]:: get cfg/log file from 0x200: req type 1, off 5880, len 980; ack aclen 456, leftlen 0, ret=0
05-13 01:23:29.527   218   285 I DUSS&63[ sys_common_get_cfg_file:1340]:: +++request file from 0x200: req type 1, off 0, len -1
05-13 01:23:29.527   218   285 I DUSS&63[           _get_cfg_file:1270]:: +++request cfg file /data/upgrade/wm330_0000.cfg.sig
05-13 01:23:29.528   218   285 I DUSS&63[ sys_common_get_cfg_file:1374]:: get cfg/log file from 0x200: req type 1, off 0, len 980; ack aclen 980, leftlen 5356, ret=0
05-13 01:23:29.720   218   285 I DUSS&63[ sys_common_get_cfg_file:1374]:: get cfg/log file from 0x200: req type 1, off 980, len 980; ack aclen 980, leftlen 4376, ret=0
05-13 01:23:29.766   218   285 I DUSS&63[ sys_common_get_cfg_file:1374]:: get cfg/log file from 0x200: req type 1, off 1960, len 980; ack aclen 980, leftlen 3396, ret=0
05-13 01:23:29.798   218   285 I DUSS&63[ sys_common_get_cfg_file:1374]:: get cfg/log file from 0x200: req type 1, off 2940, len 980; ack aclen 980, leftlen 2416, ret=0
05-13 01:23:29.813   218   285 I DUSS&63[ sys_common_get_cfg_file:1374]:: get cfg/log file from 0x200: req type 1, off 3920, len 980; ack aclen 980, leftlen 1436, ret=0
05-13 01:23:29.825   218   285 I DUSS&63[ sys_common_get_cfg_file:1374]:: get cfg/log file from 0x200: req type 1, off 4900, len 980; ack aclen 980, leftlen 456, ret=0
05-13 01:23:29.832   218   285 I DUSS&63[ sys_common_get_cfg_file:1374]:: get cfg/log file from 0x200: req type 1, off 5880, len 980; ack aclen 456, leftlen 0, ret=0
05-13 01:23:34.008   218   285 F DUSS&63[      sys_event_set_date: 101]:: Got sys_event_set_date message: 2018.05.13-01:23:34, result 0
05-13 01:24:06.370   218   307 W DUSS&63[       tcp_async_connect: 311]:: [sys]EINPROGRESS in connect() - selecting,addr=192.168.41.3
05-13 01:24:07.371   218   307 W DUSS&63[       tcp_async_connect: 334]:: [sys]Timeout in select() - Cancelling, addr=192.168.41.3
05-13 01:24:47.378   218   307 W DUSS&63[       tcp_async_connect: 311]:: [sys]EINPROGRESS in connect() - selecting,addr=192.168.41.3
05-13 01:24:48.379   218   307 W DUSS&63[       tcp_async_connect: 334]:: [sys]Timeout in select() - Cancelling, addr=192.168.41.3
05-13 01:25:28.384   218   307 W DUSS&63[       tcp_async_connect: 311]:: [sys]EINPROGRESS in connect() - selecting,addr=192.168.41.3
05-13 01:25:29.385   218   307 W DUSS&63[       tcp_async_connect: 334]:: [sys]Timeout in select() - Cancelling, addr=192.168.41.3
05-13 01:26:09.389   218   307 W DUSS&63[       tcp_async_connect: 311]:: [sys]EINPROGRESS in connect() - selecting,addr=192.168.41.3
05-13 01:26:10.390   218   307 W DUSS&63[       tcp_async_connect: 334]:: [sys]Timeout in select() - Cancelling, addr=192.168.41.3
05-13 01:26:50.394   218   307 W DUSS&63[       tcp_async_connect: 311]:: [sys]EINPROGRESS in connect() - selecting,addr=192.168.41.3
05-13 01:26:51.396   218   307 W DUSS&63[       tcp_async_connect: 334]:: [sys]Timeout in select() - Cancelling, addr=192.168.41.3
05-13 01:27:31.401   218   307 W DUSS&63[       tcp_async_connect: 311]:: [sys]EINPROGRESS in connect() - selecting,addr=192.168.41.3
05-13 01:27:32.402   218   307 W DUSS&63[       tcp_async_connect: 334]:: [sys]Timeout in select() - Cancelling, addr=192.168.41.3
05-13 01:28:12.407   218   307 W DUSS&63[       tcp_async_connect: 311]:: [sys]EINPROGRESS in connect() - selecting,addr=192.168.41.3
05-13 01:28:13.408   218   307 W DUSS&63[       tcp_async_connect: 334]:: [sys]Timeout in select() - Cancelling, addr=192.168.41.3
05-13 01:28:53.412   218   307 W DUSS&63[       tcp_async_connect: 311]:: [sys]EINPROGRESS in connect() - selecting,addr=192.168.41.3
05-13 01:28:54.413   218   307 W DUSS&63[       tcp_async_connect: 334]:: [sys]Timeout in select() - Cancelling, addr=192.168.41.3
05-13 01:29:34.418   218   307 W DUSS&63[       tcp_async_connect: 311]:: [sys]EINPROGRESS in connect() - selecting,addr=192.168.41.3
05-13 01:29:35.419   218   307 W DUSS&63[       tcp_async_connect: 334]:: [sys]Timeout in select() - Cancelling, addr=192.168.41.3
05-13 01:30:15.423   218   307 W DUSS&63[       tcp_async_connect: 311]:: [sys]EINPROGRESS in connect() - selecting,addr=192.168.41.3
05-13 01:30:16.424   218   307 W DUSS&63[       tcp_async_connect: 334]:: [sys]Timeout in select() - Cancelling, addr=192.168.41.3
05-13 01:30:56.428   218   307 W DUSS&63[       tcp_async_connect: 311]:: [sys]EINPROGRESS in connect() - selecting,addr=192.168.41.3
05-13 01:30:57.430   218   307 W DUSS&63[       tcp_async_connect: 334]:: [sys]Timeout in select() - Cancelling, addr=192.168.41.3
05-13 01:31:37.435   218   307 W DUSS&63[       tcp_async_connect: 311]:: [sys]EINPROGRESS in connect() - selecting,addr=192.168.41.3
05-13 01:31:38.436   218   307 W DUSS&63[       tcp_async_connect: 334]:: [sys]Timeout in select() - Cancelling, addr=192.168.41.3
05-13 01:32:18.446   218   307 W DUSS&63[       tcp_async_connect: 311]:: [sys]EINPROGRESS in connect() - selecting,addr=192.168.41.3
05-13 01:32:19.447   218   307 W DUSS&63[       tcp_async_connect: 334]:: [sys]Timeout in select() - Cancelling, addr=192.168.41.3
05-13 01:32:59.452   218   307 W DUSS&63[       tcp_async_connect: 311]:: [sys]EINPROGRESS in connect() - selecting,addr=192.168.41.3
05-13 01:33:00.453   218   307 W DUSS&63[       tcp_async_connect: 334]:: [sys]Timeout in select() - Cancelling, addr=192.168.41.3
05-13 01:33:40.458   218   307 W DUSS&63[       tcp_async_connect: 311]:: [sys]EINPROGRESS in connect() - selecting,addr=192.168.41.3
05-13 01:33:41.459   218   307 W DUSS&63[       tcp_async_connect: 334]:: [sys]Timeout in select() - Cancelling, addr=192.168.41.3
05-13 01:34:21.464   218   307 W DUSS&63[       tcp_async_connect: 311]:: [sys]EINPROGRESS in connect() - selecting,addr=192.168.41.3
05-13 01:34:22.465   218   307 W DUSS&63[       tcp_async_connect: 334]:: [sys]Timeout in select() - Cancelling, addr=192.168.41.3
05-13 01:35:02.470   218   307 W DUSS&63[       tcp_async_connect: 311]:: [sys]EINPROGRESS in connect() - selecting,addr=192.168.41.3
05-13 01:35:03.471   218   307 W DUSS&63[       tcp_async_connect: 334]:: [sys]Timeout in select() - Cancelling, addr=192.168.41.3
05-13 01:35:43.476   218   307 W DUSS&63[       tcp_async_connect: 311]:: [sys]EINPROGRESS in connect() - selecting,addr=192.168.41.3
05-13 01:35:44.477   218   307 W DUSS&63[       tcp_async_connect: 334]:: [sys]Timeout in select() - Cancelling, addr=192.168.41.3
05-13 01:36:24.481   218   307 W DUSS&63[       tcp_async_connect: 311]:: [sys]EINPROGRESS in connect() - selecting,addr=192.168.41.3
05-13 01:36:25.483   218   307 W DUSS&63[       tcp_async_connect: 334]:: [sys]Timeout in select() - Cancelling, addr=192.168.41.3
05-13 01:37:05.489   218   307 W DUSS&63[       tcp_async_connect: 311]:: [sys]EINPROGRESS in connect() - selecting,addr=192.168.41.3
05-13 01:37:06.490   218   307 W DUSS&63[       tcp_async_connect: 334]:: [sys]Timeout in select() - Cancelling, addr=192.168.41.3
05-13 01:37:46.494   218   307 W DUSS&63[       tcp_async_connect: 311]:: [sys]EINPROGRESS in connect() - selecting,addr=192.168.41.3
05-13 01:37:47.495   218   307 W DUSS&63[       tcp_async_connect: 334]:: [sys]Timeout in select() - Cancelling, addr=192.168.41.3
05-13 01:38:27.499   218   307 W DUSS&63[       tcp_async_connect: 311]:: [sys]EINPROGRESS in connect() - selecting,addr=192.168.41.3
05-13 01:38:28.500   218   307 W DUSS&63[       tcp_async_connect: 334]:: [sys]Timeout in select() - Cancelling, addr=192.168.41.3
05-13 01:39:08.505   218   307 W DUSS&63[       tcp_async_connect: 311]:: [sys]EINPROGRESS in connect() - selecting,addr=192.168.41.3
05-13 01:39:09.506   218   307 W DUSS&63[       tcp_async_connect: 334]:: [sys]Timeout in select() - Cancelling, addr=192.168.41.3
05-13 01:39:49.510   218   307 W DUSS&63[       tcp_async_connect: 311]:: [sys]EINPROGRESS in connect() - selecting,addr=192.168.41.3
05-13 01:39:50.511   218   307 W DUSS&63[       tcp_async_connect: 334]:: [sys]Timeout in select() - Cancelling, addr=192.168.41.3
05-13 01:40:21.637   216   452 E DUSS&63[        wl_prot_tcp_recv: 749]:: [sys]WL TCP State change to disconnect, cur_fd=49, addr=192.168.41.1
05-13 01:40:21.637   216   452 I DUSS&63[           tcp_reconnect: 193]:: [sys]new socket fd 84, need connect
05-13 01:40:21.637   216   452 W DUSS&63[       tcp_async_connect: 311]:: [sys]EINPROGRESS in connect() - selecting,addr=192.168.41.1
05-13 01:40:22.637   216   452 W DUSS&63[       tcp_async_connect: 334]:: [sys]Timeout in select() - Cancelling, addr=192.168.41.1
05-13 01:40:22.638   216   452 E DUSS&63[           tcp_reconnect: 197]:: [sys]first connect failed, err=Operation now in progress, will try later
05-13 01:40:22.638   216   452 I DUSS&63[           tcp_reconnect: 201]:: [sys]before join the old connect task
05-13 01:40:22.638   216   452 I DUSS&63[           tcp_reconnect: 206]:: [sys]success joined the connect task
05-13 01:40:22.638   216 29190 I DUSS&63[      tcp_connect_thread: 139]:: [sys]start to connect, fd=84
05-13 01:40:22.638   216 29190 I DUSS&63[      tcp_connect_thread: 143]:: [sys]WL TCP State change to connecting
05-13 01:40:30.516   218   307 W DUSS&63[       tcp_async_connect: 311]:: [sys]EINPROGRESS in connect() - selecting,addr=192.168.41.3
05-13 01:40:31.517   218   307 W DUSS&63[       tcp_async_connect: 334]:: [sys]Timeout in select() - Cancelling, addr=192.168.41.3
05-13 01:40:31.762   218   285 I DUSS&63[        sys_event_reboot:1401]:: receive reboot from 0x600, this_host=0xd01
05-13 01:40:31.762   218   285 I DUSS&63[        sys_event_reboot:1407]:: Get reboot callback. .
05-13 01:40:31.762   218   285 I DUSS&63[           sys_p1_reboot:4879]:: Request power/boot 2 after 2000 ms from 0x600
05-13 01:40:33.806   218   285 I DUSS&63[           sys_p1_reboot:4956]:: going to reboot/poweroff/powersave... reboot_type 2 reboot_mode 0
===/data/dji/log is already a link===
===/data/dji/blackbox is already a link===


!!!new file start!!!

01-01 00:00:04.474   208   208 I DUSS&63[                    main: 657]:: dji_sys run as dev_type 1, duss_sketch_initialize done...
01-01 00:00:04.480   208   208 I DUSS&63[sys_load_config_from_jso: 154]:: Get the hw_str WM220 RC
01-01 00:00:04.480   208   208 W DUSS&63[sys_load_config_from_jso: 160]:: Can't find platform:system_init domain! Call default routing...
01-01 00:00:04.480   208   208 I DUSS&63[         sys_load_config: 488]:: platform dev_info: WM220 1860RC
01-01 00:00:04.496   208   208 I DUSS&63[sys_check_boot_mode_norm: 333]:: Set system mode to NORMAL.
01-01 00:00:04.540   208   208 I DUSS&63[sys_up_load_general_stat: 203]:: get option_value wm220 for package_id
01-01 00:00:04.540   208   208 I DUSS&63[sys_up_load_general_stat: 204]:: updated package_str wm220
01-01 00:00:04.540   208   208 I DUSS&63[sys_up_load_general_stat: 211]:: get package_ver 1.4.300
01-01 00:00:04.540   208   208 I DUSS&63[sys_up_load_general_stat: 211]:: 
01-01 00:00:04.540   208   208 I DUSS&63[sys_up_load_general_stat: 215]:: updated package_ver 1.4.300
01-01 00:00:04.540   208   208 I DUSS&63[sys_up_load_general_stat: 222]:: get package_uav_cnt 20
01-01 00:00:04.540   208   208 I DUSS&63[sys_up_load_general_stat: 222]:: 
01-01 00:00:04.540   208   208 I DUSS&63[sys_up_load_general_stat: 224]:: updated package_uav_cnt 20
01-01 00:00:04.540   208   208 I DUSS&63[sys_up_load_general_stat: 231]:: get package_gnd_cnt 3
01-01 00:00:04.540   208   208 I DUSS&63[sys_up_load_general_stat: 231]:: 
01-01 00:00:04.540   208   208 I DUSS&63[sys_up_load_general_stat: 233]:: updated package_gnd_cnt 3
01-01 00:00:04.540   208   208 I DUSS&63[sys_up_load_general_stat: 240]:: get package_gls_cnt 7
01-01 00:00:04.540   208   208 I DUSS&63[sys_up_load_general_stat: 240]:: 
01-01 00:00:04.540   208   208 I DUSS&63[sys_up_load_general_stat: 242]:: updated package_gls_cnt 7
01-01 00:00:04.540   208   208 W DUSS&63[sys_up_load_general_stat: 251]:: can not get option_value for wm22x_type, use wm220 by default
