01-01 00:36:11.843   217   306 E DUSS&63[sys_up_status_push_threa:1012]:: Sending upgrade status to app_host 0xa01 failed, result=-1002
01-01 00:36:13.843   217   306 I DUSS&63[sys_up_status_push_threa: 970]:: +++++++ Sending upgrade status for finishing_stage, len: 11, app_host=0xa01, mod_id=0x2d (13.01), status 0, reason 1, progress: 100
01-01 00:36:13.845   217   306 E DUSS&63[sys_up_status_push_threa:1012]:: Sending upgrade status to app_host 0xa01 failed, result=-1002
01-01 00:36:15.845   217   306 I DUSS&63[sys_up_status_push_threa: 970]:: +++++++ Sending upgrade status for finishing_stage, len: 11, app_host=0xa01, mod_id=0x2d (13.01), status 0, reason 1, progress: 100
01-01 00:36:15.847   217   306 E DUSS&63[sys_up_status_push_threa:1012]:: Sending upgrade status to app_host 0xa01 failed, result=-1002
01-01 00:36:17.848   217   306 I DUSS&63[sys_up_status_push_threa: 970]:: +++++++ Sending upgrade status for finishing_stage, len: 11, app_host=0xa01, mod_id=0x2d (13.01), status 0, reason 1, progress: 100
01-01 00:36:17.850   217   306 E DUSS&63[sys_up_status_push_threa:1012]:: Sending upgrade status to app_host 0xa01 failed, result=-1002
01-01 00:36:19.850   217   306 I DUSS&63[sys_up_status_push_threa: 970]:: +++++++ Sending upgrade status for finishing_stage, len: 11, app_host=0xa01, mod_id=0x2d (13.01), status 0, reason 1, progress: 100
01-01 00:36:19.852   217   306 E DUSS&63[sys_up_status_push_threa:1012]:: Sending upgrade status to app_host 0xa01 failed, result=-1002
01-01 00:36:21.852   217   306 I DUSS&63[sys_up_status_push_threa: 970]:: +++++++ Sending upgrade status for finishing_stage, len: 11, app_host=0xa01, mod_id=0x2d (13.01), status 0, reason 1, progress: 100
01-01 00:36:21.855   217   306 E DUSS&63[sys_up_status_push_threa:1012]:: Sending upgrade status to app_host 0xa01 failed, result=-1002
01-01 00:36:23.855   217   306 I DUSS&63[sys_up_status_push_threa: 970]:: +++++++ Sending upgrade status for finishing_stage, len: 11, app_host=0xa01, mod_id=0x2d (13.01), status 0, reason 1, progress: 100
01-01 00:36:23.859   217   306 E DUSS&63[sys_up_status_push_threa:1012]:: Sending upgrade status to app_host 0xa01 failed, result=-1002
01-01 00:36:25.319   214   423 W DUSS&63[       tcp_async_connect: 311]:: [sys]EINPROGRESS in connect() - selecting,addr=192.168.41.1
01-01 00:36:25.860   217   306 I DUSS&63[sys_up_status_push_threa: 970]:: +++++++ Sending upgrade status for finishing_stage, len: 11, app_host=0xa01, mod_id=0x2d (13.01), status 0, reason 1, progress: 100
01-01 00:36:25.862   217   306 E DUSS&63[sys_up_status_push_threa:1012]:: Sending upgrade status to app_host 0xa01 failed, result=-1002
01-01 00:36:26.027   217   302 W DUSS&63[       tcp_async_connect: 311]:: [sys]EINPROGRESS in connect() - selecting,addr=192.168.41.3
01-01 00:36:26.028   217   300 W DUSS&63[       tcp_async_connect: 311]:: [sys]EINPROGRESS in connect() - selecting,addr=192.168.41.1
01-01 00:36:26.320   214   423 W DUSS&63[       tcp_async_connect: 334]:: [sys]Timeout in select() - Cancelling, addr=192.168.41.1
01-01 00:36:27.028   217   302 W DUSS&63[       tcp_async_connect: 334]:: [sys]Timeout in select() - Cancelling, addr=192.168.41.3
01-01 00:36:27.029   217   300 W DUSS&63[       tcp_async_connect: 334]:: [sys]Timeout in select() - Cancelling, addr=192.168.41.1
01-01 00:36:27.863   217   306 I DUSS&63[sys_up_status_push_threa: 970]:: +++++++ Sending upgrade status for finishing_stage, len: 11, app_host=0xa01, mod_id=0x2d (13.01), status 0, reason 1, progress: 100
01-01 00:36:27.868   217   306 E DUSS&63[sys_up_status_push_threa:1012]:: Sending upgrade status to app_host 0xa01 failed, result=-1002
01-01 00:36:29.868   217   306 I DUSS&63[sys_up_status_push_threa: 970]:: +++++++ Sending upgrade status for finishing_stage, len: 11, app_host=0xa01, mod_id=0x2d (13.01), status 0, reason 1, progress: 100
01-01 00:36:29.871   217   306 E DUSS&63[sys_up_status_push_threa:1012]:: Sending upgrade status to app_host 0xa01 failed, result=-1002
01-01 00:36:31.872   217   306 I DUSS&63[sys_up_status_push_threa: 970]:: +++++++ Sending upgrade status for finishing_stage, len: 11, app_host=0xa01, mod_id=0x2d (13.01), status 0, reason 1, progress: 100
01-01 00:36:31.874   217   306 E DUSS&63[sys_up_status_push_threa:1012]:: Sending upgrade status to app_host 0xa01 failed, result=-1002
01-01 00:36:33.874   217   306 I DUSS&63[sys_up_status_push_threa: 970]:: +++++++ Sending upgrade status for finishing_stage, len: 11, app_host=0xa01, mod_id=0x2d (13.01), status 0, reason 1, progress: 100
01-01 00:36:33.876   217   306 E DUSS&63[sys_up_status_push_threa:1012]:: Sending upgrade status to app_host 0xa01 failed, result=-1002
01-01 00:36:35.877   217   306 I DUSS&63[sys_up_status_push_threa: 970]:: +++++++ Sending upgrade status for finishing_stage, len: 11, app_host=0xa01, mod_id=0x2d (13.01), status 0, reason 1, progress: 100
01-01 00:36:35.879   217   306 E DUSS&63[sys_up_status_push_threa:1012]:: Sending upgrade status to app_host 0xa01 failed, result=-1002
01-01 00:36:37.880   217   306 I DUSS&63[sys_up_status_push_threa: 970]:: +++++++ Sending upgrade status for finishing_stage, len: 11, app_host=0xa01, mod_id=0x2d (13.01), status 0, reason 1, progress: 100
01-01 00:36:37.882   217   306 E DUSS&63[sys_up_status_push_threa:1012]:: Sending upgrade status to app_host 0xa01 failed, result=-1002
01-01 00:36:39.882   217   306 I DUSS&63[sys_up_status_push_threa: 970]:: +++++++ Sending upgrade status for finishing_stage, len: 11, app_host=0xa01, mod_id=0x2d (13.01), status 0, reason 1, progress: 100
01-01 00:36:39.886   217   306 E DUSS&63[sys_up_status_push_threa:1012]:: Sending upgrade status to app_host 0xa01 failed, result=-1002
01-01 00:36:41.886   217   306 I DUSS&63[sys_up_status_push_threa: 970]:: +++++++ Sending upgrade status for finishing_stage, len: 11, app_host=0xa01, mod_id=0x2d (13.01), status 0, reason 1, progress: 100
01-01 00:36:41.888   217   306 E DUSS&63[sys_up_status_push_threa:1012]:: Sending upgrade status to app_host 0xa01 failed, result=-1002
01-01 00:36:43.889   217   306 I DUSS&63[sys_up_status_push_threa: 970]:: +++++++ Sending upgrade status for finishing_stage, len: 11, app_host=0xa01, mod_id=0x2d (13.01), status 0, reason 1, progress: 100
01-01 00:36:43.891   217   306 E DUSS&63[sys_up_status_push_threa:1012]:: Sending upgrade status to app_host 0xa01 failed, result=-1002
01-01 00:36:45.891   217   306 I DUSS&63[sys_up_status_push_threa: 970]:: +++++++ Sending upgrade status for finishing_stage, len: 11, app_host=0xa01, mod_id=0x2d (13.01), status 0, reason 1, progress: 100
01-01 00:36:45.893   217   306 E DUSS&63[sys_up_status_push_threa:1012]:: Sending upgrade status to app_host 0xa01 failed, result=-1002
01-01 00:36:47.893   217   306 I DUSS&63[sys_up_status_push_threa: 970]:: +++++++ Sending upgrade status for finishing_stage, len: 11, app_host=0xa01, mod_id=0x2d (13.01), status 0, reason 1, progress: 100
01-01 00:36:47.896   217   306 E DUSS&63[sys_up_status_push_threa:1012]:: Sending upgrade status to app_host 0xa01 failed, result=-1002
01-01 00:36:49.896   217   306 I DUSS&63[sys_up_status_push_threa: 970]:: +++++++ Sending upgrade status for finishing_stage, len: 11, app_host=0xa01, mod_id=0x2d (13.01), status 0, reason 1, progress: 100
01-01 00:36:49.898   217   306 E DUSS&63[sys_up_status_push_threa:1012]:: Sending upgrade status to app_host 0xa01 failed, result=-1002
01-01 00:36:51.898   217   306 I DUSS&63[sys_up_status_push_threa: 970]:: +++++++ Sending upgrade status for finishing_stage, len: 11, app_host=0xa01, mod_id=0x2d (13.01), status 0, reason 1, progress: 100
01-01 00:36:51.901   217   306 E DUSS&63[sys_up_status_push_threa:1012]:: Sending upgrade status to app_host 0xa01 failed, result=-1002
01-01 00:36:53.901   217   306 I DUSS&63[sys_up_status_push_threa: 970]:: +++++++ Sending upgrade status for finishing_stage, len: 11, app_host=0xa01, mod_id=0x2d (13.01), status 0, reason 1, progress: 100
01-01 00:36:53.903   217   306 E DUSS&63[sys_up_status_push_threa:1012]:: Sending upgrade status to app_host 0xa01 failed, result=-1002
01-01 00:36:55.903   217   306 I DUSS&63[sys_up_status_push_threa: 970]:: +++++++ Sending upgrade status for finishing_stage, len: 11, app_host=0xa01, mod_id=0x2d (13.01), status 0, reason 1, progress: 100
01-01 00:36:55.906   217   306 E DUSS&63[sys_up_status_push_threa:1012]:: Sending upgrade status to app_host 0xa01 failed, result=-1002
01-01 00:36:57.906   217   306 I DUSS&63[sys_up_status_push_threa: 970]:: +++++++ Sending upgrade status for finishing_stage, len: 11, app_host=0xa01, mod_id=0x2d (13.01), status 0, reason 1, progress: 100
01-01 00:36:57.908   217   306 E DUSS&63[sys_up_status_push_threa:1012]:: Sending upgrade status to app_host 0xa01 failed, result=-1002
01-01 00:36:59.908   217   306 I DUSS&63[sys_up_status_push_threa: 970]:: +++++++ Sending upgrade status for finishing_stage, len: 11, app_host=0xa01, mod_id=0x2d (13.01), status 0, reason 1, progress: 100
01-01 00:36:59.911   217   306 E DUSS&63[sys_up_status_push_threa:1012]:: Sending upgrade status to app_host 0xa01 failed, result=-1002
01-01 00:37:01.911   217   306 I DUSS&63[sys_up_status_push_threa: 970]:: +++++++ Sending upgrade status for finishing_stage, len: 11, app_host=0xa01, mod_id=0x2d (13.01), status 0, reason 1, progress: 100
01-01 00:37:01.917   217   306 E DUSS&63[sys_up_status_push_threa:1012]:: Sending upgrade status to app_host 0xa01 failed, result=-1002
01-01 00:37:03.917   217   306 I DUSS&63[sys_up_status_push_threa: 970]:: +++++++ Sending upgrade status for finishing_stage, len: 11, app_host=0xa01, mod_id=0x2d (13.01), status 0, reason 1, progress: 100
01-01 00:37:03.919   217   306 E DUSS&63[sys_up_status_push_threa:1012]:: Sending upgrade status to app_host 0xa01 failed, result=-1002
01-01 00:37:05.920   217   306 I DUSS&63[sys_up_status_push_threa: 970]:: +++++++ Sending upgrade status for finishing_stage, len: 11, app_host=0xa01, mod_id=0x2d (13.01), status 0, reason 1, progress: 100
01-01 00:37:05.922   217   306 E DUSS&63[sys_up_status_push_threa:1012]:: Sending upgrade status to app_host 0xa01 failed, result=-1002
01-01 00:37:06.326   214   423 W DUSS&63[       tcp_async_connect: 311]:: [sys]EINPROGRESS in connect() - selecting,addr=192.168.41.1
01-01 00:37:07.032   217   302 W DUSS&63[       tcp_async_connect: 311]:: [sys]EINPROGRESS in connect() - selecting,addr=192.168.41.3
01-01 00:37:07.033   217   300 W DUSS&63[       tcp_async_connect: 311]:: [sys]EINPROGRESS in connect() - selecting,addr=192.168.41.1
01-01 00:37:07.327   214   423 W DUSS&63[       tcp_async_connect: 334]:: [sys]Timeout in select() - Cancelling, addr=192.168.41.1
01-01 00:37:07.922   217   306 I DUSS&63[sys_up_status_push_threa: 970]:: +++++++ Sending upgrade status for finishing_stage, len: 11, app_host=0xa01, mod_id=0x2d (13.01), status 0, reason 1, progress: 100
01-01 00:37:07.925   217   306 E DUSS&63[sys_up_status_push_threa:1012]:: Sending upgrade status to app_host 0xa01 failed, result=-1002
01-01 00:37:08.033   217   302 W DUSS&63[       tcp_async_connect: 334]:: [sys]Timeout in select() - Cancelling, addr=192.168.41.3
01-01 00:37:08.034   217   300 W DUSS&63[       tcp_async_connect: 334]:: [sys]Timeout in select() - Cancelling, addr=192.168.41.1
01-01 00:37:09.925   217   306 I DUSS&63[sys_up_status_push_threa: 970]:: +++++++ Sending upgrade status for finishing_stage, len: 11, app_host=0xa01, mod_id=0x2d (13.01), status 0, reason 1, progress: 100
01-01 00:37:09.927   217   306 E DUSS&63[sys_up_status_push_threa:1012]:: Sending upgrade status to app_host 0xa01 failed, result=-1002
01-01 00:37:11.927   217   306 I DUSS&63[sys_up_status_push_threa: 970]:: +++++++ Sending upgrade status for finishing_stage, len: 11, app_host=0xa01, mod_id=0x2d (13.01), status 0, reason 1, progress: 100
01-01 00:37:11.931   217   306 E DUSS&63[sys_up_status_push_threa:1012]:: Sending upgrade status to app_host 0xa01 failed, result=-1002
01-01 00:37:13.932   217   306 I DUSS&63[sys_up_status_push_threa: 970]:: +++++++ Sending upgrade status for finishing_stage, len: 11, app_host=0xa01, mod_id=0x2d (13.01), status 0, reason 1, progress: 100
01-01 00:37:13.934   217   306 E DUSS&63[sys_up_status_push_threa:1012]:: Sending upgrade status to app_host 0xa01 failed, result=-1002
01-01 00:37:15.934   217   306 I DUSS&63[sys_up_status_push_threa: 970]:: +++++++ Sending upgrade status for finishing_stage, len: 11, app_host=0xa01, mod_id=0x2d (13.01), status 0, reason 1, progress: 100
01-01 00:37:15.936   217   306 E DUSS&63[sys_up_status_push_threa:1012]:: Sending upgrade status to app_host 0xa01 failed, result=-1002
01-01 00:37:17.936   217   306 I DUSS&63[sys_up_status_push_threa: 970]:: +++++++ Sending upgrade status for finishing_stage, len: 11, app_host=0xa01, mod_id=0x2d (13.01), status 0, reason 1, progress: 100
01-01 00:37:17.938   217   306 E DUSS&63[sys_up_status_push_threa:1012]:: Sending upgrade status to app_host 0xa01 failed, result=-1002
01-01 00:37:19.939   217   306 I DUSS&63[sys_up_status_push_threa: 970]:: +++++++ Sending upgrade status for finishing_stage, len: 11, app_host=0xa01, mod_id=0x2d (13.01), status 0, reason 1, progress: 100
01-01 00:37:19.941   217   306 E DUSS&63[sys_up_status_push_threa:1012]:: Sending upgrade status to app_host 0xa01 failed, result=-1002
01-01 00:37:21.941   217   306 I DUSS&63[sys_up_status_push_threa: 970]:: +++++++ Sending upgrade status for finishing_stage, len: 11, app_host=0xa01, mod_id=0x2d (13.01), status 0, reason 1, progress: 100
01-01 00:37:21.944   217   306 E DUSS&63[sys_up_status_push_threa:1012]:: Sending upgrade status to app_host 0xa01 failed, result=-1002
01-01 00:37:23.944   217   306 I DUSS&63[sys_up_status_push_threa: 970]:: +++++++ Sending upgrade status for finishing_stage, len: 11, app_host=0xa01, mod_id=0x2d (13.01), status 0, reason 1, progress: 100
01-01 00:37:23.946   217   306 E DUSS&63[sys_up_status_push_threa:1012]:: Sending upgrade status to app_host 0xa01 failed, result=-1002
01-01 00:37:25.946   217   306 I DUSS&63[sys_up_status_push_threa: 970]:: +++++++ Sending upgrade status for finishing_stage, len: 11, app_host=0xa01, mod_id=0x2d (13.01), status 0, reason 1, progress: 100
01-01 00:37:25.949   217   306 E DUSS&63[sys_up_status_push_threa:1012]:: Sending upgrade status to app_host 0xa01 failed, result=-1002
01-01 00:37:27.949   217   306 I DUSS&63[sys_up_status_push_threa: 970]:: +++++++ Sending upgrade status for finishing_stage, len: 11, app_host=0xa01, mod_id=0x2d (13.01), status 0, reason 1, progress: 100
01-01 00:37:27.951   217   306 E DUSS&63[sys_up_status_push_threa:1012]:: Sending upgrade status to app_host 0xa01 failed, result=-1002
01-01 00:37:29.952   217   306 I DUSS&63[sys_up_status_push_threa: 970]:: +++++++ Sending upgrade status for finishing_stage, len: 11, app_host=0xa01, mod_id=0x2d (13.01), status 0, reason 1, progress: 100
01-01 00:37:29.954   217   306 E DUSS&63[sys_up_status_push_threa:1012]:: Sending upgrade status to app_host 0xa01 failed, result=-1002
01-01 00:37:31.954   217   306 I DUSS&63[sys_up_status_push_threa: 970]:: +++++++ Sending upgrade status for finishing_stage, len: 11, app_host=0xa01, mod_id=0x2d (13.01), status 0, reason 1, progress: 100
01-01 00:37:31.960   217   306 E DUSS&63[sys_up_status_push_threa:1012]:: Sending upgrade status to app_host 0xa01 failed, result=-1002
01-01 00:37:33.960   217   306 I DUSS&63[sys_up_status_push_threa: 970]:: +++++++ Sending upgrade status for finishing_stage, len: 11, app_host=0xa01, mod_id=0x2d (13.01), status 0, reason 1, progress: 100
01-01 00:37:33.963   217   306 E DUSS&63[sys_up_status_push_threa:1012]:: Sending upgrade status to app_host 0xa01 failed, result=-1002
01-01 00:37:35.964   217   306 I DUSS&63[sys_up_status_push_threa: 970]:: +++++++ Sending upgrade status for finishing_stage, len: 11, app_host=0xa01, mod_id=0x2d (13.01), status 0, reason 1, progress: 100
01-01 00:37:35.967   217   306 E DUSS&63[sys_up_status_push_threa:1012]:: Sending upgrade status to app_host 0xa01 failed, result=-1002
01-01 00:37:37.967   217   306 I DUSS&63[sys_up_status_push_threa: 970]:: +++++++ Sending upgrade status for finishing_stage, len: 11, app_host=0xa01, mod_id=0x2d (13.01), status 0, reason 1, progress: 100
01-01 00:37:37.969   217   306 E DUSS&63[sys_up_status_push_threa:1012]:: Sending upgrade status to app_host 0xa01 failed, result=-1002
01-01 00:37:39.969   217   306 I DUSS&63[sys_up_status_push_threa: 970]:: +++++++ Sending upgrade status for finishing_stage, len: 11, app_host=0xa01, mod_id=0x2d (13.01), status 0, reason 1, progress: 100
01-01 00:37:39.975   217   306 E DUSS&63[sys_up_status_push_threa:1012]:: Sending upgrade status to app_host 0xa01 failed, result=-1002
01-01 00:37:41.975   217   306 I DUSS&63[sys_up_status_push_threa: 970]:: +++++++ Sending upgrade status for finishing_stage, len: 11, app_host=0xa01, mod_id=0x2d (13.01), status 0, reason 1, progress: 100
01-01 00:37:41.977   217   306 E DUSS&63[sys_up_status_push_threa:1012]:: Sending upgrade status to app_host 0xa01 failed, result=-1002
01-01 00:37:43.977   217   306 I DUSS&63[sys_up_status_push_threa: 970]:: +++++++ Sending upgrade status for finishing_stage, len: 11, app_host=0xa01, mod_id=0x2d (13.01), status 0, reason 1, progress: 100
01-01 00:37:43.980   217   306 E DUSS&63[sys_up_status_push_threa:1012]:: Sending upgrade status to app_host 0xa01 failed, result=-1002
01-01 00:37:45.980   217   306 I DUSS&63[sys_up_status_push_threa: 970]:: +++++++ Sending upgrade status for finishing_stage, len: 11, app_host=0xa01, mod_id=0x2d (13.01), status 0, reason 1, progress: 100
01-01 00:37:45.982   217   306 E DUSS&63[sys_up_status_push_threa:1012]:: Sending upgrade status to app_host 0xa01 failed, result=-1002
01-01 00:37:47.331   214   423 W DUSS&63[       tcp_async_connect: 311]:: [sys]EINPROGRESS in connect() - selecting,addr=192.168.41.1
01-01 00:37:47.982   217   306 I DUSS&63[sys_up_status_push_threa: 970]:: +++++++ Sending upgrade status for finishing_stage, len: 11, app_host=0xa01, mod_id=0x2d (13.01), status 0, reason 1, progress: 100
01-01 00:37:47.984   217   306 E DUSS&63[sys_up_status_push_threa:1012]:: Sending upgrade status to app_host 0xa01 failed, result=-1002
01-01 00:37:48.038   217   300 W DUSS&63[       tcp_async_connect: 311]:: [sys]EINPROGRESS in connect() - selecting,addr=192.168.41.1
01-01 00:37:48.038   217   302 W DUSS&63[       tcp_async_connect: 311]:: [sys]EINPROGRESS in connect() - selecting,addr=192.168.41.3
01-01 00:37:48.332   214   423 W DUSS&63[       tcp_async_connect: 334]:: [sys]Timeout in select() - Cancelling, addr=192.168.41.1
01-01 00:37:49.039   217   302 W DUSS&63[       tcp_async_connect: 334]:: [sys]Timeout in select() - Cancelling, addr=192.168.41.3
01-01 00:37:49.039   217   300 W DUSS&63[       tcp_async_connect: 334]:: [sys]Timeout in select() - Cancelling, addr=192.168.41.1
01-01 00:37:49.985   217   306 I DUSS&63[sys_up_status_push_threa: 970]:: +++++++ Sending upgrade status for finishing_stage, len: 11, app_host=0xa01, mod_id=0x2d (13.01), status 0, reason 1, progress: 100
01-01 00:37:49.987   217   306 E DUSS&63[sys_up_status_push_threa:1012]:: Sending upgrade status to app_host 0xa01 failed, result=-1002
01-01 00:37:51.987   217   306 I DUSS&63[sys_up_status_push_threa: 970]:: +++++++ Sending upgrade status for finishing_stage, len: 11, app_host=0xa01, mod_id=0x2d (13.01), status 0, reason 1, progress: 100
01-01 00:37:51.989   217   306 E DUSS&63[sys_up_status_push_threa:1012]:: Sending upgrade status to app_host 0xa01 failed, result=-1002
01-01 00:37:53.990   217   306 I DUSS&63[sys_up_status_push_threa: 970]:: +++++++ Sending upgrade status for finishing_stage, len: 11, app_host=0xa01, mod_id=0x2d (13.01), status 0, reason 1, progress: 100
01-01 00:37:53.992   217   306 E DUSS&63[sys_up_status_push_threa:1012]:: Sending upgrade status to app_host 0xa01 failed, result=-1002
01-01 00:37:55.992   217   306 I DUSS&63[sys_up_status_push_threa: 970]:: +++++++ Sending upgrade status for finishing_stage, len: 11, app_host=0xa01, mod_id=0x2d (13.01), status 0, reason 1, progress: 100
01-01 00:37:55.994   217   306 E DUSS&63[sys_up_status_push_threa:1012]:: Sending upgrade status to app_host 0xa01 failed, result=-1002
01-01 00:37:57.994   217   306 I DUSS&63[sys_up_status_push_threa: 970]:: +++++++ Sending upgrade status for finishing_stage, len: 11, app_host=0xa01, mod_id=0x2d (13.01), status 0, reason 1, progress: 100
01-01 00:37:57.997   217   306 E DUSS&63[sys_up_status_push_threa:1012]:: Sending upgrade status to app_host 0xa01 failed, result=-1002
01-01 00:37:59.997   217   306 I DUSS&63[sys_up_status_push_threa: 970]:: +++++++ Sending upgrade status for finishing_stage, len: 11, app_host=0xa01, mod_id=0x2d (13.01), status 0, reason 1, progress: 100
01-01 00:38:00.001   217   306 E DUSS&63[sys_up_status_push_threa:1012]:: Sending upgrade status to app_host 0xa01 failed, result=-1002
01-01 00:38:02.002   217   306 I DUSS&63[sys_up_status_push_threa: 970]:: +++++++ Sending upgrade status for finishing_stage, len: 11, app_host=0xa01, mod_id=0x2d (13.01), status 0, reason 1, progress: 100
01-01 00:38:02.004   217   306 E DUSS&63[sys_up_status_push_threa:1012]:: Sending upgrade status to app_host 0xa01 failed, result=-1002
01-01 00:38:04.005   217   306 I DUSS&63[sys_up_status_push_threa: 970]:: +++++++ Sending upgrade status for finishing_stage, len: 11, app_host=0xa01, mod_id=0x2d (13.01), status 0, reason 1, progress: 100
01-01 00:38:04.007   217   306 E DUSS&63[sys_up_status_push_threa:1012]:: Sending upgrade status to app_host 0xa01 failed, result=-1002
01-01 00:38:06.007   217   306 I DUSS&63[sys_up_status_push_threa: 970]:: +++++++ Sending upgrade status for finishing_stage, len: 11, app_host=0xa01, mod_id=0x2d (13.01), status 0, reason 1, progress: 100
01-01 00:38:06.010   217   306 E DUSS&63[sys_up_status_push_threa:1012]:: Sending upgrade status to app_host 0xa01 failed, result=-1002
01-01 00:38:08.010   217   306 I DUSS&63[sys_up_status_push_threa: 970]:: +++++++ Sending upgrade status for finishing_stage, len: 11, app_host=0xa01, mod_id=0x2d (13.01), status 0, reason 1, progress: 100
01-01 00:38:08.012   217   306 E DUSS&63[sys_up_status_push_threa:1012]:: Sending upgrade status to app_host 0xa01 failed, result=-1002
01-01 00:38:10.013   217   306 I DUSS&63[sys_up_status_push_threa: 970]:: +++++++ Sending upgrade status for finishing_stage, len: 11, app_host=0xa01, mod_id=0x2d (13.01), status 0, reason 1, progress: 100
01-01 00:38:10.018   217   306 E DUSS&63[sys_up_status_push_threa:1012]:: Sending upgrade status to app_host 0xa01 failed, result=-1002
01-01 00:38:12.018   217   306 I DUSS&63[sys_up_status_push_threa: 970]:: +++++++ Sending upgrade status for finishing_stage, len: 11, app_host=0xa01, mod_id=0x2d (13.01), status 0, reason 1, progress: 100
01-01 00:38:12.021   217   306 E DUSS&63[sys_up_status_push_threa:1012]:: Sending upgrade status to app_host 0xa01 failed, result=-1002
01-01 00:38:14.021   217   306 I DUSS&63[sys_up_status_push_threa: 970]:: +++++++ Sending upgrade status for finishing_stage, len: 11, app_host=0xa01, mod_id=0x2d (13.01), status 0, reason 1, progress: 100
01-01 00:38:14.023   217   306 E DUSS&63[sys_up_status_push_threa:1012]:: Sending upgrade status to app_host 0xa01 failed, result=-1002
01-01 00:38:16.024   217   306 I DUSS&63[sys_up_status_push_threa: 970]:: +++++++ Sending upgrade status for finishing_stage, len: 11, app_host=0xa01, mod_id=0x2d (13.01), status 0, reason 1, progress: 100
01-01 00:38:16.026   217   306 E DUSS&63[sys_up_status_push_threa:1012]:: Sending upgrade status to app_host 0xa01 failed, result=-1002
01-01 00:38:18.026   217   306 I DUSS&63[sys_up_status_push_threa: 970]:: +++++++ Sending upgrade status for finishing_stage, len: 11, app_host=0xa01, mod_id=0x2d (13.01), status 0, reason 1, progress: 100
01-01 00:38:18.031   217   306 E DUSS&63[sys_up_status_push_threa:1012]:: Sending upgrade status to app_host 0xa01 failed, result=-1002
01-01 00:38:20.031   217   306 I DUSS&63[sys_up_status_push_threa: 970]:: +++++++ Sending upgrade status for finishing_stage, len: 11, app_host=0xa01, mod_id=0x2d (13.01), status 0, reason 1, progress: 100
01-01 00:38:20.033   217   306 E DUSS&63[sys_up_status_push_threa:1012]:: Sending upgrade status to app_host 0xa01 failed, result=-1002
01-01 00:38:22.033   217   306 I DUSS&63[sys_up_status_push_threa: 970]:: +++++++ Sending upgrade status for finishing_stage, len: 11, app_host=0xa01, mod_id=0x2d (13.01), status 0, reason 1, progress: 100
01-01 00:38:22.035   217   306 E DUSS&63[sys_up_status_push_threa:1012]:: Sending upgrade status to app_host 0xa01 failed, result=-1002
01-01 00:38:24.036   217   306 I DUSS&63[sys_up_status_push_threa: 970]:: +++++++ Sending upgrade status for finishing_stage, len: 11, app_host=0xa01, mod_id=0x2d (13.01), status 0, reason 1, progress: 100
01-01 00:38:24.038   217   306 E DUSS&63[sys_up_status_push_threa:1012]:: Sending upgrade status to app_host 0xa01 failed, result=-1002
01-01 00:38:26.038   217   306 I DUSS&63[sys_up_status_push_threa: 970]:: +++++++ Sending upgrade status for finishing_stage, len: 11, app_host=0xa01, mod_id=0x2d (13.01), status 0, reason 1, progress: 100
01-01 00:38:26.041   217   306 E DUSS&63[sys_up_status_push_threa:1012]:: Sending upgrade status to app_host 0xa01 failed, result=-1002
01-01 00:38:28.041   217   306 I DUSS&63[sys_up_status_push_threa: 970]:: +++++++ Sending upgrade status for finishing_stage, len: 11, app_host=0xa01, mod_id=0x2d (13.01), status 0, reason 1, progress: 100
01-01 00:38:28.045   217   306 E DUSS&63[sys_up_status_push_threa:1012]:: Sending upgrade status to app_host 0xa01 failed, result=-1002
01-01 00:38:28.337   214   423 W DUSS&63[       tcp_async_connect: 311]:: [sys]EINPROGRESS in connect() - selecting,addr=192.168.41.1
01-01 00:38:29.043   217   302 W DUSS&63[       tcp_async_connect: 311]:: [sys]EINPROGRESS in connect() - selecting,addr=192.168.41.3
01-01 00:38:29.044   217   300 W DUSS&63[       tcp_async_connect: 311]:: [sys]EINPROGRESS in connect() - selecting,addr=192.168.41.1
01-01 00:38:29.338   214   423 W DUSS&63[       tcp_async_connect: 334]:: [sys]Timeout in select() - Cancelling, addr=192.168.41.1
01-01 00:38:30.044   217   302 W DUSS&63[       tcp_async_connect: 334]:: [sys]Timeout in select() - Cancelling, addr=192.168.41.3
01-01 00:38:30.045   217   300 W DUSS&63[       tcp_async_connect: 334]:: [sys]Timeout in select() - Cancelling, addr=192.168.41.1
01-01 00:38:30.045   217   306 I DUSS&63[sys_up_status_push_threa: 970]:: +++++++ Sending upgrade status for finishing_stage, len: 11, app_host=0xa01, mod_id=0x2d (13.01), status 0, reason 1, progress: 100
01-01 00:38:30.047   217   306 E DUSS&63[sys_up_status_push_threa:1012]:: Sending upgrade status to app_host 0xa01 failed, result=-1002
01-01 00:38:32.047   217   306 I DUSS&63[sys_up_status_push_threa: 970]:: +++++++ Sending upgrade status for finishing_stage, len: 11, app_host=0xa01, mod_id=0x2d (13.01), status 0, reason 1, progress: 100
01-01 00:38:32.049   217   306 E DUSS&63[sys_up_status_push_threa:1012]:: Sending upgrade status to app_host 0xa01 failed, result=-1002
01-01 00:38:34.050   217   306 I DUSS&63[sys_up_status_push_threa: 970]:: +++++++ Sending upgrade status for finishing_stage, len: 11, app_host=0xa01, mod_id=0x2d (13.01), status 0, reason 1, progress: 100
01-01 00:38:34.052   217   306 E DUSS&63[sys_up_status_push_threa:1012]:: Sending upgrade status to app_host 0xa01 failed, result=-1002
01-01 00:38:36.052   217   306 I DUSS&63[sys_up_status_push_threa: 970]:: +++++++ Sending upgrade status for finishing_stage, len: 11, app_host=0xa01, mod_id=0x2d (13.01), status 0, reason 1, progress: 100
01-01 00:38:36.055   217   306 E DUSS&63[sys_up_status_push_threa:1012]:: Sending upgrade status to app_host 0xa01 failed, result=-1002
01-01 00:38:38.055   217   306 I DUSS&63[sys_up_status_push_threa: 970]:: +++++++ Sending upgrade status for finishing_stage, len: 11, app_host=0xa01, mod_id=0x2d (13.01), status 0, reason 1, progress: 100
01-01 00:38:38.059   217   306 E DUSS&63[sys_up_status_push_threa:1012]:: Sending upgrade status to app_host 0xa01 failed, result=-1002
01-01 00:38:40.059   217   306 I DUSS&63[sys_up_status_push_threa: 970]:: +++++++ Sending upgrade status for finishing_stage, len: 11, app_host=0xa01, mod_id=0x2d (13.01), status 0, reason 1, progress: 100
01-01 00:38:40.062   217   306 E DUSS&63[sys_up_status_push_threa:1012]:: Sending upgrade status to app_host 0xa01 failed, result=-1002
01-01 00:38:42.062   217   306 I DUSS&63[sys_up_status_push_threa: 970]:: +++++++ Sending upgrade status for finishing_stage, len: 11, app_host=0xa01, mod_id=0x2d (13.01), status 0, reason 1, progress: 100
01-01 00:38:42.064   217   306 E DUSS&63[sys_up_status_push_threa:1012]:: Sending upgrade status to app_host 0xa01 failed, result=-1002
01-01 00:38:44.065   217   306 I DUSS&63[sys_up_status_push_threa: 970]:: +++++++ Sending upgrade status for finishing_stage, len: 11, app_host=0xa01, mod_id=0x2d (13.01), status 0, reason 1, progress: 100
01-01 00:38:44.068   217   306 E DUSS&63[sys_up_status_push_threa:1012]:: Sending upgrade status to app_host 0xa01 failed, result=-1002
01-01 00:38:46.068   217   306 I DUSS&63[sys_up_status_push_threa: 970]:: +++++++ Sending upgrade status for finishing_stage, len: 11, app_host=0xa01, mod_id=0x2d (13.01), status 0, reason 1, progress: 100
01-01 00:38:46.070   217   306 E DUSS&63[sys_up_status_push_threa:1012]:: Sending upgrade status to app_host 0xa01 failed, result=-1002
01-01 00:38:48.070   217   306 I DUSS&63[sys_up_status_push_threa: 970]:: +++++++ Sending upgrade status for finishing_stage, len: 11, app_host=0xa01, mod_id=0x2d (13.01), status 0, reason 1, progress: 100
01-01 00:38:48.076   217   306 E DUSS&63[sys_up_status_push_threa:1012]:: Sending upgrade status to app_host 0xa01 failed, result=-1002
01-01 00:38:50.076   217   306 I DUSS&63[sys_up_status_push_threa: 970]:: +++++++ Sending upgrade status for finishing_stage, len: 11, app_host=0xa01, mod_id=0x2d (13.01), status 0, reason 1, progress: 100
01-01 00:38:50.078   217   306 E DUSS&63[sys_up_status_push_threa:1012]:: Sending upgrade status to app_host 0xa01 failed, result=-1002
01-01 00:38:51.795   217   292 I DUSS&63[sys_event_enter_upgrade_: 854]:: 0x7:received cmd to request enter upgrade mode, peer_id=0xa01, this_host=0xd01
01-01 00:38:51.795   217   292 I DUSS&63[sys_event_enter_upgrade_: 886]:: 0x7:pc upgrading, upgrade_package_type=0
01-01 00:38:51.795   217   292 I DUSS&63[sys_up_cleanup_last_reso:  85]:: cleanup last upgrading resources: sys_info=0xb6f4a8b8
01-01 00:38:51.980   217   292 I DUSS&63[ sys_up_del_full_package:1099]:: deleted /data/ftp/upgrade/dji_system.bin
01-01 00:38:52.037   217   292 I DUSS&63[sys_up_free_some_disk_sp: 104]:: free disk space of data
01-01 00:38:52.114   217   292 I DUSS&63[     sys_p1_self_up_init:4616]:: up_package_type=0, uav_bat=0, gnd_bat=100, gls_bat=0, uav_product_type=1, gnd_product_type=1
01-01 00:38:52.114   217   292 I DUSS&63[sys_p1_check_uav_fly_sta:4240]:: motor is still, upgrade is ok.
01-01 00:38:52.415   217   292 E DUSS&63[sys_p1_register_motor_er:4350]:: register motor_err_action error: -1002
01-01 00:38:52.415   217   292 I DUSS&63[sys_event_enter_upgrade_: 918]:: 0x7:request enter upgrading success, host_id=0xd01
01-01 00:38:52.416   217   292 I DUSS&63[ sys_event_report_status:1431]:: report status:  0:0
01-01 00:38:57.097   217   292 I DUSS&63[sys_event_accept_upgrade: 981]:: 0x8:whole image size: 30044160, path = 2, type = 4
01-01 00:38:57.097   217   292 I DUSS&63[sys_event_accept_upgrade:1036]:: 0x8: using path ftp, app_host=0xa01, event_peer_host=0xa01
01-01 00:38:57.309   217   292 I DUSS&63[sys_event_accept_upgrade:1082]:: 0x8:send back ftp upgrade request done. file_name=/upgrade/dji_system.bin
01-01 00:38:57.309   217   292 I DUSS&63[sys_event_finish_upgrade:1240]:: 0xa:Receive transfer complete message.
01-01 00:38:57.310   217   292 I DUSS&63[sys_event_finish_upgrade:1287]:: 0xa:ftp file /data/ftp/upgrade/dji_system.bin, file_size=30044160, info->img_size(30044160)
01-01 00:38:57.310   217   292 I DUSS&63[sys_event_finish_upgrade:1304]:: 0xa:path_use=2, type_use=4, data_store=1, info->recv_size(0), info->img_size(30044160)
01-01 00:38:57.310   217   292 I DUSS&63[sys_event_finish_upgrade:1354]:: 0xa:Md5sum check ok......
01-01 00:38:57.311   217   292 I DUSS&63[          sys_p1_upgrade:4569]:: P1: update all uav/gnd system now ...
01-01 00:38:57.311   217   292 I DUSS&63[sys_up_save_upgrade_stat: 370]:: fileName=/cache/upgrade_status, optionName=upgrade_host, optionValue=2561
01-01 00:38:57.312   217   292 I DUSS&63[sys_up_save_upgrade_stat: 374]:: file /cache/upgrade_status not exist, will create it
01-01 00:38:57.352   217 28516 I DUSS&63[    sys_up_sec_up_thread:1381]:: upgrade thread start... retry=2, up_mode=1
01-01 00:38:57.352   217 28516 I DUSS&63[sys_p1_push_ongoing_stat:2997]:: Push to 0xa01 for module 0xd01, overall upgrade progress: 1 (0:0:0), stop_pushing=0
01-01 00:38:57.352   217 28516 I DUSS&63[sys_p1_up_start_smooth_p:2877]:: will start smooth pushing, from 1 to 7, step=1,interval=2, mod_id=0x0, is_local_progress=0
01-01 00:38:57.352   217   306 I DUSS&63[sys_up_status_push_threa: 993]:: +++++++ Sending upgrade status for upgrading_stage, len: 11, app_host=0xa01, mod_id=0x2d (13.01), status 1, progress: 0, total_progress: 1
01-01 00:38:57.469   217 28516 I DUSS&63[    sys_up_sec_up_thread:1443]:: Start to extract firmware
01-01 00:38:59.029   217   307 E DUSS&63[sys_p1_register_motor_er:4350]:: register motor_err_action error: -1002
01-01 00:38:59.352   217 28517 I DUSS&63[sys_p1_up_smooth_push_en:2831]:: smooth pushing status, start=1, end=7, step=1, cur=1, mod_id=0
01-01 00:38:59.352   217 28517 I DUSS&63[sys_p1_push_ongoing_stat:2997]:: Push to 0xa01 for module 0xd01, overall upgrade progress: 1 (0:0:0), stop_pushing=0
01-01 00:38:59.352   217   306 I DUSS&63[sys_up_status_push_threa: 993]:: +++++++ Sending upgrade status for upgrading_stage, len: 11, app_host=0xa01, mod_id=0x2d (13.01), status 1, progress: 0, total_progress: 1
01-01 00:38:59.358   217   306 E DUSS&63[sys_up_status_push_threa:1012]:: Sending upgrade status to app_host 0xa01 failed, result=-1002
01-01 00:39:01.030   217   307 E DUSS&63[sys_p1_register_motor_er:4350]:: register motor_err_action error: -1002
01-01 00:39:01.076   217 28516 I DUSS&63[    sys_up_sec_up_thread:1460]:: Finish to extract firmware
01-01 00:39:01.076   217 28516 I DUSS&63[sys_p1_up_stop_smooth_pu:2904]:: will stop smooth pushing, previous timer=0xb71252f0
01-01 00:39:01.076   217 28516 I DUSS&63[sys_p1_up_stop_smooth_pu:2908]:: stop previous timer, mod_id=0x0, start_progress=1, end_progress=7
01-01 00:39:01.077   217 28516 I DUSS&63[sys_p1_push_ongoing_stat:2997]:: Push to 0xa01 for module 0xd01, overall upgrade progress: 7 (0:0:0), stop_pushing=0
01-01 00:39:01.077   217 28516 I DUSS&63[    sys_up_sec_up_thread:1476]:: scan_system = 0
01-01 00:39:01.077   217 28516 I DUSS&63[sys_p1_up_start_smooth_p:2877]:: will start smooth pushing, from 7 to 15, step=1,interval=3, mod_id=0x0, is_local_progress=0
01-01 00:39:01.077   217   306 I DUSS&63[sys_up_status_push_threa: 993]:: +++++++ Sending upgrade status for upgrading_stage, len: 11, app_host=0xa01, mod_id=0x2d (13.01), status 1, progress: 0, total_progress: 7
01-01 00:39:01.080   217   306 E DUSS&63[sys_up_status_push_threa:1012]:: Sending upgrade status to app_host 0xa01 failed, result=-1002
01-01 00:39:01.083   217 28516 I DUSS&63[sys_p1_get_filelist_from:3848]:: got signed cfg file: /data/ftp/upgrade/upgrade/signimgs/wm220.cfg.sig
01-01 00:39:01.084   217 28516 I DUSS&63[sys_p1_get_filelist_from:3867]:: Got signed cfg file /data/ftp/upgrade/upgrade/signimgs/wm220.cfg.sig
01-01 00:39:01.136   217 28516 I DUSS&63[       sys_p1_unsign_img:1829]:: verify results: passed to verify image /data/ftp/upgrade/upgrade/signimgs/wm220.cfg.sig
01-01 00:39:01.136   217 28516 I DUSS&63[       sys_p1_unsign_img:1837]:: dji_verify -n 0000 -o /cache/upgrade/unsignimgs/wm330_0000.xml /data/ftp/upgrade/upgrade/signimgs/wm220.cfg.sig exit status 0, return 0
01-01 00:39:01.136   217 28516 I DUSS&63[       sys_p1_unsign_img:1845]:: dji_verify -n 0000 -o /cache/upgrade/unsignimgs/wm330_0000.xml /data/ftp/upgrade/upgrade/signimgs/wm220.cfg.sig success.
01-01 00:39:01.136   217 28516 I DUSS&63[sys_p1_get_filelist_from:3879]:: succeed to unsign cfg file.
01-01 00:39:01.139   217 28516 I DUSS&63[        sys_p1_parse_cfg:  63]:: root name: dji
01-01 00:39:01.139   217 28516 I DUSS&63[        sys_p1_parse_cfg:  66]:: child name: device
01-01 00:39:01.139   217 28516 I DUSS&63[        sys_p1_parse_cfg:  72]:: get device_id wm220 from xml
01-01 00:39:01.139   217 28516 I DUSS&63[        sys_p1_parse_cfg:  82]:: formal = 01.04.0200
01-01 00:39:01.139   217 28516 I DUSS&63[        sys_p1_parse_cfg:  95]:: release version = 01.04.0200
01-01 00:39:01.139   217 28516 I DUSS&63[        sys_p1_parse_cfg: 101]:: parsed version:1.4.200
01-01 00:39:01.139   217 28516 I DUSS&63[        sys_p1_parse_cfg: 104]:: anti rool back = 3
01-01 00:39:01.139   217 28516 I DUSS&63[        sys_p1_parse_cfg: 109]:: from = 2018/01/11
01-01 00:39:01.139   217 28516 I DUSS&63[        sys_p1_parse_cfg: 116]:: expire = 2019/01/11
01-01 00:39:01.139   217 28516 I DUSS&63[        sys_p1_parse_cfg: 130]:: module id: 0907
01-01 00:39:01.139   217 28516 I DUSS&63[        sys_p1_parse_cfg: 133]:: module version: 47.26.02.18
01-01 00:39:01.139   217 28516 I DUSS&63[        sys_p1_parse_cfg: 136]:: hardware version: 
01-01 00:39:01.139   217 28516 I DUSS&63[        sys_p1_parse_cfg: 141]:: module file_name = wm220_0907_v47.26.02.18_20170801.pro.fw.sig
01-01 00:39:01.139   217 28516 I DUSS&63[        sys_p1_parse_cfg: 146]:: /data/ftp/upgrade/upgrade/signimgs//wm220_0907_v47.26.02.18_20170801.pro.fw.sig not exists
01-01 00:39:01.139   217 28516 I DUSS&63[        sys_p1_parse_cfg: 130]:: module id: 0305
01-01 00:39:01.139   217 28516 I DUSS&63[        sys_p1_parse_cfg: 133]:: module version: 34.04.00.24
01-01 00:39:01.139   217 28516 I DUSS&63[        sys_p1_parse_cfg: 136]:: hardware version: 
01-01 00:39:01.139   217 28516 I DUSS&63[        sys_p1_parse_cfg: 141]:: module file_name = wm220_0305_v34.04.00.24_20170726.pro.fw.sig
01-01 00:39:01.139   217 28516 I DUSS&63[        sys_p1_parse_cfg: 146]:: /data/ftp/upgrade/upgrade/signimgs//wm220_0305_v34.04.00.24_20170726.pro.fw.sig not exists
01-01 00:39:01.139   217 28516 I DUSS&63[        sys_p1_parse_cfg: 130]:: module id: 0306
01-01 00:39:01.139   217 28516 I DUSS&63[        sys_p1_parse_cfg: 133]:: module version: 03.02.44.07
01-01 00:39:01.139   217 28516 I DUSS&63[        sys_p1_parse_cfg: 136]:: hardware version: 
01-01 00:39:01.139   217 28516 I DUSS&63[        sys_p1_parse_cfg: 141]:: module file_name = wm220_0306_v03.02.44.07_20171116.pro.fw.sig
01-01 00:39:01.139   217 28516 I DUSS&63[        sys_p1_parse_cfg: 146]:: /data/ftp/upgrade/upgrade/signimgs//wm220_0306_v03.02.44.07_20171116.pro.fw.sig not exists
01-01 00:39:01.139   217 28516 I DUSS&63[        sys_p1_parse_cfg: 130]:: module id: 1100
01-01 00:39:01.139   217 28516 I DUSS&63[        sys_p1_parse_cfg: 133]:: module version: 01.00.07.32
01-01 00:39:01.139   217 28516 I DUSS&63[        sys_p1_parse_cfg: 136]:: hardware version: 
01-01 00:39:01.139   217 28516 I DUSS&63[        sys_p1_parse_cfg: 141]:: module file_name = wm220_1100_v01.00.07.32_20170726.pro.fw.sig
01-01 00:39:01.139   217 28516 I DUSS&63[        sys_p1_parse_cfg: 146]:: /data/ftp/upgrade/upgrade/signimgs//wm220_1100_v01.00.07.32_20170726.pro.fw.sig not exists
01-01 00:39:01.139   217 28516 I DUSS&63[        sys_p1_parse_cfg: 130]:: module id: 0803
01-01 00:39:01.139   217 28516 I DUSS&63[        sys_p1_parse_cfg: 133]:: module version: 00.00.04.09
01-01 00:39:01.139   217 28516 I DUSS&63[        sys_p1_parse_cfg: 136]:: hardware version: 
01-01 00:39:01.139   217 28516 I DUSS&63[        sys_p1_parse_cfg: 141]:: module file_name = wm220_0803_v00.00.04.09_20170728.pro.fw.sig
01-01 00:39:01.139   217 28516 I DUSS&63[        sys_p1_parse_cfg: 146]:: /data/ftp/upgrade/upgrade/signimgs//wm220_0803_v00.00.04.09_20170728.pro.fw.sig not exists
01-01 00:39:01.139   217 28516 I DUSS&63[        sys_p1_parse_cfg: 130]:: module id: 0100
01-01 00:39:01.139   217 28516 I DUSS&63[        sys_p1_parse_cfg: 133]:: module version: 02.06.56.66
01-01 00:39:01.139   217 28516 I DUSS&63[        sys_p1_parse_cfg: 136]:: hardware version: 
01-01 00:39:01.139   217 28516 I DUSS&63[        sys_p1_parse_cfg: 141]:: module file_name = wm220_0100_v02.06.56.66_20171208.pro.fw.sig
01-01 00:39:01.140   217 28516 I DUSS&63[        sys_p1_parse_cfg: 146]:: /data/ftp/upgrade/upgrade/signimgs//wm220_0100_v02.06.56.66_20171208.pro.fw.sig not exists
01-01 00:39:01.140   217 28516 I DUSS&63[        sys_p1_parse_cfg: 130]:: module id: 0100
01-01 00:39:01.140   217 28516 I DUSS&63[        sys_p1_parse_cfg: 133]:: module version: 02.09.05.16
01-01 00:39:01.140   217 28516 I DUSS&63[        sys_p1_parse_cfg: 136]:: hardware version: ca02
01-01 00:39:01.140   217 28516 I DUSS&63[        sys_p1_parse_cfg: 141]:: module file_name = wm220_0100_v02.09.05.16_20171208_ca02.pro.fw.sig
01-01 00:39:01.140   217 28516 I DUSS&63[        sys_p1_parse_cfg: 146]:: /data/ftp/upgrade/upgrade/signimgs//wm220_0100_v02.09.05.16_20171208_ca02.pro.fw.sig not exists
01-01 00:39:01.140   217 28516 I DUSS&63[        sys_p1_parse_cfg: 130]:: module id: 0101
01-01 00:39:01.140   217 28516 I DUSS&63[        sys_p1_parse_cfg: 133]:: module version: 02.09.05.14
01-01 00:39:01.140   217 28516 I DUSS&63[        sys_p1_parse_cfg: 136]:: hardware version: ca02
01-01 00:39:01.140   217 28516 I DUSS&63[        sys_p1_parse_cfg: 141]:: module file_name = wm220_0101_v02.09.05.14_20171115_ca02.pro.fw.sig
01-01 00:39:01.140   217 28516 I DUSS&63[        sys_p1_parse_cfg: 146]:: /data/ftp/upgrade/upgrade/signimgs//wm220_0101_v02.09.05.14_20171115_ca02.pro.fw.sig not exists
01-01 00:39:01.140   217 28516 I DUSS&63[        sys_p1_parse_cfg: 130]:: module id: 0101
01-01 00:39:01.140   217 28516 I DUSS&63[        sys_p1_parse_cfg: 133]:: module version: 02.06.56.63
01-01 00:39:01.140   217 28516 I DUSS&63[        sys_p1_parse_cfg: 136]:: hardware version: 
01-01 00:39:01.140   217 28516 I DUSS&63[        sys_p1_parse_cfg: 141]:: module file_name = wm220_0101_v02.06.56.63_20171115.pro.fw.sig
01-01 00:39:01.140   217 28516 I DUSS&63[        sys_p1_parse_cfg: 146]:: /data/ftp/upgrade/upgrade/signimgs//wm220_0101_v02.06.56.63_20171115.pro.fw.sig not exists
01-01 00:39:01.140   217 28516 I DUSS&63[        sys_p1_parse_cfg: 130]:: module id: 0400
01-01 00:39:01.140   217 28516 I DUSS&63[        sys_p1_parse_cfg: 133]:: module version: 01.50.12.10
01-01 00:39:01.140   217 28516 I DUSS&63[        sys_p1_parse_cfg: 136]:: hardware version: 
01-01 00:39:01.140   217 28516 I DUSS&63[        sys_p1_parse_cfg: 141]:: module file_name = wm220_0400_v01.50.12.10_20170809.pro.fw.sig
01-01 00:39:01.140   217 28516 I DUSS&63[        sys_p1_parse_cfg: 146]:: /data/ftp/upgrade/upgrade/signimgs//wm220_0400_v01.50.12.10_20170809.pro.fw.sig not exists
01-01 00:39:01.140   217 28516 I DUSS&63[        sys_p1_parse_cfg: 130]:: module id: 0804
01-01 00:39:01.140   217 28516 I DUSS&63[        sys_p1_parse_cfg: 133]:: module version: 01.00.00.11
01-01 00:39:01.140   217 28516 I DUSS&63[        sys_p1_parse_cfg: 136]:: hardware version: 
01-01 00:39:01.140   217 28516 I DUSS&63[        sys_p1_parse_cfg: 141]:: module file_name = wm220_0804_v01.00.00.11_20170828.pro.fw.sig
01-01 00:39:01.140   217 28516 I DUSS&63[        sys_p1_parse_cfg: 146]:: /data/ftp/upgrade/upgrade/signimgs//wm220_0804_v01.00.00.11_20170828.pro.fw.sig not exists
01-01 00:39:01.140   217 28516 I DUSS&63[        sys_p1_parse_cfg: 130]:: module id: 0801
01-01 00:39:01.140   217 28516 I DUSS&63[        sys_p1_parse_cfg: 133]:: module version: 01.06.00.35
01-01 00:39:01.140   217 28516 I DUSS&63[        sys_p1_parse_cfg: 136]:: hardware version: 
01-01 00:39:01.140   217 28516 I DUSS&63[        sys_p1_parse_cfg: 141]:: module file_name = wm220_0801_v01.06.00.35_20171228.pro.fw.sig
01-01 00:39:01.140   217 28516 I DUSS&63[        sys_p1_parse_cfg: 146]:: /data/ftp/upgrade/upgrade/signimgs//wm220_0801_v01.06.00.35_20171228.pro.fw.sig not exists
01-01 00:39:01.140   217 28516 I DUSS&63[        sys_p1_parse_cfg: 130]:: module id: 1200
01-01 00:39:01.140   217 28516 I DUSS&63[        sys_p1_parse_cfg: 133]:: module version: 01.01.00.71
01-01 00:39:01.140   217 28516 I DUSS&63[        sys_p1_parse_cfg: 136]:: hardware version: es02
01-01 00:39:01.140   217 28516 I DUSS&63[        sys_p1_parse_cfg: 141]:: module file_name = wm220_1200_v01.01.00.71_20171122_es02.pro.fw.sig
01-01 00:39:01.140   217 28516 I DUSS&63[        sys_p1_parse_cfg: 146]:: /data/ftp/upgrade/upgrade/signimgs//wm220_1200_v01.01.00.71_20171122_es02.pro.fw.sig not exists
01-01 00:39:01.140   217 28516 I DUSS&63[        sys_p1_parse_cfg: 130]:: module id: 1200
01-01 00:39:01.140   217 28516 I DUSS&63[        sys_p1_parse_cfg: 133]:: module version: 01.10.00.00
01-01 00:39:01.140   217 28516 I DUSS&63[        sys_p1_parse_cfg: 136]:: hardware version: 
01-01 00:39:01.140   217 28516 I DUSS&63[        sys_p1_parse_cfg: 141]:: module file_name = wm220_1200_v01.10.00.00_20170731.pro.fw.sig
01-01 00:39:01.140   217 28516 I DUSS&63[        sys_p1_parse_cfg: 146]:: /data/ftp/upgrade/upgrade/signimgs//wm220_1200_v01.10.00.00_20170731.pro.fw.sig not exists
01-01 00:39:01.140   217 28516 I DUSS&63[        sys_p1_parse_cfg: 130]:: module id: 1201
01-01 00:39:01.141   217 28516 I DUSS&63[        sys_p1_parse_cfg: 133]:: module version: 01.10.00.00
01-01 00:39:01.141   217 28516 I DUSS&63[        sys_p1_parse_cfg: 136]:: hardware version: 
01-01 00:39:01.141   217 28516 I DUSS&63[        sys_p1_parse_cfg: 141]:: module file_name = wm220_1201_v01.10.00.00_20170731.pro.fw.sig
01-01 00:39:01.141   217 28516 I DUSS&63[        sys_p1_parse_cfg: 146]:: /data/ftp/upgrade/upgrade/signimgs//wm220_1201_v01.10.00.00_20170731.pro.fw.sig not exists
01-01 00:39:01.141   217 28516 I DUSS&63[        sys_p1_parse_cfg: 130]:: module id: 1202
01-01 00:39:01.141   217 28516 I DUSS&63[        sys_p1_parse_cfg: 133]:: module version: 01.10.00.00
01-01 00:39:01.141   217 28516 I DUSS&63[        sys_p1_parse_cfg: 136]:: hardware version: 
01-01 00:39:01.141   217 28516 I DUSS&63[        sys_p1_parse_cfg: 141]:: module file_name = wm220_1202_v01.10.00.00_20170731.pro.fw.sig
01-01 00:39:01.141   217 28516 I DUSS&63[        sys_p1_parse_cfg: 146]:: /data/ftp/upgrade/upgrade/signimgs//wm220_1202_v01.10.00.00_20170731.pro.fw.sig not exists
01-01 00:39:01.141   217 28516 I DUSS&63[        sys_p1_parse_cfg: 130]:: module id: 1203
01-01 00:39:01.141   217 28516 I DUSS&63[        sys_p1_parse_cfg: 133]:: module version: 01.10.00.00
01-01 00:39:01.141   217 28516 I DUSS&63[        sys_p1_parse_cfg: 136]:: hardware version: 
01-01 00:39:01.141   217 28516 I DUSS&63[        sys_p1_parse_cfg: 141]:: module file_name = wm220_1203_v01.10.00.00_20170731.pro.fw.sig
01-01 00:39:01.141   217 28516 I DUSS&63[        sys_p1_parse_cfg: 146]:: /data/ftp/upgrade/upgrade/signimgs//wm220_1203_v01.10.00.00_20170731.pro.fw.sig not exists
01-01 00:39:01.141   217 28516 I DUSS&63[        sys_p1_parse_cfg: 130]:: module id: 0802
01-01 00:39:01.141   217 28516 I DUSS&63[        sys_p1_parse_cfg: 133]:: module version: 01.01.00.02
01-01 00:39:01.141   217 28516 I DUSS&63[        sys_p1_parse_cfg: 136]:: hardware version: 
01-01 00:39:01.141   217 28516 I DUSS&63[        sys_p1_parse_cfg: 141]:: module file_name = wm220_0802_v01.01.00.02_20170729.pro.fw.sig
01-01 00:39:01.141   217 28516 I DUSS&63[        sys_p1_parse_cfg: 146]:: /data/ftp/upgrade/upgrade/signimgs//wm220_0802_v01.01.00.02_20170729.pro.fw.sig not exists
01-01 00:39:01.141   217 28516 I DUSS&63[        sys_p1_parse_cfg: 130]:: module id: 0805
01-01 00:39:01.141   217 28516 I DUSS&63[        sys_p1_parse_cfg: 133]:: module version: 01.03.00.99
01-01 00:39:01.141   217 28516 I DUSS&63[        sys_p1_parse_cfg: 136]:: hardware version: 
01-01 00:39:01.141   217 28516 I DUSS&63[        sys_p1_parse_cfg: 141]:: module file_name = wm220_0805_v01.03.00.99_20171121.pro.fw.sig
01-01 00:39:01.141   217 28516 I DUSS&63[        sys_p1_parse_cfg: 146]:: /data/ftp/upgrade/upgrade/signimgs//wm220_0805_v01.03.00.99_20171121.pro.fw.sig not exists
01-01 00:39:01.141   217 28516 I DUSS&63[        sys_p1_parse_cfg: 130]:: module id: 1407
01-01 00:39:01.141   217 28516 I DUSS&63[        sys_p1_parse_cfg: 133]:: module version: 47.26.02.18
01-01 00:39:01.141   217 28516 I DUSS&63[        sys_p1_parse_cfg: 136]:: hardware version: 
01-01 00:39:01.141   217 28516 I DUSS&63[        sys_p1_parse_cfg: 141]:: module file_name = wm220_1407_v47.26.02.18_20170801.pro.fw.sig
01-01 00:39:01.141   217 28516 I DUSS&63[        sys_p1_parse_cfg: 153]:: md5: f2926564352775e9b8396d477b71511d
01-01 00:39:01.204   217 28516 I DUSS&63[      sys_p1_add_up_file:2359]:: get hw_ver[NULL] from file /data/ftp/upgrade/upgrade/signimgs//wm220_1407_v47.26.02.18_20170801.pro.fw.sig
01-01 00:39:01.204   217 28516 I DUSS&63[      sys_p1_add_up_file:2456]:: parse file ok, id 14, index 7, ver: 47.26.2.18
01-01 00:39:01.204   217 28516 I DUSS&63[      sys_p1_add_up_file:2458]:: sign file name: /data/ftp/upgrade/upgrade/signimgs//wm220_1407_v47.26.02.18_20170801.pro.fw.sig, file_size=4238080
01-01 00:39:01.204   217 28516 I DUSS&63[        sys_p1_parse_cfg: 130]:: module id: 0600
01-01 00:39:01.204   217 28516 I DUSS&63[        sys_p1_parse_cfg: 133]:: module version: 00.00.01.28
01-01 00:39:01.204   217 28516 I DUSS&63[        sys_p1_parse_cfg: 136]:: hardware version: 
