01-06 11:24:30.479   230   318 W DUSS&63[       tcp_async_connect: 311]:: [sys]EINPROGRESS in connect() - selecting,addr=192.168.41.3
01-06 11:24:31.480   230   318 W DUSS&63[       tcp_async_connect: 334]:: [sys]Timeout in select() - Cancelling, addr=192.168.41.3
01-06 11:25:11.484   230   318 W DUSS&63[       tcp_async_connect: 311]:: [sys]EINPROGRESS in connect() - selecting,addr=192.168.41.3
01-06 11:25:12.486   230   318 W DUSS&63[       tcp_async_connect: 334]:: [sys]Timeout in select() - Cancelling, addr=192.168.41.3
01-06 11:25:52.491   230   318 W DUSS&63[       tcp_async_connect: 311]:: [sys]EINPROGRESS in connect() - selecting,addr=192.168.41.3
01-06 11:25:53.492   230   318 W DUSS&63[       tcp_async_connect: 334]:: [sys]Timeout in select() - Cancelling, addr=192.168.41.3
01-06 11:26:33.504   230   318 W DUSS&63[       tcp_async_connect: 311]:: [sys]EINPROGRESS in connect() - selecting,addr=192.168.41.3
01-06 11:26:34.505   230   318 W DUSS&63[       tcp_async_connect: 334]:: [sys]Timeout in select() - Cancelling, addr=192.168.41.3
01-06 11:27:14.510   230   318 W DUSS&63[       tcp_async_connect: 311]:: [sys]EINPROGRESS in connect() - selecting,addr=192.168.41.3
01-06 11:27:15.511   230   318 W DUSS&63[       tcp_async_connect: 334]:: [sys]Timeout in select() - Cancelling, addr=192.168.41.3
01-06 11:27:55.517   230   318 W DUSS&63[       tcp_async_connect: 311]:: [sys]EINPROGRESS in connect() - selecting,addr=192.168.41.3
01-06 11:27:56.518   230   318 W DUSS&63[       tcp_async_connect: 334]:: [sys]Timeout in select() - Cancelling, addr=192.168.41.3
01-06 11:28:36.524   230   318 W DUSS&63[       tcp_async_connect: 311]:: [sys]EINPROGRESS in connect() - selecting,addr=192.168.41.3
01-06 11:28:37.525   230   318 W DUSS&63[       tcp_async_connect: 334]:: [sys]Timeout in select() - Cancelling, addr=192.168.41.3
01-06 11:29:17.529   230   318 W DUSS&63[       tcp_async_connect: 311]:: [sys]EINPROGRESS in connect() - selecting,addr=192.168.41.3
01-06 11:29:18.530   230   318 W DUSS&63[       tcp_async_connect: 334]:: [sys]Timeout in select() - Cancelling, addr=192.168.41.3
01-06 11:29:58.534   230   318 W DUSS&63[       tcp_async_connect: 311]:: [sys]EINPROGRESS in connect() - selecting,addr=192.168.41.3
01-06 11:29:59.535   230   318 W DUSS&63[       tcp_async_connect: 334]:: [sys]Timeout in select() - Cancelling, addr=192.168.41.3
01-06 11:30:39.539   230   318 W DUSS&63[       tcp_async_connect: 311]:: [sys]EINPROGRESS in connect() - selecting,addr=192.168.41.3
01-06 11:30:40.541   230   318 W DUSS&63[       tcp_async_connect: 334]:: [sys]Timeout in select() - Cancelling, addr=192.168.41.3
01-06 11:31:20.545   230   318 W DUSS&63[       tcp_async_connect: 311]:: [sys]EINPROGRESS in connect() - selecting,addr=192.168.41.3
01-06 11:31:21.546   230   318 W DUSS&63[       tcp_async_connect: 334]:: [sys]Timeout in select() - Cancelling, addr=192.168.41.3
01-06 11:32:01.551   230   318 W DUSS&63[       tcp_async_connect: 311]:: [sys]EINPROGRESS in connect() - selecting,addr=192.168.41.3
01-06 11:32:02.552   230   318 W DUSS&63[       tcp_async_connect: 334]:: [sys]Timeout in select() - Cancelling, addr=192.168.41.3
01-06 11:32:42.557   230   318 W DUSS&63[       tcp_async_connect: 311]:: [sys]EINPROGRESS in connect() - selecting,addr=192.168.41.3
01-06 11:32:43.558   230   318 W DUSS&63[       tcp_async_connect: 334]:: [sys]Timeout in select() - Cancelling, addr=192.168.41.3
01-06 11:33:23.563   230   318 W DUSS&63[       tcp_async_connect: 311]:: [sys]EINPROGRESS in connect() - selecting,addr=192.168.41.3
01-06 11:33:24.564   230   318 W DUSS&63[       tcp_async_connect: 334]:: [sys]Timeout in select() - Cancelling, addr=192.168.41.3
01-06 11:34:04.568   230   318 W DUSS&63[       tcp_async_connect: 311]:: [sys]EINPROGRESS in connect() - selecting,addr=192.168.41.3
01-06 11:34:05.569   230   318 W DUSS&63[       tcp_async_connect: 334]:: [sys]Timeout in select() - Cancelling, addr=192.168.41.3
01-06 11:34:45.574   230   318 W DUSS&63[       tcp_async_connect: 311]:: [sys]EINPROGRESS in connect() - selecting,addr=192.168.41.3
01-06 11:34:46.575   230   318 W DUSS&63[       tcp_async_connect: 334]:: [sys]Timeout in select() - Cancelling, addr=192.168.41.3
01-06 11:35:26.582   230   318 W DUSS&63[       tcp_async_connect: 311]:: [sys]EINPROGRESS in connect() - selecting,addr=192.168.41.3
01-06 11:35:27.584   230   318 W DUSS&63[       tcp_async_connect: 334]:: [sys]Timeout in select() - Cancelling, addr=192.168.41.3
01-06 11:36:07.589   230   318 W DUSS&63[       tcp_async_connect: 311]:: [sys]EINPROGRESS in connect() - selecting,addr=192.168.41.3
01-06 11:36:08.590   230   318 W DUSS&63[       tcp_async_connect: 334]:: [sys]Timeout in select() - Cancelling, addr=192.168.41.3
01-06 11:36:48.595   230   318 W DUSS&63[       tcp_async_connect: 311]:: [sys]EINPROGRESS in connect() - selecting,addr=192.168.41.3
01-06 11:36:49.596   230   318 W DUSS&63[       tcp_async_connect: 334]:: [sys]Timeout in select() - Cancelling, addr=192.168.41.3
01-06 11:37:29.605   230   318 W DUSS&63[       tcp_async_connect: 311]:: [sys]EINPROGRESS in connect() - selecting,addr=192.168.41.3
01-06 11:37:30.606   230   318 W DUSS&63[       tcp_async_connect: 334]:: [sys]Timeout in select() - Cancelling, addr=192.168.41.3
01-06 11:38:10.611   230   318 W DUSS&63[       tcp_async_connect: 311]:: [sys]EINPROGRESS in connect() - selecting,addr=192.168.41.3
01-06 11:38:11.612   230   318 W DUSS&63[       tcp_async_connect: 334]:: [sys]Timeout in select() - Cancelling, addr=192.168.41.3
01-06 11:38:51.617   230   318 W DUSS&63[       tcp_async_connect: 311]:: [sys]EINPROGRESS in connect() - selecting,addr=192.168.41.3
01-06 11:38:52.618   230   318 W DUSS&63[       tcp_async_connect: 334]:: [sys]Timeout in select() - Cancelling, addr=192.168.41.3
01-06 11:39:32.623   230   318 W DUSS&63[       tcp_async_connect: 311]:: [sys]EINPROGRESS in connect() - selecting,addr=192.168.41.3
01-06 11:39:33.624   230   318 W DUSS&63[       tcp_async_connect: 334]:: [sys]Timeout in select() - Cancelling, addr=192.168.41.3
01-06 11:40:13.629   230   318 W DUSS&63[       tcp_async_connect: 311]:: [sys]EINPROGRESS in connect() - selecting,addr=192.168.41.3
01-06 11:40:14.630   230   318 W DUSS&63[       tcp_async_connect: 334]:: [sys]Timeout in select() - Cancelling, addr=192.168.41.3
01-06 11:40:54.634   230   318 W DUSS&63[       tcp_async_connect: 311]:: [sys]EINPROGRESS in connect() - selecting,addr=192.168.41.3
01-06 11:40:55.635   230   318 W DUSS&63[       tcp_async_connect: 334]:: [sys]Timeout in select() - Cancelling, addr=192.168.41.3
01-06 11:41:35.639   230   318 W DUSS&63[       tcp_async_connect: 311]:: [sys]EINPROGRESS in connect() - selecting,addr=192.168.41.3
01-06 11:41:36.640   230   318 W DUSS&63[       tcp_async_connect: 334]:: [sys]Timeout in select() - Cancelling, addr=192.168.41.3
01-06 11:42:16.644   230   318 W DUSS&63[       tcp_async_connect: 311]:: [sys]EINPROGRESS in connect() - selecting,addr=192.168.41.3
01-06 11:42:17.645   230   318 W DUSS&63[       tcp_async_connect: 334]:: [sys]Timeout in select() - Cancelling, addr=192.168.41.3
01-06 11:42:57.651   230   318 W DUSS&63[       tcp_async_connect: 311]:: [sys]EINPROGRESS in connect() - selecting,addr=192.168.41.3
01-06 11:42:58.652   230   318 W DUSS&63[       tcp_async_connect: 334]:: [sys]Timeout in select() - Cancelling, addr=192.168.41.3
01-06 11:43:38.656   230   318 W DUSS&63[       tcp_async_connect: 311]:: [sys]EINPROGRESS in connect() - selecting,addr=192.168.41.3
01-06 11:43:39.658   230   318 W DUSS&63[       tcp_async_connect: 334]:: [sys]Timeout in select() - Cancelling, addr=192.168.41.3
01-06 11:44:19.664   230   318 W DUSS&63[       tcp_async_connect: 311]:: [sys]EINPROGRESS in connect() - selecting,addr=192.168.41.3
01-06 11:44:20.665   230   318 W DUSS&63[       tcp_async_connect: 334]:: [sys]Timeout in select() - Cancelling, addr=192.168.41.3
01-06 11:45:00.672   230   318 W DUSS&63[       tcp_async_connect: 311]:: [sys]EINPROGRESS in connect() - selecting,addr=192.168.41.3
01-06 11:45:01.673   230   318 W DUSS&63[       tcp_async_connect: 334]:: [sys]Timeout in select() - Cancelling, addr=192.168.41.3
01-06 11:45:41.677   230   318 W DUSS&63[       tcp_async_connect: 311]:: [sys]EINPROGRESS in connect() - selecting,addr=192.168.41.3
01-06 11:45:42.678   230   318 W DUSS&63[       tcp_async_connect: 334]:: [sys]Timeout in select() - Cancelling, addr=192.168.41.3
01-06 11:46:22.683   230   318 W DUSS&63[       tcp_async_connect: 311]:: [sys]EINPROGRESS in connect() - selecting,addr=192.168.41.3
01-06 11:46:23.684   230   318 W DUSS&63[       tcp_async_connect: 334]:: [sys]Timeout in select() - Cancelling, addr=192.168.41.3
01-06 11:47:03.688   230   318 W DUSS&63[       tcp_async_connect: 311]:: [sys]EINPROGRESS in connect() - selecting,addr=192.168.41.3
01-06 11:47:04.690   230   318 W DUSS&63[       tcp_async_connect: 334]:: [sys]Timeout in select() - Cancelling, addr=192.168.41.3
01-06 11:47:44.695   230   318 W DUSS&63[       tcp_async_connect: 311]:: [sys]EINPROGRESS in connect() - selecting,addr=192.168.41.3
01-06 11:47:45.696   230   318 W DUSS&63[       tcp_async_connect: 334]:: [sys]Timeout in select() - Cancelling, addr=192.168.41.3
01-06 11:48:21.343   228   452 E DUSS&63[        wl_prot_tcp_recv: 749]:: [sys]WL TCP State change to disconnect, cur_fd=49, addr=192.168.41.1
01-06 11:48:21.344   228   452 I DUSS&63[           tcp_reconnect: 193]:: [sys]new socket fd 84, need connect
01-06 11:48:21.344   228   452 W DUSS&63[       tcp_async_connect: 311]:: [sys]EINPROGRESS in connect() - selecting,addr=192.168.41.1
01-06 11:48:21.515   228   452 E DUSS&63[       tcp_async_connect: 328]:: [sys]Error in delayed connection() - Connection refused
01-06 11:48:21.515   228   452 E DUSS&63[           tcp_reconnect: 197]:: [sys]first connect failed, err=Operation now in progress, will try later
01-06 11:48:21.515   228   452 I DUSS&63[           tcp_reconnect: 201]:: [sys]before join the old connect task
01-06 11:48:21.516   228   452 I DUSS&63[           tcp_reconnect: 206]:: [sys]success joined the connect task
01-06 11:48:21.516   228 25970 I DUSS&63[      tcp_connect_thread: 139]:: [sys]start to connect, fd=84
01-06 11:48:21.516   228 25970 I DUSS&63[      tcp_connect_thread: 143]:: [sys]WL TCP State change to connecting
01-06 11:48:23.516   228 25970 W DUSS&63[       tcp_async_connect: 311]:: [sys]EINPROGRESS in connect() - selecting,addr=192.168.41.1
01-06 11:48:24.516   228 25970 W DUSS&63[       tcp_async_connect: 334]:: [sys]Timeout in select() - Cancelling, addr=192.168.41.1
01-06 11:48:25.704   230   318 W DUSS&63[       tcp_async_connect: 311]:: [sys]EINPROGRESS in connect() - selecting,addr=192.168.41.3
01-06 11:48:26.705   230   318 W DUSS&63[       tcp_async_connect: 334]:: [sys]Timeout in select() - Cancelling, addr=192.168.41.3
01-06 11:48:49.775   230   297 I DUSS&63[        sys_event_reboot:1415]:: receive reboot from 0x600, this_host=0xd01
01-06 11:48:49.775   230   297 I DUSS&63[        sys_event_reboot:1421]:: Get reboot callback. .
01-06 11:48:49.775   230   297 I DUSS&63[           sys_p1_reboot:5026]:: Request power/boot 2 after 2000 ms from 0x600
                                                                                                                                            ===/data/dji/log is already a link===
===/data/dji/blackbox is already a link===


!!!new file start!!!

01-01 00:00:04.539   227   227 I DUSS&63[                    main: 670]:: dji_sys run as dev_type 1, duss_sketch_initialize done...
01-01 00:00:04.543   227   227 I DUSS&63[sys_load_config_from_jso: 154]:: Get the hw_str WM220 RC
01-01 00:00:04.543   227   227 W DUSS&63[sys_load_config_from_jso: 160]:: Can't find platform:system_init domain! Call default routing...
01-01 00:00:04.544   227   227 I DUSS&63[         sys_load_config: 501]:: platform dev_info: WM220 1860RC
01-01 00:00:04.560   227   227 I DUSS&63[sys_check_boot_mode_norm: 346]:: Set system mode to NORMAL.
01-01 00:00:04.588   227   227 I DUSS&63[sys_up_load_general_stat: 203]:: get option_value wm220 for package_id
01-01 00:00:04.588   227   227 I DUSS&63[sys_up_load_general_stat: 204]:: updated package_str wm220
01-01 00:00:04.588   227   227 I DUSS&63[sys_up_load_general_stat: 211]:: get package_ver 1.4.500
01-01 00:00:04.588   227   227 I DUSS&63[sys_up_load_general_stat: 211]:: 
01-01 00:00:04.588   227   227 I DUSS&63[sys_up_load_general_stat: 215]:: updated package_ver 1.4.500
01-01 00:00:04.588   227   227 I DUSS&63[sys_up_load_general_stat: 222]:: get package_uav_cnt 20
01-01 00:00:04.588   227   227 I DUSS&63[sys_up_load_general_stat: 222]:: 
01-01 00:00:04.588   227   227 I DUSS&63[sys_up_load_general_stat: 224]:: updated package_uav_cnt 20
01-01 00:00:04.588   227   227 I DUSS&63[sys_up_load_general_stat: 231]:: get package_gnd_cnt 3
01-01 00:00:04.588   227   227 I DUSS&63[sys_up_load_general_stat: 231]:: 
01-01 00:00:04.588   227   227 I DUSS&63[sys_up_load_general_stat: 233]:: updated package_gnd_cnt 3
01-01 00:00:04.588   227   227 I DUSS&63[sys_up_load_general_stat: 240]:: get package_gls_cnt 0
01-01 00:00:04.588   227   227 I DUSS&63[sys_up_load_general_stat: 240]:: 
01-01 00:00:04.588   227   227 I DUSS&63[sys_up_load_general_stat: 242]:: updated package_gls_cnt 0
01-01 00:00:04.588   227   227 W DUSS&63[sys_up_load_general_stat: 251]:: can not get option_value for wm22x_type, use wm220 by default
01-01 00:00:04.588   227   227 I DUSS&63[sys_up_load_upgrade_stat: 275]:: file /cache/upgrade_status not exist, return directly
01-01 00:00:04.594   227   227 I DUSS&63[sys_upgrade_check_status:5266]:: didn't save upgrade_retry in last boot
01-01 00:00:04.594   227   227 I DUSS&63[sys_upgrade_check_status:5292]:: non need to push upgrade status, set upgrade status to idle.
01-01 00:00:04.700   227   227 I DUSS&63[            sys_pre_init: 547]:: this is production board
01-01 00:00:04.747   227   227 I DUSS&63[      wl_prot_tcp_create: 404]:: [sys]open_type=0, local_port=0, remote_ip=192.168.41.1, remote_port=22350, l_ctx=0xb70f6e20 
01-01 00:00:04.747   227   227 I DUSS&63[      wl_prot_tcp_create: 467]:: [sys]first connect failed, err=Network is unreachable
01-01 00:00:04.747   227   227 I DUSS&63[      wl_prot_tcp_create: 500]:: [sys]create tcp channel success, l_ctx=0xb70f6e20
01-01 00:00:04.747   227   316 I DUSS&63[      tcp_connect_thread: 139]:: [sys]start to connect, fd=17
01-01 00:00:04.747   227   316 I DUSS&63[      tcp_connect_thread: 143]:: [sys]WL TCP State change to connecting
01-01 00:00:04.747   227   227 I DUSS&63[      wl_prot_tcp_create: 404]:: [sys]open_type=0, local_port=0, remote_ip=192.168.41.3, remote_port=22351, l_ctx=0xb70f7fc0 
01-01 00:00:04.747   227   227 I DUSS&63[      wl_prot_tcp_create: 467]:: [sys]first connect failed, err=Network is unreachable
01-01 00:00:04.747   227   227 I DUSS&63[      wl_prot_tcp_create: 500]:: [sys]create tcp channel success, l_ctx=0xb70f7fc0
01-01 00:00:04.748   227   318 I DUSS&63[      tcp_connect_thread: 139]:: [sys]start to connect, fd=18
01-01 00:00:04.748   227   318 I DUSS&63[      tcp_connect_thread: 143]:: [sys]WL TCP State change to connecting
01-01 00:00:04.749   227   227 I DUSS&63[        sys_events_start:  96]:: aging_test_mode=0, system_mode=0
01-01 00:00:04.749   227   322 I DUSS&63[sys_up_status_push_threa: 863]:: pushing thread start, stop_pushing=1, push_status=0
01-01 00:00:04.750   227   227 I DUSS&63[       sys_check_pc_conn: 313]:: For pc connection, usb state is DISCONNECTED
01-01 00:00:04.750   227   227 I DUSS&63[           sys_post_init: 578]:: conn_pc=0 when init
01-01 00:00:04.750   227   227 E DUSS&63[sys_event_pc_through_rc_:1198]:: Find route item to pc by wl channel fail: -1001
01-01 00:00:04.750   227   227 I DUSS&63[sys_flight_data_do_first: 637]:: gnd, no need to check whether to send nfz.db to uav anymore
01-01 00:00:04.759   227   227 I DUSS&63[        sys_version_scan: 130]:: Got signed cfg file /vendor/cfg/wm220_ac_fw_v01_04_0500.cfg.sig
01-01 00:00:04.812   227   227 I DUSS&63[        sys_version_scan: 157]:: unsign the backup cfg file.
01-01 00:00:04.860   227   227 I DUSS&63[       sys_p1_unsign_img:1960]:: verify results: passed to verify image /vendor/cfg/wm220_ac_fw_v01_04_0500.cfg.sig
01-01 00:00:04.861   227   227 I DUSS&63[       sys_p1_unsign_img:1968]:: dji_verify -n 0000 -o /tmp/wm330_0000.xml '/vendor/cfg/wm220_ac_fw_v01_04_0500.cfg.sig' exit status 0, return 0
01-01 00:00:04.861   227   227 I DUSS&63[       sys_p1_unsign_img:1976]:: dji_verify -n 0000 -o /tmp/wm330_0000.xml '/vendor/cfg/wm220_ac_fw_v01_04_0500.cfg.sig' success.
01-01 00:00:04.861   227   227 I DUSS&63[        sys_version_scan: 167]:: check the system compability..
01-01 00:00:04.861   227   227 I DUSS&63[  need_check_compability:  89]:: will send revert SYS_SELF_DEF_CMD_NEED_CHK_COMP to id=8, index=1
01-01 00:00:04.861   227   227 I DUSS&63[  need_check_compability: 109]:: dev_type=1, dev_id=wm220, pack_ver=1.4.500
01-01 00:00:06.632   227   324 E DUSS&63[find_and_kill_all_udhcpd: 457]:: pid 180's cmdline: busybox udhcpd
01-01 00:00:06.632   227   324 E DUSS&63[find_and_kill_all_udhcpd: 460]:: execute busybox kill 180
01-01 00:00:06.641   227   324 E DUSS&63[find_and_kill_all_udhcpd: 457]:: pid 181's cmdline: busybox tcpsvd
01-01 00:00:06.642   227   324 I DUSS&63[ handle_dji_device_event: 284]:: kill udhcpd service (busybox)
01-01 00:00:06.862   227   227 E DUSS&63[  need_check_compability: 118]:: can not get response from 0x801, result=-1002, retry_count=0
01-01 00:00:06.961   225   225 I DUSS&63[      wl_prot_tcp_create: 404]:: [sys]open_type=0, local_port=0, remote_ip=192.168.41.1, remote_port=22352, l_ctx=0xb725e058 
01-01 00:00:06.961   225   225 I DUSS&63[      wl_prot_tcp_create: 467]:: [sys]first connect failed, err=Network is unreachable
01-01 00:00:06.961   225   225 I DUSS&63[      wl_prot_tcp_create: 500]:: [sys]create tcp channel success, l_ctx=0xb725e058
01-01 00:00:06.961   225   451 I DUSS&63[      tcp_connect_thread: 139]:: [sys]start to connect, fd=49
01-01 00:00:06.961   225   451 I DUSS&63[      tcp_connect_thread: 143]:: [sys]WL TCP State change to connecting
01-01 00:00:07.748   227   316 W DUSS&63[       tcp_async_connect: 311]:: [sys]EINPROGRESS in connect() - selecting,addr=192.168.41.1
01-01 00:00:07.748   227   318 W DUSS&63[       tcp_async_connect: 311]:: [sys]EINPROGRESS in connect() - selecting,addr=192.168.41.3
01-01 00:00:07.961   225   451 W DUSS&63[       tcp_async_connect: 311]:: [sys]EINPROGRESS in connect() - selecting,addr=192.168.41.1
01-01 00:00:08.749   227   316 W DUSS&63[       tcp_async_connect: 334]:: [sys]Timeout in select() - Cancelling, addr=192.168.41.1
01-01 00:00:08.749   227   318 W DUSS&63[       tcp_async_connect: 334]:: [sys]Timeout in select() - Cancelling, addr=192.168.41.3
01-01 00:00:08.962   225   451 W DUSS&63[       tcp_async_connect: 334]:: [sys]Timeout in select() - Cancelling, addr=192.168.41.1
01-01 00:00:08.962   227   227 E DUSS&63[  need_check_compability: 118]:: can not get response from 0x801, result=-1002, retry_count=1
01-01 00:00:08.962   227   227 I DUSS&63[sys_need_check_compabili: 167]:: on gnd, *add_uav=0
01-01 00:00:08.962   227   227 I DUSS&63[sys_need_check_compabili: 172]:: no gls images for last package, set add_gls to 0
01-01 00:00:08.965   227   227 I DUSS&63[sys_p1_check_compability: 239]:: get device_id wm220 from xml
01-01 00:00:08.965   227   227 I DUSS&63[sys_p1_check_compability: 253]:: get last updated package version  Major=1, minor=4, build=500
01-01 00:00:08.966   227   227 I DUSS&63[        sys_p1_check_ver:2608]:: check version for wm220_0907_v47.26.02.18_20170801.pro.fw.sig
01-01 00:00:08.966   227   227 I DUSS&63[        sys_p1_check_ver:2655]:: skip module dev_id=0x9, dev_index=0x7 on dev 0, current gnd: add_uav=0, add_gls=0
01-01 00:00:08.966   227   227 E DUSS&63[sys_p1_check_compability: 281]:: check version for file wm220_0907_v47.26.02.18_20170801.pro.fw.sig error
01-01 00:00:08.966   227   227 I DUSS&63[        sys_p1_check_ver:2608]:: check version for wm220_0305_v34.04.00.24_20170726.pro.fw.sig
01-01 00:00:08.966   227   227 I DUSS&63[        sys_p1_check_ver:2655]:: skip module dev_id=0x3, dev_index=0x5 on dev 0, current gnd: add_uav=0, add_gls=0
01-01 00:00:08.966   227   227 E DUSS&63[sys_p1_check_compability: 281]:: check version for file wm220_0305_v34.04.00.24_20170726.pro.fw.sig error
01-01 00:00:08.966   227   227 I DUSS&63[        sys_p1_check_ver:2608]:: check version for wm220_0306_v03.02.44.07_20171116.pro.fw.sig
01-01 00:00:08.966   227   227 I DUSS&63[        sys_p1_check_ver:2655]:: skip module dev_id=0x3, dev_index=0x6 on dev 0, current gnd: add_uav=0, add_gls=0
01-01 00:00:08.966   227   227 E DUSS&63[sys_p1_check_compability: 281]:: check version for file wm220_0306_v03.02.44.07_20171116.pro.fw.sig error
01-01 00:00:08.966   227   227 I DUSS&63[        sys_p1_check_ver:2608]:: check version for wm220_1100_v01.00.07.32_20170726.pro.fw.sig
01-01 00:00:08.966   227   227 I DUSS&63[        sys_p1_check_ver:2655]:: skip module dev_id=0xb, dev_index=0x0 on dev 0, current gnd: add_uav=0, add_gls=0
01-01 00:00:08.966   227   227 E DUSS&63[sys_p1_check_compability: 281]:: check version for file wm220_1100_v01.00.07.32_20170726.pro.fw.sig error
01-01 00:00:08.966   227   227 I DUSS&63[        sys_p1_check_ver:2608]:: check version for wm220_0803_v00.00.04.09_20170728.pro.fw.sig
01-01 00:00:08.966   227   227 I DUSS&63[        sys_p1_check_ver:2655]:: skip module dev_id=0x8, dev_index=0x3 on dev 0, current gnd: add_uav=0, add_gls=0
01-01 00:00:08.966   227   227 E DUSS&63[sys_p1_check_compability: 281]:: check version for file wm220_0803_v00.00.04.09_20170728.pro.fw.sig error
01-01 00:00:08.966   227   227 I DUSS&63[        sys_p1_check_ver:2608]:: check version for wm220_0100_v02.08.56.68_20180122.pro.fw.sig
01-01 00:00:08.966   227   227 I DUSS&63[        sys_p1_check_ver:2655]:: skip module dev_id=0x1, dev_index=0x0 on dev 0, current gnd: add_uav=0, add_gls=0
01-01 00:00:08.966   227   227 E DUSS&63[sys_p1_check_compability: 281]:: check version for file wm220_0100_v02.08.56.68_20180122.pro.fw.sig error
01-01 00:00:08.966   227   227 I DUSS&63[        sys_p1_check_ver:2608]:: check version for wm220_0100_v02.10.05.19_20180122_ca02.pro.fw.sig
01-01 00:00:08.966   227   227 I DUSS&63[        sys_p1_check_ver:2655]:: skip module dev_id=0x1, dev_index=0x0 on dev 0, current gnd: add_uav=0, add_gls=0
01-01 00:00:08.966   227   227 E DUSS&63[sys_p1_check_compability: 281]:: check version for file wm220_0100_v02.10.05.19_20180122_ca02.pro.fw.sig error
01-01 00:00:08.966   227   227 I DUSS&63[        sys_p1_check_ver:2608]:: check version for wm220_0101_v02.08.56.68_20180122.pro.fw.sig
01-01 00:00:08.966   227   227 I DUSS&63[        sys_p1_check_ver:2655]:: skip module dev_id=0x1, dev_index=0x1 on dev 0, current gnd: add_uav=0, add_gls=0
01-01 00:00:08.966   227   227 E DUSS&63[sys_p1_check_compability: 281]:: check version for file wm220_0101_v02.08.56.68_20180122.pro.fw.sig error
01-01 00:00:08.966   227   227 I DUSS&63[        sys_p1_check_ver:2608]:: check version for wm220_0101_v02.10.05.19_20180122_ca02.pro.fw.sig
01-01 00:00:08.967   227   227 I DUSS&63[        sys_p1_check_ver:2655]:: skip module dev_id=0x1, dev_index=0x1 on dev 0, current gnd: add_uav=0, add_gls=0
01-01 00:00:08.967   227   227 E DUSS&63[sys_p1_check_compability: 281]:: check version for file wm220_0101_v02.10.05.19_20180122_ca02.pro.fw.sig error
01-01 00:00:08.967   227   227 I DUSS&63[        sys_p1_check_ver:2608]:: check version for wm220_0400_v01.50.12.10_20170809.pro.fw.sig
01-01 00:00:08.967   227   227 I DUSS&63[        sys_p1_check_ver:2655]:: skip module dev_id=0x4, dev_index=0x0 on dev 0, current gnd: add_uav=0, add_gls=0
01-01 00:00:08.967   227   227 E DUSS&63[sys_p1_check_compability: 281]:: check version for file wm220_0400_v01.50.12.10_20170809.pro.fw.sig error
01-01 00:00:08.967   227   227 I DUSS&63[        sys_p1_check_ver:2608]:: check version for wm220_0804_v01.00.00.11_20170828.pro.fw.sig
01-01 00:00:08.967   227   227 I DUSS&63[        sys_p1_check_ver:2655]:: skip module dev_id=0x8, dev_index=0x4 on dev 0, current gnd: add_uav=0, add_gls=0
01-01 00:00:08.967   227   227 E DUSS&63[sys_p1_check_compability: 281]:: check version for file wm220_0804_v01.00.00.11_20170828.pro.fw.sig error
01-01 00:00:08.967   227   227 I DUSS&63[        sys_p1_check_ver:2608]:: check version for wm220_0801_v01.06.00.46_20180613.pro.fw.sig
01-01 00:00:08.967   227   227 I DUSS&63[        sys_p1_check_ver:2655]:: skip module dev_id=0x8, dev_index=0x1 on dev 0, current gnd: add_uav=0, add_gls=0
01-01 00:00:08.967   227   227 E DUSS&63[sys_p1_check_compability: 281]:: check version for file wm220_0801_v01.06.00.46_20180613.pro.fw.sig error
01-01 00:00:08.967   227   227 I DUSS&63[        sys_p1_check_ver:2608]:: check version for wm220_1200_v01.10.00.00_20170731.pro.fw.sig
01-01 00:00:08.967   227   227 I DUSS&63[        sys_p1_check_ver:2655]:: skip module dev_id=0xc, dev_index=0x0 on dev 0, current gnd: add_uav=0, add_gls=0
01-01 00:00:08.967   227   227 E DUSS&63[sys_p1_check_compability: 281]:: check version for file wm220_1200_v01.10.00.00_20170731.pro.fw.sig error
01-01 00:00:08.967   227   227 I DUSS&63[        sys_p1_check_ver:2608]:: check version for wm220_1200_v01.01.00.72_20180515_es02.pro.fw.sig
01-01 00:00:08.967   227   227 I DUSS&63[        sys_p1_check_ver:2655]:: skip module dev_id=0xc, dev_index=0x0 on dev 0, current gnd: add_uav=0, add_gls=0
01-01 00:00:08.967   227   227 E DUSS&63[sys_p1_check_compability: 281]:: check version for file wm220_1200_v01.01.00.72_20180515_es02.pro.fw.sig error
01-01 00:00:08.967   227   227 I DUSS&63[        sys_p1_check_ver:2608]:: check version for wm220_1201_v01.10.00.00_20170731.pro.fw.sig
01-01 00:00:08.967   227   227 I DUSS&63[        sys_p1_check_ver:2655]:: skip module dev_id=0xc, dev_index=0x1 on dev 0, current gnd: add_uav=0, add_gls=0
01-01 00:00:08.967   227   227 E DUSS&63[sys_p1_check_compability: 281]:: check version for file wm220_1201_v01.10.00.00_20170731.pro.fw.sig error
01-01 00:00:08.967   227   227 I DUSS&63[        sys_p1_check_ver:2608]:: check version for wm220_1202_v01.10.00.00_20170731.pro.fw.sig
01-01 00:00:08.967   227   227 I DUSS&63[        sys_p1_check_ver:2655]:: skip module dev_id=0xc, dev_index=0x2 on dev 0, current gnd: add_uav=0, add_gls=0
01-01 00:00:08.967   227   227 E DUSS&63[sys_p1_check_compability: 281]:: check version for file wm220_1202_v01.10.00.00_20170731.pro.fw.sig error
01-01 00:00:08.967   227   227 I DUSS&63[        sys_p1_check_ver:2608]:: check version for wm220_1203_v01.10.00.00_20170731.pro.fw.sig
01-01 00:00:08.967   227   227 I DUSS&63[        sys_p1_check_ver:2655]:: skip module dev_id=0xc, dev_index=0x3 on dev 0, current gnd: add_uav=0, add_gls=0
01-01 00:00:08.967   227   227 E DUSS&63[sys_p1_check_compability: 281]:: check version for file wm220_1203_v01.10.00.00_20170731.pro.fw.sig error
01-01 00:00:08.967   227   227 I DUSS&63[        sys_p1_check_ver:2608]:: check version for wm220_0802_v01.01.00.02_20170729.pro.fw.sig
01-01 00:00:08.967   227   227 I DUSS&63[        sys_p1_check_ver:2655]:: skip module dev_id=0x8, dev_index=0x2 on dev 0, current gnd: add_uav=0, add_gls=0
01-01 00:00:08.967   227   227 E DUSS&63[sys_p1_check_compability: 281]:: check version for file wm220_0802_v01.01.00.02_20170729.pro.fw.sig error
01-01 00:00:08.967   227   227 I DUSS&63[        sys_p1_check_ver:2608]:: check version for wm220_0805_v01.04.00.99_20180601.pro.fw.sig
01-01 00:00:08.968   227   227 I DUSS&63[        sys_p1_check_ver:2655]:: skip module dev_id=0x8, dev_index=0x5 on dev 0, current gnd: add_uav=0, add_gls=0
01-01 00:00:08.968   227   227 E DUSS&63[sys_p1_check_compability: 281]:: check version for file wm220_0805_v01.04.00.99_20180601.pro.fw.sig error
01-01 00:00:08.968   227   227 I DUSS&63[        sys_p1_check_ver:2608]:: check version for wm220_1407_v47.26.02.18_20170801.pro.fw.sig
01-01 00:00:08.968   227   306 I DUSS&63[   sys_event_dev_ver_get: 258]:: from 0xa03, this_host=0xe07, dev_type=1, hw_str=WM220 RC
01-01 00:00:08.995   227   227 I DUSS&63[        sys_p1_check_ver:2723]:: 14:7: Same version.
01-01 00:00:08.996   227   227 I DUSS&63[        sys_p1_check_ver:2608]:: check version for wm220_0600_v00.00.01.28_20170727.pro.fw.sig
01-01 00:00:09.007   227   227 I DUSS&63[        sys_p1_check_ver:2723]:: 6:0: Same version.
01-01 00:00:09.007   227   227 I DUSS&63[        sys_p1_check_ver:2608]:: check version for wm220_1301_v01.06.00.46_20180613.pro.fw.sig
01-01 00:00:09.007   227   302 I DUSS&63[   sys_event_dev_ver_get: 258]:: from 0xa03, this_host=0xd01, dev_type=1, hw_str=WM220 RC
01-01 00:00:09.019   227   227 I DUSS&63[        sys_p1_check_ver:2723]:: 13:1: Same version.
01-01 00:00:09.019   227   227 I DUSS&63[sys_p1_check_compability: 274]:: /data/upgrade/backup//wm220_2807_v34.93.04.07_20180820.pro.fw.sig not exist!
01-01 00:00:09.019   227   227 I DUSS&63[        sys_p1_check_ver:2608]:: check version for wm220_2807_v34.93.04.07_20180820.pro.fw.sig
01-01 00:00:09.019   227   227 I DUSS&63[        sys_p1_check_ver:2655]:: skip module dev_id=0x1c, dev_index=0x7 on dev 2, current gnd: add_uav=0, add_gls=0
01-01 00:00:09.019   227   227 E DUSS&63[sys_p1_check_compability: 281]:: check version for file wm220_2807_v34.93.04.07_20180820.pro.fw.sig error
01-01 00:00:09.019   227   227 I DUSS&63[sys_p1_check_compability: 274]:: /data/upgrade/backup//wm220_0601_v00.00.03.06_20170528.pro.fw.sig not exist!
01-01 00:00:09.019   227   227 I DUSS&63[        sys_p1_check_ver:2608]:: check version for wm220_0601_v00.00.03.06_20170528.pro.fw.sig
01-01 00:00:09.019   227   227 I DUSS&63[        sys_p1_check_ver:2655]:: skip module dev_id=0x6, dev_index=0x1 on dev 2, current gnd: add_uav=0, add_gls=0
01-01 00:00:09.019   227   227 E DUSS&63[sys_p1_check_compability: 281]:: check version for file wm220_0601_v00.00.03.06_20170528.pro.fw.sig error
01-01 00:00:09.019   227   227 I DUSS&63[sys_p1_check_compability: 274]:: /data/upgrade/backup//wm220_0603_v00.00.06.09_20170728.pro.fw.sig not exist!
01-01 00:00:09.019   227   227 I DUSS&63[        sys_p1_check_ver:2608]:: check version for wm220_0603_v00.00.06.09_20170728.pro.fw.sig
01-01 00:00:09.019   227   227 I DUSS&63[        sys_p1_check_ver:2655]:: skip module dev_id=0x6, dev_index=0x3 on dev 2, current gnd: add_uav=0, add_gls=0
01-01 00:00:09.019   227   227 E DUSS&63[sys_p1_check_compability: 281]:: check version for file wm220_0603_v00.00.06.09_20170728.pro.fw.sig error
01-01 00:00:09.019   227   227 I DUSS&63[sys_p1_check_compability: 274]:: /data/upgrade/backup//wm220_2801_v01.04.01.29_20180903.pro.fw.sig not exist!
01-01 00:00:09.019   227   227 I DUSS&63[        sys_p1_check_ver:2608]:: check version for wm220_2801_v01.04.01.29_20180903.pro.fw.sig
01-01 00:00:09.019   227   227 I DUSS&63[        sys_p1_check_ver:2655]:: skip module dev_id=0x1c, dev_index=0x1 on dev 2, current gnd: add_uav=0, add_gls=0
01-01 00:00:09.019   227   227 E DUSS&63[sys_p1_check_compability: 281]:: check version for file wm220_2801_v01.04.01.29_20180903.pro.fw.sig error
01-01 00:00:09.019   227   227 I DUSS&63[sys_p1_check_compability: 274]:: /data/upgrade/backup//wm220_2803_v00.00.03.07_20170228.pro.fw.sig not exist!
01-01 00:00:09.019   227   227 I DUSS&63[        sys_p1_check_ver:2608]:: check version for wm220_2803_v00.00.03.07_20170228.pro.fw.sig
01-01 00:00:09.019   227   227 I DUSS&63[        sys_p1_check_ver:2655]:: skip module dev_id=0x1c, dev_index=0x3 on dev 2, current gnd: add_uav=0, add_gls=0
01-01 00:00:09.019   227   227 E DUSS&63[sys_p1_check_compability: 281]:: check version for file wm220_2803_v00.00.03.07_20170228.pro.fw.sig error
01-01 00:00:09.019   227   227 I DUSS&63[sys_p1_check_compability: 274]:: /data/upgrade/backup//wm220_2803_v00.00.03.08_20170302_cd01.pro.fw.sig not exist!
01-01 00:00:09.019   227   227 I DUSS&63[        sys_p1_check_ver:2608]:: check version for wm220_2803_v00.00.03.08_20170302_cd01.pro.fw.sig
01-01 00:00:09.019   227   227 I DUSS&63[        sys_p1_check_ver:2655]:: skip module dev_id=0x1c, dev_index=0x3 on dev 2, current gnd: add_uav=0, add_gls=0
01-01 00:00:09.019   227   227 E DUSS&63[sys_p1_check_compability: 281]:: check version for file wm220_2803_v00.00.03.08_20170302_cd01.pro.fw.sig error
01-01 00:00:09.019   227   227 I DUSS&63[sys_p1_check_compability: 274]:: /data/upgrade/backup//wm220_2803_v00.00.03.08_20170302_cd02.pro.fw.sig not exist!
01-01 00:00:09.019   227   227 I DUSS&63[        sys_p1_check_ver:2608]:: check version for wm220_2803_v00.00.03.08_20170302_cd02.pro.fw.sig
01-01 00:00:09.019   227   227 I DUSS&63[        sys_p1_check_ver:2655]:: skip module dev_id=0x1c, dev_index=0x3 on dev 2, current gnd: add_uav=0, add_gls=0
01-01 00:00:09.019   227   227 E DUSS&63[sys_p1_check_compability: 281]:: check version for file wm220_2803_v00.00.03.08_20170302_cd02.pro.fw.sig error
01-01 00:00:09.020   227   227 I DUSS&63[sys_p1_check_compability: 274]:: /data/upgrade/backup//wm220_2803_v00.00.04.08_20170828_cd03.pro.fw.sig not exist!
01-01 00:00:09.020   227   227 I DUSS&63[        sys_p1_check_ver:2608]:: check version for wm220_2803_v00.00.04.08_20170828_cd03.pro.fw.sig
01-01 00:00:09.020   227   227 I DUSS&63[        sys_p1_check_ver:2655]:: skip module dev_id=0x1c, dev_index=0x3 on dev 2, current gnd: add_uav=0, add_gls=0
01-01 00:00:09.020   227   227 E DUSS&63[sys_p1_check_compability: 281]:: check version for file wm220_2803_v00.00.04.08_20170828_cd03.pro.fw.sig error
01-01 00:00:09.020   227   227 I DUSS&63[        sys_p1_check_ver:2608]:: check version for wm220_0905_v01.00.01.07_20170929.pro.fw.sig
01-01 00:00:09.020   227   227 I DUSS&63[        sys_p1_check_ver:2629]:: skip module for datacopy, dev_id=0x9, dev_index=0x5 
01-01 00:00:09.020   227   227 E DUSS&63[sys_p1_check_compability: 281]:: check version for file wm220_0905_v01.00.01.07_20170929.pro.fw.sig error
01-01 00:00:09.020   227   227 I DUSS&63[sys_p1_check_compability: 301]:: after check *comptbl = 0, p1_first=0
01-01 00:00:09.020   227   227 I DUSS&63[        sys_version_scan: 207]:: found system compatible with the large package
01-01 00:00:09.020   227   227 I DUSS&63[            sys_mainloop: 279]:: version scan done.
01-01 00:00:10.914   227   302 I DUSS&63[sys_event_query_device_i:4939]:: CMD_QUERY_DEVICE_INFO WM220 1860RC Jun 13 2018|22:38:27
01-01 00:00:10.926   227   313 I DUSS&63[   sys_event_dev_ver_get: 290]:: DUSS_MB_HOST_ALL ver WM220 RC Ver.A, package ver 1.4.500, Production=1
01-01 00:00:11.026   227   302 I DUSS&63[ sys_common_get_cfg_file:1355]:: +++request file from 0x200: req type 1, off 0, len -1
01-01 00:00:11.026   227   302 I DUSS&63[           _get_cfg_file:1285]:: +++request cfg file /data/upgrade/wm330_0000.cfg.sig
01-01 00:00:11.027   227   302 I DUSS&63[ sys_common_get_cfg_file:1389]:: get cfg/log file from 0x200: req type 1, off 0, len 980; ack aclen 980, leftlen 5548, ret=0
01-01 00:00:11.031   227   302 I DUSS&63[ sys_common_get_cfg_file:1389]:: get cfg/log file from 0x200: req type 1, off 980, len 980; ack aclen 980, leftlen 4568, ret=0
01-01 00:00:11.034   227   302 I DUSS&63[ sys_common_get_cfg_file:1389]:: get cfg/log file from 0x200: req type 1, off 1960, len 980; ack aclen 980, leftlen 3588, ret=0
01-01 00:00:11.036   227   302 I DUSS&63[ sys_common_get_cfg_file:1389]:: get cfg/log file from 0x200: req type 1, off 2940, len 980; ack aclen 980, leftlen 2608, ret=0
01-01 00:00:11.039   227   302 I DUSS&63[ sys_common_get_cfg_file:1389]:: get cfg/log file from 0x200: req type 1, off 3920, len 980; ack aclen 980, leftlen 1628, ret=0
01-01 00:00:11.042   227   302 I DUSS&63[ sys_common_get_cfg_file:1389]:: get cfg/log file from 0x200: req type 1, off 4900, len 980; ack aclen 980, leftlen 648, ret=0
01-01 00:00:11.047   227   302 I DUSS&63[ sys_common_get_cfg_file:1389]:: get cfg/log file from 0x200: req type 1, off 5880, len 980; ack aclen 648, leftlen 0, ret=0
01-01 00:00:11.797   227   302 I DUSS&63[sys_event_query_device_i:4939]:: CMD_QUERY_DEVICE_INFO WM220 1860RC Jun 13 2018|22:38:27
01-01 00:00:11.810   227   313 I DUSS&63[   sys_event_dev_ver_get: 290]:: DUSS_MB_HOST_ALL ver WM220 RC Ver.A, package ver 1.4.500, Production=1
01-06 13:50:03.008   227   302 F DUSS&63[      sys_event_set_date: 101]:: Got sys_event_set_date message: 2019.01.06-13:50:03, result 0
01-06 13:50:15.693   227   302 I DUSS&63[sys_event_self_define_cm: 457]:: check compability from 0x801, this_host=0xd01
01-06 13:50:15.693   227   302 I DUSS&63[   sys_check_compability: 207]:: from 0x801, this_host=0xd01, dev_type=1
01-06 13:50:15.693   227   302 I DUSS&63[   sys_check_compability: 210]:: package_str=wm220, package_ver=1.4.500
01-06 13:50:15.693   227   302 I DUSS&63[   sys_check_compability: 212]:: peer_str=wm220, peer_ver=1.4.500
01-06 13:50:15.693   227   302 I DUSS&63[   sys_check_compability: 219]:: package_uav_cnt=20, package_gls_cnt=0
01-06 13:50:15.693   227   302 I DUSS&63[   sys_check_compability: 261]:: the same product, and self version is the same or older than peer
01-06 13:50:15.769   227   316 I DUSS&63[       tcp_async_connect: 375]:: [sys]connect to 192.168.41.1 success
01-06 13:50:15.769   227   316 I DUSS&63[      tcp_connect_thread: 152]:: [sys]connected to 192.168.41.1
01-06 13:50:15.769   227   316 I DUSS&63[      tcp_connect_thread: 160]:: [sys]WL TCP State change to connected
01-06 13:50:15.981   225   451 I DUSS&63[       tcp_async_connect: 375]:: [sys]connect to 192.168.41.1 success
01-06 13:50:15.981   225   451 I DUSS&63[      tcp_connect_thread: 152]:: [sys]connected to 192.168.41.1
01-06 13:50:15.981   225   451 I DUSS&63[      tcp_connect_thread: 160]:: [sys]WL TCP State change to connected
01-06 13:50:17.792   227   302 I DUSS&63[sys_event_self_define_cm: 457]:: check compability from 0x801, this_host=0xd01
01-06 13:50:17.792   227   302 I DUSS&63[   sys_check_compability: 207]:: from 0x801, this_host=0xd01, dev_type=1
01-06 13:50:17.792   227   302 I DUSS&63[   sys_check_compability: 210]:: package_str=wm220, package_ver=1.4.500
01-06 13:50:17.792   227   302 I DUSS&63[   sys_check_compability: 212]:: peer_str=wm220, peer_ver=1.4.500
01-06 13:50:17.792   227   302 I DUSS&63[   sys_check_compability: 219]:: package_uav_cnt=20, package_gls_cnt=0
01-06 13:50:17.792   227   302 I DUSS&63[   sys_check_compability: 261]:: the same product, and self version is the same or older than peer
01-06 13:50:30.771   227   318 W DUSS&63[       tcp_async_connect: 311]:: [sys]EINPROGRESS in connect() - selecting,addr=192.168.41.3
01-06 13:50:31.772   227   318 W DUSS&63[       tcp_async_connect: 334]:: [sys]Timeout in select() - Cancelling, addr=192.168.41.3
01-06 13:51:11.778   227   318 W DUSS&63[       tcp_async_connect: 311]:: [sys]EINPROGRESS in connect() - selecting,addr=192.168.41.3
01-06 13:51:12.779   227   318 W DUSS&63[       tcp_async_connect: 334]:: [sys]Timeout in select() - Cancelling, addr=192.168.41.3
01-06 13:51:52.785   227   318 W DUSS&63[       tcp_async_connect: 311]:: [sys]EINPROGRESS in connect() - selecting,addr=192.168.41.3
01-06 13:51:53.785   227   318 W DUSS&63[       tcp_async_connect: 334]:: [sys]Timeout in select() - Cancelling, addr=192.168.41.3
01-06 13:52:33.791   227   318 W DUSS&63[       tcp_async_connect: 311]:: [sys]EINPROGRESS in connect() - selecting,addr=192.168.41.3
01-06 13:52:34.792   227   318 W DUSS&63[       tcp_async_connect: 334]:: [sys]Timeout in select() - Cancelling, addr=192.168.41.3
01-06 13:53:14.797   227   318 W DUSS&63[       tcp_async_connect: 311]:: [sys]EINPROGRESS in connect() - selecting,addr=192.168.41.3
01-06 13:53:15.798   227   318 W DUSS&63[       tcp_async_connect: 334]:: [sys]Timeout in select() - Cancelling, addr=192.168.41.3
01-06 13:53:55.803   227   318 W DUSS&63[       tcp_async_connect: 311]:: [sys]EINPROGRESS in connect() - selecting,addr=192.168.41.3
01-06 13:53:56.804   227   318 W DUSS&63[       tcp_async_connect: 334]:: [sys]Timeout in select() - Cancelling, addr=192.168.41.3
01-06 13:54:36.809   227   318 W DUSS&63[       tcp_async_connect: 311]:: [sys]EINPROGRESS in connect() - selecting,addr=192.168.41.3
01-06 13:54:37.810   227   318 W DUSS&63[       tcp_async_connect: 334]:: [sys]Timeout in select() - Cancelling, addr=192.168.41.3
01-06 13:55:17.815   227   318 W DUSS&63[       tcp_async_connect: 311]:: [sys]EINPROGRESS in connect() - selecting,addr=192.168.41.3
01-06 13:55:18.816   227   318 W DUSS&63[       tcp_async_connect: 334]:: [sys]Timeout in select() - Cancelling, addr=192.168.41.3
01-06 13:55:58.830   227   318 W DUSS&63[       tcp_async_connect: 311]:: [sys]EINPROGRESS in connect() - selecting,addr=192.168.41.3
01-06 13:55:59.831   227   318 W DUSS&63[       tcp_async_connect: 334]:: [sys]Timeout in select() - Cancelling, addr=192.168.41.3
01-06 13:56:39.838   227   318 W DUSS&63[       tcp_async_connect: 311]:: [sys]EINPROGRESS in connect() - selecting,addr=192.168.41.3
01-06 13:56:40.839   227   318 W DUSS&63[       tcp_async_connect: 334]:: [sys]Timeout in select() - Cancelling, addr=192.168.41.3
01-06 13:57:20.845   227   318 W DUSS&63[       tcp_async_connect: 311]:: [sys]EINPROGRESS in connect() - selecting,addr=192.168.41.3
01-06 13:57:21.847   227   318 W DUSS&63[       tcp_async_connect: 334]:: [sys]Timeout in select() - Cancelling, addr=192.168.41.3
01-06 13:58:01.853   227   318 W DUSS&63[       tcp_async_connect: 311]:: [sys]EINPROGRESS in connect() - selecting,addr=192.168.41.3
01-06 13:58:02.854   227   318 W DUSS&63[       tcp_async_connect: 334]:: [sys]Timeout in select() - Cancelling, addr=192.168.41.3
01-06 13:58:42.858   227   318 W DUSS&63[       tcp_async_connect: 311]:: [sys]EINPROGRESS in connect() - selecting,addr=192.168.41.3
01-06 13:58:43.859   227   318 W DUSS&63[       tcp_async_connect: 334]:: [sys]Timeout in select() - Cancelling, addr=192.168.41.3
01-06 13:59:23.864   227   318 W DUSS&63[       tcp_async_connect: 311]:: [sys]EINPROGRESS in connect() - selecting,addr=192.168.41.3
01-06 13:59:24.865   227   318 W DUSS&63[       tcp_async_connect: 334]:: [sys]Timeout in select() - Cancelling, addr=192.168.41.3
01-06 14:00:04.869   227   318 W DUSS&63[       tcp_async_connect: 311]:: [sys]EINPROGRESS in connect() - selecting,addr=192.168.41.3
01-06 14:00:05.870   227   318 W DUSS&63[       tcp_async_connect: 334]:: [sys]Timeout in select() - Cancelling, addr=192.168.41.3
01-06 14:00:45.876   227   318 W DUSS&63[       tcp_async_connect: 311]:: [sys]EINPROGRESS in connect() - selecting,addr=192.168.41.3
01-06 14:00:46.877   227   318 W DUSS&63[       tcp_async_connect: 334]:: [sys]Timeout in select() - Cancelling, addr=192.168.41.3
01-06 14:01:26.881   227   318 W DUSS&63[       tcp_async_connect: 311]:: [sys]EINPROGRESS in connect() - selecting,addr=192.168.41.3
01-06 14:01:27.883   227   318 W DUSS&63[       tcp_async_connect: 334]:: [sys]Timeout in select() - Cancelling, addr=192.168.41.3
01-06 14:02:07.888   227   318 W DUSS&63[       tcp_async_connect: 311]:: [sys]EINPROGRESS in connect() - selecting,addr=192.168.41.3
01-06 14:02:08.889   227   318 W DUSS&63[       tcp_async_connect: 334]:: [sys]Timeout in select() - Cancelling, addr=192.168.41.3
01-06 14:02:48.894   227   318 W DUSS&63[       tcp_async_connect: 311]:: [sys]EINPROGRESS in connect() - selecting,addr=192.168.41.3
01-06 14:02:49.895   227   318 W DUSS&63[       tcp_async_connect: 334]:: [sys]Timeout in select() - Cancelling, addr=192.168.41.3
01-06 14:03:29.899   227   318 W DUSS&63[       tcp_async_connect: 311]:: [sys]EINPROGRESS in connect() - selecting,addr=192.168.41.3
01-06 14:03:30.900   227   318 W DUSS&63[       tcp_async_connect: 334]:: [sys]Timeout in select() - Cancelling, addr=192.168.41.3
01-06 14:04:10.905   227   318 W DUSS&63[       tcp_async_connect: 311]:: [sys]EINPROGRESS in connect() - selecting,addr=192.168.41.3
01-06 14:04:11.906   227   318 W DUSS&63[       tcp_async_connect: 334]:: [sys]Timeout in select() - Cancelling, addr=192.168.41.3
01-06 14:04:51.910   227   318 W DUSS&63[       tcp_async_connect: 311]:: [sys]EINPROGRESS in connect() - selecting,addr=192.168.41.3
01-06 14:04:52.912   227   318 W DUSS&63[       tcp_async_connect: 334]:: [sys]Timeout in select() - Cancelling, addr=192.168.41.3
01-06 14:05:32.917   227   318 W DUSS&63[       tcp_async_connect: 311]:: [sys]EINPROGRESS in connect() - selecting,addr=192.168.41.3
01-06 14:05:33.918   227   318 W DUSS&63[       tcp_async_connect: 334]:: [sys]Timeout in select() - Cancelling, addr=192.168.41.3
01-06 14:06:13.926   227   318 W DUSS&63[       tcp_async_connect: 311]:: [sys]EINPROGRESS in connect() - selecting,addr=192.168.41.3
01-06 14:06:14.927   227   318 W DUSS&63[       tcp_async_connect: 334]:: [sys]Timeout in select() - Cancelling, addr=192.168.41.3
01-06 14:06:54.932   227   318 W DUSS&63[       tcp_async_connect: 311]:: [sys]EINPROGRESS in connect() - selecting,addr=192.168.41.3
01-06 14:06:55.933   227   318 W DUSS&63[       tcp_async_connect: 334]:: [sys]Timeout in select() - Cancelling, addr=192.168.41.3
01-06 14:07:35.939   227   318 W DUSS&63[       tcp_async_connect: 311]:: [sys]EINPROGRESS in connect() - selecting,addr=192.168.41.3
01-06 14:07:36.940   227   318 W DUSS&63[       tcp_async_connect: 334]:: [sys]Timeout in select() - Cancelling, addr=192.168.41.3
01-06 14:08:16.945   227   318 W DUSS&63[       tcp_async_connect: 311]:: [sys]EINPROGRESS in connect() - selecting,addr=192.168.41.3
01-06 14:08:17.946   227   318 W DUSS&63[       tcp_async_connect: 334]:: [sys]Timeout in select() - Cancelling, addr=192.168.41.3
01-06 14:08:57.950   227   318 W DUSS&63[       tcp_async_connect: 311]:: [sys]EINPROGRESS in connect() - selecting,addr=192.168.41.3
01-06 14:08:58.952   227   318 W DUSS&63[       tcp_async_connect: 334]:: [sys]Timeout in select() - Cancelling, addr=192.168.41.3
01-06 14:09:38.956   227   318 W DUSS&63[       tcp_async_connect: 311]:: [sys]EINPROGRESS in connect() - selecting,addr=192.168.41.3
01-06 14:09:39.957   227   318 W DUSS&63[       tcp_async_connect: 334]:: [sys]Timeout in select() - Cancelling, addr=192.168.41.3
01-06 14:10:19.964   227   318 W DUSS&63[       tcp_async_connect: 311]:: [sys]EINPROGRESS in connect() - selecting,addr=192.168.41.3
01-06 14:10:20.965   227   318 W DUSS&63[       tcp_async_connect: 334]:: [sys]Timeout in select() - Cancelling, addr=192.168.41.3
01-06 14:11:00.970   227   318 W DUSS&63[       tcp_async_connect: 311]:: [sys]EINPROGRESS in connect() - selecting,addr=192.168.41.3
01-06 14:11:01.971   227   318 W DUSS&63[       tcp_async_connect: 334]:: [sys]Timeout in select() - Cancelling, addr=192.168.41.3
01-06 14:11:41.976   227   318 W DUSS&63[       tcp_async_connect: 311]:: [sys]EINPROGRESS in connect() - selecting,addr=192.168.41.3
01-06 14:11:42.977   227   318 W DUSS&63[       tcp_async_connect: 334]:: [sys]Timeout in select() - Cancelling, addr=192.168.41.3
01-06 14:12:22.981   227   318 W DUSS&63[       tcp_async_connect: 311]:: [sys]EINPROGRESS in connect() - selecting,addr=192.168.41.3
01-06 14:12:23.646   225   452 E DUSS&63[        wl_prot_tcp_recv: 749]:: [sys]WL TCP State change to disconnect, cur_fd=49, addr=192.168.41.1
01-06 14:12:23.646   225   452 I DUSS&63[           tcp_reconnect: 193]:: [sys]new socket fd 89, need connect
01-06 14:12:23.646   225   452 W DUSS&63[       tcp_async_connect: 311]:: [sys]EINPROGRESS in connect() - selecting,addr=192.168.41.1
01-06 14:12:23.782   225   452 E DUSS&63[       tcp_async_connect: 328]:: [sys]Error in delayed connection() - Connection refused
01-06 14:12:23.782   225   452 E DUSS&63[           tcp_reconnect: 197]:: [sys]first connect failed, err=Operation now in progress, will try later
01-06 14:12:23.782   225   452 I DUSS&63[           tcp_reconnect: 201]:: [sys]before join the old connect task
01-06 14:12:23.782   225   452 I DUSS&63[           tcp_reconnect: 206]:: [sys]success joined the connect task
01-06 14:12:23.782   225 21314 I DUSS&63[      tcp_connect_thread: 139]:: [sys]start to connect, fd=89
01-06 14:12:23.782   225 21314 I DUSS&63[      tcp_connect_thread: 143]:: [sys]WL TCP State change to connecting
01-06 14:12:23.982   227   318 W DUSS&63[       tcp_async_connect: 334]:: [sys]Timeout in select() - Cancelling, addr=192.168.41.3
01-06 14:12:25.782   225 21314 W DUSS&63[       tcp_async_connect: 311]:: [sys]EINPROGRESS in connect() - selecting,addr=192.168.41.1
01-06 14:12:26.783   225 21314 W DUSS&63[       tcp_async_connect: 334]:: [sys]Timeout in select() - Cancelling, addr=192.168.41.1
01-06 14:13:03.986   227   318 W DUSS&63[       tcp_async_connect: 311]:: [sys]EINPROGRESS in connect() - selecting,addr=192.168.41.3
01-06 14:13:04.987   227   318 W DUSS&63[       tcp_async_connect: 334]:: [sys]Timeout in select() - Cancelling, addr=192.168.41.3
01-06 14:13:06.785   225 21314 W DUSS&63[       tcp_async_connect: 311]:: [sys]EINPROGRESS in connect() - selecting,addr=192.168.41.1
01-06 14:13:07.785   225 21314 W DUSS&63[       tcp_async_connect: 334]:: [sys]Timeout in select() - Cancelling, addr=192.168.41.1
01-06 14:13:44.991   227   318 W DUSS&63[       tcp_async_connect: 311]:: [sys]EINPROGRESS in connect() - selecting,addr=192.168.41.3
01-06 14:13:45.992   227   318 W DUSS&63[       tcp_async_connect: 334]:: [sys]Timeout in select() - Cancelling, addr=192.168.41.3
01-06 14:13:47.787   225 21314 W DUSS&63[       tcp_async_connect: 311]:: [sys]EINPROGRESS in connect() - selecting,addr=192.168.41.1
01-06 14:13:48.788   225 21314 W DUSS&63[       tcp_async_connect: 334]:: [sys]Timeout in select() - Cancelling, addr=192.168.41.1
01-06 14:14:25.997   227   318 W DUSS&63[       tcp_async_connect: 311]:: [sys]EINPROGRESS in connect() - selecting,addr=192.168.41.3
