01-01 00:00:12.029   214   214 I DUSS&63[        sys_p1_check_ver:2524]:: skip module dev_id=0x8, dev_index=0x2 on dev 0, current gnd: add_uav=0, add_gls=0
01-01 00:00:12.029   214   214 E DUSS&63[sys_p1_check_compability: 234]:: check version for file wm220_0802_v01.01.00.02_20170729.pro.fw.sig error
01-01 00:00:12.029   214   214 I DUSS&63[        sys_p1_check_ver:2477]:: check version for wm220_0805_v01.03.00.99_20171121.pro.fw.sig
01-01 00:00:12.029   214   214 I DUSS&63[        sys_p1_check_ver:2524]:: skip module dev_id=0x8, dev_index=0x5 on dev 0, current gnd: add_uav=0, add_gls=0
01-01 00:00:12.029   214   214 E DUSS&63[sys_p1_check_compability: 234]:: check version for file wm220_0805_v01.03.00.99_20171121.pro.fw.sig error
01-01 00:00:12.029   214   214 I DUSS&63[        sys_p1_check_ver:2477]:: check version for wm220_1407_v47.26.02.18_20170801.pro.fw.sig
01-01 00:00:12.029   214   289 I DUSS&63[   sys_event_dev_ver_get: 257]:: from 0xa03, this_host=0xe07, dev_type=1, hw_str=WM220 RC
01-01 00:00:12.058   214   214 I DUSS&63[        sys_p1_check_ver:2592]:: 14:7: Same version.
01-01 00:00:12.058   214   214 I DUSS&63[        sys_p1_check_ver:2477]:: check version for wm220_0600_v00.00.01.28_20170727.pro.fw.sig
01-01 00:00:12.069   214   214 I DUSS&63[        sys_p1_check_ver:2592]:: 6:0: Same version.
01-01 00:00:12.069   214   214 I DUSS&63[        sys_p1_check_ver:2477]:: check version for wm220_1301_v01.06.00.35_20171228.pro.fw.sig
01-01 00:00:12.070   214   284 I DUSS&63[   sys_event_dev_ver_get: 257]:: from 0xa03, this_host=0xd01, dev_type=1, hw_str=WM220 RC
01-01 00:00:12.081   214   214 I DUSS&63[        sys_p1_check_ver:2592]:: 13:1: Same version.
01-01 00:00:12.081   214   214 I DUSS&63[        sys_p1_check_ver:2477]:: check version for wm220_2807_v47.26.02.18_20170801.pro.fw.sig
01-01 00:00:12.081   214   214 I DUSS&63[        sys_p1_check_ver:2524]:: skip module dev_id=0x1c, dev_index=0x7 on dev 2, current gnd: add_uav=0, add_gls=0
01-01 00:00:12.081   214   214 E DUSS&63[sys_p1_check_compability: 234]:: check version for file wm220_2807_v47.26.02.18_20170801.pro.fw.sig error
01-01 00:00:12.081   214   214 I DUSS&63[        sys_p1_check_ver:2477]:: check version for wm220_0601_v00.00.03.06_20170528.pro.fw.sig
01-01 00:00:12.081   214   214 I DUSS&63[        sys_p1_check_ver:2524]:: skip module dev_id=0x6, dev_index=0x1 on dev 2, current gnd: add_uav=0, add_gls=0
01-01 00:00:12.081   214   214 E DUSS&63[sys_p1_check_compability: 234]:: check version for file wm220_0601_v00.00.03.06_20170528.pro.fw.sig error
01-01 00:00:12.081   214   214 I DUSS&63[        sys_p1_check_ver:2477]:: check version for wm220_0603_v00.00.06.09_20170728.pro.fw.sig
01-01 00:00:12.081   214   214 I DUSS&63[        sys_p1_check_ver:2524]:: skip module dev_id=0x6, dev_index=0x3 on dev 2, current gnd: add_uav=0, add_gls=0
01-01 00:00:12.081   214   214 E DUSS&63[sys_p1_check_compability: 234]:: check version for file wm220_0603_v00.00.06.09_20170728.pro.fw.sig error
01-01 00:00:12.082   214   214 I DUSS&63[        sys_p1_check_ver:2477]:: check version for wm220_2801_v01.03.01.71_20180207.pro.fw.sig
01-01 00:00:12.082   214   214 I DUSS&63[        sys_p1_check_ver:2524]:: skip module dev_id=0x1c, dev_index=0x1 on dev 2, current gnd: add_uav=0, add_gls=0
01-01 00:00:12.082   214   214 E DUSS&63[sys_p1_check_compability: 234]:: check version for file wm220_2801_v01.03.01.71_20180207.pro.fw.sig error
01-01 00:00:12.082   214   214 I DUSS&63[        sys_p1_check_ver:2477]:: check version for wm220_2803_v00.00.03.08_20170302_cd02.pro.fw.sig
01-01 00:00:12.082   214   214 I DUSS&63[        sys_p1_check_ver:2524]:: skip module dev_id=0x1c, dev_index=0x3 on dev 2, current gnd: add_uav=0, add_gls=0
01-01 00:00:12.082   214   214 E DUSS&63[sys_p1_check_compability: 234]:: check version for file wm220_2803_v00.00.03.08_20170302_cd02.pro.fw.sig error
01-01 00:00:12.082   214   214 I DUSS&63[        sys_p1_check_ver:2477]:: check version for wm220_2803_v00.00.03.08_20170302_cd01.pro.fw.sig
01-01 00:00:12.082   214   214 I DUSS&63[        sys_p1_check_ver:2524]:: skip module dev_id=0x1c, dev_index=0x3 on dev 2, current gnd: add_uav=0, add_gls=0
01-01 00:00:12.082   214   214 E DUSS&63[sys_p1_check_compability: 234]:: check version for file wm220_2803_v00.00.03.08_20170302_cd01.pro.fw.sig error
01-01 00:00:12.082   214   214 I DUSS&63[        sys_p1_check_ver:2477]:: check version for wm220_2803_v00.00.04.08_20170828_cd03.pro.fw.sig
01-01 00:00:12.082   214   214 I DUSS&63[        sys_p1_check_ver:2524]:: skip module dev_id=0x1c, dev_index=0x3 on dev 2, current gnd: add_uav=0, add_gls=0
01-01 00:00:12.082   214   214 E DUSS&63[sys_p1_check_compability: 234]:: check version for file wm220_2803_v00.00.04.08_20170828_cd03.pro.fw.sig error
01-01 00:00:12.082   214   214 I DUSS&63[        sys_p1_check_ver:2477]:: check version for wm220_0905_v01.00.01.07_20170929.pro.fw.sig
01-01 00:00:12.082   214   214 I DUSS&63[        sys_p1_check_ver:2498]:: skip module for datacopy, dev_id=0x9, dev_index=0x5 
01-01 00:00:12.082   214   214 E DUSS&63[sys_p1_check_compability: 234]:: check version for file wm220_0905_v01.00.01.07_20170929.pro.fw.sig error
01-01 00:00:12.082   214   214 I DUSS&63[sys_p1_check_compability: 252]:: after check *comptbl = 0, p1_first=0
01-01 00:00:12.082   214   214 I DUSS&63[        sys_version_scan: 194]:: found system compatible with the large package
01-01 00:00:12.082   214   214 I DUSS&63[            sys_mainloop: 266]:: version scan done.
01-01 00:00:48.036   212   441 W DUSS&63[       tcp_async_connect: 311]:: [sys]EINPROGRESS in connect() - selecting,addr=192.168.41.1
01-01 00:00:48.693   214   297 W DUSS&63[       tcp_async_connect: 311]:: [sys]EINPROGRESS in connect() - selecting,addr=192.168.41.1
01-01 00:00:48.693   214   299 W DUSS&63[       tcp_async_connect: 311]:: [sys]EINPROGRESS in connect() - selecting,addr=192.168.41.3
01-01 00:00:49.037   212   441 W DUSS&63[       tcp_async_connect: 334]:: [sys]Timeout in select() - Cancelling, addr=192.168.41.1
01-01 00:00:49.694   214   299 W DUSS&63[       tcp_async_connect: 334]:: [sys]Timeout in select() - Cancelling, addr=192.168.41.3
01-01 00:00:49.694   214   297 W DUSS&63[       tcp_async_connect: 334]:: [sys]Timeout in select() - Cancelling, addr=192.168.41.1
01-01 00:01:29.041   212   441 W DUSS&63[       tcp_async_connect: 311]:: [sys]EINPROGRESS in connect() - selecting,addr=192.168.41.1
01-01 00:01:29.699   214   299 W DUSS&63[       tcp_async_connect: 311]:: [sys]EINPROGRESS in connect() - selecting,addr=192.168.41.3
01-01 00:01:29.701   214   297 W DUSS&63[       tcp_async_connect: 311]:: [sys]EINPROGRESS in connect() - selecting,addr=192.168.41.1
01-01 00:01:30.042   212   441 W DUSS&63[       tcp_async_connect: 334]:: [sys]Timeout in select() - Cancelling, addr=192.168.41.1
01-01 00:01:30.700   214   299 W DUSS&63[       tcp_async_connect: 334]:: [sys]Timeout in select() - Cancelling, addr=192.168.41.3
01-01 00:01:30.702   214   297 W DUSS&63[       tcp_async_connect: 334]:: [sys]Timeout in select() - Cancelling, addr=192.168.41.1
01-01 00:01:43.931   214   284 I DUSS&63[sys_event_query_device_i:4792]:: CMD_QUERY_DEVICE_INFO WM220 1860RC Dec 28 2017|16:11:56
01-01 00:01:43.944   214   296 I DUSS&63[   sys_event_dev_ver_get: 289]:: DUSS_MB_HOST_ALL ver WM220 RC Ver.A, package ver 1.4.300, Production=1
01-01 00:01:44.839   214   284 I DUSS&63[ sys_common_get_cfg_file:1340]:: +++request file from 0x200: req type 1, off 0, len -1
01-01 00:01:44.839   214   284 I DUSS&63[           _get_cfg_file:1270]:: +++request cfg file /data/upgrade/wm330_0000.cfg.sig
01-01 00:01:44.841   214   284 I DUSS&63[ sys_common_get_cfg_file:1374]:: get cfg/log file from 0x200: req type 1, off 0, len 980; ack aclen 980, leftlen 5356, ret=0
01-01 00:01:45.483   214   284 I DUSS&63[sys_event_query_device_i:4792]:: CMD_QUERY_DEVICE_INFO WM220 1860RC Dec 28 2017|16:11:56
01-01 00:01:45.495   214   296 I DUSS&63[   sys_event_dev_ver_get: 289]:: DUSS_MB_HOST_ALL ver WM220 RC Ver.A, package ver 1.4.300, Production=1
01-01 00:01:45.831   214   284 I DUSS&63[ sys_common_get_cfg_file:1374]:: get cfg/log file from 0x200: req type 1, off 980, len 980; ack aclen 980, leftlen 4376, ret=0
01-01 00:01:45.938   214   284 I DUSS&63[ sys_common_get_cfg_file:1374]:: get cfg/log file from 0x200: req type 1, off 1960, len 980; ack aclen 980, leftlen 3396, ret=0
01-01 00:01:46.043   214   284 I DUSS&63[ sys_common_get_cfg_file:1374]:: get cfg/log file from 0x200: req type 1, off 2940, len 980; ack aclen 980, leftlen 2416, ret=0
01-01 00:01:46.054   214   284 I DUSS&63[ sys_common_get_cfg_file:1374]:: get cfg/log file from 0x200: req type 1, off 3920, len 980; ack aclen 980, leftlen 1436, ret=0
01-01 00:01:46.056   214   284 I DUSS&63[ sys_common_get_cfg_file:1374]:: get cfg/log file from 0x200: req type 1, off 4900, len 980; ack aclen 980, leftlen 456, ret=0
01-01 00:01:46.188   214   284 I DUSS&63[ sys_common_get_cfg_file:1374]:: get cfg/log file from 0x200: req type 1, off 5880, len 980; ack aclen 456, leftlen 0, ret=0
01-01 00:01:46.258   214   284 I DUSS&63[ sys_common_get_cfg_file:1340]:: +++request file from 0x200: req type 1, off 0, len -1
01-01 00:01:46.258   214   284 I DUSS&63[           _get_cfg_file:1270]:: +++request cfg file /data/upgrade/wm330_0000.cfg.sig
01-01 00:01:46.259   214   284 I DUSS&63[ sys_common_get_cfg_file:1374]:: get cfg/log file from 0x200: req type 1, off 0, len 980; ack aclen 980, leftlen 5356, ret=0
01-01 00:01:46.264   214   284 I DUSS&63[ sys_common_get_cfg_file:1374]:: get cfg/log file from 0x200: req type 1, off 980, len 980; ack aclen 980, leftlen 4376, ret=0
01-01 00:01:46.267   214   284 I DUSS&63[ sys_common_get_cfg_file:1374]:: get cfg/log file from 0x200: req type 1, off 1960, len 980; ack aclen 980, leftlen 3396, ret=0
01-01 00:01:46.270   214   284 I DUSS&63[ sys_common_get_cfg_file:1374]:: get cfg/log file from 0x200: req type 1, off 2940, len 980; ack aclen 980, leftlen 2416, ret=0
01-01 00:01:46.272   214   284 I DUSS&63[ sys_common_get_cfg_file:1374]:: get cfg/log file from 0x200: req type 1, off 3920, len 980; ack aclen 980, leftlen 1436, ret=0
01-01 00:01:46.275   214   284 I DUSS&63[ sys_common_get_cfg_file:1374]:: get cfg/log file from 0x200: req type 1, off 4900, len 980; ack aclen 980, leftlen 456, ret=0
01-01 00:01:46.298   214   284 I DUSS&63[ sys_common_get_cfg_file:1374]:: get cfg/log file from 0x200: req type 1, off 5880, len 980; ack aclen 456, leftlen 0, ret=0
01-01 00:01:48.979   214   284 I DUSS&63[ sys_common_get_cfg_file:1340]:: +++request file from 0x200: req type 1, off 0, len -1
01-01 00:01:48.979   214   284 I DUSS&63[           _get_cfg_file:1270]:: +++request cfg file /data/upgrade/wm330_0000.cfg.sig
01-01 00:01:48.981   214   284 I DUSS&63[ sys_common_get_cfg_file:1374]:: get cfg/log file from 0x200: req type 1, off 0, len 980; ack aclen 980, leftlen 5356, ret=0
01-01 00:01:49.007   214   284 I DUSS&63[ sys_common_get_cfg_file:1374]:: get cfg/log file from 0x200: req type 1, off 980, len 980; ack aclen 980, leftlen 4376, ret=0
01-01 00:01:49.071   214   284 I DUSS&63[ sys_common_get_cfg_file:1374]:: get cfg/log file from 0x200: req type 1, off 1960, len 980; ack aclen 980, leftlen 3396, ret=0
01-01 00:01:49.089   214   284 I DUSS&63[ sys_common_get_cfg_file:1374]:: get cfg/log file from 0x200: req type 1, off 2940, len 980; ack aclen 980, leftlen 2416, ret=0
01-01 00:01:49.107   214   284 I DUSS&63[ sys_common_get_cfg_file:1374]:: get cfg/log file from 0x200: req type 1, off 3920, len 980; ack aclen 980, leftlen 1436, ret=0
01-01 00:01:49.110   214   284 I DUSS&63[ sys_common_get_cfg_file:1374]:: get cfg/log file from 0x200: req type 1, off 4900, len 980; ack aclen 980, leftlen 456, ret=0
01-01 00:01:49.113   214   284 I DUSS&63[ sys_common_get_cfg_file:1374]:: get cfg/log file from 0x200: req type 1, off 5880, len 980; ack aclen 456, leftlen 0, ret=0
05-21 16:48:16.008   214   284 F DUSS&63[      sys_event_set_date: 101]:: Got sys_event_set_date message: 2018.05.21-16:48:16, result 0
05-21 16:48:32.133   212   441 W DUSS&63[       tcp_async_connect: 311]:: [sys]EINPROGRESS in connect() - selecting,addr=192.168.41.1
05-21 16:48:32.790   214   299 W DUSS&63[       tcp_async_connect: 311]:: [sys]EINPROGRESS in connect() - selecting,addr=192.168.41.3
05-21 16:48:32.792   214   297 W DUSS&63[       tcp_async_connect: 311]:: [sys]EINPROGRESS in connect() - selecting,addr=192.168.41.1
05-21 16:48:33.134   212   441 W DUSS&63[       tcp_async_connect: 334]:: [sys]Timeout in select() - Cancelling, addr=192.168.41.1
05-21 16:48:33.791   214   299 W DUSS&63[       tcp_async_connect: 334]:: [sys]Timeout in select() - Cancelling, addr=192.168.41.3
05-21 16:48:33.793   214   297 W DUSS&63[       tcp_async_connect: 334]:: [sys]Timeout in select() - Cancelling, addr=192.168.41.1
05-21 16:49:13.140   212   441 W DUSS&63[       tcp_async_connect: 311]:: [sys]EINPROGRESS in connect() - selecting,addr=192.168.41.1
05-21 16:49:13.795   214   299 W DUSS&63[       tcp_async_connect: 311]:: [sys]EINPROGRESS in connect() - selecting,addr=192.168.41.3
05-21 16:49:13.797   214   297 W DUSS&63[       tcp_async_connect: 311]:: [sys]EINPROGRESS in connect() - selecting,addr=192.168.41.1
05-21 16:49:14.141   212   441 W DUSS&63[       tcp_async_connect: 334]:: [sys]Timeout in select() - Cancelling, addr=192.168.41.1
05-21 16:49:14.796   214   299 W DUSS&63[       tcp_async_connect: 334]:: [sys]Timeout in select() - Cancelling, addr=192.168.41.3
05-21 16:49:14.798   214   297 W DUSS&63[       tcp_async_connect: 334]:: [sys]Timeout in select() - Cancelling, addr=192.168.41.1
05-21 16:49:30.348   214   284 I DUSS&63[sys_event_self_define_cm: 457]:: check compability from 0x801, this_host=0xd01
05-21 16:49:30.348   214   284 I DUSS&63[   sys_check_compability: 207]:: from 0x801, this_host=0xd01, dev_type=1
05-21 16:49:30.348   214   284 I DUSS&63[   sys_check_compability: 210]:: package_str=wm220, package_ver=1.4.300
05-21 16:49:30.348   214   284 I DUSS&63[   sys_check_compability: 212]:: peer_str=wm220, peer_ver=1.4.300
05-21 16:49:30.348   214   284 I DUSS&63[   sys_check_compability: 219]:: package_uav_cnt=20, package_gls_cnt=7
05-21 16:49:30.348   214   284 I DUSS&63[   sys_check_compability: 261]:: the same product, and self version is the same or older than peer
05-21 16:49:32.441   214   284 I DUSS&63[sys_event_self_define_cm: 457]:: check compability from 0x801, this_host=0xd01
05-21 16:49:32.441   214   284 I DUSS&63[   sys_check_compability: 207]:: from 0x801, this_host=0xd01, dev_type=1
05-21 16:49:32.441   214   284 I DUSS&63[   sys_check_compability: 210]:: package_str=wm220, package_ver=1.4.300
05-21 16:49:32.441   214   284 I DUSS&63[   sys_check_compability: 212]:: peer_str=wm220, peer_ver=1.4.300
05-21 16:49:32.441   214   284 I DUSS&63[   sys_check_compability: 219]:: package_uav_cnt=20, package_gls_cnt=7
05-21 16:49:32.441   214   284 I DUSS&63[   sys_check_compability: 261]:: the same product, and self version is the same or older than peer
05-21 16:49:37.143   212   441 I DUSS&63[       tcp_async_connect: 375]:: [sys]connect to 192.168.41.1 success
05-21 16:49:37.143   212   441 I DUSS&63[      tcp_connect_thread: 152]:: [sys]connected to 192.168.41.1
05-21 16:49:37.143   212   441 I DUSS&63[      tcp_connect_thread: 160]:: [sys]WL TCP State change to connected
05-21 16:49:37.801   214   297 I DUSS&63[       tcp_async_connect: 375]:: [sys]connect to 192.168.41.1 success
05-21 16:49:37.801   214   297 I DUSS&63[      tcp_connect_thread: 152]:: [sys]connected to 192.168.41.1
05-21 16:49:37.801   214   297 I DUSS&63[      tcp_connect_thread: 160]:: [sys]WL TCP State change to connected
05-21 16:49:54.801   214   299 W DUSS&63[       tcp_async_connect: 311]:: [sys]EINPROGRESS in connect() - selecting,addr=192.168.41.3
05-21 16:49:55.802   214   299 W DUSS&63[       tcp_async_connect: 334]:: [sys]Timeout in select() - Cancelling, addr=192.168.41.3
05-21 16:50:35.807   214   299 W DUSS&63[       tcp_async_connect: 311]:: [sys]EINPROGRESS in connect() - selecting,addr=192.168.41.3
05-21 16:50:36.808   214   299 W DUSS&63[       tcp_async_connect: 334]:: [sys]Timeout in select() - Cancelling, addr=192.168.41.3
05-21 16:51:16.813   214   299 W DUSS&63[       tcp_async_connect: 311]:: [sys]EINPROGRESS in connect() - selecting,addr=192.168.41.3
05-21 16:51:17.814   214   299 W DUSS&63[       tcp_async_connect: 334]:: [sys]Timeout in select() - Cancelling, addr=192.168.41.3
05-21 16:51:57.818   214   299 W DUSS&63[       tcp_async_connect: 311]:: [sys]EINPROGRESS in connect() - selecting,addr=192.168.41.3
05-21 16:51:58.819   214   299 W DUSS&63[       tcp_async_connect: 334]:: [sys]Timeout in select() - Cancelling, addr=192.168.41.3
05-21 16:52:38.824   214   299 W DUSS&63[       tcp_async_connect: 311]:: [sys]EINPROGRESS in connect() - selecting,addr=192.168.41.3
05-21 16:52:39.825   214   299 W DUSS&63[       tcp_async_connect: 334]:: [sys]Timeout in select() - Cancelling, addr=192.168.41.3
05-21 16:53:19.831   214   299 W DUSS&63[       tcp_async_connect: 311]:: [sys]EINPROGRESS in connect() - selecting,addr=192.168.41.3
05-21 16:53:20.832   214   299 W DUSS&63[       tcp_async_connect: 334]:: [sys]Timeout in select() - Cancelling, addr=192.168.41.3
05-21 16:54:00.838   214   299 W DUSS&63[       tcp_async_connect: 311]:: [sys]EINPROGRESS in connect() - selecting,addr=192.168.41.3
05-21 16:54:01.839   214   299 W DUSS&63[       tcp_async_connect: 334]:: [sys]Timeout in select() - Cancelling, addr=192.168.41.3
05-21 16:54:41.844   214   299 W DUSS&63[       tcp_async_connect: 311]:: [sys]EINPROGRESS in connect() - selecting,addr=192.168.41.3
05-21 16:54:42.845   214   299 W DUSS&63[       tcp_async_connect: 334]:: [sys]Timeout in select() - Cancelling, addr=192.168.41.3
05-21 16:55:22.849   214   299 W DUSS&63[       tcp_async_connect: 311]:: [sys]EINPROGRESS in connect() - selecting,addr=192.168.41.3
05-21 16:55:23.851   214   299 W DUSS&63[       tcp_async_connect: 334]:: [sys]Timeout in select() - Cancelling, addr=192.168.41.3
05-21 16:56:03.858   214   299 W DUSS&63[       tcp_async_connect: 311]:: [sys]EINPROGRESS in connect() - selecting,addr=192.168.41.3
05-21 16:56:04.859   214   299 W DUSS&63[       tcp_async_connect: 334]:: [sys]Timeout in select() - Cancelling, addr=192.168.41.3
05-21 16:56:44.865   214   299 W DUSS&63[       tcp_async_connect: 311]:: [sys]EINPROGRESS in connect() - selecting,addr=192.168.41.3
05-21 16:56:45.867   214   299 W DUSS&63[       tcp_async_connect: 334]:: [sys]Timeout in select() - Cancelling, addr=192.168.41.3
05-21 16:57:25.879   214   299 W DUSS&63[       tcp_async_connect: 311]:: [sys]EINPROGRESS in connect() - selecting,addr=192.168.41.3
05-21 16:57:26.880   214   299 W DUSS&63[       tcp_async_connect: 334]:: [sys]Timeout in select() - Cancelling, addr=192.168.41.3
05-21 16:58:06.885   214   299 W DUSS&63[       tcp_async_connect: 311]:: [sys]EINPROGRESS in connect() - selecting,addr=192.168.41.3
05-21 16:58:07.886   214   299 W DUSS&63[       tcp_async_connect: 334]:: [sys]Timeout in select() - Cancelling, addr=192.168.41.3
05-21 16:58:47.891   214   299 W DUSS&63[       tcp_async_connect: 311]:: [sys]EINPROGRESS in connect() - selecting,addr=192.168.41.3
05-21 16:58:48.892   214   299 W DUSS&63[       tcp_async_connect: 334]:: [sys]Timeout in select() - Cancelling, addr=192.168.41.3
05-21 16:59:28.896   214   299 W DUSS&63[       tcp_async_connect: 311]:: [sys]EINPROGRESS in connect() - selecting,addr=192.168.41.3
05-21 16:59:29.897   214   299 W DUSS&63[       tcp_async_connect: 334]:: [sys]Timeout in select() - Cancelling, addr=192.168.41.3
05-21 17:00:09.903   214   299 W DUSS&63[       tcp_async_connect: 311]:: [sys]EINPROGRESS in connect() - selecting,addr=192.168.41.3
05-21 17:00:10.904   214   299 W DUSS&63[       tcp_async_connect: 334]:: [sys]Timeout in select() - Cancelling, addr=192.168.41.3
05-21 17:00:50.911   214   299 W DUSS&63[       tcp_async_connect: 311]:: [sys]EINPROGRESS in connect() - selecting,addr=192.168.41.3
05-21 17:00:51.912   214   299 W DUSS&63[       tcp_async_connect: 334]:: [sys]Timeout in select() - Cancelling, addr=192.168.41.3
05-21 17:01:31.916   214   299 W DUSS&63[       tcp_async_connect: 311]:: [sys]EINPROGRESS in connect() - selecting,addr=192.168.41.3
05-21 17:01:32.917   214   299 W DUSS&63[       tcp_async_connect: 334]:: [sys]Timeout in select() - Cancelling, addr=192.168.41.3
05-21 17:02:12.922   214   299 W DUSS&63[       tcp_async_connect: 311]:: [sys]EINPROGRESS in connect() - selecting,addr=192.168.41.3
05-21 17:02:13.923   214   299 W DUSS&63[       tcp_async_connect: 334]:: [sys]Timeout in select() - Cancelling, addr=192.168.41.3
05-21 17:02:53.928   214   299 W DUSS&63[       tcp_async_connect: 311]:: [sys]EINPROGRESS in connect() - selecting,addr=192.168.41.3
05-21 17:02:54.929   214   299 W DUSS&63[       tcp_async_connect: 334]:: [sys]Timeout in select() - Cancelling, addr=192.168.41.3
05-21 17:03:34.934   214   299 W DUSS&63[       tcp_async_connect: 311]:: [sys]EINPROGRESS in connect() - selecting,addr=192.168.41.3
05-21 17:03:35.935   214   299 W DUSS&63[       tcp_async_connect: 334]:: [sys]Timeout in select() - Cancelling, addr=192.168.41.3
05-21 17:04:15.939   214   299 W DUSS&63[       tcp_async_connect: 311]:: [sys]EINPROGRESS in connect() - selecting,addr=192.168.41.3
05-21 17:04:16.940   214   299 W DUSS&63[       tcp_async_connect: 334]:: [sys]Timeout in select() - Cancelling, addr=192.168.41.3
05-21 17:04:44.275   212   442 E DUSS&63[        wl_prot_tcp_recv: 749]:: [sys]WL TCP State change to disconnect, cur_fd=49, addr=192.168.41.1
05-21 17:04:44.276   212   442 I DUSS&63[           tcp_reconnect: 193]:: [sys]new socket fd 89, need connect
05-21 17:04:44.276   212   442 W DUSS&63[       tcp_async_connect: 311]:: [sys]EINPROGRESS in connect() - selecting,addr=192.168.41.1
05-21 17:04:44.459   212   442 E DUSS&63[       tcp_async_connect: 328]:: [sys]Error in delayed connection() - Connection refused
05-21 17:04:44.459   212   442 E DUSS&63[           tcp_reconnect: 197]:: [sys]first connect failed, err=Operation now in progress, will try later
05-21 17:04:44.459   212   442 I DUSS&63[           tcp_reconnect: 201]:: [sys]before join the old connect task
05-21 17:04:44.460   212   442 I DUSS&63[           tcp_reconnect: 206]:: [sys]success joined the connect task
05-21 17:04:44.460   212 11307 I DUSS&63[      tcp_connect_thread: 139]:: [sys]start to connect, fd=89
05-21 17:04:44.460   212 11307 I DUSS&63[      tcp_connect_thread: 143]:: [sys]WL TCP State change to connecting
05-21 17:04:46.460   212 11307 W DUSS&63[       tcp_async_connect: 311]:: [sys]EINPROGRESS in connect() - selecting,addr=192.168.41.1
05-21 17:04:47.460   212 11307 W DUSS&63[       tcp_async_connect: 334]:: [sys]Timeout in select() - Cancelling, addr=192.168.41.1
05-21 17:04:54.166   214   284 I DUSS&63[        sys_event_reboot:1401]:: receive reboot from 0x600, this_host=0xd01
05-21 17:04:54.166   214   284 I DUSS&63[        sys_event_reboot:1407]:: Get reboot callback. .
05-21 17:04:54.166   214   284 I DUSS&63[           sys_p1_reboot:4879]:: Request power/boot 2 after 2000 ms from 0x600
05-21 17:04:56.209   214   284 I DUSS&63[           sys_p1_reboot:4956]:: going to reboot/poweroff/powersave... reboot_type 2 reboot_mode 0
===/data/dji/log is already a link===
===/data/dji/blackbox is already a link===


!!!new file start!!!

01-01 00:00:04.473   213   213 I DUSS&63[                    main: 657]:: dji_sys run as dev_type 1, duss_sketch_initialize done...
01-01 00:00:04.478   213   213 I DUSS&63[sys_load_config_from_jso: 154]:: Get the hw_str WM220 RC
01-01 00:00:04.479   213   213 W DUSS&63[sys_load_config_from_jso: 160]:: Can't find platform:system_init domain! Call default routing...
01-01 00:00:04.479   213   213 I DUSS&63[         sys_load_config: 488]:: platform dev_info: WM220 1860RC
01-01 00:00:04.505   213   213 I DUSS&63[sys_check_boot_mode_norm: 333]:: Set system mode to NORMAL.
01-01 00:00:04.538   213   213 I DUSS&63[sys_up_load_general_stat: 203]:: get option_value wm220 for package_id
01-01 00:00:04.538   213   213 I DUSS&63[sys_up_load_general_stat: 204]:: updated package_str wm220
01-01 00:00:04.538   213   213 I DUSS&63[sys_up_load_general_stat: 211]:: get package_ver 1.4.300
01-01 00:00:04.538   213   213 I DUSS&63[sys_up_load_general_stat: 211]:: 
01-01 00:00:04.538   213   213 I DUSS&63[sys_up_load_general_stat: 215]:: updated package_ver 1.4.300
01-01 00:00:04.538   213   213 I DUSS&63[sys_up_load_general_stat: 222]:: get package_uav_cnt 20
01-01 00:00:04.538   213   213 I DUSS&63[sys_up_load_general_stat: 222]:: 
01-01 00:00:04.538   213   213 I DUSS&63[sys_up_load_general_stat: 224]:: updated package_uav_cnt 20
01-01 00:00:04.538   213   213 I DUSS&63[sys_up_load_general_stat: 231]:: get package_gnd_cnt 3
01-01 00:00:04.538   213   213 I DUSS&63[sys_up_load_general_stat: 231]:: 
01-01 00:00:04.538   213   213 I DUSS&63[sys_up_load_general_stat: 233]:: updated package_gnd_cnt 3
01-01 00:00:04.538   213   213 I DUSS&63[sys_up_load_general_stat: 240]:: get package_gls_cnt 7
01-01 00:00:04.538   213   213 I DUSS&63[sys_up_load_general_stat: 240]:: 
01-01 00:00:04.538   213   213 I DUSS&63[sys_up_load_general_stat: 242]:: updated package_gls_cnt 7
01-01 00:00:04.538   213   213 W DUSS&63[sys_up_load_general_stat: 251]:: can not get option_value for wm22x_type, use wm220 by default
01-01 00:00:04.538   213   213 I DUSS&63[sys_up_load_upgrade_stat: 275]:: file /cache/upgrade_status not exist, return directly
01-01 00:00:04.543   213   213 I DUSS&63[sys_upgrade_check_status:5119]:: didn't save upgrade_retry in last boot
01-01 00:00:04.544   213   213 I DUSS&63[sys_upgrade_check_status:5145]:: non need to push upgrade status, set upgrade status to idle.
01-01 00:00:04.645   213   213 I DUSS&63[            sys_pre_init: 534]:: this is production board
01-01 00:00:04.676   213   213 I DUSS&63[      wl_prot_tcp_create: 404]:: [sys]open_type=0, local_port=0, remote_ip=192.168.41.1, remote_port=22350, l_ctx=0xb71b3e48 
01-01 00:00:04.676   213   213 I DUSS&63[      wl_prot_tcp_create: 467]:: [sys]first connect failed, err=Network is unreachable
01-01 00:00:04.676   213   213 I DUSS&63[      wl_prot_tcp_create: 500]:: [sys]create tcp channel success, l_ctx=0xb71b3e48
01-01 00:00:04.676   213   298 I DUSS&63[      tcp_connect_thread: 139]:: [sys]start to connect, fd=17
01-01 00:00:04.676   213   298 I DUSS&63[      tcp_connect_thread: 143]:: [sys]WL TCP State change to connecting
01-01 00:00:04.677   213   213 I DUSS&63[      wl_prot_tcp_create: 404]:: [sys]open_type=0, local_port=0, remote_ip=192.168.41.3, remote_port=22351, l_ctx=0xb71b4fe8 
01-01 00:00:04.677   213   213 I DUSS&63[      wl_prot_tcp_create: 467]:: [sys]first connect failed, err=Network is unreachable
01-01 00:00:04.677   213   213 I DUSS&63[      wl_prot_tcp_create: 500]:: [sys]create tcp channel success, l_ctx=0xb71b4fe8
01-01 00:00:04.677   213   300 I DUSS&63[      tcp_connect_thread: 139]:: [sys]start to connect, fd=18
01-01 00:00:04.677   213   300 I DUSS&63[      tcp_connect_thread: 143]:: [sys]WL TCP State change to connecting
01-01 00:00:04.678   213   213 I DUSS&63[        sys_events_start:  96]:: aging_test_mode=0, system_mode=0
01-01 00:00:04.678   213   304 I DUSS&63[sys_up_status_push_threa: 863]:: pushing thread start, stop_pushing=1, push_status=0
01-01 00:00:04.679   213   213 I DUSS&63[       sys_check_pc_conn: 300]:: For pc connection, usb state is DISCONNECTED
01-01 00:00:04.679   213   213 I DUSS&63[           sys_post_init: 565]:: conn_pc=0 when init
01-01 00:00:04.679   213   213 E DUSS&63[sys_event_pc_through_rc_:1196]:: Find route item to pc by wl channel fail: -1001
01-01 00:00:04.679   213   213 I DUSS&63[sys_flight_data_do_first: 627]:: gnd, need to check whether to send nfz.db to uav
01-01 00:00:04.680   213   213 I DUSS&63[sys_flight_data_send_to_: 519]:: nfz already sent before already exist, return directly!
01-01 00:00:04.694   213   213 I DUSS&63[        sys_version_scan: 130]:: Got signed cfg file /data/upgrade/backup/01.04.0300.cfg.sig
01-01 00:00:04.747   213   213 I DUSS&63[        sys_version_scan: 144]:: unsign the backup cfg file.
01-01 00:00:04.801   213   213 I DUSS&63[       sys_p1_unsign_img:1829]:: verify results: passed to verify image /data/upgrade/backup/01.04.0300.cfg.sig
01-01 00:00:04.801   213   213 I DUSS&63[       sys_p1_unsign_img:1837]:: dji_verify -n 0000 -o /tmp/wm330_0000.xml /data/upgrade/backup/01.04.0300.cfg.sig exit status 0, return 0
01-01 00:00:04.801   213   213 I DUSS&63[       sys_p1_unsign_img:1845]:: dji_verify -n 0000 -o /tmp/wm330_0000.xml /data/upgrade/backup/01.04.0300.cfg.sig success.
01-01 00:00:04.801   213   213 I DUSS&63[        sys_version_scan: 154]:: check the system compability..
01-01 00:00:04.801   213   213 I DUSS&63[  need_check_compability:  89]:: will send revert SYS_SELF_DEF_CMD_NEED_CHK_COMP to id=8, index=1
01-01 00:00:04.801   213   213 I DUSS&63[  need_check_compability: 109]:: dev_type=1, dev_id=wm220, pack_ver=1.4.300
01-01 00:00:06.629   213   306 E DUSS&63[find_and_kill_all_udhcpd: 457]:: pid 168's cmdline: busybox udhcpd
01-01 00:00:06.629   213   306 E DUSS&63[find_and_kill_all_udhcpd: 460]:: execute busybox kill 168
01-01 00:00:06.637   213   306 E DUSS&63[find_and_kill_all_udhcpd: 457]:: pid 169's cmdline: busybox tcpsvd
01-01 00:00:06.638   213   306 I DUSS&63[ handle_dji_device_event: 284]:: kill udhcpd service (busybox)
01-01 00:00:06.803   213   213 E DUSS&63[  need_check_compability: 118]:: can not get response from 0x801, result=-1002, retry_count=0
01-01 00:00:07.036   210   210 I DUSS&63[      wl_prot_tcp_create: 404]:: [sys]open_type=0, local_port=0, remote_ip=192.168.41.1, remote_port=22352, l_ctx=0xb7296050 
01-01 00:00:07.036   210   210 I DUSS&63[      wl_prot_tcp_create: 467]:: [sys]first connect failed, err=Network is unreachable
01-01 00:00:07.036   210   210 I DUSS&63[      wl_prot_tcp_create: 500]:: [sys]create tcp channel success, l_ctx=0xb7296050
01-01 00:00:07.036   210   449 I DUSS&63[      tcp_connect_thread: 139]:: [sys]start to connect, fd=49
01-01 00:00:07.036   210   449 I DUSS&63[      tcp_connect_thread: 143]:: [sys]WL TCP State change to connecting
01-01 00:00:08.036   210   449 W DUSS&63[       tcp_async_connect: 311]:: [sys]EINPROGRESS in connect() - selecting,addr=192.168.41.1
01-01 00:00:08.677   213   298 W DUSS&63[       tcp_async_connect: 311]:: [sys]EINPROGRESS in connect() - selecting,addr=192.168.41.1
01-01 00:00:08.678   213   300 W DUSS&63[       tcp_async_connect: 311]:: [sys]EINPROGRESS in connect() - selecting,addr=192.168.41.3
01-01 00:00:08.902   213   213 E DUSS&63[  need_check_compability: 118]:: can not get response from 0x801, result=-1002, retry_count=1
01-01 00:00:08.902   213   213 I DUSS&63[sys_need_check_compabili: 167]:: on gnd, *add_uav=0
01-01 00:00:08.902   213   213 I DUSS&63[  need_check_compability:  89]:: will send revert SYS_SELF_DEF_CMD_NEED_CHK_COMP to id=28, index=1
01-01 00:00:08.902   213   213 I DUSS&63[  need_check_compability: 109]:: dev_type=1, dev_id=wm220, pack_ver=1.4.300
01-01 00:00:09.037   210   449 W DUSS&63[       tcp_async_connect: 334]:: [sys]Timeout in select() - Cancelling, addr=192.168.41.1
01-01 00:00:09.678   213   298 W DUSS&63[       tcp_async_connect: 334]:: [sys]Timeout in select() - Cancelling, addr=192.168.41.1
01-01 00:00:09.679   213   300 W DUSS&63[       tcp_async_connect: 334]:: [sys]Timeout in select() - Cancelling, addr=192.168.41.3
01-01 00:00:10.902   213   213 E DUSS&63[  need_check_compability: 118]:: can not get response from 0x1c01, result=-1002, retry_count=0
01-01 00:00:13.003   213   213 E DUSS&63[  need_check_compability: 118]:: can not get response from 0x1c01, result=-1002, retry_count=1
01-01 00:00:13.003   213   213 I DUSS&63[sys_need_check_compabili: 177]:: on gnd, *add_gls=0
01-01 00:00:13.005   213   213 I DUSS&63[sys_p1_check_compability: 196]:: get device_id wm220 from xml
01-01 00:00:13.005   213   213 I DUSS&63[sys_p1_check_compability: 210]:: get last updated package version  Major=1, minor=4, build=300
01-01 00:00:13.006   213   213 I DUSS&63[        sys_p1_check_ver:2477]:: check version for wm220_0907_v47.26.02.18_20170801.pro.fw.sig
01-01 00:00:13.006   213   213 I DUSS&63[        sys_p1_check_ver:2524]:: skip module dev_id=0x9, dev_index=0x7 on dev 0, current gnd: add_uav=0, add_gls=0
01-01 00:00:13.006   213   213 E DUSS&63[sys_p1_check_compability: 234]:: check version for file wm220_0907_v47.26.02.18_20170801.pro.fw.sig error
01-01 00:00:13.006   213   213 I DUSS&63[        sys_p1_check_ver:2477]:: check version for wm220_0305_v34.04.00.24_20170726.pro.fw.sig
01-01 00:00:13.006   213   213 I DUSS&63[        sys_p1_check_ver:2524]:: skip module dev_id=0x3, dev_index=0x5 on dev 0, current gnd: add_uav=0, add_gls=0
01-01 00:00:13.006   213   213 E DUSS&63[sys_p1_check_compability: 234]:: check version for file wm220_0305_v34.04.00.24_20170726.pro.fw.sig error
01-01 00:00:13.006   213   213 I DUSS&63[        sys_p1_check_ver:2477]:: check version for wm220_0306_v03.02.44.07_20171116.pro.fw.sig
01-01 00:00:13.006   213   213 I DUSS&63[        sys_p1_check_ver:2524]:: skip module dev_id=0x3, dev_index=0x6 on dev 0, current gnd: add_uav=0, add_gls=0
01-01 00:00:13.006   213   213 E DUSS&63[sys_p1_check_compability: 234]:: check version for file wm220_0306_v03.02.44.07_20171116.pro.fw.sig error
01-01 00:00:13.006   213   213 I DUSS&63[        sys_p1_check_ver:2477]:: check version for wm220_1100_v01.00.07.32_20170726.pro.fw.sig
01-01 00:00:13.006   213   213 I DUSS&63[        sys_p1_check_ver:2524]:: skip module dev_id=0xb, dev_index=0x0 on dev 0, current gnd: add_uav=0, add_gls=0
01-01 00:00:13.006   213   213 E DUSS&63[sys_p1_check_compability: 234]:: check version for file wm220_1100_v01.00.07.32_20170726.pro.fw.sig error
01-01 00:00:13.006   213   213 I DUSS&63[        sys_p1_check_ver:2477]:: check version for wm220_0803_v00.00.04.09_20170728.pro.fw.sig
01-01 00:00:13.006   213   213 I DUSS&63[        sys_p1_check_ver:2524]:: skip module dev_id=0x8, dev_index=0x3 on dev 0, current gnd: add_uav=0, add_gls=0
01-01 00:00:13.006   213   213 E DUSS&63[sys_p1_check_compability: 234]:: check version for file wm220_0803_v00.00.04.09_20170728.pro.fw.sig error
01-01 00:00:13.006   213   213 I DUSS&63[        sys_p1_check_ver:2477]:: check version for wm220_0100_v02.08.56.68_20180122.pro.fw.sig
01-01 00:00:13.006   213   213 I DUSS&63[        sys_p1_check_ver:2524]:: skip module dev_id=0x1, dev_index=0x0 on dev 0, current gnd: add_uav=0, add_gls=0
01-01 00:00:13.006   213   213 E DUSS&63[sys_p1_check_compability: 234]:: check version for file wm220_0100_v02.08.56.68_20180122.pro.fw.sig error
01-01 00:00:13.006   213   213 I DUSS&63[        sys_p1_check_ver:2477]:: check version for wm220_0100_v02.10.05.19_20180122_ca02.pro.fw.sig
01-01 00:00:13.006   213   213 I DUSS&63[        sys_p1_check_ver:2524]:: skip module dev_id=0x1, dev_index=0x0 on dev 0, current gnd: add_uav=0, add_gls=0
01-01 00:00:13.006   213   213 E DUSS&63[sys_p1_check_compability: 234]:: check version for file wm220_0100_v02.10.05.19_20180122_ca02.pro.fw.sig error
01-01 00:00:13.006   213   213 I DUSS&63[        sys_p1_check_ver:2477]:: check version for wm220_0101_v02.10.05.19_20180122_ca02.pro.fw.sig
01-01 00:00:13.006   213   213 I DUSS&63[        sys_p1_check_ver:2524]:: skip module dev_id=0x1, dev_index=0x1 on dev 0, current gnd: add_uav=0, add_gls=0
01-01 00:00:13.006   213   213 E DUSS&63[sys_p1_check_compability: 234]:: check version for file wm220_0101_v02.10.05.19_20180122_ca02.pro.fw.sig error
01-01 00:00:13.006   213   213 I DUSS&63[        sys_p1_check_ver:2477]:: check version for wm220_0101_v02.08.56.68_20180122.pro.fw.sig
01-01 00:00:13.006   213   213 I DUSS&63[        sys_p1_check_ver:2524]:: skip module dev_id=0x1, dev_index=0x1 on dev 0, current gnd: add_uav=0, add_gls=0
01-01 00:00:13.006   213   213 E DUSS&63[sys_p1_check_compability: 234]:: check version for file wm220_0101_v02.08.56.68_20180122.pro.fw.sig error
01-01 00:00:13.006   213   213 I DUSS&63[        sys_p1_check_ver:2477]:: check version for wm220_0400_v01.50.12.10_20170809.pro.fw.sig
01-01 00:00:13.006   213   213 I DUSS&63[        sys_p1_check_ver:2524]:: skip module dev_id=0x4, dev_index=0x0 on dev 0, current gnd: add_uav=0, add_gls=0
01-01 00:00:13.006   213   213 E DUSS&63[sys_p1_check_compability: 234]:: check version for file wm220_0400_v01.50.12.10_20170809.pro.fw.sig error
01-01 00:00:13.006   213   213 I DUSS&63[        sys_p1_check_ver:2477]:: check version for wm220_0804_v01.00.00.11_20170828.pro.fw.sig
01-01 00:00:13.006   213   213 I DUSS&63[        sys_p1_check_ver:2524]:: skip module dev_id=0x8, dev_index=0x4 on dev 0, current gnd: add_uav=0, add_gls=0
01-01 00:00:13.006   213   213 E DUSS&63[sys_p1_check_compability: 234]:: check version for file wm220_0804_v01.00.00.11_20170828.pro.fw.sig error
01-01 00:00:13.006   213   213 I DUSS&63[        sys_p1_check_ver:2477]:: check version for wm220_0801_v01.06.00.35_20171228.pro.fw.sig
01-01 00:00:13.006   213   213 I DUSS&63[        sys_p1_check_ver:2524]:: skip module dev_id=0x8, dev_index=0x1 on dev 0, current gnd: add_uav=0, add_gls=0
01-01 00:00:13.006   213   213 E DUSS&63[sys_p1_check_compability: 234]:: check version for file wm220_0801_v01.06.00.35_20171228.pro.fw.sig error
01-01 00:00:13.007   213   213 I DUSS&63[        sys_p1_check_ver:2477]:: check version for wm220_1200_v01.01.00.71_20171122_es02.pro.fw.sig
01-01 00:00:13.007   213   213 I DUSS&63[        sys_p1_check_ver:2524]:: skip module dev_id=0xc, dev_index=0x0 on dev 0, current gnd: add_uav=0, add_gls=0
01-01 00:00:13.007   213   213 E DUSS&63[sys_p1_check_compability: 234]:: check version for file wm220_1200_v01.01.00.71_20171122_es02.pro.fw.sig error
01-01 00:00:13.007   213   213 I DUSS&63[        sys_p1_check_ver:2477]:: check version for wm220_1200_v01.10.00.00_20170731.pro.fw.sig
01-01 00:00:13.007   213   213 I DUSS&63[        sys_p1_check_ver:2524]:: skip module dev_id=0xc, dev_index=0x0 on dev 0, current gnd: add_uav=0, add_gls=0
01-01 00:00:13.007   213   213 E DUSS&63[sys_p1_check_compability: 234]:: check version for file wm220_1200_v01.10.00.00_20170731.pro.fw.sig error
01-01 00:00:13.007   213   213 I DUSS&63[        sys_p1_check_ver:2477]:: check version for wm220_1201_v01.10.00.00_20170731.pro.fw.sig
01-01 00:00:13.007   213   213 I DUSS&63[        sys_p1_check_ver:2524]:: skip module dev_id=0xc, dev_index=0x1 on dev 0, current gnd: add_uav=0, add_gls=0
01-01 00:00:13.007   213   213 E DUSS&63[sys_p1_check_compability: 234]:: check version for file wm220_1201_v01.10.00.00_20170731.pro.fw.sig error
01-01 00:00:13.007   213   213 I DUSS&63[        sys_p1_check_ver:2477]:: check version for wm220_1202_v01.10.00.00_20170731.pro.fw.sig
01-01 00:00:13.007   213   213 I DUSS&63[        sys_p1_check_ver:2524]:: skip module dev_id=0xc, dev_index=0x2 on dev 0, current gnd: add_uav=0, add_gls=0
01-01 00:00:13.007   213   213 E DUSS&63[sys_p1_check_compability: 234]:: check version for file wm220_1202_v01.10.00.00_20170731.pro.fw.sig error
01-01 00:00:13.007   213   213 I DUSS&63[        sys_p1_check_ver:2477]:: check version for wm220_1203_v01.10.00.00_20170731.pro.fw.sig
01-01 00:00:13.007   213   213 I DUSS&63[        sys_p1_check_ver:2524]:: skip module dev_id=0xc, dev_index=0x3 on dev 0, current gnd: add_uav=0, add_gls=0
01-01 00:00:13.007   213   213 E DUSS&63[sys_p1_check_compability: 234]:: check version for file wm220_1203_v01.10.00.00_20170731.pro.fw.sig error
01-01 00:00:13.007   213   213 I DUSS&63[        sys_p1_check_ver:2477]:: check version for wm220_0802_v01.01.00.02_20170729.pro.fw.sig
01-01 00:00:13.007   213   213 I DUSS&63[        sys_p1_check_ver:2524]:: skip module dev_id=0x8, dev_index=0x2 on dev 0, current gnd: add_uav=0, add_gls=0
01-01 00:00:13.007   213   213 E DUSS&63[sys_p1_check_compability: 234]:: check version for file wm220_0802_v01.01.00.02_20170729.pro.fw.sig error
01-01 00:00:13.007   213   213 I DUSS&63[        sys_p1_check_ver:2477]:: check version for wm220_0805_v01.03.00.99_20171121.pro.fw.sig
01-01 00:00:13.007   213   213 I DUSS&63[        sys_p1_check_ver:2524]:: skip module dev_id=0x8, dev_index=0x5 on dev 0, current gnd: add_uav=0, add_gls=0
01-01 00:00:13.007   213   213 E DUSS&63[sys_p1_check_compability: 234]:: check version for file wm220_0805_v01.03.00.99_20171121.pro.fw.sig error
01-01 00:00:13.007   213   213 I DUSS&63[        sys_p1_check_ver:2477]:: check version for wm220_1407_v47.26.02.18_20170801.pro.fw.sig
01-01 00:00:13.007   213   287 I DUSS&63[   sys_event_dev_ver_get: 257]:: from 0xa03, this_host=0xe07, dev_type=1, hw_str=WM220 RC
01-01 00:00:13.035   213   213 I DUSS&63[        sys_p1_check_ver:2592]:: 14:7: Same version.
01-01 00:00:13.035   213   213 I DUSS&63[        sys_p1_check_ver:2477]:: check version for wm220_0600_v00.00.01.28_20170727.pro.fw.sig
01-01 00:00:13.053   213   213 I DUSS&63[        sys_p1_check_ver:2592]:: 6:0: Same version.
01-01 00:00:13.053   213   213 I DUSS&63[        sys_p1_check_ver:2477]:: check version for wm220_1301_v01.06.00.35_20171228.pro.fw.sig
01-01 00:00:13.053   213   284 I DUSS&63[   sys_event_dev_ver_get: 257]:: from 0xa03, this_host=0xd01, dev_type=1, hw_str=WM220 RC
01-01 00:00:13.065   213   213 I DUSS&63[        sys_p1_check_ver:2592]:: 13:1: Same version.
01-01 00:00:13.065   213   213 I DUSS&63[        sys_p1_check_ver:2477]:: check version for wm220_2807_v47.26.02.18_20170801.pro.fw.sig
01-01 00:00:13.065   213   213 I DUSS&63[        sys_p1_check_ver:2524]:: skip module dev_id=0x1c, dev_index=0x7 on dev 2, current gnd: add_uav=0, add_gls=0
01-01 00:00:13.065   213   213 E DUSS&63[sys_p1_check_compability: 234]:: check version for file wm220_2807_v47.26.02.18_20170801.pro.fw.sig error
01-01 00:00:13.065   213   213 I DUSS&63[        sys_p1_check_ver:2477]:: check version for wm220_0601_v00.00.03.06_20170528.pro.fw.sig
01-01 00:00:13.065   213   213 I DUSS&63[        sys_p1_check_ver:2524]:: skip module dev_id=0x6, dev_index=0x1 on dev 2, current gnd: add_uav=0, add_gls=0
01-01 00:00:13.065   213   213 E DUSS&63[sys_p1_check_compability: 234]:: check version for file wm220_0601_v00.00.03.06_20170528.pro.fw.sig error
01-01 00:00:13.065   213   213 I DUSS&63[        sys_p1_check_ver:2477]:: check version for wm220_0603_v00.00.06.09_20170728.pro.fw.sig
01-01 00:00:13.065   213   213 I DUSS&63[        sys_p1_check_ver:2524]:: skip module dev_id=0x6, dev_index=0x3 on dev 2, current gnd: add_uav=0, add_gls=0
01-01 00:00:13.065   213   213 E DUSS&63[sys_p1_check_compability: 234]:: check version for file wm220_0603_v00.00.06.09_20170728.pro.fw.sig error
01-01 00:00:13.065   213   213 I DUSS&63[        sys_p1_check_ver:2477]:: check version for wm220_2801_v01.03.01.71_20180207.pro.fw.sig
01-01 00:00:13.065   213   213 I DUSS&63[        sys_p1_check_ver:2524]:: skip module dev_id=0x1c, dev_index=0x1 on dev 2, current gnd: add_uav=0, add_gls=0
01-01 00:00:13.065   213   213 E DUSS&63[sys_p1_check_compability: 234]:: check version for file wm220_2801_v01.03.01.71_20180207.pro.fw.sig error
01-01 00:00:13.065   213   213 I DUSS&63[        sys_p1_check_ver:2477]:: check version for wm220_2803_v00.00.03.08_20170302_cd02.pro.fw.sig
01-01 00:00:13.065   213   213 I DUSS&63[        sys_p1_check_ver:2524]:: skip module dev_id=0x1c, dev_index=0x3 on dev 2, current gnd: add_uav=0, add_gls=0
01-01 00:00:13.065   213   213 E DUSS&63[sys_p1_check_compability: 234]:: check version for file wm220_2803_v00.00.03.08_20170302_cd02.pro.fw.sig error
01-01 00:00:13.065   213   213 I DUSS&63[        sys_p1_check_ver:2477]:: check version for wm220_2803_v00.00.03.08_20170302_cd01.pro.fw.sig
01-01 00:00:13.065   213   213 I DUSS&63[        sys_p1_check_ver:2524]:: skip module dev_id=0x1c, dev_index=0x3 on dev 2, current gnd: add_uav=0, add_gls=0
01-01 00:00:13.065   213   213 E DUSS&63[sys_p1_check_compability: 234]:: check version for file wm220_2803_v00.00.03.08_20170302_cd01.pro.fw.sig error
01-01 00:00:13.065   213   213 I DUSS&63[        sys_p1_check_ver:2477]:: check version for wm220_2803_v00.00.04.08_20170828_cd03.pro.fw.sig
01-01 00:00:13.065   213   213 I DUSS&63[        sys_p1_check_ver:2524]:: skip module dev_id=0x1c, dev_index=0x3 on dev 2, current gnd: add_uav=0, add_gls=0
01-01 00:00:13.065   213   213 E DUSS&63[sys_p1_check_compability: 234]:: check version for file wm220_2803_v00.00.04.08_20170828_cd03.pro.fw.sig error
01-01 00:00:13.065   213   213 I DUSS&63[        sys_p1_check_ver:2477]:: check version for wm220_0905_v01.00.01.07_20170929.pro.fw.sig
01-01 00:00:13.065   213   213 I DUSS&63[        sys_p1_check_ver:2498]:: skip module for datacopy, dev_id=0x9, dev_index=0x5 
01-01 00:00:13.065   213   213 E DUSS&63[sys_p1_check_compability: 234]:: check version for file wm220_0905_v01.00.01.07_20170929.pro.fw.sig error
01-01 00:00:13.065   213   213 I DUSS&63[sys_p1_check_compability: 252]:: after check *comptbl = 0, p1_first=0
01-01 00:00:13.066   213   213 I DUSS&63[        sys_version_scan: 194]:: found system compatible with the large package
01-01 00:00:13.066   213   213 I DUSS&63[            sys_mainloop: 266]:: version scan done.
01-01 00:00:49.041   210   449 W DUSS&63[       tcp_async_connect: 311]:: [sys]EINPROGRESS in connect() - selecting,addr=192.168.41.1
01-01 00:00:49.683   213   300 W DUSS&63[       tcp_async_connect: 311]:: [sys]EINPROGRESS in connect() - selecting,addr=192.168.41.3
01-01 00:00:49.684   213   298 W DUSS&63[       tcp_async_connect: 311]:: [sys]EINPROGRESS in connect() - selecting,addr=192.168.41.1
01-01 00:00:50.042   210   449 W DUSS&63[       tcp_async_connect: 334]:: [sys]Timeout in select() - Cancelling, addr=192.168.41.1
01-01 00:00:50.684   213   300 W DUSS&63[       tcp_async_connect: 334]:: [sys]Timeout in select() - Cancelling, addr=192.168.41.3
01-01 00:00:50.685   213   298 W DUSS&63[       tcp_async_connect: 334]:: [sys]Timeout in select() - Cancelling, addr=192.168.41.1
01-01 00:01:25.252   213   284 I DUSS&63[        sys_event_reboot:1401]:: receive reboot from 0x600, this_host=0xd01
01-01 00:01:25.252   213   284 I DUSS&63[        sys_event_reboot:1407]:: Get reboot callback. .
01-01 00:01:25.252   213   284 I DUSS&63[           sys_p1_reboot:4879]:: Request power/boot 2 after 2000 ms from 0x600
01-01 00:01:27.293   213   284 I DUSS&63[           sys_p1_reboot:4956]:: going to reboot/poweroff/powersave... reboot_type 2 reboot_mode 0
===/data/dji/log is already a link===
===/data/dji/blackbox is already a link===


!!!new file start!!!

01-01 00:00:04.458   216   216 I DUSS&63[                    main: 657]:: dji_sys run as dev_type 1, duss_sketch_initialize done...
01-01 00:00:04.463   216   216 I DUSS&63[sys_load_config_from_jso: 154]:: Get the hw_str WM220 RC
01-01 00:00:04.463   216   216 W DUSS&63[sys_load_config_from_jso: 160]:: Can't find platform:system_init domain! Call default routing...
01-01 00:00:04.463   216   216 I DUSS&63[         sys_load_config: 488]:: platform dev_info: WM220 1860RC
01-01 00:00:04.499   216   216 I DUSS&63[sys_check_boot_mode_norm: 333]:: Set system mode to NORMAL.
01-01 00:00:04.532   216   216 I DUSS&63[sys_up_load_general_stat: 203]:: get option_value wm220 for package_id
01-01 00:00:04.532   216   216 I DUSS&63[sys_up_load_general_stat: 204]:: updated package_str wm220
01-01 00:00:04.532   216   216 I DUSS&63[sys_up_load_general_stat: 211]:: get package_ver 1.4.300
01-01 00:00:04.532   216   216 I DUSS&63[sys_up_load_general_stat: 211]:: 
01-01 00:00:04.533   216   216 I DUSS&63[sys_up_load_general_stat: 215]:: updated package_ver 1.4.300
01-01 00:00:04.533   216   216 I DUSS&63[sys_up_load_general_stat: 222]:: get package_uav_cnt 20
01-01 00:00:04.533   216   216 I DUSS&63[sys_up_load_general_stat: 222]:: 
01-01 00:00:04.533   216   216 I DUSS&63[sys_up_load_general_stat: 224]:: updated package_uav_cnt 20
01-01 00:00:04.533   216   216 I DUSS&63[sys_up_load_general_stat: 231]:: get package_gnd_cnt 3
01-01 00:00:04.533   216   216 I DUSS&63[sys_up_load_general_stat: 231]:: 
01-01 00:00:04.533   216   216 I DUSS&63[sys_up_load_general_stat: 233]:: updated package_gnd_cnt 3
01-01 00:00:04.533   216   216 I DUSS&63[sys_up_load_general_stat: 240]:: get package_gls_cnt 7
01-01 00:00:04.533   216   216 I DUSS&63[sys_up_load_general_stat: 240]:: 
01-01 00:00:04.533   216   216 I DUSS&63[sys_up_load_general_stat: 242]:: updated package_gls_cnt 7
01-01 00:00:04.533   216   216 W DUSS&63[sys_up_load_general_stat: 251]:: can not get option_value for wm22x_type, use wm220 by default
01-01 00:00:04.533   216   216 I DUSS&63[sys_up_load_upgrade_stat: 275]:: file /cache/upgrade_status not exist, return directly
01-01 00:00:04.542   216   216 I DUSS&63[sys_upgrade_check_status:5119]:: didn't save upgrade_retry in last boot
01-01 00:00:04.542   216   216 I DUSS&63[sys_upgrade_check_status:5145]:: non need to push upgrade status, set upgrade status to idle.
01-01 00:00:04.645   216   216 I DUSS&63[            sys_pre_init: 534]:: this is production board
01-01 00:00:04.675   216   216 I DUSS&63[      wl_prot_tcp_create: 404]:: [sys]open_type=0, local_port=0, remote_ip=192.168.41.1, remote_port=22350, l_ctx=0xb71e5e60 
01-01 00:00:04.676   216   216 I DUSS&63[      wl_prot_tcp_create: 467]:: [sys]first connect failed, err=Network is unreachable
01-01 00:00:04.676   216   216 I DUSS&63[      wl_prot_tcp_create: 500]:: [sys]create tcp channel success, l_ctx=0xb71e5e60
01-01 00:00:04.676   216   299 I DUSS&63[      tcp_connect_thread: 139]:: [sys]start to connect, fd=17
01-01 00:00:04.676   216   299 I DUSS&63[      tcp_connect_thread: 143]:: [sys]WL TCP State change to connecting
