01-01 00:11:45.059 F/DUSS&57[hg_event_rc_push_battery: 385]:(  207): hg_event_rc_push_battery_info: cur_cap = 100, is_charging = 1
01-01 00:11:45.649 F/DUSS&5a[ sys_process_motor_logic:  27]:(  213): sys_info->conn_pc = 1 app_type = 1
01-01 00:11:46.059 F/DUSS&57[hg_event_rc_push_battery: 385]:(  207): hg_event_rc_push_battery_info: cur_cap = 100, is_charging = 1
01-01 00:11:47.059 F/DUSS&57[hg_event_rc_push_battery: 385]:(  207): hg_event_rc_push_battery_info: cur_cap = 100, is_charging = 1
01-01 00:11:47.649 F/DUSS&5a[ sys_process_motor_logic:  27]:(  213): sys_info->conn_pc = 1 app_type = 1
01-01 00:11:48.059 F/DUSS&57[hg_event_rc_push_battery: 385]:(  207): hg_event_rc_push_battery_info: cur_cap = 100, is_charging = 1
01-01 00:11:49.059 F/DUSS&57[hg_event_rc_push_battery: 385]:(  207): hg_event_rc_push_battery_info: cur_cap = 100, is_charging = 1
01-01 00:11:49.649 F/DUSS&5a[ sys_process_motor_logic:  27]:(  213): sys_info->conn_pc = 1 app_type = 1
01-01 00:11:50.059 F/DUSS&57[hg_event_rc_push_battery: 385]:(  207): hg_event_rc_push_battery_info: cur_cap = 100, is_charging = 1
01-01 00:11:51.059 F/DUSS&57[hg_event_rc_push_battery: 385]:(  207): hg_event_rc_push_battery_info: cur_cap = 100, is_charging = 1
01-01 00:11:51.649 F/DUSS&5a[ sys_process_motor_logic:  27]:(  213): sys_info->conn_pc = 1 app_type = 1
01-01 00:11:52.059 F/DUSS&57[hg_event_rc_push_battery: 385]:(  207): hg_event_rc_push_battery_info: cur_cap = 100, is_charging = 1
01-01 00:11:53.059 F/DUSS&57[hg_event_rc_push_battery: 385]:(  207): hg_event_rc_push_battery_info: cur_cap = 100, is_charging = 1
01-01 00:11:53.649 F/DUSS&5a[ sys_process_motor_logic:  27]:(  213): sys_info->conn_pc = 1 app_type = 1
01-01 00:11:54.059 F/DUSS&57[hg_event_rc_push_battery: 385]:(  207): hg_event_rc_push_battery_info: cur_cap = 100, is_charging = 1
01-01 00:11:54.080 F/DUSS&57[           hdvt_cp_state: 784]:(  207): AMT test cur role 2
01-01 00:11:54.238 F/DUSS&57[       hgui_event_update: 591]:(  207): hgui:add:id=74,type=0
01-01 00:11:54.358 F/DUSS&57[       hgui_event_update: 601]:(  207): hgui:del:id=21,type=0
01-01 00:11:54.359 F/DUSS&57[       report_lcd_to_mcu: 854]:(  207): lcd_to_mcu0: speed:0 0 0 0 speed_icon:0 0 0 mode:0 gps:0 0, rc:0 0 uav_bat:0 0 0 0 rpm:0, rpm_icon:0 0 0 vision_rec:0 0 0 0
01-01 00:11:54.359 F/DUSS&57[       report_lcd_to_mcu: 876]:(  207): lcd_to_mcu1: ev:0 0 0 sports_sd:0 0 0 0 clearance:0 0 0 height:0 0 0 0 distance:0 0 0 content: connected:0 misc:0
01-01 00:11:54.379 F/DUSS&57[       report_lcd_to_mcu: 854]:(  207): lcd_to_mcu0: speed:0 0 0 0 speed_icon:0 0 0 mode:0 gps:0 0, rc:0 0 uav_bat:0 0 0 0 rpm:0, rpm_icon:0 0 0 vision_rec:0 0 0 0
01-01 00:11:54.379 F/DUSS&57[       report_lcd_to_mcu: 876]:(  207): lcd_to_mcu1: ev:0 0 0 sports_sd:0 0 0 0 clearance:0 0 0 height:0 0 0 0 distance:0 0 0 content:TO SHUTDOWN connected:0 misc:0
01-01 00:11:55.059 F/DUSS&57[hg_event_rc_push_battery: 385]:(  207): hg_event_rc_push_battery_info: cur_cap = 100, is_charging = 1
01-01 00:11:55.649 F/DUSS&5a[ sys_process_motor_logic:  27]:(  213): sys_info->conn_pc = 1 app_type = 1
01-01 00:11:56.059 F/DUSS&57[hg_event_rc_push_battery: 385]:(  207): hg_event_rc_push_battery_info: cur_cap = 100, is_charging = 1
01-01 00:11:57.061 F/DUSS&57[hg_event_rc_push_battery: 385]:(  207): hg_event_rc_push_battery_info: cur_cap = 100, is_charging = 1
01-01 00:11:57.649 F/DUSS&5a[ sys_process_motor_logic:  27]:(  213): sys_info->conn_pc = 1 app_type = 1
01-01 00:11:58.059 F/DUSS&57[hg_event_rc_push_battery: 385]:(  207): hg_event_rc_push_battery_info: cur_cap = 100, is_charging = 1
01-01 00:11:59.059 F/DUSS&57[hg_event_rc_push_battery: 385]:(  207): hg_event_rc_push_battery_info: cur_cap = 100, is_charging = 1
01-01 00:11:59.649 F/DUSS&5a[ sys_process_motor_logic:  27]:(  213): sys_info->conn_pc = 1 app_type = 1
01-01 00:12:00.059 F/DUSS&57[hg_event_rc_push_battery: 385]:(  207): hg_event_rc_push_battery_info: cur_cap = 100, is_charging = 1
01-01 00:12:01.059 F/DUSS&57[hg_event_rc_push_battery: 385]:(  207): hg_event_rc_push_battery_info: cur_cap = 100, is_charging = 1
01-01 00:12:01.649 F/DUSS&5a[ sys_process_motor_logic:  27]:(  213): sys_info->conn_pc = 1 app_type = 1
01-01 00:12:02.059 F/DUSS&57[hg_event_rc_push_battery: 385]:(  207): hg_event_rc_push_battery_info: cur_cap = 100, is_charging = 1
01-01 00:12:02.358 F/DUSS&57[       hgui_event_update: 601]:(  207): hgui:del:id=74,type=0
01-01 00:12:02.359 F/DUSS&57[       report_lcd_to_mcu: 854]:(  207): lcd_to_mcu0: speed:0 0 0 0 speed_icon:0 0 0 mode:0 gps:0 0, rc:0 0 uav_bat:0 0 0 0 rpm:0, rpm_icon:0 0 0 vision_rec:0 0 0 0
01-01 00:12:02.359 F/DUSS&57[       report_lcd_to_mcu: 876]:(  207): lcd_to_mcu1: ev:0 0 0 sports_sd:0 0 0 0 clearance:0 0 0 height:0 0 0 0 distance:0 0 0 content: connected:0 misc:0
01-01 00:12:02.458 F/DUSS&57[       hgui_event_update: 591]:(  207): hgui:add:id=21,type=0
01-01 00:12:02.479 F/DUSS&57[       report_lcd_to_mcu: 854]:(  207): lcd_to_mcu0: speed:0 0 0 0 speed_icon:0 0 0 mode:0 gps:0 0, rc:0 0 uav_bat:0 0 0 0 rpm:0, rpm_icon:0 0 0 vision_rec:0 0 0 0
01-01 00:12:02.479 F/DUSS&57[       report_lcd_to_mcu: 876]:(  207): lcd_to_mcu1: ev:0 0 0 sports_sd:0 0 0 0 clearance:0 0 0 height:0 0 0 0 distance:0 0 0 content:CONNECTING_ connected:0 misc:0
01-01 00:12:03.059 F/DUSS&57[hg_event_rc_push_battery: 385]:(  207): hg_event_rc_push_battery_info: cur_cap = 100, is_charging = 1
01-01 00:12:03.649 F/DUSS&5a[ sys_process_motor_logic:  27]:(  213): sys_info->conn_pc = 1 app_type = 1
01-01 00:12:04.059 F/DUSS&57[hg_event_rc_push_battery: 385]:(  207): hg_event_rc_push_battery_info: cur_cap = 100, is_charging = 1
01-01 00:12:05.059 F/DUSS&57[hg_event_rc_push_battery: 385]:(  207): hg_event_rc_push_battery_info: cur_cap = 100, is_charging = 1
01-01 00:12:05.649 F/DUSS&5a[ sys_process_motor_logic:  27]:(  213): sys_info->conn_pc = 1 app_type = 1
01-01 00:12:06.059 F/DUSS&57[hg_event_rc_push_battery: 385]:(  207): hg_event_rc_push_battery_info: cur_cap = 100, is_charging = 1
01-01 00:12:07.059 F/DUSS&57[hg_event_rc_push_battery: 385]:(  207): hg_event_rc_push_battery_info: cur_cap = 100, is_charging = 1
01-01 00:12:07.649 F/DUSS&5a[ sys_process_motor_logic:  27]:(  213): sys_info->conn_pc = 1 app_type = 1
01-01 00:12:08.059 F/DUSS&57[hg_event_rc_push_battery: 385]:(  207): hg_event_rc_push_battery_info: cur_cap = 100, is_charging = 1
01-01 00:12:09.059 F/DUSS&57[hg_event_rc_push_battery: 385]:(  207): hg_event_rc_push_battery_info: cur_cap = 100, is_charging = 1
01-01 00:12:09.649 F/DUSS&5a[ sys_process_motor_logic:  27]:(  213): sys_info->conn_pc = 1 app_type = 1
01-01 00:12:10.059 F/DUSS&57[hg_event_rc_push_battery: 385]:(  207): hg_event_rc_push_battery_info: cur_cap = 100, is_charging = 1
01-01 00:12:11.059 F/DUSS&57[hg_event_rc_push_battery: 385]:(  207): hg_event_rc_push_battery_info: cur_cap = 100, is_charging = 1
01-01 00:12:11.649 F/DUSS&5a[ sys_process_motor_logic:  27]:(  213): sys_info->conn_pc = 1 app_type = 1
01-01 00:12:12.063 F/DUSS&57[hg_event_rc_push_battery: 385]:(  207): hg_event_rc_push_battery_info: cur_cap = 100, is_charging = 1
01-01 00:12:13.059 F/DUSS&57[hg_event_rc_push_battery: 385]:(  207): hg_event_rc_push_battery_info: cur_cap = 100, is_charging = 1
01-01 00:12:13.649 F/DUSS&5a[ sys_process_motor_logic:  27]:(  213): sys_info->conn_pc = 1 app_type = 1
01-01 00:12:14.059 F/DUSS&57[hg_event_rc_push_battery: 385]:(  207): hg_event_rc_push_battery_info: cur_cap = 100, is_charging = 1
01-01 00:12:14.080 F/DUSS&57[           hdvt_cp_state: 784]:(  207): AMT test cur role 2
01-01 00:12:15.059 F/DUSS&57[hg_event_rc_push_battery: 385]:(  207): hg_event_rc_push_battery_info: cur_cap = 100, is_charging = 1
01-01 00:12:15.649 F/DUSS&5a[ sys_process_motor_logic:  27]:(  213): sys_info->conn_pc = 1 app_type = 1
01-01 00:12:16.059 F/DUSS&57[hg_event_rc_push_battery: 385]:(  207): hg_event_rc_push_battery_info: cur_cap = 100, is_charging = 1
01-01 00:12:17.059 F/DUSS&57[hg_event_rc_push_battery: 385]:(  207): hg_event_rc_push_battery_info: cur_cap = 100, is_charging = 1
01-01 00:12:17.649 F/DUSS&5a[ sys_process_motor_logic:  27]:(  213): sys_info->conn_pc = 1 app_type = 1
01-01 00:12:18.059 F/DUSS&57[hg_event_rc_push_battery: 385]:(  207): hg_event_rc_push_battery_info: cur_cap = 100, is_charging = 1
01-01 00:12:19.059 F/DUSS&57[hg_event_rc_push_battery: 385]:(  207): hg_event_rc_push_battery_info: cur_cap = 100, is_charging = 1
01-01 00:12:19.649 F/DUSS&5a[ sys_process_motor_logic:  27]:(  213): sys_info->conn_pc = 1 app_type = 1
01-01 00:12:20.059 F/DUSS&57[hg_event_rc_push_battery: 385]:(  207): hg_event_rc_push_battery_info: cur_cap = 100, is_charging = 1
01-01 00:12:21.063 F/DUSS&57[hg_event_rc_push_battery: 385]:(  207): hg_event_rc_push_battery_info: cur_cap = 100, is_charging = 1
01-01 00:12:21.649 F/DUSS&5a[ sys_process_motor_logic:  27]:(  213): sys_info->conn_pc = 1 app_type = 1
01-01 00:12:22.059 F/DUSS&57[hg_event_rc_push_battery: 385]:(  207): hg_event_rc_push_battery_info: cur_cap = 100, is_charging = 1
01-01 00:12:23.059 F/DUSS&57[hg_event_rc_push_battery: 385]:(  207): hg_event_rc_push_battery_info: cur_cap = 100, is_charging = 1
01-01 00:12:23.649 F/DUSS&5a[ sys_process_motor_logic:  27]:(  213): sys_info->conn_pc = 1 app_type = 1
01-01 00:12:24.059 F/DUSS&57[hg_event_rc_push_battery: 385]:(  207): hg_event_rc_push_battery_info: cur_cap = 100, is_charging = 1
01-01 00:12:25.059 F/DUSS&57[hg_event_rc_push_battery: 385]:(  207): hg_event_rc_push_battery_info: cur_cap = 100, is_charging = 1
01-01 00:12:25.649 F/DUSS&5a[ sys_process_motor_logic:  27]:(  213): sys_info->conn_pc = 1 app_type = 1
01-01 00:12:26.059 F/DUSS&57[hg_event_rc_push_battery: 385]:(  207): hg_event_rc_push_battery_info: cur_cap = 100, is_charging = 1
01-01 00:12:27.063 F/DUSS&57[hg_event_rc_push_battery: 385]:(  207): hg_event_rc_push_battery_info: cur_cap = 100, is_charging = 1
01-01 00:12:27.649 F/DUSS&5a[ sys_process_motor_logic:  27]:(  213): sys_info->conn_pc = 1 app_type = 1
01-01 00:12:28.059 F/DUSS&57[hg_event_rc_push_battery: 385]:(  207): hg_event_rc_push_battery_info: cur_cap = 100, is_charging = 1
01-01 00:12:29.059 F/DUSS&57[hg_event_rc_push_battery: 385]:(  207): hg_event_rc_push_battery_info: cur_cap = 100, is_charging = 1
01-01 00:12:29.649 F/DUSS&5a[ sys_process_motor_logic:  27]:(  213): sys_info->conn_pc = 1 app_type = 1
01-01 00:12:30.063 F/DUSS&57[hg_event_rc_push_battery: 385]:(  207): hg_event_rc_push_battery_info: cur_cap = 100, is_charging = 1
01-01 00:12:31.059 F/DUSS&57[hg_event_rc_push_battery: 385]:(  207): hg_event_rc_push_battery_info: cur_cap = 100, is_charging = 1
01-01 00:12:31.649 F/DUSS&5a[ sys_process_motor_logic:  27]:(  213): sys_info->conn_pc = 1 app_type = 1
01-01 00:12:32.059 F/DUSS&57[hg_event_rc_push_battery: 385]:(  207): hg_event_rc_push_battery_info: cur_cap = 100, is_charging = 1
01-01 00:12:33.059 F/DUSS&57[hg_event_rc_push_battery: 385]:(  207): hg_event_rc_push_battery_info: cur_cap = 100, is_charging = 1
01-01 00:12:33.649 F/DUSS&5a[ sys_process_motor_logic:  27]:(  213): sys_info->conn_pc = 1 app_type = 1
01-01 00:12:34.059 F/DUSS&57[hg_event_rc_push_battery: 385]:(  207): hg_event_rc_push_battery_info: cur_cap = 100, is_charging = 1
01-01 00:12:34.080 F/DUSS&57[           hdvt_cp_state: 784]:(  207): AMT test cur role 2
01-01 00:12:35.059 F/DUSS&57[hg_event_rc_push_battery: 385]:(  207): hg_event_rc_push_battery_info: cur_cap = 100, is_charging = 1
01-01 00:12:35.649 F/DUSS&5a[ sys_process_motor_logic:  27]:(  213): sys_info->conn_pc = 1 app_type = 1
01-01 00:12:36.059 F/DUSS&57[hg_event_rc_push_battery: 385]:(  207): hg_event_rc_push_battery_info: cur_cap = 100, is_charging = 1
01-01 00:12:37.059 F/DUSS&57[hg_event_rc_push_battery: 385]:(  207): hg_event_rc_push_battery_info: cur_cap = 100, is_charging = 1
01-01 00:12:37.649 F/DUSS&5a[ sys_process_motor_logic:  27]:(  213): sys_info->conn_pc = 1 app_type = 1
01-01 00:12:38.059 F/DUSS&57[hg_event_rc_push_battery: 385]:(  207): hg_event_rc_push_battery_info: cur_cap = 100, is_charging = 1
01-01 00:12:39.059 F/DUSS&57[hg_event_rc_push_battery: 385]:(  207): hg_event_rc_push_battery_info: cur_cap = 100, is_charging = 1
01-01 00:12:39.650 F/DUSS&5a[ sys_process_motor_logic:  27]:(  213): sys_info->conn_pc = 1 app_type = 1
01-01 00:12:40.059 F/DUSS&57[hg_event_rc_push_battery: 385]:(  207): hg_event_rc_push_battery_info: cur_cap = 100, is_charging = 1
01-01 00:12:41.059 F/DUSS&57[hg_event_rc_push_battery: 385]:(  207): hg_event_rc_push_battery_info: cur_cap = 100, is_charging = 1
01-01 00:12:41.649 F/DUSS&5a[ sys_process_motor_logic:  27]:(  213): sys_info->conn_pc = 1 app_type = 1
01-01 00:12:42.059 F/DUSS&57[hg_event_rc_push_battery: 385]:(  207): hg_event_rc_push_battery_info: cur_cap = 100, is_charging = 1
01-01 00:12:43.059 F/DUSS&57[hg_event_rc_push_battery: 385]:(  207): hg_event_rc_push_battery_info: cur_cap = 100, is_charging = 1
01-01 00:12:43.649 F/DUSS&5a[ sys_process_motor_logic:  27]:(  213): sys_info->conn_pc = 1 app_type = 1
01-01 00:12:44.059 F/DUSS&57[hg_event_rc_push_battery: 385]:(  207): hg_event_rc_push_battery_info: cur_cap = 100, is_charging = 1
01-01 00:12:45.059 F/DUSS&57[hg_event_rc_push_battery: 385]:(  207): hg_event_rc_push_battery_info: cur_cap = 100, is_charging = 1
01-01 00:12:45.649 F/DUSS&5a[ sys_process_motor_logic:  27]:(  213): sys_info->conn_pc = 1 app_type = 1
01-01 00:12:46.059 F/DUSS&57[hg_event_rc_push_battery: 385]:(  207): hg_event_rc_push_battery_info: cur_cap = 100, is_charging = 1
01-01 00:12:47.059 F/DUSS&57[hg_event_rc_push_battery: 385]:(  207): hg_event_rc_push_battery_info: cur_cap = 100, is_charging = 1
01-01 00:12:47.649 F/DUSS&5a[ sys_process_motor_logic:  27]:(  213): sys_info->conn_pc = 1 app_type = 1
01-01 00:12:48.059 F/DUSS&57[hg_event_rc_push_battery: 385]:(  207): hg_event_rc_push_battery_info: cur_cap = 100, is_charging = 1
01-01 00:12:49.059 F/DUSS&57[hg_event_rc_push_battery: 385]:(  207): hg_event_rc_push_battery_info: cur_cap = 100, is_charging = 1
01-01 00:12:49.649 F/DUSS&5a[ sys_process_motor_logic:  27]:(  213): sys_info->conn_pc = 1 app_type = 1
01-01 00:12:50.059 F/DUSS&57[hg_event_rc_push_battery: 385]:(  207): hg_event_rc_push_battery_info: cur_cap = 100, is_charging = 1
01-01 00:12:51.063 F/DUSS&57[hg_event_rc_push_battery: 385]:(  207): hg_event_rc_push_battery_info: cur_cap = 100, is_charging = 1
01-01 00:12:51.649 F/DUSS&5a[ sys_process_motor_logic:  27]:(  213): sys_info->conn_pc = 1 app_type = 1
01-01 00:12:52.059 F/DUSS&57[hg_event_rc_push_battery: 385]:(  207): hg_event_rc_push_battery_info: cur_cap = 100, is_charging = 1
01-01 00:12:53.059 F/DUSS&57[hg_event_rc_push_battery: 385]:(  207): hg_event_rc_push_battery_info: cur_cap = 100, is_charging = 1
01-01 00:12:53.649 F/DUSS&5a[ sys_process_motor_logic:  27]:(  213): sys_info->conn_pc = 1 app_type = 1
01-01 00:12:54.059 F/DUSS&57[hg_event_rc_push_battery: 385]:(  207): hg_event_rc_push_battery_info: cur_cap = 100, is_charging = 1
01-01 00:12:54.080 F/DUSS&57[           hdvt_cp_state: 784]:(  207): AMT test cur role 2
01-01 00:12:55.059 F/DUSS&57[hg_event_rc_push_battery: 385]:(  207): hg_event_rc_push_battery_info: cur_cap = 100, is_charging = 1
01-01 00:12:55.649 F/DUSS&5a[ sys_process_motor_logic:  27]:(  213): sys_info->conn_pc = 1 app_type = 1
01-01 00:12:56.059 F/DUSS&57[hg_event_rc_push_battery: 385]:(  207): hg_event_rc_push_battery_info: cur_cap = 100, is_charging = 1
01-01 00:12:57.063 F/DUSS&57[hg_event_rc_push_battery: 385]:(  207): hg_event_rc_push_battery_info: cur_cap = 100, is_charging = 1
01-01 00:12:57.649 F/DUSS&5a[ sys_process_motor_logic:  27]:(  213): sys_info->conn_pc = 1 app_type = 1
01-01 00:12:58.059 F/DUSS&57[hg_event_rc_push_battery: 385]:(  207): hg_event_rc_push_battery_info: cur_cap = 100, is_charging = 1
01-01 00:12:59.059 F/DUSS&57[hg_event_rc_push_battery: 385]:(  207): hg_event_rc_push_battery_info: cur_cap = 100, is_charging = 1
01-01 00:12:59.649 F/DUSS&5a[ sys_process_motor_logic:  27]:(  213): sys_info->conn_pc = 1 app_type = 1
01-01 00:13:00.069 F/DUSS&57[hg_event_rc_push_battery: 385]:(  207): hg_event_rc_push_battery_info: cur_cap = 100, is_charging = 1
01-01 00:13:01.059 F/DUSS&57[hg_event_rc_push_battery: 385]:(  207): hg_event_rc_push_battery_info: cur_cap = 100, is_charging = 1
01-01 00:13:01.649 F/DUSS&5a[ sys_process_motor_logic:  27]:(  213): sys_info->conn_pc = 1 app_type = 1
01-01 00:13:02.059 F/DUSS&57[hg_event_rc_push_battery: 385]:(  207): hg_event_rc_push_battery_info: cur_cap = 100, is_charging = 1
01-01 00:13:03.063 F/DUSS&57[hg_event_rc_push_battery: 385]:(  207): hg_event_rc_push_battery_info: cur_cap = 100, is_charging = 1
01-01 00:13:03.649 F/DUSS&5a[ sys_process_motor_logic:  27]:(  213): sys_info->conn_pc = 1 app_type = 1
01-01 00:13:04.059 F/DUSS&57[hg_event_rc_push_battery: 385]:(  207): hg_event_rc_push_battery_info: cur_cap = 100, is_charging = 1
01-01 00:13:05.059 F/DUSS&57[hg_event_rc_push_battery: 385]:(  207): hg_event_rc_push_battery_info: cur_cap = 100, is_charging = 1
01-01 00:13:05.649 F/DUSS&5a[ sys_process_motor_logic:  27]:(  213): sys_info->conn_pc = 1 app_type = 1
01-01 00:13:06.059 F/DUSS&57[hg_event_rc_push_battery: 385]:(  207): hg_event_rc_push_battery_info: cur_cap = 100, is_charging = 1
01-01 00:13:07.059 F/DUSS&57[hg_event_rc_push_battery: 385]:(  207): hg_event_rc_push_battery_info: cur_cap = 100, is_charging = 1
01-01 00:13:07.649 F/DUSS&5a[ sys_process_motor_logic:  27]:(  213): sys_info->conn_pc = 1 app_type = 1
01-01 00:13:08.059 F/DUSS&57[hg_event_rc_push_battery: 385]:(  207): hg_event_rc_push_battery_info: cur_cap = 100, is_charging = 1
01-01 00:13:09.059 F/DUSS&57[hg_event_rc_push_battery: 385]:(  207): hg_event_rc_push_battery_info: cur_cap = 100, is_charging = 1
01-01 00:13:09.649 F/DUSS&5a[ sys_process_motor_logic:  27]:(  213): sys_info->conn_pc = 1 app_type = 1
01-01 00:13:10.059 F/DUSS&57[hg_event_rc_push_battery: 385]:(  207): hg_event_rc_push_battery_info: cur_cap = 100, is_charging = 1
01-01 00:13:11.059 F/DUSS&57[hg_event_rc_push_battery: 385]:(  207): hg_event_rc_push_battery_info: cur_cap = 100, is_charging = 1
01-01 00:13:11.649 F/DUSS&5a[ sys_process_motor_logic:  27]:(  213): sys_info->conn_pc = 1 app_type = 1
01-01 00:13:12.063 F/DUSS&57[hg_event_rc_push_battery: 385]:(  207): hg_event_rc_push_battery_info: cur_cap = 100, is_charging = 1
01-01 00:13:13.059 F/DUSS&57[hg_event_rc_push_battery: 385]:(  207): hg_event_rc_push_battery_info: cur_cap = 100, is_charging = 1
01-01 00:13:13.649 F/DUSS&5a[ sys_process_motor_logic:  27]:(  213): sys_info->conn_pc = 1 app_type = 1
01-01 00:13:14.059 F/DUSS&57[hg_event_rc_push_battery: 385]:(  207): hg_event_rc_push_battery_info: cur_cap = 100, is_charging = 1
01-01 00:13:14.080 F/DUSS&57[           hdvt_cp_state: 784]:(  207): AMT test cur role 2
01-01 00:13:15.061 F/DUSS&57[hg_event_rc_push_battery: 385]:(  207): hg_event_rc_push_battery_info: cur_cap = 100, is_charging = 1
01-01 00:13:15.649 F/DUSS&5a[ sys_process_motor_logic:  27]:(  213): sys_info->conn_pc = 1 app_type = 1
01-01 00:13:16.059 F/DUSS&57[hg_event_rc_push_battery: 385]:(  207): hg_event_rc_push_battery_info: cur_cap = 100, is_charging = 1
01-01 00:13:17.059 F/DUSS&57[hg_event_rc_push_battery: 385]:(  207): hg_event_rc_push_battery_info: cur_cap = 100, is_charging = 1
01-01 00:13:17.649 F/DUSS&5a[ sys_process_motor_logic:  27]:(  213): sys_info->conn_pc = 1 app_type = 1
01-01 00:13:18.059 F/DUSS&57[hg_event_rc_push_battery: 385]:(  207): hg_event_rc_push_battery_info: cur_cap = 100, is_charging = 1
01-01 00:13:19.059 F/DUSS&57[hg_event_rc_push_battery: 385]:(  207): hg_event_rc_push_battery_info: cur_cap = 100, is_charging = 1
01-01 00:13:19.649 F/DUSS&5a[ sys_process_motor_logic:  27]:(  213): sys_info->conn_pc = 1 app_type = 1
01-01 00:13:20.059 F/DUSS&57[hg_event_rc_push_battery: 385]:(  207): hg_event_rc_push_battery_info: cur_cap = 100, is_charging = 1
01-01 00:13:21.059 F/DUSS&57[hg_event_rc_push_battery: 385]:(  207): hg_event_rc_push_battery_info: cur_cap = 100, is_charging = 1
01-01 00:13:21.649 F/DUSS&5a[ sys_process_motor_logic:  27]:(  213): sys_info->conn_pc = 1 app_type = 1
01-01 00:13:22.059 F/DUSS&57[hg_event_rc_push_battery: 385]:(  207): hg_event_rc_push_battery_info: cur_cap = 100, is_charging = 1
01-01 00:13:23.059 F/DUSS&57[hg_event_rc_push_battery: 385]:(  207): hg_event_rc_push_battery_info: cur_cap = 100, is_charging = 1
01-01 00:13:23.649 F/DUSS&5a[ sys_process_motor_logic:  27]:(  213): sys_info->conn_pc = 1 app_type = 1
01-01 00:13:24.059 F/DUSS&57[hg_event_rc_push_battery: 385]:(  207): hg_event_rc_push_battery_info: cur_cap = 100, is_charging = 1
01-01 00:13:25.059 F/DUSS&57[hg_event_rc_push_battery: 385]:(  207): hg_event_rc_push_battery_info: cur_cap = 100, is_charging = 1
01-01 00:13:25.649 F/DUSS&5a[ sys_process_motor_logic:  27]:(  213): sys_info->conn_pc = 1 app_type = 1
01-01 00:13:26.059 F/DUSS&57[hg_event_rc_push_battery: 385]:(  207): hg_event_rc_push_battery_info: cur_cap = 100, is_charging = 1
01-01 00:13:27.064 F/DUSS&57[hg_event_rc_push_battery: 385]:(  207): hg_event_rc_push_battery_info: cur_cap = 100, is_charging = 1
01-01 00:13:27.649 F/DUSS&5a[ sys_process_motor_logic:  27]:(  213): sys_info->conn_pc = 1 app_type = 1
01-01 00:13:28.059 F/DUSS&57[hg_event_rc_push_battery: 385]:(  207): hg_event_rc_push_battery_info: cur_cap = 100, is_charging = 1
01-01 00:13:29.059 F/DUSS&57[hg_event_rc_push_battery: 385]:(  207): hg_event_rc_push_battery_info: cur_cap = 100, is_charging = 1
01-01 00:13:29.649 F/DUSS&5a[ sys_process_motor_logic:  27]:(  213): sys_info->conn_pc = 1 app_type = 1
01-01 00:13:30.059 F/DUSS&57[hg_event_rc_push_battery: 385]:(  207): hg_event_rc_push_battery_info: cur_cap = 100, is_charging = 1
01-01 00:13:31.059 F/DUSS&57[hg_event_rc_push_battery: 385]:(  207): hg_event_rc_push_battery_info: cur_cap = 100, is_charging = 1
01-01 00:13:31.649 F/DUSS&5a[ sys_process_motor_logic:  27]:(  213): sys_info->conn_pc = 1 app_type = 1
01-01 00:13:32.059 F/DUSS&57[hg_event_rc_push_battery: 385]:(  207): hg_event_rc_push_battery_info: cur_cap = 100, is_charging = 1
01-01 00:13:33.061 F/DUSS&57[hg_event_rc_push_battery: 385]:(  207): hg_event_rc_push_battery_info: cur_cap = 100, is_charging = 1
01-01 00:13:33.649 F/DUSS&5a[ sys_process_motor_logic:  27]:(  213): sys_info->conn_pc = 1 app_type = 1
01-01 00:13:34.059 F/DUSS&57[hg_event_rc_push_battery: 385]:(  207): hg_event_rc_push_battery_info: cur_cap = 100, is_charging = 1
01-01 00:13:34.080 F/DUSS&57[           hdvt_cp_state: 784]:(  207): AMT test cur role 2
01-01 00:13:35.059 F/DUSS&57[hg_event_rc_push_battery: 385]:(  207): hg_event_rc_push_battery_info: cur_cap = 100, is_charging = 1
01-01 00:13:35.649 F/DUSS&5a[ sys_process_motor_logic:  27]:(  213): sys_info->conn_pc = 1 app_type = 1
01-01 00:13:36.063 F/DUSS&57[hg_event_rc_push_battery: 385]:(  207): hg_event_rc_push_battery_info: cur_cap = 100, is_charging = 1
01-01 00:13:37.059 F/DUSS&57[hg_event_rc_push_battery: 385]:(  207): hg_event_rc_push_battery_info: cur_cap = 100, is_charging = 1
01-01 00:13:37.649 F/DUSS&5a[ sys_process_motor_logic:  27]:(  213): sys_info->conn_pc = 1 app_type = 1
01-01 00:13:38.059 F/DUSS&57[hg_event_rc_push_battery: 385]:(  207): hg_event_rc_push_battery_info: cur_cap = 100, is_charging = 1
01-01 00:13:39.064 F/DUSS&57[hg_event_rc_push_battery: 385]:(  207): hg_event_rc_push_battery_info: cur_cap = 100, is_charging = 1
01-01 00:13:39.649 F/DUSS&5a[ sys_process_motor_logic:  27]:(  213): sys_info->conn_pc = 1 app_type = 1
01-01 00:13:40.059 F/DUSS&57[hg_event_rc_push_battery: 385]:(  207): hg_event_rc_push_battery_info: cur_cap = 100, is_charging = 1
01-01 00:13:41.059 F/DUSS&57[hg_event_rc_push_battery: 385]:(  207): hg_event_rc_push_battery_info: cur_cap = 100, is_charging = 1
01-01 00:13:41.649 F/DUSS&5a[ sys_process_motor_logic:  27]:(  213): sys_info->conn_pc = 1 app_type = 1
01-01 00:13:42.059 F/DUSS&57[hg_event_rc_push_battery: 385]:(  207): hg_event_rc_push_battery_info: cur_cap = 100, is_charging = 1
01-01 00:13:43.059 F/DUSS&57[hg_event_rc_push_battery: 385]:(  207): hg_event_rc_push_battery_info: cur_cap = 100, is_charging = 1
01-01 00:13:43.649 F/DUSS&5a[ sys_process_motor_logic:  27]:(  213): sys_info->conn_pc = 1 app_type = 1
01-01 00:13:44.059 F/DUSS&57[hg_event_rc_push_battery: 385]:(  207): hg_event_rc_push_battery_info: cur_cap = 100, is_charging = 1
01-01 00:13:45.063 F/DUSS&57[hg_event_rc_push_battery: 385]:(  207): hg_event_rc_push_battery_info: cur_cap = 100, is_charging = 1
01-01 00:13:45.649 F/DUSS&5a[ sys_process_motor_logic:  27]:(  213): sys_info->conn_pc = 1 app_type = 1
01-01 00:13:46.059 F/DUSS&57[hg_event_rc_push_battery: 385]:(  207): hg_event_rc_push_battery_info: cur_cap = 100, is_charging = 1
01-01 00:13:47.059 F/DUSS&57[hg_event_rc_push_battery: 385]:(  207): hg_event_rc_push_battery_info: cur_cap = 100, is_charging = 1
01-01 00:13:47.649 F/DUSS&5a[ sys_process_motor_logic:  27]:(  213): sys_info->conn_pc = 1 app_type = 1
01-01 00:13:48.059 F/DUSS&57[hg_event_rc_push_battery: 385]:(  207): hg_event_rc_push_battery_info: cur_cap = 100, is_charging = 1
01-01 00:13:49.059 F/DUSS&57[hg_event_rc_push_battery: 385]:(  207): hg_event_rc_push_battery_info: cur_cap = 100, is_charging = 1
01-01 00:13:49.649 F/DUSS&5a[ sys_process_motor_logic:  27]:(  213): sys_info->conn_pc = 1 app_type = 1
01-01 00:13:50.059 F/DUSS&57[hg_event_rc_push_battery: 385]:(  207): hg_event_rc_push_battery_info: cur_cap = 100, is_charging = 1
01-01 00:13:51.061 F/DUSS&57[hg_event_rc_push_battery: 385]:(  207): hg_event_rc_push_battery_info: cur_cap = 100, is_charging = 1
01-01 00:13:51.649 F/DUSS&5a[ sys_process_motor_logic:  27]:(  213): sys_info->conn_pc = 1 app_type = 1
01-01 00:13:52.059 F/DUSS&57[hg_event_rc_push_battery: 385]:(  207): hg_event_rc_push_battery_info: cur_cap = 100, is_charging = 1
01-01 00:13:53.059 F/DUSS&57[hg_event_rc_push_battery: 385]:(  207): hg_event_rc_push_battery_info: cur_cap = 100, is_charging = 1
01-01 00:13:53.649 F/DUSS&5a[ sys_process_motor_logic:  27]:(  213): sys_info->conn_pc = 1 app_type = 1
01-01 00:13:54.064 F/DUSS&57[hg_event_rc_push_battery: 385]:(  207): hg_event_rc_push_battery_info: cur_cap = 100, is_charging = 1
01-01 00:13:54.081 F/DUSS&57[           hdvt_cp_state: 784]:(  207): AMT test cur role 2
01-01 00:13:55.059 F/DUSS&57[hg_event_rc_push_battery: 385]:(  207): hg_event_rc_push_battery_info: cur_cap = 100, is_charging = 1
01-01 00:13:55.649 F/DUSS&5a[ sys_process_motor_logic:  27]:(  213): sys_info->conn_pc = 1 app_type = 1
01-01 00:13:56.059 F/DUSS&57[hg_event_rc_push_battery: 385]:(  207): hg_event_rc_push_battery_info: cur_cap = 100, is_charging = 1
01-01 00:13:57.063 F/DUSS&57[hg_event_rc_push_battery: 385]:(  207): hg_event_rc_push_battery_info: cur_cap = 100, is_charging = 1
01-01 00:13:57.649 F/DUSS&5a[ sys_process_motor_logic:  27]:(  213): sys_info->conn_pc = 1 app_type = 1
01-01 00:13:58.059 F/DUSS&57[hg_event_rc_push_battery: 385]:(  207): hg_event_rc_push_battery_info: cur_cap = 100, is_charging = 1
01-01 00:13:59.059 F/DUSS&57[hg_event_rc_push_battery: 385]:(  207): hg_event_rc_push_battery_info: cur_cap = 100, is_charging = 1
01-01 00:13:59.649 F/DUSS&5a[ sys_process_motor_logic:  27]:(  213): sys_info->conn_pc = 1 app_type = 1
01-01 00:14:00.059 F/DUSS&57[hg_event_rc_push_battery: 385]:(  207): hg_event_rc_push_battery_info: cur_cap = 100, is_charging = 1
01-01 00:14:01.059 F/DUSS&57[hg_event_rc_push_battery: 385]:(  207): hg_event_rc_push_battery_info: cur_cap = 100, is_charging = 1
01-01 00:14:01.649 F/DUSS&5a[ sys_process_motor_logic:  27]:(  213): sys_info->conn_pc = 1 app_type = 1
01-01 00:14:02.059 F/DUSS&57[hg_event_rc_push_battery: 385]:(  207): hg_event_rc_push_battery_info: cur_cap = 100, is_charging = 1
01-01 00:14:03.064 F/DUSS&57[hg_event_rc_push_battery: 385]:(  207): hg_event_rc_push_battery_info: cur_cap = 100, is_charging = 1
01-01 00:14:03.649 F/DUSS&5a[ sys_process_motor_logic:  27]:(  213): sys_info->conn_pc = 1 app_type = 1
01-01 00:14:04.059 F/DUSS&57[hg_event_rc_push_battery: 385]:(  207): hg_event_rc_push_battery_info: cur_cap = 100, is_charging = 1
01-01 00:14:05.059 F/DUSS&57[hg_event_rc_push_battery: 385]:(  207): hg_event_rc_push_battery_info: cur_cap = 100, is_charging = 1
01-01 00:14:05.649 F/DUSS&5a[ sys_process_motor_logic:  27]:(  213): sys_info->conn_pc = 1 app_type = 1
01-01 00:14:06.063 F/DUSS&57[hg_event_rc_push_battery: 385]:(  207): hg_event_rc_push_battery_info: cur_cap = 100, is_charging = 1
01-01 00:14:07.059 F/DUSS&57[hg_event_rc_push_battery: 385]:(  207): hg_event_rc_push_battery_info: cur_cap = 100, is_charging = 1
01-01 00:14:07.649 F/DUSS&5a[ sys_process_motor_logic:  27]:(  213): sys_info->conn_pc = 1 app_type = 1
01-01 00:14:08.059 F/DUSS&57[hg_event_rc_push_battery: 385]:(  207): hg_event_rc_push_battery_info: cur_cap = 100, is_charging = 1
01-01 00:14:09.059 F/DUSS&57[hg_event_rc_push_battery: 385]:(  207): hg_event_rc_push_battery_info: cur_cap = 100, is_charging = 1
01-01 00:14:09.649 F/DUSS&5a[ sys_process_motor_logic:  27]:(  213): sys_info->conn_pc = 1 app_type = 1
01-01 00:14:10.059 F/DUSS&57[hg_event_rc_push_battery: 385]:(  207): hg_event_rc_push_battery_info: cur_cap = 100, is_charging = 1
01-01 00:14:11.059 F/DUSS&57[hg_event_rc_push_battery: 385]:(  207): hg_event_rc_push_battery_info: cur_cap = 100, is_charging = 1
01-01 00:14:11.649 F/DUSS&5a[ sys_process_motor_logic:  27]:(  213): sys_info->conn_pc = 1 app_type = 1
01-01 00:14:12.059 F/DUSS&57[hg_event_rc_push_battery: 385]:(  207): hg_event_rc_push_battery_info: cur_cap = 100, is_charging = 1
01-01 00:14:13.059 F/DUSS&57[hg_event_rc_push_battery: 385]:(  207): hg_event_rc_push_battery_info: cur_cap = 100, is_charging = 1
01-01 00:14:13.649 F/DUSS&5a[ sys_process_motor_logic:  27]:(  213): sys_info->conn_pc = 1 app_type = 1
01-01 00:14:14.059 F/DUSS&57[hg_event_rc_push_battery: 385]:(  207): hg_event_rc_push_battery_info: cur_cap = 100, is_charging = 1
01-01 00:14:14.080 F/DUSS&57[           hdvt_cp_state: 784]:(  207): AMT test cur role 2
01-01 00:14:15.060 F/DUSS&57[hg_event_rc_push_battery: 385]:(  207): hg_event_rc_push_battery_info: cur_cap = 100, is_charging = 1
01-01 00:14:15.649 F/DUSS&5a[ sys_process_motor_logic:  27]:(  213): sys_info->conn_pc = 1 app_type = 1
01-01 00:14:16.059 F/DUSS&57[hg_event_rc_push_battery: 385]:(  207): hg_event_rc_push_battery_info: cur_cap = 100, is_charging = 1
01-01 00:14:17.059 F/DUSS&57[hg_event_rc_push_battery: 385]:(  207): hg_event_rc_push_battery_info: cur_cap = 100, is_charging = 1
01-01 00:14:17.649 F/DUSS&5a[ sys_process_motor_logic:  27]:(  213): sys_info->conn_pc = 1 app_type = 1
01-01 00:14:18.059 F/DUSS&57[hg_event_rc_push_battery: 385]:(  207): hg_event_rc_push_battery_info: cur_cap = 100, is_charging = 1
01-01 00:14:19.059 F/DUSS&57[hg_event_rc_push_battery: 385]:(  207): hg_event_rc_push_battery_info: cur_cap = 100, is_charging = 1
01-01 00:14:19.649 F/DUSS&5a[ sys_process_motor_logic:  27]:(  213): sys_info->conn_pc = 1 app_type = 1
01-01 00:14:20.059 F/DUSS&57[hg_event_rc_push_battery: 385]:(  207): hg_event_rc_push_battery_info: cur_cap = 100, is_charging = 1
01-01 00:14:21.059 F/DUSS&57[hg_event_rc_push_battery: 385]:(  207): hg_event_rc_push_battery_info: cur_cap = 100, is_charging = 1
01-01 00:14:21.649 F/DUSS&5a[ sys_process_motor_logic:  27]:(  213): sys_info->conn_pc = 1 app_type = 1
01-01 00:14:22.059 F/DUSS&57[hg_event_rc_push_battery: 385]:(  207): hg_event_rc_push_battery_info: cur_cap = 100, is_charging = 1
01-01 00:14:23.059 F/DUSS&57[hg_event_rc_push_battery: 385]:(  207): hg_event_rc_push_battery_info: cur_cap = 100, is_charging = 1
01-01 00:14:23.649 F/DUSS&5a[ sys_process_motor_logic:  27]:(  213): sys_info->conn_pc = 1 app_type = 1
01-01 00:14:24.059 F/DUSS&57[hg_event_rc_push_battery: 385]:(  207): hg_event_rc_push_battery_info: cur_cap = 100, is_charging = 1
01-01 00:14:25.059 F/DUSS&57[hg_event_rc_push_battery: 385]:(  207): hg_event_rc_push_battery_info: cur_cap = 100, is_charging = 1
01-01 00:14:25.649 F/DUSS&5a[ sys_process_motor_logic:  27]:(  213): sys_info->conn_pc = 1 app_type = 1
01-01 00:14:26.059 F/DUSS&57[hg_event_rc_push_battery: 385]:(  207): hg_event_rc_push_battery_info: cur_cap = 100, is_charging = 1
01-01 00:14:27.059 F/DUSS&57[hg_event_rc_push_battery: 385]:(  207): hg_event_rc_push_battery_info: cur_cap = 100, is_charging = 1
01-01 00:14:27.649 F/DUSS&5a[ sys_process_motor_logic:  27]:(  213): sys_info->conn_pc = 1 app_type = 1
01-01 00:14:28.059 F/DUSS&57[hg_event_rc_push_battery: 385]:(  207): hg_event_rc_push_battery_info: cur_cap = 100, is_charging = 1
01-01 00:14:29.059 F/DUSS&57[hg_event_rc_push_battery: 385]:(  207): hg_event_rc_push_battery_info: cur_cap = 100, is_charging = 1
01-01 00:14:29.649 F/DUSS&5a[ sys_process_motor_logic:  27]:(  213): sys_info->conn_pc = 1 app_type = 1
01-01 00:14:30.063 F/DUSS&57[hg_event_rc_push_battery: 385]:(  207): hg_event_rc_push_battery_info: cur_cap = 100, is_charging = 1
01-01 00:14:31.059 F/DUSS&57[hg_event_rc_push_battery: 385]:(  207): hg_event_rc_push_battery_info: cur_cap = 100, is_charging = 1
01-01 00:14:31.650 F/DUSS&5a[ sys_process_motor_logic:  27]:(  213): sys_info->conn_pc = 1 app_type = 1
01-01 00:14:32.059 F/DUSS&57[hg_event_rc_push_battery: 385]:(  207): hg_event_rc_push_battery_info: cur_cap = 100, is_charging = 1
01-01 00:14:33.059 F/DUSS&57[hg_event_rc_push_battery: 385]:(  207): hg_event_rc_push_battery_info: cur_cap = 100, is_charging = 1
01-01 00:14:33.649 F/DUSS&5a[ sys_process_motor_logic:  27]:(  213): sys_info->conn_pc = 1 app_type = 1
01-01 00:14:34.059 F/DUSS&57[hg_event_rc_push_battery: 385]:(  207): hg_event_rc_push_battery_info: cur_cap = 100, is_charging = 1
01-01 00:14:34.080 F/DUSS&57[           hdvt_cp_state: 784]:(  207): AMT test cur role 2
01-01 00:14:35.059 F/DUSS&57[hg_event_rc_push_battery: 385]:(  207): hg_event_rc_push_battery_info: cur_cap = 100, is_charging = 1
01-01 00:14:35.649 F/DUSS&5a[ sys_process_motor_logic:  27]:(  213): sys_info->conn_pc = 1 app_type = 1
01-01 00:14:36.059 F/DUSS&57[hg_event_rc_push_battery: 385]:(  207): hg_event_rc_push_battery_info: cur_cap = 100, is_charging = 1
01-01 00:14:37.059 F/DUSS&57[hg_event_rc_push_battery: 385]:(  207): hg_event_rc_push_battery_info: cur_cap = 100, is_charging = 1
01-01 00:14:37.649 F/DUSS&5a[ sys_process_motor_logic:  27]:(  213): sys_info->conn_pc = 1 app_type = 1
01-01 00:14:38.059 F/DUSS&57[hg_event_rc_push_battery: 385]:(  207): hg_event_rc_push_battery_info: cur_cap = 100, is_charging = 1
01-01 00:14:39.059 F/DUSS&57[hg_event_rc_push_battery: 385]:(  207): hg_event_rc_push_battery_info: cur_cap = 100, is_charging = 1
01-01 00:14:39.649 F/DUSS&5a[ sys_process_motor_logic:  27]:(  213): sys_info->conn_pc = 1 app_type = 1
01-01 00:14:40.059 F/DUSS&57[hg_event_rc_push_battery: 385]:(  207): hg_event_rc_push_battery_info: cur_cap = 100, is_charging = 1
01-01 00:14:41.059 F/DUSS&57[hg_event_rc_push_battery: 385]:(  207): hg_event_rc_push_battery_info: cur_cap = 100, is_charging = 1
01-01 00:14:41.649 F/DUSS&5a[ sys_process_motor_logic:  27]:(  213): sys_info->conn_pc = 1 app_type = 1
01-01 00:14:42.064 F/DUSS&57[hg_event_rc_push_battery: 385]:(  207): hg_event_rc_push_battery_info: cur_cap = 100, is_charging = 1
01-01 00:14:43.059 F/DUSS&57[hg_event_rc_push_battery: 385]:(  207): hg_event_rc_push_battery_info: cur_cap = 100, is_charging = 1
01-01 00:14:43.649 F/DUSS&5a[ sys_process_motor_logic:  27]:(  213): sys_info->conn_pc = 1 app_type = 1
01-01 00:14:44.059 F/DUSS&57[hg_event_rc_push_battery: 385]:(  207): hg_event_rc_push_battery_info: cur_cap = 100, is_charging = 1
01-01 00:14:45.059 F/DUSS&57[hg_event_rc_push_battery: 385]:(  207): hg_event_rc_push_battery_info: cur_cap = 100, is_charging = 1
01-01 00:14:45.649 F/DUSS&5a[ sys_process_motor_logic:  27]:(  213): sys_info->conn_pc = 1 app_type = 1
01-01 00:14:46.059 F/DUSS&57[hg_event_rc_push_battery: 385]:(  207): hg_event_rc_push_battery_info: cur_cap = 100, is_charging = 1
01-01 00:14:47.059 F/DUSS&57[hg_event_rc_push_battery: 385]:(  207): hg_event_rc_push_battery_info: cur_cap = 100, is_charging = 1
01-01 00:14:47.649 F/DUSS&5a[ sys_process_motor_logic:  27]:(  213): sys_info->conn_pc = 1 app_type = 1
01-01 00:14:48.062 F/DUSS&57[hg_event_rc_push_battery: 385]:(  207): hg_event_rc_push_battery_info: cur_cap = 100, is_charging = 1
01-01 00:14:49.059 F/DUSS&57[hg_event_rc_push_battery: 385]:(  207): hg_event_rc_push_battery_info: cur_cap = 100, is_charging = 1
01-01 00:14:49.649 F/DUSS&5a[ sys_process_motor_logic:  27]:(  213): sys_info->conn_pc = 1 app_type = 1
01-01 00:14:50.059 F/DUSS&57[hg_event_rc_push_battery: 385]:(  207): hg_event_rc_push_battery_info: cur_cap = 100, is_charging = 1
01-01 00:14:51.059 F/DUSS&57[hg_event_rc_push_battery: 385]:(  207): hg_event_rc_push_battery_info: cur_cap = 100, is_charging = 1
01-01 00:14:51.649 F/DUSS&5a[ sys_process_motor_logic:  27]:(  213): sys_info->conn_pc = 1 app_type = 1
01-01 00:14:52.059 F/DUSS&57[hg_event_rc_push_battery: 385]:(  207): hg_event_rc_push_battery_info: cur_cap = 100, is_charging = 1
01-01 00:14:53.059 F/DUSS&57[hg_event_rc_push_battery: 385]:(  207): hg_event_rc_push_battery_info: cur_cap = 100, is_charging = 1
01-01 00:14:53.649 F/DUSS&5a[ sys_process_motor_logic:  27]:(  213): sys_info->conn_pc = 1 app_type = 1
01-01 00:14:54.059 F/DUSS&57[hg_event_rc_push_battery: 385]:(  207): hg_event_rc_push_battery_info: cur_cap = 100, is_charging = 1
01-01 00:14:54.080 F/DUSS&57[           hdvt_cp_state: 784]:(  207): AMT test cur role 2
01-01 00:14:55.059 F/DUSS&57[hg_event_rc_push_battery: 385]:(  207): hg_event_rc_push_battery_info: cur_cap = 100, is_charging = 1
01-01 00:14:55.649 F/DUSS&5a[ sys_process_motor_logic:  27]:(  213): sys_info->conn_pc = 1 app_type = 1
01-01 00:14:56.059 F/DUSS&57[hg_event_rc_push_battery: 385]:(  207): hg_event_rc_push_battery_info: cur_cap = 100, is_charging = 1
01-01 00:14:57.059 F/DUSS&57[hg_event_rc_push_battery: 385]:(  207): hg_event_rc_push_battery_info: cur_cap = 100, is_charging = 1
01-01 00:14:57.649 F/DUSS&5a[ sys_process_motor_logic:  27]:(  213): sys_info->conn_pc = 1 app_type = 1
01-01 00:14:58.059 F/DUSS&57[hg_event_rc_push_battery: 385]:(  207): hg_event_rc_push_battery_info: cur_cap = 100, is_charging = 1
01-01 00:14:59.059 F/DUSS&57[hg_event_rc_push_battery: 385]:(  207): hg_event_rc_push_battery_info: cur_cap = 100, is_charging = 1
01-01 00:14:59.649 F/DUSS&5a[ sys_process_motor_logic:  27]:(  213): sys_info->conn_pc = 1 app_type = 1
01-01 00:15:00.059 F/DUSS&57[hg_event_rc_push_battery: 385]:(  207): hg_event_rc_push_battery_info: cur_cap = 100, is_charging = 1
01-01 00:15:01.059 F/DUSS&57[hg_event_rc_push_battery: 385]:(  207): hg_event_rc_push_battery_info: cur_cap = 100, is_charging = 1
01-01 00:15:01.649 F/DUSS&5a[ sys_process_motor_logic:  27]:(  213): sys_info->conn_pc = 1 app_type = 1
01-01 00:15:02.059 F/DUSS&57[hg_event_rc_push_battery: 385]:(  207): hg_event_rc_push_battery_info: cur_cap = 100, is_charging = 1
01-01 00:15:03.059 F/DUSS&57[hg_event_rc_push_battery: 385]:(  207): hg_event_rc_push_battery_info: cur_cap = 100, is_charging = 1
01-01 00:15:03.649 F/DUSS&5a[ sys_process_motor_logic:  27]:(  213): sys_info->conn_pc = 1 app_type = 1
01-01 00:15:04.059 F/DUSS&57[hg_event_rc_push_battery: 385]:(  207): hg_event_rc_push_battery_info: cur_cap = 100, is_charging = 1
01-01 00:15:05.059 F/DUSS&57[hg_event_rc_push_battery: 385]:(  207): hg_event_rc_push_battery_info: cur_cap = 100, is_charging = 1
01-01 00:15:05.649 F/DUSS&5a[ sys_process_motor_logic:  27]:(  213): sys_info->conn_pc = 1 app_type = 1
01-01 00:15:06.061 F/DUSS&57[hg_event_rc_push_battery: 385]:(  207): hg_event_rc_push_battery_info: cur_cap = 100, is_charging = 1
01-01 00:15:07.059 F/DUSS&57[hg_event_rc_push_battery: 385]:(  207): hg_event_rc_push_battery_info: cur_cap = 100, is_charging = 1
01-01 00:15:07.649 F/DUSS&5a[ sys_process_motor_logic:  27]:(  213): sys_info->conn_pc = 1 app_type = 1
01-01 00:15:08.059 F/DUSS&57[hg_event_rc_push_battery: 385]:(  207): hg_event_rc_push_battery_info: cur_cap = 100, is_charging = 1
01-01 00:15:09.059 F/DUSS&57[hg_event_rc_push_battery: 385]:(  207): hg_event_rc_push_battery_info: cur_cap = 100, is_charging = 1
01-01 00:15:09.649 F/DUSS&5a[ sys_process_motor_logic:  27]:(  213): sys_info->conn_pc = 1 app_type = 1
01-01 00:15:10.059 F/DUSS&57[hg_event_rc_push_battery: 385]:(  207): hg_event_rc_push_battery_info: cur_cap = 100, is_charging = 1
01-01 00:15:11.059 F/DUSS&57[hg_event_rc_push_battery: 385]:(  207): hg_event_rc_push_battery_info: cur_cap = 100, is_charging = 1
01-01 00:15:11.649 F/DUSS&5a[ sys_process_motor_logic:  27]:(  213): sys_info->conn_pc = 1 app_type = 1
01-01 00:15:12.063 F/DUSS&57[hg_event_rc_push_battery: 385]:(  207): hg_event_rc_push_battery_info: cur_cap = 100, is_charging = 1
01-01 00:15:13.059 F/DUSS&57[hg_event_rc_push_battery: 385]:(  207): hg_event_rc_push_battery_info: cur_cap = 100, is_charging = 1
01-01 00:15:13.649 F/DUSS&5a[ sys_process_motor_logic:  27]:(  213): sys_info->conn_pc = 1 app_type = 1
01-01 00:15:14.059 F/DUSS&57[hg_event_rc_push_battery: 385]:(  207): hg_event_rc_push_battery_info: cur_cap = 100, is_charging = 1
01-01 00:15:14.080 F/DUSS&57[           hdvt_cp_state: 784]:(  207): AMT test cur role 2
01-01 00:15:15.059 F/DUSS&57[hg_event_rc_push_battery: 385]:(  207): hg_event_rc_push_battery_info: cur_cap = 100, is_charging = 1
01-01 00:15:15.649 F/DUSS&5a[ sys_process_motor_logic:  27]:(  213): sys_info->conn_pc = 1 app_type = 1
01-01 00:15:16.059 F/DUSS&57[hg_event_rc_push_battery: 385]:(  207): hg_event_rc_push_battery_info: cur_cap = 100, is_charging = 1
01-01 00:15:17.059 F/DUSS&57[hg_event_rc_push_battery: 385]:(  207): hg_event_rc_push_battery_info: cur_cap = 100, is_charging = 1
01-01 00:15:17.649 F/DUSS&5a[ sys_process_motor_logic:  27]:(  213): sys_info->conn_pc = 1 app_type = 1
01-01 00:15:18.063 F/DUSS&57[hg_event_rc_push_battery: 385]:(  207): hg_event_rc_push_battery_info: cur_cap = 100, is_charging = 1
01-01 00:15:19.059 F/DUSS&57[hg_event_rc_push_battery: 385]:(  207): hg_event_rc_push_battery_info: cur_cap = 100, is_charging = 1
01-01 00:15:19.649 F/DUSS&5a[ sys_process_motor_logic:  27]:(  213): sys_info->conn_pc = 1 app_type = 1
01-01 00:15:20.059 F/DUSS&57[hg_event_rc_push_battery: 385]:(  207): hg_event_rc_push_battery_info: cur_cap = 100, is_charging = 1
01-01 00:15:21.059 F/DUSS&57[hg_event_rc_push_battery: 385]:(  207): hg_event_rc_push_battery_info: cur_cap = 100, is_charging = 1
01-01 00:15:21.649 F/DUSS&5a[ sys_process_motor_logic:  27]:(  213): sys_info->conn_pc = 1 app_type = 1
01-01 00:15:22.059 F/DUSS&57[hg_event_rc_push_battery: 385]:(  207): hg_event_rc_push_battery_info: cur_cap = 100, is_charging = 1
01-01 00:15:23.059 F/DUSS&57[hg_event_rc_push_battery: 385]:(  207): hg_event_rc_push_battery_info: cur_cap = 100, is_charging = 1
01-01 00:15:23.649 F/DUSS&5a[ sys_process_motor_logic:  27]:(  213): sys_info->conn_pc = 1 app_type = 1
01-01 00:15:24.063 F/DUSS&57[hg_event_rc_push_battery: 385]:(  207): hg_event_rc_push_battery_info: cur_cap = 100, is_charging = 1
01-01 00:15:25.059 F/DUSS&57[hg_event_rc_push_battery: 385]:(  207): hg_event_rc_push_battery_info: cur_cap = 100, is_charging = 1
01-01 00:15:25.649 F/DUSS&5a[ sys_process_motor_logic:  27]:(  213): sys_info->conn_pc = 1 app_type = 1
01-01 00:15:26.059 F/DUSS&57[hg_event_rc_push_battery: 385]:(  207): hg_event_rc_push_battery_info: cur_cap = 100, is_charging = 1
01-01 00:15:27.059 F/DUSS&57[hg_event_rc_push_battery: 385]:(  207): hg_event_rc_push_battery_info: cur_cap = 100, is_charging = 1
01-01 00:15:27.649 F/DUSS&5a[ sys_process_motor_logic:  27]:(  213): sys_info->conn_pc = 1 app_type = 1
01-01 00:15:28.059 F/DUSS&57[hg_event_rc_push_battery: 385]:(  207): hg_event_rc_push_battery_info: cur_cap = 100, is_charging = 1
01-01 00:15:29.059 F/DUSS&57[hg_event_rc_push_battery: 385]:(  207): hg_event_rc_push_battery_info: cur_cap = 100, is_charging = 1
01-01 00:15:29.649 F/DUSS&5a[ sys_process_motor_logic:  27]:(  213): sys_info->conn_pc = 1 app_type = 1
01-01 00:15:30.059 F/DUSS&57[hg_event_rc_push_battery: 385]:(  207): hg_event_rc_push_battery_info: cur_cap = 100, is_charging = 1
01-01 00:15:31.059 F/DUSS&57[hg_event_rc_push_battery: 385]:(  207): hg_event_rc_push_battery_info: cur_cap = 100, is_charging = 1
01-01 00:15:31.649 F/DUSS&5a[ sys_process_motor_logic:  27]:(  213): sys_info->conn_pc = 1 app_type = 1
01-01 00:15:32.059 F/DUSS&57[hg_event_rc_push_battery: 385]:(  207): hg_event_rc_push_battery_info: cur_cap = 100, is_charging = 1
01-01 00:15:33.059 F/DUSS&57[hg_event_rc_push_battery: 385]:(  207): hg_event_rc_push_battery_info: cur_cap = 100, is_charging = 1
01-01 00:15:33.649 F/DUSS&5a[ sys_process_motor_logic:  27]:(  213): sys_info->conn_pc = 1 app_type = 1
01-01 00:15:34.059 F/DUSS&57[hg_event_rc_push_battery: 385]:(  207): hg_event_rc_push_battery_info: cur_cap = 100, is_charging = 1
01-01 00:15:34.080 F/DUSS&57[           hdvt_cp_state: 784]:(  207): AMT test cur role 2
01-01 00:15:35.059 F/DUSS&57[hg_event_rc_push_battery: 385]:(  207): hg_event_rc_push_battery_info: cur_cap = 100, is_charging = 1
01-01 00:15:35.649 F/DUSS&5a[ sys_process_motor_logic:  27]:(  213): sys_info->conn_pc = 1 app_type = 1
01-01 00:15:36.059 F/DUSS&57[hg_event_rc_push_battery: 385]:(  207): hg_event_rc_push_battery_info: cur_cap = 100, is_charging = 1
01-01 00:15:37.059 F/DUSS&57[hg_event_rc_push_battery: 385]:(  207): hg_event_rc_push_battery_info: cur_cap = 100, is_charging = 1
01-01 00:15:37.649 F/DUSS&5a[ sys_process_motor_logic:  27]:(  213): sys_info->conn_pc = 1 app_type = 1
01-01 00:15:38.059 F/DUSS&57[hg_event_rc_push_battery: 385]:(  207): hg_event_rc_push_battery_info: cur_cap = 100, is_charging = 1
01-01 00:15:39.063 F/DUSS&57[hg_event_rc_push_battery: 385]:(  207): hg_event_rc_push_battery_info: cur_cap = 100, is_charging = 1
01-01 00:15:39.649 F/DUSS&5a[ sys_process_motor_logic:  27]:(  213): sys_info->conn_pc = 1 app_type = 1
01-01 00:15:40.059 F/DUSS&57[hg_event_rc_push_battery: 385]:(  207): hg_event_rc_push_battery_info: cur_cap = 100, is_charging = 1
01-01 00:15:41.059 F/DUSS&57[hg_event_rc_push_battery: 385]:(  207): hg_event_rc_push_battery_info: cur_cap = 100, is_charging = 1
01-01 00:15:41.649 F/DUSS&5a[ sys_process_motor_logic:  27]:(  213): sys_info->conn_pc = 1 app_type = 1
01-01 00:15:42.059 F/DUSS&57[hg_event_rc_push_battery: 385]:(  207): hg_event_rc_push_battery_info: cur_cap = 100, is_charging = 1
01-01 00:15:43.059 F/DUSS&57[hg_event_rc_push_battery: 385]:(  207): hg_event_rc_push_battery_info: cur_cap = 100, is_charging = 1
01-01 00:15:43.649 F/DUSS&5a[ sys_process_motor_logic:  27]:(  213): sys_info->conn_pc = 1 app_type = 1
01-01 00:15:44.059 F/DUSS&57[hg_event_rc_push_battery: 385]:(  207): hg_event_rc_push_battery_info: cur_cap = 100, is_charging = 1
01-01 00:15:45.459 F/DUSS&57[hg_event_rc_push_battery: 385]:(  207): hg_event_rc_push_battery_info: cur_cap = 100, is_charging = 1
01-01 00:15:45.649 F/DUSS&5a[ sys_process_motor_logic:  27]:(  213): sys_info->conn_pc = 1 app_type = 1
01-01 00:15:46.459 F/DUSS&57[hg_event_rc_push_battery: 385]:(  207): hg_event_rc_push_battery_info: cur_cap = 100, is_charging = 1
--------- beginning of /dev/log/main
01-01 00:00:08.328 F/DUSS&64[    sdrs_firmware_upload: 291]:(  158): tmp modemarm.fw
01-01 00:00:08.328 F/DUSS&64[    sdrs_firmware_upload: 291]:(  158): tmp modemdsp_gnd.fw
01-01 00:00:08.328 F/DUSS&64[    sdrs_firmware_upload: 291]:(  158): tmp modemdsp_uav.fw
01-01 00:00:08.597 F/DUSS&5a[           sys_read_ssid: 804]:(  217): Failed to get ssid
01-01 00:00:08.602 F/DUSS&44[           sketch_atexit:  52]:(  257): Some one called exit(), please check!
01-01 00:00:08.612 F/DUSS&5a[           sys_save_file: 721]:(  217): Saved wifi config: /amt/wifi.config
01-01 00:00:08.672 F/DUSS&44[           sketch_atexit:  52]:(  273): Some one called exit(), please check!
01-01 00:00:08.703 F/DUSS&64[    sdrs_firmware_upload: 318]:(  158): upload firmware loop 0 for 0 ok
01-01 00:00:08.737 F/DUSS&44[           sketch_atexit:  52]:(  292): Some one called exit(), please check!
01-01 00:00:09.036 F/DUSS&64[    sdrs_firmware_upload: 318]:(  158): upload firmware loop 0 for 1 ok
01-01 00:00:09.327 F/DUSS&64[    sdrs_firmware_upload: 318]:(  158): upload firmware loop 0 for 2 ok
01-01 00:00:09.337 F/DUSS&64[   sdrs_firmware_release: 363]:(  158): change modemarm to oqfgocto.ipf_hy
01-01 00:00:09.337 F/DUSS&64[   sdrs_firmware_release: 363]:(  158): change modemdsp_gnd to oqfgofur.ipf_hy
01-01 00:00:09.337 F/DUSS&64[   sdrs_firmware_release: 363]:(  158): change modemdsp_uav to oqfgofur.wcx.fw
01-01 00:00:09.337 F/DUSS&64[   sdrs_firmware_release: 371]:(  158): remove /tmp/oqfgofur.ipf_hy
01-01 00:00:09.415 F/DUSS&64[    sdrs_firmware_upload: 291]:(  158): tmp modemarm.fw
01-01 00:00:09.415 F/DUSS&64[    sdrs_firmware_upload: 291]:(  158): tmp modemdsp_gnd.fw
01-01 00:00:09.415 F/DUSS&64[    sdrs_firmware_upload: 291]:(  158): tmp modemdsp_uav.fw
01-01 00:00:09.673 F/DUSS&64[    sdrs_firmware_upload: 318]:(  158): upload firmware loop 0 for 0 ok
01-01 00:00:09.971 F/DUSS&64[    sdrs_firmware_upload: 318]:(  158): upload firmware loop 0 for 1 ok
01-01 00:00:10.249 F/DUSS&64[    sdrs_firmware_upload: 318]:(  158): upload firmware loop 0 for 2 ok
01-01 00:00:10.364 F/DUSS&64[   sdrs_firmware_release: 363]:(  158): change modemarm to oqfgocto.ipf_hy
01-01 00:00:10.364 F/DUSS&64[   sdrs_firmware_release: 363]:(  158): change modemdsp_gnd to oqfgofur.ipf_hy
01-01 00:00:10.364 F/DUSS&64[   sdrs_firmware_release: 363]:(  158): change modemdsp_uav to oqfgofur.wcx.fw
01-01 00:00:10.364 F/DUSS&64[   sdrs_firmware_release: 371]:(  158): remove /tmp/oqfgofur.ipf_hy
01-01 00:00:10.703 F/DUSS&5a[ sys_process_motor_logic:  27]:(  217): sys_info->conn_pc = 1 app_type = 0
