02-04 22:32:46.489 F/DUSS&57[hg_event_rc_push_battery: 385]:(  208): hg_event_rc_push_battery_info: cur_cap = 84, is_charging = 1
02-04 22:32:47.130 F/DUSS&5a[ sys_process_motor_logic:  27]:(  210): sys_info->conn_pc = 1 app_type = 0
02-04 22:32:47.489 F/DUSS&57[hg_event_rc_push_battery: 385]:(  208): hg_event_rc_push_battery_info: cur_cap = 84, is_charging = 1
02-04 22:32:48.489 F/DUSS&57[hg_event_rc_push_battery: 385]:(  208): hg_event_rc_push_battery_info: cur_cap = 84, is_charging = 1
02-04 22:32:49.136 F/DUSS&5a[ sys_process_motor_logic:  27]:(  210): sys_info->conn_pc = 1 app_type = 0
02-04 22:32:49.489 F/DUSS&57[hg_event_rc_push_battery: 385]:(  208): hg_event_rc_push_battery_info: cur_cap = 84, is_charging = 1
02-04 22:32:50.489 F/DUSS&57[hg_event_rc_push_battery: 385]:(  208): hg_event_rc_push_battery_info: cur_cap = 84, is_charging = 1
02-04 22:32:51.130 F/DUSS&5a[ sys_process_motor_logic:  27]:(  210): sys_info->conn_pc = 1 app_type = 0
02-04 22:32:51.489 F/DUSS&57[hg_event_rc_push_battery: 385]:(  208): hg_event_rc_push_battery_info: cur_cap = 84, is_charging = 1
02-04 22:32:52.489 F/DUSS&57[hg_event_rc_push_battery: 385]:(  208): hg_event_rc_push_battery_info: cur_cap = 84, is_charging = 1
02-04 22:32:53.130 F/DUSS&5a[ sys_process_motor_logic:  27]:(  210): sys_info->conn_pc = 1 app_type = 0
02-04 22:32:53.489 F/DUSS&57[hg_event_rc_push_battery: 385]:(  208): hg_event_rc_push_battery_info: cur_cap = 84, is_charging = 1
02-04 22:32:54.489 F/DUSS&57[hg_event_rc_push_battery: 385]:(  208): hg_event_rc_push_battery_info: cur_cap = 84, is_charging = 1
02-04 22:32:55.130 F/DUSS&5a[ sys_process_motor_logic:  27]:(  210): sys_info->conn_pc = 1 app_type = 0
02-04 22:32:55.489 F/DUSS&57[hg_event_rc_push_battery: 385]:(  208): hg_event_rc_push_battery_info: cur_cap = 84, is_charging = 1
02-04 22:32:56.489 F/DUSS&57[hg_event_rc_push_battery: 385]:(  208): hg_event_rc_push_battery_info: cur_cap = 84, is_charging = 1
02-04 22:32:57.130 F/DUSS&5a[ sys_process_motor_logic:  27]:(  210): sys_info->conn_pc = 1 app_type = 0
02-04 22:32:57.489 F/DUSS&57[hg_event_rc_push_battery: 385]:(  208): hg_event_rc_push_battery_info: cur_cap = 84, is_charging = 1
02-04 22:32:58.489 F/DUSS&57[hg_event_rc_push_battery: 385]:(  208): hg_event_rc_push_battery_info: cur_cap = 84, is_charging = 1
02-04 22:32:59.130 F/DUSS&5a[ sys_process_motor_logic:  27]:(  210): sys_info->conn_pc = 1 app_type = 0
02-04 22:32:59.489 F/DUSS&57[hg_event_rc_push_battery: 385]:(  208): hg_event_rc_push_battery_info: cur_cap = 84, is_charging = 1
02-04 22:32:59.550 F/DUSS&57[           hdvt_cp_state: 784]:(  208): AMT test cur role 2
02-04 22:33:00.489 F/DUSS&57[hg_event_rc_push_battery: 385]:(  208): hg_event_rc_push_battery_info: cur_cap = 84, is_charging = 1
02-04 22:33:01.130 F/DUSS&5a[ sys_process_motor_logic:  27]:(  210): sys_info->conn_pc = 1 app_type = 0
02-04 22:33:01.489 F/DUSS&57[hg_event_rc_push_battery: 385]:(  208): hg_event_rc_push_battery_info: cur_cap = 84, is_charging = 1
02-04 22:33:02.489 F/DUSS&57[hg_event_rc_push_battery: 385]:(  208): hg_event_rc_push_battery_info: cur_cap = 84, is_charging = 1
02-04 22:33:03.130 F/DUSS&5a[ sys_process_motor_logic:  27]:(  210): sys_info->conn_pc = 1 app_type = 0
02-04 22:33:03.489 F/DUSS&57[hg_event_rc_push_battery: 385]:(  208): hg_event_rc_push_battery_info: cur_cap = 84, is_charging = 1
02-04 22:33:04.489 F/DUSS&57[hg_event_rc_push_battery: 385]:(  208): hg_event_rc_push_battery_info: cur_cap = 84, is_charging = 1
02-04 22:33:05.130 F/DUSS&5a[ sys_process_motor_logic:  27]:(  210): sys_info->conn_pc = 1 app_type = 0
02-04 22:33:05.489 F/DUSS&57[hg_event_rc_push_battery: 385]:(  208): hg_event_rc_push_battery_info: cur_cap = 84, is_charging = 1
02-04 22:33:06.489 F/DUSS&57[hg_event_rc_push_battery: 385]:(  208): hg_event_rc_push_battery_info: cur_cap = 84, is_charging = 1
02-04 22:33:07.130 F/DUSS&5a[ sys_process_motor_logic:  27]:(  210): sys_info->conn_pc = 1 app_type = 0
02-04 22:33:07.489 F/DUSS&57[hg_event_rc_push_battery: 385]:(  208): hg_event_rc_push_battery_info: cur_cap = 84, is_charging = 1
02-04 22:33:08.489 F/DUSS&57[hg_event_rc_push_battery: 385]:(  208): hg_event_rc_push_battery_info: cur_cap = 84, is_charging = 1
02-04 22:33:09.130 F/DUSS&5a[ sys_process_motor_logic:  27]:(  210): sys_info->conn_pc = 1 app_type = 0
02-04 22:33:09.489 F/DUSS&57[hg_event_rc_push_battery: 385]:(  208): hg_event_rc_push_battery_info: cur_cap = 84, is_charging = 1
02-04 22:33:10.489 F/DUSS&57[hg_event_rc_push_battery: 385]:(  208): hg_event_rc_push_battery_info: cur_cap = 84, is_charging = 1
02-04 22:33:11.130 F/DUSS&5a[ sys_process_motor_logic:  27]:(  210): sys_info->conn_pc = 1 app_type = 0
02-04 22:33:11.489 F/DUSS&57[hg_event_rc_push_battery: 385]:(  208): hg_event_rc_push_battery_info: cur_cap = 84, is_charging = 1
02-04 22:33:12.489 F/DUSS&57[hg_event_rc_push_battery: 385]:(  208): hg_event_rc_push_battery_info: cur_cap = 84, is_charging = 1
02-04 22:33:13.130 F/DUSS&5a[ sys_process_motor_logic:  27]:(  210): sys_info->conn_pc = 1 app_type = 0
02-04 22:33:13.489 F/DUSS&57[hg_event_rc_push_battery: 385]:(  208): hg_event_rc_push_battery_info: cur_cap = 84, is_charging = 1
02-04 22:33:14.489 F/DUSS&57[hg_event_rc_push_battery: 385]:(  208): hg_event_rc_push_battery_info: cur_cap = 84, is_charging = 1
02-04 22:33:15.130 F/DUSS&5a[ sys_process_motor_logic:  27]:(  210): sys_info->conn_pc = 1 app_type = 0
02-04 22:33:15.489 F/DUSS&57[hg_event_rc_push_battery: 385]:(  208): hg_event_rc_push_battery_info: cur_cap = 84, is_charging = 1
02-04 22:33:16.489 F/DUSS&57[hg_event_rc_push_battery: 385]:(  208): hg_event_rc_push_battery_info: cur_cap = 84, is_charging = 1
02-04 22:33:17.130 F/DUSS&5a[ sys_process_motor_logic:  27]:(  210): sys_info->conn_pc = 1 app_type = 0
02-04 22:33:17.489 F/DUSS&57[hg_event_rc_push_battery: 385]:(  208): hg_event_rc_push_battery_info: cur_cap = 84, is_charging = 1
02-04 22:33:18.489 F/DUSS&57[hg_event_rc_push_battery: 385]:(  208): hg_event_rc_push_battery_info: cur_cap = 84, is_charging = 1
02-04 22:33:19.131 F/DUSS&5a[ sys_process_motor_logic:  27]:(  210): sys_info->conn_pc = 1 app_type = 0
02-04 22:33:19.489 F/DUSS&57[hg_event_rc_push_battery: 385]:(  208): hg_event_rc_push_battery_info: cur_cap = 84, is_charging = 1
02-04 22:33:19.550 F/DUSS&57[           hdvt_cp_state: 784]:(  208): AMT test cur role 2
02-04 22:33:20.489 F/DUSS&57[hg_event_rc_push_battery: 385]:(  208): hg_event_rc_push_battery_info: cur_cap = 84, is_charging = 1
02-04 22:33:21.130 F/DUSS&5a[ sys_process_motor_logic:  27]:(  210): sys_info->conn_pc = 1 app_type = 0
02-04 22:33:21.489 F/DUSS&57[hg_event_rc_push_battery: 385]:(  208): hg_event_rc_push_battery_info: cur_cap = 84, is_charging = 1
02-04 22:33:22.489 F/DUSS&57[hg_event_rc_push_battery: 385]:(  208): hg_event_rc_push_battery_info: cur_cap = 84, is_charging = 1
02-04 22:33:23.130 F/DUSS&5a[ sys_process_motor_logic:  27]:(  210): sys_info->conn_pc = 1 app_type = 0
02-04 22:33:23.489 F/DUSS&57[hg_event_rc_push_battery: 385]:(  208): hg_event_rc_push_battery_info: cur_cap = 84, is_charging = 1
02-04 22:33:24.489 F/DUSS&57[hg_event_rc_push_battery: 385]:(  208): hg_event_rc_push_battery_info: cur_cap = 84, is_charging = 1
02-04 22:33:25.131 F/DUSS&5a[ sys_process_motor_logic:  27]:(  210): sys_info->conn_pc = 1 app_type = 0
02-04 22:33:25.489 F/DUSS&57[hg_event_rc_push_battery: 385]:(  208): hg_event_rc_push_battery_info: cur_cap = 84, is_charging = 1
02-04 22:33:26.489 F/DUSS&57[hg_event_rc_push_battery: 385]:(  208): hg_event_rc_push_battery_info: cur_cap = 84, is_charging = 1
02-04 22:33:27.130 F/DUSS&5a[ sys_process_motor_logic:  27]:(  210): sys_info->conn_pc = 1 app_type = 0
02-04 22:33:27.489 F/DUSS&57[hg_event_rc_push_battery: 385]:(  208): hg_event_rc_push_battery_info: cur_cap = 84, is_charging = 1
02-04 22:33:28.489 F/DUSS&57[hg_event_rc_push_battery: 385]:(  208): hg_event_rc_push_battery_info: cur_cap = 84, is_charging = 1
02-04 22:33:29.130 F/DUSS&5a[ sys_process_motor_logic:  27]:(  210): sys_info->conn_pc = 1 app_type = 0
02-04 22:33:29.489 F/DUSS&57[hg_event_rc_push_battery: 385]:(  208): hg_event_rc_push_battery_info: cur_cap = 84, is_charging = 1
02-04 22:33:30.489 F/DUSS&57[hg_event_rc_push_battery: 385]:(  208): hg_event_rc_push_battery_info: cur_cap = 84, is_charging = 1
02-04 22:33:31.130 F/DUSS&5a[ sys_process_motor_logic:  27]:(  210): sys_info->conn_pc = 1 app_type = 0
02-04 22:33:31.489 F/DUSS&57[hg_event_rc_push_battery: 385]:(  208): hg_event_rc_push_battery_info: cur_cap = 84, is_charging = 1
02-04 22:33:32.489 F/DUSS&57[hg_event_rc_push_battery: 385]:(  208): hg_event_rc_push_battery_info: cur_cap = 84, is_charging = 1
02-04 22:33:33.130 F/DUSS&5a[ sys_process_motor_logic:  27]:(  210): sys_info->conn_pc = 1 app_type = 0
02-04 22:33:33.489 F/DUSS&57[hg_event_rc_push_battery: 385]:(  208): hg_event_rc_push_battery_info: cur_cap = 84, is_charging = 1
02-04 22:33:34.489 F/DUSS&57[hg_event_rc_push_battery: 385]:(  208): hg_event_rc_push_battery_info: cur_cap = 84, is_charging = 1
02-04 22:33:35.130 F/DUSS&5a[ sys_process_motor_logic:  27]:(  210): sys_info->conn_pc = 1 app_type = 0
02-04 22:33:35.489 F/DUSS&57[hg_event_rc_push_battery: 385]:(  208): hg_event_rc_push_battery_info: cur_cap = 84, is_charging = 1
02-04 22:33:36.489 F/DUSS&57[hg_event_rc_push_battery: 385]:(  208): hg_event_rc_push_battery_info: cur_cap = 84, is_charging = 1
02-04 22:33:37.131 F/DUSS&5a[ sys_process_motor_logic:  27]:(  210): sys_info->conn_pc = 1 app_type = 0
02-04 22:33:37.489 F/DUSS&57[hg_event_rc_push_battery: 385]:(  208): hg_event_rc_push_battery_info: cur_cap = 84, is_charging = 1
02-04 22:33:38.489 F/DUSS&57[hg_event_rc_push_battery: 385]:(  208): hg_event_rc_push_battery_info: cur_cap = 84, is_charging = 1
02-04 22:33:39.130 F/DUSS&5a[ sys_process_motor_logic:  27]:(  210): sys_info->conn_pc = 1 app_type = 0
02-04 22:33:39.489 F/DUSS&57[hg_event_rc_push_battery: 385]:(  208): hg_event_rc_push_battery_info: cur_cap = 84, is_charging = 1
02-04 22:33:39.550 F/DUSS&57[           hdvt_cp_state: 784]:(  208): AMT test cur role 2
02-04 22:33:40.489 F/DUSS&57[hg_event_rc_push_battery: 385]:(  208): hg_event_rc_push_battery_info: cur_cap = 84, is_charging = 1
02-04 22:33:41.130 F/DUSS&5a[ sys_process_motor_logic:  27]:(  210): sys_info->conn_pc = 1 app_type = 0
02-04 22:33:41.489 F/DUSS&57[hg_event_rc_push_battery: 385]:(  208): hg_event_rc_push_battery_info: cur_cap = 84, is_charging = 1
02-04 22:33:42.489 F/DUSS&57[hg_event_rc_push_battery: 385]:(  208): hg_event_rc_push_battery_info: cur_cap = 84, is_charging = 1
02-04 22:33:43.130 F/DUSS&5a[ sys_process_motor_logic:  27]:(  210): sys_info->conn_pc = 1 app_type = 0
02-04 22:33:43.489 F/DUSS&57[hg_event_rc_push_battery: 385]:(  208): hg_event_rc_push_battery_info: cur_cap = 84, is_charging = 1
02-04 22:33:44.489 F/DUSS&57[hg_event_rc_push_battery: 385]:(  208): hg_event_rc_push_battery_info: cur_cap = 84, is_charging = 1
02-04 22:33:45.130 F/DUSS&5a[ sys_process_motor_logic:  27]:(  210): sys_info->conn_pc = 1 app_type = 0
02-04 22:33:45.489 F/DUSS&57[hg_event_rc_push_battery: 385]:(  208): hg_event_rc_push_battery_info: cur_cap = 84, is_charging = 1
02-04 22:33:46.489 F/DUSS&57[hg_event_rc_push_battery: 385]:(  208): hg_event_rc_push_battery_info: cur_cap = 84, is_charging = 1
02-04 22:33:47.130 F/DUSS&5a[ sys_process_motor_logic:  27]:(  210): sys_info->conn_pc = 1 app_type = 0
02-04 22:33:47.489 F/DUSS&57[hg_event_rc_push_battery: 385]:(  208): hg_event_rc_push_battery_info: cur_cap = 84, is_charging = 1
02-04 22:33:48.489 F/DUSS&57[hg_event_rc_push_battery: 385]:(  208): hg_event_rc_push_battery_info: cur_cap = 84, is_charging = 1
02-04 22:33:49.130 F/DUSS&5a[ sys_process_motor_logic:  27]:(  210): sys_info->conn_pc = 1 app_type = 0
02-04 22:33:49.489 F/DUSS&57[hg_event_rc_push_battery: 385]:(  208): hg_event_rc_push_battery_info: cur_cap = 84, is_charging = 1
02-04 22:33:50.489 F/DUSS&57[hg_event_rc_push_battery: 385]:(  208): hg_event_rc_push_battery_info: cur_cap = 84, is_charging = 1
02-04 22:33:51.130 F/DUSS&5a[ sys_process_motor_logic:  27]:(  210): sys_info->conn_pc = 1 app_type = 0
02-04 22:33:51.489 F/DUSS&57[hg_event_rc_push_battery: 385]:(  208): hg_event_rc_push_battery_info: cur_cap = 84, is_charging = 1
02-04 22:33:52.489 F/DUSS&57[hg_event_rc_push_battery: 385]:(  208): hg_event_rc_push_battery_info: cur_cap = 84, is_charging = 1
02-04 22:33:53.130 F/DUSS&5a[ sys_process_motor_logic:  27]:(  210): sys_info->conn_pc = 1 app_type = 0
02-04 22:33:53.489 F/DUSS&57[hg_event_rc_push_battery: 385]:(  208): hg_event_rc_push_battery_info: cur_cap = 84, is_charging = 1
02-04 22:33:54.992 F/DUSS&57[hg_event_rc_push_battery: 385]:(  208): hg_event_rc_push_battery_info: cur_cap = 84, is_charging = 1
02-04 22:33:55.130 F/DUSS&5a[ sys_process_motor_logic:  27]:(  210): sys_info->conn_pc = 1 app_type = 0
                                                                                                                                                                                                                                                                                                                                                                                                                                                                                                                                                   --------- beginning of /dev/log/main
01-01 00:00:08.349 F/DUSS&64[    sdrs_firmware_upload: 291]:(  158): tmp modemarm.fw
01-01 00:00:08.350 F/DUSS&64[    sdrs_firmware_upload: 291]:(  158): tmp modemdsp_gnd.fw
01-01 00:00:08.350 F/DUSS&64[    sdrs_firmware_upload: 291]:(  158): tmp modemdsp_uav.fw
01-01 00:00:08.538 F/DUSS&44[           sketch_atexit:  52]:(  250): Some one called exit(), please check!
01-01 00:00:08.582 F/DUSS&5a[           sys_read_ssid: 804]:(  211): Failed to get ssid
01-01 00:00:08.596 F/DUSS&5a[           sys_save_file: 721]:(  211): Saved wifi config: /amt/wifi.config
01-01 00:00:08.608 F/DUSS&44[           sketch_atexit:  52]:(  269): Some one called exit(), please check!
01-01 00:00:08.689 F/DUSS&44[           sketch_atexit:  52]:(  281): Some one called exit(), please check!
01-01 00:00:08.751 F/DUSS&64[    sdrs_firmware_upload: 318]:(  158): upload firmware loop 0 for 0 ok
01-01 00:00:09.088 F/DUSS&64[    sdrs_firmware_upload: 318]:(  158): upload firmware loop 0 for 1 ok
01-01 00:00:09.385 F/DUSS&64[    sdrs_firmware_upload: 318]:(  158): upload firmware loop 0 for 2 ok
01-01 00:00:09.395 F/DUSS&64[   sdrs_firmware_release: 363]:(  158): change modemarm to oqfgocto.ipf_hy
01-01 00:00:09.395 F/DUSS&64[   sdrs_firmware_release: 363]:(  158): change modemdsp_gnd to oqfgofur.ipf_hy
01-01 00:00:09.395 F/DUSS&64[   sdrs_firmware_release: 363]:(  158): change modemdsp_uav to oqfgofur.wcx.fw
01-01 00:00:09.396 F/DUSS&64[   sdrs_firmware_release: 371]:(  158): remove /tmp/oqfgofur.ipf_hy
01-01 00:00:09.474 F/DUSS&64[    sdrs_firmware_upload: 291]:(  158): tmp modemarm.fw
01-01 00:00:09.474 F/DUSS&64[    sdrs_firmware_upload: 291]:(  158): tmp modemdsp_gnd.fw
01-01 00:00:09.474 F/DUSS&64[    sdrs_firmware_upload: 291]:(  158): tmp modemdsp_uav.fw
01-01 00:00:09.735 F/DUSS&64[    sdrs_firmware_upload: 318]:(  158): upload firmware loop 0 for 0 ok
01-01 00:00:10.033 F/DUSS&64[    sdrs_firmware_upload: 318]:(  158): upload firmware loop 0 for 1 ok
01-01 00:00:10.313 F/DUSS&64[    sdrs_firmware_upload: 318]:(  158): upload firmware loop 0 for 2 ok
01-01 00:00:10.427 F/DUSS&64[   sdrs_firmware_release: 363]:(  158): change modemarm to oqfgocto.ipf_hy
01-01 00:00:10.427 F/DUSS&64[   sdrs_firmware_release: 363]:(  158): change modemdsp_gnd to oqfgofur.ipf_hy
01-01 00:00:10.427 F/DUSS&64[   sdrs_firmware_release: 363]:(  158): change modemdsp_uav to oqfgofur.wcx.fw
01-01 00:00:10.427 F/DUSS&64[   sdrs_firmware_release: 371]:(  158): remove /tmp/oqfgofur.ipf_hy
01-01 00:00:10.671 F/DUSS&5a[ sys_process_motor_logic:  27]:(  211): sys_info->conn_pc = 1 app_type = 0
01-01 00:00:10.955 F/DUSS&57[           hg_dump_dmesg:  81]:(  208): <6>[    0.090368] c0 1 (swapper/0) parse_bootup_reason: +++++++++start of day reason: onkey
01-01 00:00:10.955 F/DUSS&57[           hg_dump_dmesg:  81]:(  208): <6>[    0.090396] c0 1 (swapper/0) parse_shutdown_reason: ----------last end of day reason: unknown
01-01 00:00:10.955 F/DUSS&57[           hg_dump_dmesg:  81]:(  208): 
01-01 00:00:10.990 F/DUSS&57[hdvt_amt_create_process_: 557]:(  208): used defalut gpio for amt 155 156
01-01 00:00:10.999 F/DUSS&57[            nvram_update: 131]:(  208): update cp nvram crc e790, e790
01-01 00:00:11.019 F/DUSS&57[     report_value_to_uav:2659]:(  208): Radio_to_uav:    0    0    0    0 1024 1024   30 - 0, 0, 0, 0, 0, 0, 0, 0, 0, 0, 0, 0, 0, 0
01-01 00:00:11.044 F/DUSS&57[     report_value_to_uav:2659]:(  208): Radio_to_uav: 1024 1024  364 1024 1024 1024   33 - 0, 0, 0, 0, 0, 0, 0, 0, 0, 0, 0, 0, 0, 0
01-01 00:00:11.044 F/DUSS&57[     report_value_to_uav:2701]:(  208): Incorrect packet interval: packet_id 00000033, interval 24 ms
01-01 00:00:11.047 F/DUSS&57[       report_lcd_to_mcu: 854]:(  208): lcd_to_mcu0: speed:0 0 0 0 speed_icon:0 0 0 mode:0 gps:0 0, rc:0 0 uav_bat:0 0 0 0 rpm:0, rpm_icon:0 0 0 vision_rec:0 0 0 0
01-01 00:00:11.047 F/DUSS&57[       report_lcd_to_mcu: 876]:(  208): lcd_to_mcu1: ev:0 0 0 sports_sd:0 0 0 0 clearance:0 0 0 height:0 0 0 0 distance:0 0 0 content:CONNECTING_ connected:0 misc:0
01-01 00:00:11.085 F/DUSS&57[     report_value_to_uav:2659]:(  208): Radio_to_uav: 1024 1024 1024 1024 1024 1024   37 - 0, 0, 0, 0, 0, 0, 0, 0, 0, 0, 0, 0, 0, 0
01-01 00:00:11.247 F/DUSS&57[hdvt_sdrs_ctrl_set_state: 964]:(  208): sdr_ctrl state change 0 to 1, time 4615564
01-01 00:00:11.321 F/DUSS&57[       hgui_event_update: 591]:(  208): hgui:add:id=21,type=0
01-01 00:00:11.757 F/DUSS&57[    hg_enable_ip_address: 145]:(  208): lmi42 up ok
01-01 00:00:11.767 F/DUSS&57[    hg_enable_ip_address: 152]:(  208): lmi42 flush ok
01-01 00:00:11.771 F/DUSS&44[           sketch_atexit:  52]:(  499): Some one called exit(), please check!
01-01 00:00:11.776 F/DUSS&57[    hg_enable_ip_address: 163]:(  208): lmi42 cfg ok
01-01 00:00:11.787 F/DUSS&57[    hg_enable_ip_address: 170]:(  208): lmi42 route ok 
01-01 00:00:11.841 F/DUSS&44[           sketch_atexit:  52]:(  510): Some one called exit(), please check!
01-01 00:00:11.921 F/DUSS&44[           sketch_atexit:  52]:(  517): Some one called exit(), please check!
01-01 00:00:11.991 F/DUSS&57[hdvt_sdr_calibrantion_se:1877]:(  208): nvram RF calibration 17-12-15 11:02
01-01 00:00:11.991 F/DUSS&57[hdvt_sdr_calibrantion_se:1884]:(  208): nvram  0x1200, type 0, afc[0, 0], agc_corse[1, 1], agc_fine[0, 0], apc[1, 1], pwr[1, 1], bler[1, 1]
01-01 00:00:12.001 F/DUSS&44[           sketch_atexit:  52]:(  532): Some one called exit(), please check!
01-01 00:00:12.081 F/DUSS&57[hg_event_rc_push_battery: 385]:(  208): hg_event_rc_push_battery_info: cur_cap = 85, is_charging = 1
01-01 00:00:12.671 F/DUSS&5a[ sys_process_motor_logic:  27]:(  211): sys_info->conn_pc = 1 app_type = 0
01-01 00:00:13.081 F/DUSS&57[hg_event_rc_push_battery: 385]:(  208): hg_event_rc_push_battery_info: cur_cap = 85, is_charging = 1
01-01 00:00:14.081 F/DUSS&57[hg_event_rc_push_battery: 385]:(  208): hg_event_rc_push_battery_info: cur_cap = 85, is_charging = 1
01-01 00:00:14.671 F/DUSS&5a[ sys_process_motor_logic:  27]:(  211): sys_info->conn_pc = 1 app_type = 0
01-01 00:00:15.081 F/DUSS&57[hg_event_rc_push_battery: 385]:(  208): hg_event_rc_push_battery_info: cur_cap = 85, is_charging = 1
01-01 00:00:16.081 F/DUSS&57[hg_event_rc_push_battery: 385]:(  208): hg_event_rc_push_battery_info: cur_cap = 85, is_charging = 1
01-01 00:00:16.671 F/DUSS&5a[ sys_process_motor_logic:  27]:(  211): sys_info->conn_pc = 1 app_type = 0
01-01 00:00:17.081 F/DUSS&57[hg_event_rc_push_battery: 385]:(  208): hg_event_rc_push_battery_info: cur_cap = 85, is_charging = 1
01-01 00:00:18.081 F/DUSS&57[hg_event_rc_push_battery: 385]:(  208): hg_event_rc_push_battery_info: cur_cap = 85, is_charging = 1
01-01 00:00:18.671 F/DUSS&5a[ sys_process_motor_logic:  27]:(  211): sys_info->conn_pc = 1 app_type = 0
01-01 00:00:19.081 F/DUSS&57[hg_event_rc_push_battery: 385]:(  208): hg_event_rc_push_battery_info: cur_cap = 85, is_charging = 1
01-01 00:00:20.081 F/DUSS&57[hg_event_rc_push_battery: 385]:(  208): hg_event_rc_push_battery_info: cur_cap = 85, is_charging = 1
01-01 00:00:20.671 F/DUSS&5a[ sys_process_motor_logic:  27]:(  211): sys_info->conn_pc = 1 app_type = 0
01-01 00:00:21.081 F/DUSS&57[hg_event_rc_push_battery: 385]:(  208): hg_event_rc_push_battery_info: cur_cap = 85, is_charging = 1
01-01 00:00:22.081 F/DUSS&57[hg_event_rc_push_battery: 385]:(  208): hg_event_rc_push_battery_info: cur_cap = 85, is_charging = 1
01-01 00:00:22.670 F/DUSS&5a[ sys_process_motor_logic:  27]:(  211): sys_info->conn_pc = 1 app_type = 0
01-01 00:00:23.081 F/DUSS&57[hg_event_rc_push_battery: 385]:(  208): hg_event_rc_push_battery_info: cur_cap = 85, is_charging = 1
01-01 00:00:24.081 F/DUSS&57[hg_event_rc_push_battery: 385]:(  208): hg_event_rc_push_battery_info: cur_cap = 85, is_charging = 1
01-01 00:00:24.670 F/DUSS&5a[ sys_process_motor_logic:  27]:(  211): sys_info->conn_pc = 1 app_type = 0
01-01 00:00:25.081 F/DUSS&57[hg_event_rc_push_battery: 385]:(  208): hg_event_rc_push_battery_info: cur_cap = 85, is_charging = 1
01-01 00:00:26.081 F/DUSS&57[hg_event_rc_push_battery: 385]:(  208): hg_event_rc_push_battery_info: cur_cap = 85, is_charging = 1
01-01 00:00:26.670 F/DUSS&5a[ sys_process_motor_logic:  27]:(  211): sys_info->conn_pc = 1 app_type = 0
01-01 00:00:27.081 F/DUSS&57[hg_event_rc_push_battery: 385]:(  208): hg_event_rc_push_battery_info: cur_cap = 85, is_charging = 1
01-01 00:00:28.081 F/DUSS&57[hg_event_rc_push_battery: 385]:(  208): hg_event_rc_push_battery_info: cur_cap = 85, is_charging = 1
01-01 00:00:28.670 F/DUSS&5a[ sys_process_motor_logic:  27]:(  211): sys_info->conn_pc = 1 app_type = 0
01-01 00:00:29.081 F/DUSS&57[hg_event_rc_push_battery: 385]:(  208): hg_event_rc_push_battery_info: cur_cap = 85, is_charging = 1
01-01 00:00:30.081 F/DUSS&57[hg_event_rc_push_battery: 385]:(  208): hg_event_rc_push_battery_info: cur_cap = 85, is_charging = 1
01-01 00:00:30.671 F/DUSS&5a[ sys_process_motor_logic:  27]:(  211): sys_info->conn_pc = 1 app_type = 0
01-01 00:00:31.044 F/DUSS&57[           hdvt_cp_state: 784]:(  208): AMT test cur role 2
01-01 00:00:31.081 F/DUSS&57[hg_event_rc_push_battery: 385]:(  208): hg_event_rc_push_battery_info: cur_cap = 85, is_charging = 1
01-01 00:00:32.081 F/DUSS&57[hg_event_rc_push_battery: 385]:(  208): hg_event_rc_push_battery_info: cur_cap = 85, is_charging = 1
01-01 00:00:32.670 F/DUSS&5a[ sys_process_motor_logic:  27]:(  211): sys_info->conn_pc = 1 app_type = 0
01-01 00:00:33.081 F/DUSS&57[hg_event_rc_push_battery: 385]:(  208): hg_event_rc_push_battery_info: cur_cap = 85, is_charging = 1
01-01 00:00:34.081 F/DUSS&57[hg_event_rc_push_battery: 385]:(  208): hg_event_rc_push_battery_info: cur_cap = 85, is_charging = 1
01-01 00:00:34.670 F/DUSS&5a[ sys_process_motor_logic:  27]:(  211): sys_info->conn_pc = 1 app_type = 0
01-01 00:00:35.081 F/DUSS&57[hg_event_rc_push_battery: 385]:(  208): hg_event_rc_push_battery_info: cur_cap = 85, is_charging = 1
01-01 00:00:36.081 F/DUSS&57[hg_event_rc_push_battery: 385]:(  208): hg_event_rc_push_battery_info: cur_cap = 85, is_charging = 1
01-01 00:00:36.670 F/DUSS&5a[ sys_process_motor_logic:  27]:(  211): sys_info->conn_pc = 1 app_type = 0
01-01 00:00:37.081 F/DUSS&57[hg_event_rc_push_battery: 385]:(  208): hg_event_rc_push_battery_info: cur_cap = 85, is_charging = 1
01-01 00:00:38.081 F/DUSS&57[hg_event_rc_push_battery: 385]:(  208): hg_event_rc_push_battery_info: cur_cap = 85, is_charging = 1
01-01 00:00:38.671 F/DUSS&5a[ sys_process_motor_logic:  27]:(  211): sys_info->conn_pc = 1 app_type = 0
01-01 00:00:39.081 F/DUSS&57[hg_event_rc_push_battery: 385]:(  208): hg_event_rc_push_battery_info: cur_cap = 85, is_charging = 1
01-01 00:00:40.081 F/DUSS&57[hg_event_rc_push_battery: 385]:(  208): hg_event_rc_push_battery_info: cur_cap = 85, is_charging = 1
01-01 00:00:40.670 F/DUSS&5a[ sys_process_motor_logic:  27]:(  211): sys_info->conn_pc = 1 app_type = 0
01-01 00:00:41.020 F/DUSS&57[       hgui_event_update: 591]:(  208): hgui:add:id=26,type=0
01-01 00:00:41.027 F/DUSS&57[       report_lcd_to_mcu: 854]:(  208): lcd_to_mcu0: speed:0 0 0 0 speed_icon:0 0 0 mode:0 gps:0 0, rc:0 0 uav_bat:0 0 0 0 rpm:0, rpm_icon:0 0 0 vision_rec:0 0 0 0
01-01 00:00:41.027 F/DUSS&57[       report_lcd_to_mcu: 876]:(  208): lcd_to_mcu1: ev:0 0 0 sports_sd:0 0 0 0 clearance:0 0 0 height:0 0 0 0 distance:0 0 0 content:CONNECTING_ connected:0 misc:0
01-01 00:00:41.047 F/DUSS&57[       report_lcd_to_mcu: 854]:(  208): lcd_to_mcu0: speed:0 0 0 0 speed_icon:0 0 0 mode:0 gps:0 0, rc:0 0 uav_bat:0 0 0 0 rpm:0, rpm_icon:0 0 0 vision_rec:0 0 0 0
01-01 00:00:41.047 F/DUSS&57[       report_lcd_to_mcu: 876]:(  208): lcd_to_mcu1: ev:0 0 0 sports_sd:0 0 0 0 clearance:0 0 0 height:0 0 0 0 distance:0 0 0 content:UPGRADING connected:0 misc:0
01-01 00:00:41.081 F/DUSS&57[hg_event_rc_push_battery: 385]:(  208): hg_event_rc_push_battery_info: cur_cap = 85, is_charging = 1
01-01 00:00:42.081 F/DUSS&57[hg_event_rc_push_battery: 385]:(  208): hg_event_rc_push_battery_info: cur_cap = 85, is_charging = 1
01-01 00:00:42.670 F/DUSS&5a[ sys_process_motor_logic:  27]:(  211): sys_info->conn_pc = 1 app_type = 0
01-01 00:00:43.081 F/DUSS&57[hg_event_rc_push_battery: 385]:(  208): hg_event_rc_push_battery_info: cur_cap = 85, is_charging = 1
01-01 00:00:44.081 F/DUSS&57[hg_event_rc_push_battery: 385]:(  208): hg_event_rc_push_battery_info: cur_cap = 85, is_charging = 1
01-01 00:00:44.674 F/DUSS&5a[ sys_process_motor_logic:  27]:(  211): sys_info->conn_pc = 1 app_type = 0
01-01 00:00:45.081 F/DUSS&57[hg_event_rc_push_battery: 385]:(  208): hg_event_rc_push_battery_info: cur_cap = 85, is_charging = 1
01-01 00:00:46.081 F/DUSS&57[hg_event_rc_push_battery: 385]:(  208): hg_event_rc_push_battery_info: cur_cap = 85, is_charging = 1
01-01 00:00:46.670 F/DUSS&5a[ sys_process_motor_logic:  27]:(  211): sys_info->conn_pc = 1 app_type = 0
01-01 00:00:47.081 F/DUSS&57[hg_event_rc_push_battery: 385]:(  208): hg_event_rc_push_battery_info: cur_cap = 85, is_charging = 1
01-01 00:00:48.081 F/DUSS&57[hg_event_rc_push_battery: 385]:(  208): hg_event_rc_push_battery_info: cur_cap = 85, is_charging = 1
01-01 00:00:48.670 F/DUSS&5a[ sys_process_motor_logic:  27]:(  211): sys_info->conn_pc = 1 app_type = 0
01-01 00:00:49.088 F/DUSS&57[hg_event_rc_push_battery: 385]:(  208): hg_event_rc_push_battery_info: cur_cap = 85, is_charging = 1
01-01 00:00:50.081 F/DUSS&57[hg_event_rc_push_battery: 385]:(  208): hg_event_rc_push_battery_info: cur_cap = 85, is_charging = 1
01-01 00:00:50.675 F/DUSS&5a[ sys_process_motor_logic:  27]:(  211): sys_info->conn_pc = 1 app_type = 0
01-01 00:00:51.044 F/DUSS&57[           hdvt_cp_state: 784]:(  208): AMT test cur role 2
01-01 00:00:51.081 F/DUSS&57[hg_event_rc_push_battery: 385]:(  208): hg_event_rc_push_battery_info: cur_cap = 85, is_charging = 1
01-01 00:00:52.081 F/DUSS&57[hg_event_rc_push_battery: 385]:(  208): hg_event_rc_push_battery_info: cur_cap = 85, is_charging = 1
01-01 00:00:52.670 F/DUSS&5a[ sys_process_motor_logic:  27]:(  211): sys_info->conn_pc = 1 app_type = 0
01-01 00:00:53.081 F/DUSS&57[hg_event_rc_push_battery: 385]:(  208): hg_event_rc_push_battery_info: cur_cap = 85, is_charging = 1
01-01 00:00:54.081 F/DUSS&57[hg_event_rc_push_battery: 385]:(  208): hg_event_rc_push_battery_info: cur_cap = 85, is_charging = 1
01-01 00:00:54.670 F/DUSS&5a[ sys_process_motor_logic:  27]:(  211): sys_info->conn_pc = 1 app_type = 0
01-01 00:00:55.081 F/DUSS&57[hg_event_rc_push_battery: 385]:(  208): hg_event_rc_push_battery_info: cur_cap = 85, is_charging = 1
01-01 00:00:56.011 F/DUSS&57[       hgui_event_update: 601]:(  208): hgui:del:id=26,type=0
01-01 00:00:56.027 F/DUSS&57[       report_lcd_to_mcu: 854]:(  208): lcd_to_mcu0: speed:0 0 0 0 speed_icon:0 0 0 mode:0 gps:0 0, rc:0 0 uav_bat:0 0 0 0 rpm:0, rpm_icon:0 0 0 vision_rec:0 0 0 0
01-01 00:00:56.027 F/DUSS&57[       report_lcd_to_mcu: 876]:(  208): lcd_to_mcu1: ev:0 0 0 sports_sd:0 0 0 0 clearance:0 0 0 height:0 0 0 0 distance:0 0 0 content: connected:0 misc:0
01-01 00:00:56.047 F/DUSS&57[       report_lcd_to_mcu: 854]:(  208): lcd_to_mcu0: speed:0 0 0 0 speed_icon:0 0 0 mode:0 gps:0 0, rc:0 0 uav_bat:0 0 0 0 rpm:0, rpm_icon:0 0 0 vision_rec:0 0 0 0
01-01 00:00:56.047 F/DUSS&57[       report_lcd_to_mcu: 876]:(  208): lcd_to_mcu1: ev:0 0 0 sports_sd:0 0 0 0 clearance:0 0 0 height:0 0 0 0 distance:0 0 0 content:CONNECTING_ connected:0 misc:0
01-01 00:00:56.081 F/DUSS&57[hg_event_rc_push_battery: 385]:(  208): hg_event_rc_push_battery_info: cur_cap = 85, is_charging = 1
01-01 00:00:56.670 F/DUSS&5a[ sys_process_motor_logic:  27]:(  211): sys_info->conn_pc = 1 app_type = 0
01-01 00:00:57.081 F/DUSS&57[hg_event_rc_push_battery: 385]:(  208): hg_event_rc_push_battery_info: cur_cap = 85, is_charging = 1
01-01 00:00:58.081 F/DUSS&57[hg_event_rc_push_battery: 385]:(  208): hg_event_rc_push_battery_info: cur_cap = 85, is_charging = 1
01-01 00:00:58.670 F/DUSS&5a[ sys_process_motor_logic:  27]:(  211): sys_info->conn_pc = 1 app_type = 0
01-01 00:00:59.081 F/DUSS&57[hg_event_rc_push_battery: 385]:(  208): hg_event_rc_push_battery_info: cur_cap = 85, is_charging = 1
01-01 00:01:00.081 F/DUSS&57[hg_event_rc_push_battery: 385]:(  208): hg_event_rc_push_battery_info: cur_cap = 85, is_charging = 1
01-01 00:01:00.670 F/DUSS&5a[ sys_process_motor_logic:  27]:(  211): sys_info->conn_pc = 1 app_type = 0
01-01 00:01:01.081 F/DUSS&57[hg_event_rc_push_battery: 385]:(  208): hg_event_rc_push_battery_info: cur_cap = 85, is_charging = 1
01-01 00:01:02.081 F/DUSS&57[hg_event_rc_push_battery: 385]:(  208): hg_event_rc_push_battery_info: cur_cap = 85, is_charging = 1
01-01 00:01:02.670 F/DUSS&5a[ sys_process_motor_logic:  27]:(  211): sys_info->conn_pc = 1 app_type = 0
01-01 00:01:03.081 F/DUSS&57[hg_event_rc_push_battery: 385]:(  208): hg_event_rc_push_battery_info: cur_cap = 85, is_charging = 1
01-01 00:01:04.081 F/DUSS&57[hg_event_rc_push_battery: 385]:(  208): hg_event_rc_push_battery_info: cur_cap = 85, is_charging = 1
01-01 00:01:04.670 F/DUSS&5a[ sys_process_motor_logic:  27]:(  211): sys_info->conn_pc = 1 app_type = 0
01-01 00:01:05.081 F/DUSS&57[hg_event_rc_push_battery: 385]:(  208): hg_event_rc_push_battery_info: cur_cap = 85, is_charging = 1
01-01 00:01:06.081 F/DUSS&57[hg_event_rc_push_battery: 385]:(  208): hg_event_rc_push_battery_info: cur_cap = 85, is_charging = 1
01-01 00:01:06.670 F/DUSS&5a[ sys_process_motor_logic:  27]:(  211): sys_info->conn_pc = 1 app_type = 0
01-01 00:01:07.081 F/DUSS&57[hg_event_rc_push_battery: 385]:(  208): hg_event_rc_push_battery_info: cur_cap = 85, is_charging = 1
01-01 00:01:08.081 F/DUSS&57[hg_event_rc_push_battery: 385]:(  208): hg_event_rc_push_battery_info: cur_cap = 85, is_charging = 1
01-01 00:01:08.670 F/DUSS&5a[ sys_process_motor_logic:  27]:(  211): sys_info->conn_pc = 1 app_type = 0
01-01 00:01:09.081 F/DUSS&57[hg_event_rc_push_battery: 385]:(  208): hg_event_rc_push_battery_info: cur_cap = 85, is_charging = 1
01-01 00:01:10.081 F/DUSS&57[hg_event_rc_push_battery: 385]:(  208): hg_event_rc_push_battery_info: cur_cap = 85, is_charging = 1
01-01 00:01:10.670 F/DUSS&5a[ sys_process_motor_logic:  27]:(  211): sys_info->conn_pc = 1 app_type = 0
01-01 00:01:11.044 F/DUSS&57[           hdvt_cp_state: 784]:(  208): AMT test cur role 2
01-01 00:01:11.081 F/DUSS&57[hg_event_rc_push_battery: 385]:(  208): hg_event_rc_push_battery_info: cur_cap = 85, is_charging = 1
01-01 00:01:12.081 F/DUSS&57[hg_event_rc_push_battery: 385]:(  208): hg_event_rc_push_battery_info: cur_cap = 85, is_charging = 1
01-01 00:01:12.670 F/DUSS&5a[ sys_process_motor_logic:  27]:(  211): sys_info->conn_pc = 1 app_type = 0
01-01 00:01:13.081 F/DUSS&57[hg_event_rc_push_battery: 385]:(  208): hg_event_rc_push_battery_info: cur_cap = 85, is_charging = 1
01-01 00:01:14.081 F/DUSS&57[hg_event_rc_push_battery: 385]:(  208): hg_event_rc_push_battery_info: cur_cap = 85, is_charging = 1
01-01 00:01:14.670 F/DUSS&5a[ sys_process_motor_logic:  27]:(  211): sys_info->conn_pc = 1 app_type = 0
01-01 00:01:15.081 F/DUSS&57[hg_event_rc_push_battery: 385]:(  208): hg_event_rc_push_battery_info: cur_cap = 85, is_charging = 1
01-01 00:01:16.081 F/DUSS&57[hg_event_rc_push_battery: 385]:(  208): hg_event_rc_push_battery_info: cur_cap = 85, is_charging = 1
01-01 00:01:16.670 F/DUSS&5a[ sys_process_motor_logic:  27]:(  211): sys_info->conn_pc = 1 app_type = 0
01-01 00:01:17.081 F/DUSS&57[hg_event_rc_push_battery: 385]:(  208): hg_event_rc_push_battery_info: cur_cap = 85, is_charging = 1
01-01 00:01:18.081 F/DUSS&57[hg_event_rc_push_battery: 385]:(  208): hg_event_rc_push_battery_info: cur_cap = 85, is_charging = 1
01-01 00:01:18.670 F/DUSS&5a[ sys_process_motor_logic:  27]:(  211): sys_info->conn_pc = 1 app_type = 0
01-01 00:01:19.081 F/DUSS&57[hg_event_rc_push_battery: 385]:(  208): hg_event_rc_push_battery_info: cur_cap = 85, is_charging = 1
01-01 00:01:20.081 F/DUSS&57[hg_event_rc_push_battery: 385]:(  208): hg_event_rc_push_battery_info: cur_cap = 85, is_charging = 1
01-01 00:01:20.670 F/DUSS&5a[ sys_process_motor_logic:  27]:(  211): sys_info->conn_pc = 1 app_type = 0
01-01 00:01:21.081 F/DUSS&57[hg_event_rc_push_battery: 385]:(  208): hg_event_rc_push_battery_info: cur_cap = 85, is_charging = 1
01-01 00:01:22.081 F/DUSS&57[hg_event_rc_push_battery: 385]:(  208): hg_event_rc_push_battery_info: cur_cap = 85, is_charging = 1
01-01 00:01:22.670 F/DUSS&5a[ sys_process_motor_logic:  27]:(  211): sys_info->conn_pc = 1 app_type = 0
01-01 00:01:23.081 F/DUSS&57[hg_event_rc_push_battery: 385]:(  208): hg_event_rc_push_battery_info: cur_cap = 85, is_charging = 1
01-01 00:01:24.081 F/DUSS&57[hg_event_rc_push_battery: 385]:(  208): hg_event_rc_push_battery_info: cur_cap = 85, is_charging = 1
01-01 00:01:24.671 F/DUSS&5a[ sys_process_motor_logic:  27]:(  211): sys_info->conn_pc = 1 app_type = 0
01-01 00:01:25.081 F/DUSS&57[hg_event_rc_push_battery: 385]:(  208): hg_event_rc_push_battery_info: cur_cap = 85, is_charging = 1
01-01 00:01:26.081 F/DUSS&57[hg_event_rc_push_battery: 385]:(  208): hg_event_rc_push_battery_info: cur_cap = 85, is_charging = 1
01-01 00:01:26.671 F/DUSS&5a[ sys_process_motor_logic:  27]:(  211): sys_info->conn_pc = 1 app_type = 0
01-01 00:01:27.081 F/DUSS&57[hg_event_rc_push_battery: 385]:(  208): hg_event_rc_push_battery_info: cur_cap = 85, is_charging = 1
01-01 00:01:28.081 F/DUSS&57[hg_event_rc_push_battery: 385]:(  208): hg_event_rc_push_battery_info: cur_cap = 85, is_charging = 1
01-01 00:01:28.671 F/DUSS&5a[ sys_process_motor_logic:  27]:(  211): sys_info->conn_pc = 1 app_type = 0
01-01 00:01:29.010 F/DUSS&57[       hgui_event_update: 591]:(  208): hgui:add:id=26,type=0
01-01 00:01:29.027 F/DUSS&57[       report_lcd_to_mcu: 854]:(  208): lcd_to_mcu0: speed:0 0 0 0 speed_icon:0 0 0 mode:0 gps:0 0, rc:0 0 uav_bat:0 0 0 0 rpm:0, rpm_icon:0 0 0 vision_rec:0 0 0 0
01-01 00:01:29.027 F/DUSS&57[       report_lcd_to_mcu: 876]:(  208): lcd_to_mcu1: ev:0 0 0 sports_sd:0 0 0 0 clearance:0 0 0 height:0 0 0 0 distance:0 0 0 content:CONNECTING_ connected:0 misc:0
01-01 00:01:29.047 F/DUSS&57[       report_lcd_to_mcu: 854]:(  208): lcd_to_mcu0: speed:0 0 0 0 speed_icon:0 0 0 mode:0 gps:0 0, rc:0 0 uav_bat:0 0 0 0 rpm:0, rpm_icon:0 0 0 vision_rec:0 0 0 0
01-01 00:01:29.047 F/DUSS&57[       report_lcd_to_mcu: 876]:(  208): lcd_to_mcu1: ev:0 0 0 sports_sd:0 0 0 0 clearance:0 0 0 height:0 0 0 0 distance:0 0 0 content:UPGRADING connected:0 misc:0
01-01 00:01:29.081 F/DUSS&57[hg_event_rc_push_battery: 385]:(  208): hg_event_rc_push_battery_info: cur_cap = 86, is_charging = 1
01-01 00:01:30.081 F/DUSS&57[hg_event_rc_push_battery: 385]:(  208): hg_event_rc_push_battery_info: cur_cap = 86, is_charging = 1
01-01 00:01:30.670 F/DUSS&5a[ sys_process_motor_logic:  27]:(  211): sys_info->conn_pc = 1 app_type = 0
01-01 00:01:31.044 F/DUSS&57[           hdvt_cp_state: 784]:(  208): AMT test cur role 2
01-01 00:01:31.081 F/DUSS&57[hg_event_rc_push_battery: 385]:(  208): hg_event_rc_push_battery_info: cur_cap = 86, is_charging = 1
01-01 00:01:32.081 F/DUSS&57[hg_event_rc_push_battery: 385]:(  208): hg_event_rc_push_battery_info: cur_cap = 86, is_charging = 1
01-01 00:01:32.670 F/DUSS&5a[ sys_process_motor_logic:  27]:(  211): sys_info->conn_pc = 1 app_type = 0
01-01 00:01:33.081 F/DUSS&57[hg_event_rc_push_battery: 385]:(  208): hg_event_rc_push_battery_info: cur_cap = 86, is_charging = 1
01-01 00:01:34.081 F/DUSS&57[hg_event_rc_push_battery: 385]:(  208): hg_event_rc_push_battery_info: cur_cap = 86, is_charging = 1
01-01 00:01:34.670 F/DUSS&5a[ sys_process_motor_logic:  27]:(  211): sys_info->conn_pc = 1 app_type = 0
01-01 00:01:35.084 F/DUSS&57[hg_event_rc_push_battery: 385]:(  208): hg_event_rc_push_battery_info: cur_cap = 86, is_charging = 1
01-01 00:01:36.081 F/DUSS&57[hg_event_rc_push_battery: 385]:(  208): hg_event_rc_push_battery_info: cur_cap = 86, is_charging = 1
01-01 00:01:36.671 F/DUSS&5a[ sys_process_motor_logic:  27]:(  211): sys_info->conn_pc = 1 app_type = 0
01-01 00:01:37.081 F/DUSS&57[hg_event_rc_push_battery: 385]:(  208): hg_event_rc_push_battery_info: cur_cap = 86, is_charging = 1
01-01 00:01:38.081 F/DUSS&57[hg_event_rc_push_battery: 385]:(  208): hg_event_rc_push_battery_info: cur_cap = 86, is_charging = 1
01-01 00:01:38.671 F/DUSS&5a[ sys_process_motor_logic:  27]:(  211): sys_info->conn_pc = 1 app_type = 0
01-01 00:01:39.081 F/DUSS&57[hg_event_rc_push_battery: 385]:(  208): hg_event_rc_push_battery_info: cur_cap = 86, is_charging = 1
01-01 00:01:40.081 F/DUSS&57[hg_event_rc_push_battery: 385]:(  208): hg_event_rc_push_battery_info: cur_cap = 86, is_charging = 1
01-01 00:01:40.672 F/DUSS&5a[ sys_process_motor_logic:  27]:(  211): sys_info->conn_pc = 1 app_type = 0
01-01 00:01:41.081 F/DUSS&57[hg_event_rc_push_battery: 385]:(  208): hg_event_rc_push_battery_info: cur_cap = 86, is_charging = 1
01-01 00:01:42.081 F/DUSS&57[hg_event_rc_push_battery: 385]:(  208): hg_event_rc_push_battery_info: cur_cap = 86, is_charging = 1
01-01 00:01:42.671 F/DUSS&5a[ sys_process_motor_logic:  27]:(  211): sys_info->conn_pc = 1 app_type = 0
01-01 00:01:43.081 F/DUSS&57[hg_event_rc_push_battery: 385]:(  208): hg_event_rc_push_battery_info: cur_cap = 86, is_charging = 1
01-01 00:01:44.081 F/DUSS&57[hg_event_rc_push_battery: 385]:(  208): hg_event_rc_push_battery_info: cur_cap = 86, is_charging = 1
01-01 00:01:44.670 F/DUSS&5a[ sys_process_motor_logic:  27]:(  211): sys_info->conn_pc = 1 app_type = 0
01-01 00:01:45.084 F/DUSS&57[hg_event_rc_push_battery: 385]:(  208): hg_event_rc_push_battery_info: cur_cap = 86, is_charging = 1
01-01 00:01:45.212 F/DUSS&57[       hgui_event_update: 601]:(  208): hgui:del:id=26,type=0
01-01 00:01:45.227 F/DUSS&57[       report_lcd_to_mcu: 854]:(  208): lcd_to_mcu0: speed:0 0 0 0 speed_icon:0 0 0 mode:0 gps:0 0, rc:0 0 uav_bat:0 0 0 0 rpm:0, rpm_icon:0 0 0 vision_rec:0 0 0 0
01-01 00:01:45.227 F/DUSS&57[       report_lcd_to_mcu: 876]:(  208): lcd_to_mcu1: ev:0 0 0 sports_sd:0 0 0 0 clearance:0 0 0 height:0 0 0 0 distance:0 0 0 content: connected:0 misc:0
01-01 00:01:45.247 F/DUSS&57[       report_lcd_to_mcu: 854]:(  208): lcd_to_mcu0: speed:0 0 0 0 speed_icon:0 0 0 mode:0 gps:0 0, rc:0 0 uav_bat:0 0 0 0 rpm:0, rpm_icon:0 0 0 vision_rec:0 0 0 0
01-01 00:01:45.247 F/DUSS&57[       report_lcd_to_mcu: 876]:(  208): lcd_to_mcu1: ev:0 0 0 sports_sd:0 0 0 0 clearance:0 0 0 height:0 0 0 0 distance:0 0 0 content:CONNECTING_ connected:0 misc:0
01-01 00:01:46.081 F/DUSS&57[hg_event_rc_push_battery: 385]:(  208): hg_event_rc_push_battery_info: cur_cap = 86, is_charging = 1
01-01 00:01:46.671 F/DUSS&5a[ sys_process_motor_logic:  27]:(  211): sys_info->conn_pc = 1 app_type = 0
01-01 00:01:47.081 F/DUSS&57[hg_event_rc_push_battery: 385]:(  208): hg_event_rc_push_battery_info: cur_cap = 86, is_charging = 1
01-01 00:01:48.081 F/DUSS&57[hg_event_rc_push_battery: 385]:(  208): hg_event_rc_push_battery_info: cur_cap = 86, is_charging = 1
01-01 00:01:48.671 F/DUSS&5a[ sys_process_motor_logic:  27]:(  211): sys_info->conn_pc = 1 app_type = 0
01-01 00:01:49.081 F/DUSS&57[hg_event_rc_push_battery: 385]:(  208): hg_event_rc_push_battery_info: cur_cap = 86, is_charging = 1
01-01 00:01:50.081 F/DUSS&57[hg_event_rc_push_battery: 385]:(  208): hg_event_rc_push_battery_info: cur_cap = 86, is_charging = 1
01-01 00:01:50.671 F/DUSS&5a[ sys_process_motor_logic:  27]:(  211): sys_info->conn_pc = 1 app_type = 0
01-01 00:01:51.044 F/DUSS&57[           hdvt_cp_state: 784]:(  208): AMT test cur role 2
01-01 00:01:51.081 F/DUSS&57[hg_event_rc_push_battery: 385]:(  208): hg_event_rc_push_battery_info: cur_cap = 86, is_charging = 1
01-01 00:01:52.081 F/DUSS&57[hg_event_rc_push_battery: 385]:(  208): hg_event_rc_push_battery_info: cur_cap = 86, is_charging = 1
01-01 00:01:52.671 F/DUSS&5a[ sys_process_motor_logic:  27]:(  211): sys_info->conn_pc = 1 app_type = 0
01-01 00:01:53.081 F/DUSS&57[hg_event_rc_push_battery: 385]:(  208): hg_event_rc_push_battery_info: cur_cap = 86, is_charging = 1
01-01 00:01:54.081 F/DUSS&57[hg_event_rc_push_battery: 385]:(  208): hg_event_rc_push_battery_info: cur_cap = 86, is_charging = 1
01-01 00:01:54.671 F/DUSS&5a[ sys_process_motor_logic:  27]:(  211): sys_info->conn_pc = 1 app_type = 0
01-01 00:01:55.081 F/DUSS&57[hg_event_rc_push_battery: 385]:(  208): hg_event_rc_push_battery_info: cur_cap = 86, is_charging = 1
01-01 00:01:56.081 F/DUSS&57[hg_event_rc_push_battery: 385]:(  208): hg_event_rc_push_battery_info: cur_cap = 86, is_charging = 1
01-01 00:01:56.670 F/DUSS&5a[ sys_process_motor_logic:  27]:(  211): sys_info->conn_pc = 1 app_type = 0
01-01 00:01:57.081 F/DUSS&57[hg_event_rc_push_battery: 385]:(  208): hg_event_rc_push_battery_info: cur_cap = 86, is_charging = 1
01-01 00:01:58.081 F/DUSS&57[hg_event_rc_push_battery: 385]:(  208): hg_event_rc_push_battery_info: cur_cap = 86, is_charging = 1
01-01 00:01:58.671 F/DUSS&5a[ sys_process_motor_logic:  27]:(  211): sys_info->conn_pc = 1 app_type = 0
01-01 00:01:59.081 F/DUSS&57[hg_event_rc_push_battery: 385]:(  208): hg_event_rc_push_battery_info: cur_cap = 86, is_charging = 1
01-01 00:02:00.081 F/DUSS&57[hg_event_rc_push_battery: 385]:(  208): hg_event_rc_push_battery_info: cur_cap = 86, is_charging = 1
01-01 00:02:00.671 F/DUSS&5a[ sys_process_motor_logic:  27]:(  211): sys_info->conn_pc = 1 app_type = 0
01-01 00:02:01.081 F/DUSS&57[hg_event_rc_push_battery: 385]:(  208): hg_event_rc_push_battery_info: cur_cap = 86, is_charging = 1
01-01 00:02:02.081 F/DUSS&57[hg_event_rc_push_battery: 385]:(  208): hg_event_rc_push_battery_info: cur_cap = 86, is_charging = 1
01-01 00:02:02.671 F/DUSS&5a[ sys_process_motor_logic:  27]:(  211): sys_info->conn_pc = 1 app_type = 0
01-01 00:02:03.081 F/DUSS&57[hg_event_rc_push_battery: 385]:(  208): hg_event_rc_push_battery_info: cur_cap = 86, is_charging = 1
01-01 00:02:04.081 F/DUSS&57[hg_event_rc_push_battery: 385]:(  208): hg_event_rc_push_battery_info: cur_cap = 86, is_charging = 1
01-01 00:02:04.671 F/DUSS&5a[ sys_process_motor_logic:  27]:(  211): sys_info->conn_pc = 1 app_type = 0
01-01 00:02:05.081 F/DUSS&57[hg_event_rc_push_battery: 385]:(  208): hg_event_rc_push_battery_info: cur_cap = 86, is_charging = 1
01-01 00:02:06.082 F/DUSS&57[hg_event_rc_push_battery: 385]:(  208): hg_event_rc_push_battery_info: cur_cap = 86, is_charging = 1
01-01 00:02:06.670 F/DUSS&5a[ sys_process_motor_logic:  27]:(  211): sys_info->conn_pc = 1 app_type = 0
01-01 00:02:07.081 F/DUSS&57[hg_event_rc_push_battery: 385]:(  208): hg_event_rc_push_battery_info: cur_cap = 86, is_charging = 1
01-01 00:02:08.081 F/DUSS&57[hg_event_rc_push_battery: 385]:(  208): hg_event_rc_push_battery_info: cur_cap = 86, is_charging = 1
01-01 00:02:08.670 F/DUSS&5a[ sys_process_motor_logic:  27]:(  211): sys_info->conn_pc = 1 app_type = 0
01-01 00:02:09.081 F/DUSS&57[hg_event_rc_push_battery: 385]:(  208): hg_event_rc_push_battery_info: cur_cap = 86, is_charging = 1
01-01 00:02:10.081 F/DUSS&57[hg_event_rc_push_battery: 385]:(  208): hg_event_rc_push_battery_info: cur_cap = 86, is_charging = 1
01-01 00:02:10.670 F/DUSS&5a[ sys_process_motor_logic:  27]:(  211): sys_info->conn_pc = 1 app_type = 0
01-01 00:02:11.044 F/DUSS&57[           hdvt_cp_state: 784]:(  208): AMT test cur role 2
01-01 00:02:11.081 F/DUSS&57[hg_event_rc_push_battery: 385]:(  208): hg_event_rc_push_battery_info: cur_cap = 86, is_charging = 1
01-01 00:02:12.081 F/DUSS&57[hg_event_rc_push_battery: 385]:(  208): hg_event_rc_push_battery_info: cur_cap = 86, is_charging = 1
01-01 00:02:12.670 F/DUSS&5a[ sys_process_motor_logic:  27]:(  211): sys_info->conn_pc = 1 app_type = 0
01-01 00:02:13.081 F/DUSS&57[hg_event_rc_push_battery: 385]:(  208): hg_event_rc_push_battery_info: cur_cap = 86, is_charging = 1
01-01 00:02:14.081 F/DUSS&57[hg_event_rc_push_battery: 385]:(  208): hg_event_rc_push_battery_info: cur_cap = 86, is_charging = 1
01-01 00:02:14.670 F/DUSS&5a[ sys_process_motor_logic:  27]:(  211): sys_info->conn_pc = 1 app_type = 0
01-01 00:02:15.081 F/DUSS&57[hg_event_rc_push_battery: 385]:(  208): hg_event_rc_push_battery_info: cur_cap = 86, is_charging = 1
01-01 00:02:16.081 F/DUSS&57[hg_event_rc_push_battery: 385]:(  208): hg_event_rc_push_battery_info: cur_cap = 86, is_charging = 1
01-01 00:02:16.671 F/DUSS&5a[ sys_process_motor_logic:  27]:(  211): sys_info->conn_pc = 1 app_type = 0
01-01 00:02:17.081 F/DUSS&57[hg_event_rc_push_battery: 385]:(  208): hg_event_rc_push_battery_info: cur_cap = 86, is_charging = 1
01-01 00:02:18.081 F/DUSS&57[hg_event_rc_push_battery: 385]:(  208): hg_event_rc_push_battery_info: cur_cap = 86, is_charging = 1
01-01 00:02:18.670 F/DUSS&5a[ sys_process_motor_logic:  27]:(  211): sys_info->conn_pc = 1 app_type = 0
01-01 00:02:19.081 F/DUSS&57[hg_event_rc_push_battery: 385]:(  208): hg_event_rc_push_battery_info: cur_cap = 86, is_charging = 1
01-01 00:02:20.081 F/DUSS&57[hg_event_rc_push_battery: 385]:(  208): hg_event_rc_push_battery_info: cur_cap = 86, is_charging = 1
01-01 00:02:20.670 F/DUSS&5a[ sys_process_motor_logic:  27]:(  211): sys_info->conn_pc = 1 app_type = 0
01-01 00:02:21.081 F/DUSS&57[hg_event_rc_push_battery: 385]:(  208): hg_event_rc_push_battery_info: cur_cap = 86, is_charging = 1
01-01 00:02:22.081 F/DUSS&57[hg_event_rc_push_battery: 385]:(  208): hg_event_rc_push_battery_info: cur_cap = 86, is_charging = 1
01-01 00:02:22.671 F/DUSS&5a[ sys_process_motor_logic:  27]:(  211): sys_info->conn_pc = 1 app_type = 0
01-01 00:02:23.081 F/DUSS&57[hg_event_rc_push_battery: 385]:(  208): hg_event_rc_push_battery_info: cur_cap = 86, is_charging = 1
01-01 00:02:24.081 F/DUSS&57[hg_event_rc_push_battery: 385]:(  208): hg_event_rc_push_battery_info: cur_cap = 86, is_charging = 1
01-01 00:02:24.671 F/DUSS&5a[ sys_process_motor_logic:  27]:(  211): sys_info->conn_pc = 1 app_type = 0
01-01 00:02:25.081 F/DUSS&57[hg_event_rc_push_battery: 385]:(  208): hg_event_rc_push_battery_info: cur_cap = 86, is_charging = 1
01-01 00:02:26.081 F/DUSS&57[hg_event_rc_push_battery: 385]:(  208): hg_event_rc_push_battery_info: cur_cap = 86, is_charging = 1
01-01 00:02:26.671 F/DUSS&5a[ sys_process_motor_logic:  27]:(  211): sys_info->conn_pc = 1 app_type = 0
01-01 00:02:27.081 F/DUSS&57[hg_event_rc_push_battery: 385]:(  208): hg_event_rc_push_battery_info: cur_cap = 86, is_charging = 1
01-01 00:02:28.081 F/DUSS&57[hg_event_rc_push_battery: 385]:(  208): hg_event_rc_push_battery_info: cur_cap = 86, is_charging = 1
01-01 00:02:28.672 F/DUSS&5a[ sys_process_motor_logic:  27]:(  211): sys_info->conn_pc = 1 app_type = 0
01-01 00:02:29.081 F/DUSS&57[hg_event_rc_push_battery: 385]:(  208): hg_event_rc_push_battery_info: cur_cap = 86, is_charging = 1
01-01 00:02:30.081 F/DUSS&57[hg_event_rc_push_battery: 385]:(  208): hg_event_rc_push_battery_info: cur_cap = 86, is_charging = 1
01-01 00:02:30.670 F/DUSS&5a[ sys_process_motor_logic:  27]:(  211): sys_info->conn_pc = 1 app_type = 0
01-01 00:02:31.044 F/DUSS&57[           hdvt_cp_state: 784]:(  208): AMT test cur role 2
01-01 00:02:31.081 F/DUSS&57[hg_event_rc_push_battery: 385]:(  208): hg_event_rc_push_battery_info: cur_cap = 86, is_charging = 1
01-01 00:02:32.081 F/DUSS&57[hg_event_rc_push_battery: 385]:(  208): hg_event_rc_push_battery_info: cur_cap = 86, is_charging = 1
01-01 00:02:32.670 F/DUSS&5a[ sys_process_motor_logic:  27]:(  211): sys_info->conn_pc = 1 app_type = 0
01-01 00:02:33.081 F/DUSS&57[hg_event_rc_push_battery: 385]:(  208): hg_event_rc_push_battery_info: cur_cap = 86, is_charging = 1
01-01 00:02:34.081 F/DUSS&57[hg_event_rc_push_battery: 385]:(  208): hg_event_rc_push_battery_info: cur_cap = 86, is_charging = 1
01-01 00:02:34.670 F/DUSS&5a[ sys_process_motor_logic:  27]:(  211): sys_info->conn_pc = 1 app_type = 0
01-01 00:02:35.081 F/DUSS&57[hg_event_rc_push_battery: 385]:(  208): hg_event_rc_push_battery_info: cur_cap = 86, is_charging = 1
01-01 00:02:36.081 F/DUSS&57[hg_event_rc_push_battery: 385]:(  208): hg_event_rc_push_battery_info: cur_cap = 86, is_charging = 1
01-01 00:02:36.670 F/DUSS&5a[ sys_process_motor_logic:  27]:(  211): sys_info->conn_pc = 1 app_type = 0
01-01 00:02:37.081 F/DUSS&57[hg_event_rc_push_battery: 385]:(  208): hg_event_rc_push_battery_info: cur_cap = 86, is_charging = 1
01-01 00:02:38.081 F/DUSS&57[hg_event_rc_push_battery: 385]:(  208): hg_event_rc_push_battery_info: cur_cap = 86, is_charging = 1
01-01 00:02:38.670 F/DUSS&5a[ sys_process_motor_logic:  27]:(  211): sys_info->conn_pc = 1 app_type = 0
01-01 00:02:39.081 F/DUSS&57[hg_event_rc_push_battery: 385]:(  208): hg_event_rc_push_battery_info: cur_cap = 86, is_charging = 1
01-01 00:02:40.081 F/DUSS&57[hg_event_rc_push_battery: 385]:(  208): hg_event_rc_push_battery_info: cur_cap = 86, is_charging = 1
