--------- beginning of /dev/log/main
01-01 00:00:08.357 F/DUSS&64[    sdrs_firmware_upload: 291]:(  165): tmp modemarm.fw
01-01 00:00:08.357 F/DUSS&64[    sdrs_firmware_upload: 291]:(  165): tmp modemdsp_gnd.fw
01-01 00:00:08.357 F/DUSS&64[    sdrs_firmware_upload: 291]:(  165): tmp modemdsp_uav.fw
01-01 00:00:08.539 F/DUSS&5a[           sys_read_ssid: 819]:(  214): Failed to get ssid
01-01 00:00:08.548 F/DUSS&44[           sketch_atexit:  52]:(  262): Some one called exit(), please check!
01-01 00:00:08.574 F/DUSS&5a[           sys_save_file: 736]:(  214): Saved wifi config: /amt/wifi.config
01-01 00:00:08.617 F/DUSS&44[           sketch_atexit:  52]:(  275): Some one called exit(), please check!
01-01 00:00:08.691 F/DUSS&44[           sketch_atexit:  52]:(  287): Some one called exit(), please check!
01-01 00:00:08.747 F/DUSS&64[    sdrs_firmware_upload: 318]:(  165): upload firmware loop 0 for 0 ok
01-01 00:00:09.071 F/DUSS&64[    sdrs_firmware_upload: 318]:(  165): upload firmware loop 0 for 1 ok
01-01 00:00:09.370 F/DUSS&64[    sdrs_firmware_upload: 318]:(  165): upload firmware loop 0 for 2 ok
01-01 00:00:09.380 F/DUSS&64[   sdrs_firmware_release: 363]:(  165): change modemarm to oqfgocto.ipf_hy
01-01 00:00:09.380 F/DUSS&64[   sdrs_firmware_release: 363]:(  165): change modemdsp_gnd to oqfgofur.ipf_hy
01-01 00:00:09.380 F/DUSS&64[   sdrs_firmware_release: 363]:(  165): change modemdsp_uav to oqfgofur.wcx.fw
01-01 00:00:09.380 F/DUSS&64[   sdrs_firmware_release: 371]:(  165): remove /tmp/oqfgofur.ipf_hy
01-01 00:00:09.458 F/DUSS&64[    sdrs_firmware_upload: 291]:(  165): tmp modemarm.fw
01-01 00:00:09.458 F/DUSS&64[    sdrs_firmware_upload: 291]:(  165): tmp modemdsp_gnd.fw
01-01 00:00:09.458 F/DUSS&64[    sdrs_firmware_upload: 291]:(  165): tmp modemdsp_uav.fw
01-01 00:00:09.722 F/DUSS&64[    sdrs_firmware_upload: 318]:(  165): upload firmware loop 0 for 0 ok
01-01 00:00:09.757 F/DUSS&44[           sketch_atexit:  52]:(  379): Some one called exit(), please check!
01-01 00:00:10.027 F/DUSS&64[    sdrs_firmware_upload: 318]:(  165): upload firmware loop 0 for 1 ok
01-01 00:00:10.306 F/DUSS&64[    sdrs_firmware_upload: 318]:(  165): upload firmware loop 0 for 2 ok
01-01 00:00:10.422 F/DUSS&64[   sdrs_firmware_release: 363]:(  165): change modemarm to oqfgocto.ipf_hy
01-01 00:00:10.422 F/DUSS&64[   sdrs_firmware_release: 363]:(  165): change modemdsp_gnd to oqfgofur.ipf_hy
01-01 00:00:10.422 F/DUSS&64[   sdrs_firmware_release: 363]:(  165): change modemdsp_uav to oqfgofur.wcx.fw
01-01 00:00:10.422 F/DUSS&64[   sdrs_firmware_release: 371]:(  165): remove /tmp/oqfgofur.ipf_hy
01-01 00:00:10.657 F/DUSS&5a[ sys_process_motor_logic:  27]:(  214): sys_info->conn_pc = 1 app_type = 0
01-01 00:00:10.873 F/DUSS&42[       tm_monitor_thread:  89]:(  210): Process need be restarted: 416!
01-01 00:00:10.950 F/DUSS&42[       tm_monitor_thread:  89]:(  210): Process need be restarted: 416!
01-01 00:00:10.995 F/DUSS&44[           sketch_atexit:  52]:(  416): Some one called exit(), please check!
01-01 00:00:11.018 F/DUSS&57[           hg_dump_dmesg:  81]:(  212): <6>[    0.090364] c0 1 (swapper/0) parse_bootup_reason: +++++++++start of day reason: onkey
01-01 00:00:11.018 F/DUSS&57[           hg_dump_dmesg:  81]:(  212): <6>[    0.090391] c0 1 (swapper/0) parse_shutdown_reason: ----------last end of day reason: unknown
01-01 00:00:11.018 F/DUSS&57[           hg_dump_dmesg:  81]:(  212): 
01-01 00:00:11.057 F/DUSS&57[hdvt_amt_create_process_: 557]:(  212): used defalut gpio for amt 155 156
01-01 00:00:11.065 F/DUSS&57[            nvram_update: 131]:(  212): update cp nvram crc ea63, ea63
01-01 00:00:11.085 F/DUSS&57[     report_value_to_uav:2659]:(  212): Radio_to_uav:    0    0    0    0 1024 1024   37 - 0, 0, 0, 0, 0, 0, 0, 0, 0, 0, 0, 0, 0, 0
01-01 00:00:11.107 F/DUSS&57[       report_lcd_to_mcu: 854]:(  212): lcd_to_mcu0: speed:0 0 0 0 speed_icon:0 0 0 mode:0 gps:0 0, rc:0 0 uav_bat:0 0 0 0 rpm:0, rpm_icon:0 0 0 vision_rec:0 0 0 0
01-01 00:00:11.107 F/DUSS&57[       report_lcd_to_mcu: 876]:(  212): lcd_to_mcu1: ev:0 0 0 sports_sd:0 0 0 0 clearance:0 0 0 height:0 0 0 0 distance:0 0 0 content:CONNECTING_ connected:0 misc:0
01-01 00:00:11.109 F/DUSS&57[     report_value_to_uav:2659]:(  212): Radio_to_uav:  364 1024  364 1024 1024 1024   40 - 0, 0, 0, 0, 0, 0, 0, 0, 0, 0, 0, 0, 0, 0
01-01 00:00:11.109 F/DUSS&57[     report_value_to_uav:2701]:(  212): Incorrect packet interval: packet_id 00000040, interval 24 ms
01-01 00:00:11.137 F/DUSS&57[     report_value_to_uav:2659]:(  212): Radio_to_uav: 1024 1024  364 1024 1024 1024   42 - 0, 0, 0, 0, 0, 0, 0, 0, 0, 0, 0, 0, 0, 0
01-01 00:00:11.179 F/DUSS&57[     report_value_to_uav:2659]:(  212): Radio_to_uav: 1024 1024 1024 1024 1024 1024   47 - 0, 0, 0, 0, 0, 0, 0, 0, 0, 0, 0, 0, 0, 0
01-01 00:00:11.242 F/DUSS&57[hdvt_sdrs_ctrl_set_state: 964]:(  212): sdr_ctrl state change 0 to 1, time 4610574
01-01 00:00:11.385 F/DUSS&57[       hgui_event_update: 591]:(  212): hgui:add:id=21,type=0
01-01 00:00:11.752 F/DUSS&57[    hg_enable_ip_address: 145]:(  212): lmi42 up ok
01-01 00:00:11.761 F/DUSS&57[    hg_enable_ip_address: 152]:(  212): lmi42 flush ok
01-01 00:00:11.769 F/DUSS&57[    hg_enable_ip_address: 163]:(  212): lmi42 cfg ok
01-01 00:00:11.778 F/DUSS&57[    hg_enable_ip_address: 170]:(  212): lmi42 route ok 
01-01 00:00:12.058 F/DUSS&57[hdvt_sdr_calibrantion_se:1877]:(  212): nvram RF calibration 17-12-15 11:02
01-01 00:00:12.058 F/DUSS&57[hdvt_sdr_calibrantion_se:1884]:(  212): nvram  0x1200, type 0, afc[0, 0], agc_corse[1, 1], agc_fine[0, 0], apc[1, 1], pwr[1, 1], bler[1, 1]
01-01 00:00:12.137 F/DUSS&57[hg_event_rc_push_battery: 385]:(  212): hg_event_rc_push_battery_info: cur_cap = 76, is_charging = 1
01-01 00:00:12.657 F/DUSS&5a[ sys_process_motor_logic:  27]:(  214): sys_info->conn_pc = 1 app_type = 0
01-01 00:00:13.137 F/DUSS&57[hg_event_rc_push_battery: 385]:(  212): hg_event_rc_push_battery_info: cur_cap = 76, is_charging = 1
01-01 00:00:14.078 F/DUSS&44[           sketch_atexit:  52]:(  575): Some one called exit(), please check!
01-01 00:00:14.137 F/DUSS&57[hg_event_rc_push_battery: 385]:(  212): hg_event_rc_push_battery_info: cur_cap = 76, is_charging = 1
01-01 00:00:14.168 F/DUSS&44[           sketch_atexit:  52]:(  583): Some one called exit(), please check!
01-01 00:00:14.247 F/DUSS&44[           sketch_atexit:  52]:(  593): Some one called exit(), please check!
01-01 00:00:14.327 F/DUSS&44[           sketch_atexit:  52]:(  601): Some one called exit(), please check!
01-01 00:00:14.658 F/DUSS&5a[ sys_process_motor_logic:  27]:(  214): sys_info->conn_pc = 1 app_type = 0
01-01 00:00:15.137 F/DUSS&57[hg_event_rc_push_battery: 385]:(  212): hg_event_rc_push_battery_info: cur_cap = 76, is_charging = 1
01-01 00:00:16.137 F/DUSS&57[hg_event_rc_push_battery: 385]:(  212): hg_event_rc_push_battery_info: cur_cap = 76, is_charging = 1
01-01 00:00:16.658 F/DUSS&5a[ sys_process_motor_logic:  27]:(  214): sys_info->conn_pc = 1 app_type = 0
01-01 00:00:17.137 F/DUSS&57[hg_event_rc_push_battery: 385]:(  212): hg_event_rc_push_battery_info: cur_cap = 76, is_charging = 1
01-01 00:00:18.137 F/DUSS&57[hg_event_rc_push_battery: 385]:(  212): hg_event_rc_push_battery_info: cur_cap = 76, is_charging = 1
01-01 00:00:18.658 F/DUSS&5a[ sys_process_motor_logic:  27]:(  214): sys_info->conn_pc = 1 app_type = 0
01-01 00:00:19.137 F/DUSS&57[hg_event_rc_push_battery: 385]:(  212): hg_event_rc_push_battery_info: cur_cap = 76, is_charging = 1
01-01 00:00:20.137 F/DUSS&57[hg_event_rc_push_battery: 385]:(  212): hg_event_rc_push_battery_info: cur_cap = 76, is_charging = 1
01-01 00:00:20.657 F/DUSS&5a[ sys_process_motor_logic:  27]:(  214): sys_info->conn_pc = 1 app_type = 0
01-01 00:00:21.137 F/DUSS&57[hg_event_rc_push_battery: 385]:(  212): hg_event_rc_push_battery_info: cur_cap = 76, is_charging = 1
01-01 00:00:22.137 F/DUSS&57[hg_event_rc_push_battery: 385]:(  212): hg_event_rc_push_battery_info: cur_cap = 76, is_charging = 1
01-01 00:00:22.658 F/DUSS&5a[ sys_process_motor_logic:  27]:(  214): sys_info->conn_pc = 1 app_type = 0
01-01 00:00:23.137 F/DUSS&57[hg_event_rc_push_battery: 385]:(  212): hg_event_rc_push_battery_info: cur_cap = 76, is_charging = 1
01-01 00:00:24.137 F/DUSS&57[hg_event_rc_push_battery: 385]:(  212): hg_event_rc_push_battery_info: cur_cap = 76, is_charging = 1
01-01 00:00:24.658 F/DUSS&5a[ sys_process_motor_logic:  27]:(  214): sys_info->conn_pc = 1 app_type = 0
01-01 00:00:25.137 F/DUSS&57[hg_event_rc_push_battery: 385]:(  212): hg_event_rc_push_battery_info: cur_cap = 76, is_charging = 1
01-01 00:00:26.137 F/DUSS&57[hg_event_rc_push_battery: 385]:(  212): hg_event_rc_push_battery_info: cur_cap = 76, is_charging = 1
01-01 00:00:26.658 F/DUSS&5a[ sys_process_motor_logic:  27]:(  214): sys_info->conn_pc = 1 app_type = 0
01-01 00:00:27.137 F/DUSS&57[hg_event_rc_push_battery: 385]:(  212): hg_event_rc_push_battery_info: cur_cap = 76, is_charging = 1
01-01 00:00:28.137 F/DUSS&57[hg_event_rc_push_battery: 385]:(  212): hg_event_rc_push_battery_info: cur_cap = 76, is_charging = 1
01-01 00:00:28.657 F/DUSS&5a[ sys_process_motor_logic:  27]:(  214): sys_info->conn_pc = 1 app_type = 0
01-01 00:00:29.137 F/DUSS&57[hg_event_rc_push_battery: 385]:(  212): hg_event_rc_push_battery_info: cur_cap = 76, is_charging = 1
01-01 00:00:30.137 F/DUSS&57[hg_event_rc_push_battery: 385]:(  212): hg_event_rc_push_battery_info: cur_cap = 76, is_charging = 1
01-01 00:00:30.658 F/DUSS&5a[ sys_process_motor_logic:  27]:(  214): sys_info->conn_pc = 1 app_type = 0
01-01 00:00:31.105 F/DUSS&57[           hdvt_cp_state: 784]:(  212): AMT test cur role 2
01-01 00:00:31.137 F/DUSS&57[hg_event_rc_push_battery: 385]:(  212): hg_event_rc_push_battery_info: cur_cap = 76, is_charging = 1
01-01 00:00:32.137 F/DUSS&57[hg_event_rc_push_battery: 385]:(  212): hg_event_rc_push_battery_info: cur_cap = 76, is_charging = 1
01-01 00:00:32.658 F/DUSS&5a[ sys_process_motor_logic:  27]:(  214): sys_info->conn_pc = 1 app_type = 0
01-01 00:00:33.137 F/DUSS&57[hg_event_rc_push_battery: 385]:(  212): hg_event_rc_push_battery_info: cur_cap = 76, is_charging = 1
01-01 00:00:34.137 F/DUSS&57[hg_event_rc_push_battery: 385]:(  212): hg_event_rc_push_battery_info: cur_cap = 76, is_charging = 1
01-01 00:00:34.658 F/DUSS&5a[ sys_process_motor_logic:  27]:(  214): sys_info->conn_pc = 1 app_type = 0
01-01 00:00:35.137 F/DUSS&57[hg_event_rc_push_battery: 385]:(  212): hg_event_rc_push_battery_info: cur_cap = 76, is_charging = 1
01-01 00:00:36.137 F/DUSS&57[hg_event_rc_push_battery: 385]:(  212): hg_event_rc_push_battery_info: cur_cap = 76, is_charging = 1
01-01 00:00:36.657 F/DUSS&5a[ sys_process_motor_logic:  27]:(  214): sys_info->conn_pc = 1 app_type = 0
01-01 00:00:37.137 F/DUSS&57[hg_event_rc_push_battery: 385]:(  212): hg_event_rc_push_battery_info: cur_cap = 76, is_charging = 1
01-01 00:00:38.137 F/DUSS&57[hg_event_rc_push_battery: 385]:(  212): hg_event_rc_push_battery_info: cur_cap = 76, is_charging = 1
01-01 00:00:38.658 F/DUSS&5a[ sys_process_motor_logic:  27]:(  214): sys_info->conn_pc = 1 app_type = 0
01-01 00:00:39.137 F/DUSS&57[hg_event_rc_push_battery: 385]:(  212): hg_event_rc_push_battery_info: cur_cap = 76, is_charging = 1
01-01 00:00:40.137 F/DUSS&57[hg_event_rc_push_battery: 385]:(  212): hg_event_rc_push_battery_info: cur_cap = 76, is_charging = 1
01-01 00:00:40.658 F/DUSS&5a[ sys_process_motor_logic:  27]:(  214): sys_info->conn_pc = 1 app_type = 0
01-01 00:00:41.137 F/DUSS&57[hg_event_rc_push_battery: 385]:(  212): hg_event_rc_push_battery_info: cur_cap = 76, is_charging = 1
01-01 00:00:42.137 F/DUSS&57[hg_event_rc_push_battery: 385]:(  212): hg_event_rc_push_battery_info: cur_cap = 76, is_charging = 1
01-01 00:00:42.658 F/DUSS&5a[ sys_process_motor_logic:  27]:(  214): sys_info->conn_pc = 1 app_type = 0
01-01 00:00:43.137 F/DUSS&57[hg_event_rc_push_battery: 385]:(  212): hg_event_rc_push_battery_info: cur_cap = 76, is_charging = 1
01-01 00:00:44.137 F/DUSS&57[hg_event_rc_push_battery: 385]:(  212): hg_event_rc_push_battery_info: cur_cap = 76, is_charging = 1
01-01 00:00:44.657 F/DUSS&5a[ sys_process_motor_logic:  27]:(  214): sys_info->conn_pc = 1 app_type = 0
01-01 00:00:45.137 F/DUSS&57[hg_event_rc_push_battery: 385]:(  212): hg_event_rc_push_battery_info: cur_cap = 76, is_charging = 1
01-01 00:00:46.137 F/DUSS&57[hg_event_rc_push_battery: 385]:(  212): hg_event_rc_push_battery_info: cur_cap = 76, is_charging = 1
01-01 00:00:46.657 F/DUSS&5a[ sys_process_motor_logic:  27]:(  214): sys_info->conn_pc = 1 app_type = 0
01-01 00:00:47.137 F/DUSS&57[hg_event_rc_push_battery: 385]:(  212): hg_event_rc_push_battery_info: cur_cap = 76, is_charging = 1
01-01 00:00:48.137 F/DUSS&57[hg_event_rc_push_battery: 385]:(  212): hg_event_rc_push_battery_info: cur_cap = 76, is_charging = 1
01-01 00:00:48.657 F/DUSS&5a[ sys_process_motor_logic:  27]:(  214): sys_info->conn_pc = 1 app_type = 0
01-01 00:00:49.137 F/DUSS&57[hg_event_rc_push_battery: 385]:(  212): hg_event_rc_push_battery_info: cur_cap = 76, is_charging = 1
01-01 00:00:50.137 F/DUSS&57[hg_event_rc_push_battery: 385]:(  212): hg_event_rc_push_battery_info: cur_cap = 76, is_charging = 1
01-01 00:00:50.657 F/DUSS&5a[ sys_process_motor_logic:  27]:(  214): sys_info->conn_pc = 1 app_type = 0
01-01 00:00:51.105 F/DUSS&57[           hdvt_cp_state: 784]:(  212): AMT test cur role 2
01-01 00:00:51.137 F/DUSS&57[hg_event_rc_push_battery: 385]:(  212): hg_event_rc_push_battery_info: cur_cap = 76, is_charging = 1
01-01 00:00:52.137 F/DUSS&57[hg_event_rc_push_battery: 385]:(  212): hg_event_rc_push_battery_info: cur_cap = 76, is_charging = 1
01-01 00:00:52.657 F/DUSS&5a[ sys_process_motor_logic:  27]:(  214): sys_info->conn_pc = 1 app_type = 0
01-01 00:00:53.137 F/DUSS&57[hg_event_rc_push_battery: 385]:(  212): hg_event_rc_push_battery_info: cur_cap = 76, is_charging = 1
01-01 00:00:54.137 F/DUSS&57[hg_event_rc_push_battery: 385]:(  212): hg_event_rc_push_battery_info: cur_cap = 76, is_charging = 1
01-01 00:00:54.657 F/DUSS&5a[ sys_process_motor_logic:  27]:(  214): sys_info->conn_pc = 1 app_type = 0
01-01 00:00:55.137 F/DUSS&57[hg_event_rc_push_battery: 385]:(  212): hg_event_rc_push_battery_info: cur_cap = 76, is_charging = 1
01-01 00:00:56.137 F/DUSS&57[hg_event_rc_push_battery: 385]:(  212): hg_event_rc_push_battery_info: cur_cap = 76, is_charging = 1
01-01 00:00:56.657 F/DUSS&5a[ sys_process_motor_logic:  27]:(  214): sys_info->conn_pc = 1 app_type = 0
01-01 00:00:57.137 F/DUSS&57[hg_event_rc_push_battery: 385]:(  212): hg_event_rc_push_battery_info: cur_cap = 76, is_charging = 1
01-01 00:00:58.137 F/DUSS&57[hg_event_rc_push_battery: 385]:(  212): hg_event_rc_push_battery_info: cur_cap = 76, is_charging = 1
01-01 00:00:58.657 F/DUSS&5a[ sys_process_motor_logic:  27]:(  214): sys_info->conn_pc = 1 app_type = 0
01-01 00:00:59.137 F/DUSS&57[hg_event_rc_push_battery: 385]:(  212): hg_event_rc_push_battery_info: cur_cap = 76, is_charging = 1
01-01 00:01:00.137 F/DUSS&57[hg_event_rc_push_battery: 385]:(  212): hg_event_rc_push_battery_info: cur_cap = 76, is_charging = 1
01-01 00:01:00.657 F/DUSS&5a[ sys_process_motor_logic:  27]:(  214): sys_info->conn_pc = 1 app_type = 0
01-01 00:01:01.137 F/DUSS&57[hg_event_rc_push_battery: 385]:(  212): hg_event_rc_push_battery_info: cur_cap = 76, is_charging = 1
01-01 00:01:02.137 F/DUSS&57[hg_event_rc_push_battery: 385]:(  212): hg_event_rc_push_battery_info: cur_cap = 76, is_charging = 1
01-01 00:01:02.657 F/DUSS&5a[ sys_process_motor_logic:  27]:(  214): sys_info->conn_pc = 1 app_type = 0
01-01 00:01:03.137 F/DUSS&57[hg_event_rc_push_battery: 385]:(  212): hg_event_rc_push_battery_info: cur_cap = 76, is_charging = 1
01-01 00:01:04.137 F/DUSS&57[hg_event_rc_push_battery: 385]:(  212): hg_event_rc_push_battery_info: cur_cap = 76, is_charging = 1
01-01 00:01:04.657 F/DUSS&5a[ sys_process_motor_logic:  27]:(  214): sys_info->conn_pc = 1 app_type = 0
01-01 00:01:05.137 F/DUSS&57[hg_event_rc_push_battery: 385]:(  212): hg_event_rc_push_battery_info: cur_cap = 76, is_charging = 1
01-01 00:01:06.137 F/DUSS&57[hg_event_rc_push_battery: 385]:(  212): hg_event_rc_push_battery_info: cur_cap = 76, is_charging = 1
01-01 00:01:06.657 F/DUSS&5a[ sys_process_motor_logic:  27]:(  214): sys_info->conn_pc = 1 app_type = 0
01-01 00:01:07.137 F/DUSS&57[hg_event_rc_push_battery: 385]:(  212): hg_event_rc_push_battery_info: cur_cap = 76, is_charging = 1
01-01 00:01:08.137 F/DUSS&57[hg_event_rc_push_battery: 385]:(  212): hg_event_rc_push_battery_info: cur_cap = 76, is_charging = 1
01-01 00:01:08.657 F/DUSS&5a[ sys_process_motor_logic:  27]:(  214): sys_info->conn_pc = 1 app_type = 0
01-01 00:01:09.137 F/DUSS&57[hg_event_rc_push_battery: 385]:(  212): hg_event_rc_push_battery_info: cur_cap = 76, is_charging = 1
01-01 00:01:10.137 F/DUSS&57[hg_event_rc_push_battery: 385]:(  212): hg_event_rc_push_battery_info: cur_cap = 76, is_charging = 1
01-01 00:01:10.657 F/DUSS&5a[ sys_process_motor_logic:  27]:(  214): sys_info->conn_pc = 1 app_type = 0
01-01 00:01:11.105 F/DUSS&57[           hdvt_cp_state: 784]:(  212): AMT test cur role 2
01-01 00:01:11.137 F/DUSS&57[hg_event_rc_push_battery: 385]:(  212): hg_event_rc_push_battery_info: cur_cap = 76, is_charging = 1
01-01 00:01:12.137 F/DUSS&57[hg_event_rc_push_battery: 385]:(  212): hg_event_rc_push_battery_info: cur_cap = 76, is_charging = 1
01-01 00:01:12.657 F/DUSS&5a[ sys_process_motor_logic:  27]:(  214): sys_info->conn_pc = 1 app_type = 0
01-01 00:01:13.137 F/DUSS&57[hg_event_rc_push_battery: 385]:(  212): hg_event_rc_push_battery_info: cur_cap = 76, is_charging = 1
01-01 00:01:14.137 F/DUSS&57[hg_event_rc_push_battery: 385]:(  212): hg_event_rc_push_battery_info: cur_cap = 76, is_charging = 1
01-01 00:01:14.657 F/DUSS&5a[ sys_process_motor_logic:  27]:(  214): sys_info->conn_pc = 1 app_type = 0
01-01 00:01:15.137 F/DUSS&57[hg_event_rc_push_battery: 385]:(  212): hg_event_rc_push_battery_info: cur_cap = 76, is_charging = 1
01-01 00:01:16.137 F/DUSS&57[hg_event_rc_push_battery: 385]:(  212): hg_event_rc_push_battery_info: cur_cap = 77, is_charging = 1
01-01 00:01:16.657 F/DUSS&5a[ sys_process_motor_logic:  27]:(  214): sys_info->conn_pc = 1 app_type = 0
01-01 00:01:17.137 F/DUSS&57[hg_event_rc_push_battery: 385]:(  212): hg_event_rc_push_battery_info: cur_cap = 77, is_charging = 1
02-04 22:14:52.008 F/DUSS&63[      sys_event_set_date: 101]:(  214): Got sys_event_set_date message: 2019.02.04-22:14:52, result 0
02-04 22:14:52.248 F/DUSS&57[hg_event_rc_push_battery: 385]:(  212): hg_event_rc_push_battery_info: cur_cap = 77, is_charging = 1
02-04 22:14:52.768 F/DUSS&5a[ sys_process_motor_logic:  27]:(  214): sys_info->conn_pc = 1 app_type = 0
02-04 22:14:53.248 F/DUSS&57[hg_event_rc_push_battery: 385]:(  212): hg_event_rc_push_battery_info: cur_cap = 77, is_charging = 1
02-04 22:14:54.248 F/DUSS&57[hg_event_rc_push_battery: 385]:(  212): hg_event_rc_push_battery_info: cur_cap = 77, is_charging = 1
02-04 22:14:54.768 F/DUSS&5a[ sys_process_motor_logic:  27]:(  214): sys_info->conn_pc = 1 app_type = 0
02-04 22:14:55.248 F/DUSS&57[hg_event_rc_push_battery: 385]:(  212): hg_event_rc_push_battery_info: cur_cap = 77, is_charging = 1
02-04 22:14:56.248 F/DUSS&57[hg_event_rc_push_battery: 385]:(  212): hg_event_rc_push_battery_info: cur_cap = 77, is_charging = 1
02-04 22:14:56.768 F/DUSS&5a[ sys_process_motor_logic:  27]:(  214): sys_info->conn_pc = 1 app_type = 0
02-04 22:14:57.248 F/DUSS&57[hg_event_rc_push_battery: 385]:(  212): hg_event_rc_push_battery_info: cur_cap = 77, is_charging = 1
02-04 22:14:58.248 F/DUSS&57[hg_event_rc_push_battery: 385]:(  212): hg_event_rc_push_battery_info: cur_cap = 77, is_charging = 1
02-04 22:14:58.768 F/DUSS&5a[ sys_process_motor_logic:  27]:(  214): sys_info->conn_pc = 1 app_type = 0
02-04 22:14:59.248 F/DUSS&57[hg_event_rc_push_battery: 385]:(  212): hg_event_rc_push_battery_info: cur_cap = 77, is_charging = 1
02-04 22:15:00.248 F/DUSS&57[hg_event_rc_push_battery: 385]:(  212): hg_event_rc_push_battery_info: cur_cap = 77, is_charging = 1
02-04 22:15:00.768 F/DUSS&5a[ sys_process_motor_logic:  27]:(  214): sys_info->conn_pc = 1 app_type = 0
02-04 22:15:01.248 F/DUSS&57[hg_event_rc_push_battery: 385]:(  212): hg_event_rc_push_battery_info: cur_cap = 77, is_charging = 1
02-04 22:15:02.248 F/DUSS&57[hg_event_rc_push_battery: 385]:(  212): hg_event_rc_push_battery_info: cur_cap = 77, is_charging = 1
02-04 22:15:02.768 F/DUSS&5a[ sys_process_motor_logic:  27]:(  214): sys_info->conn_pc = 1 app_type = 0
02-04 22:15:03.248 F/DUSS&57[hg_event_rc_push_battery: 385]:(  212): hg_event_rc_push_battery_info: cur_cap = 77, is_charging = 1
02-04 22:15:04.248 F/DUSS&57[hg_event_rc_push_battery: 385]:(  212): hg_event_rc_push_battery_info: cur_cap = 77, is_charging = 1
02-04 22:15:04.768 F/DUSS&5a[ sys_process_motor_logic:  27]:(  214): sys_info->conn_pc = 1 app_type = 0
02-04 22:15:05.216 F/DUSS&57[           hdvt_cp_state: 784]:(  212): AMT test cur role 2
02-04 22:15:05.248 F/DUSS&57[hg_event_rc_push_battery: 385]:(  212): hg_event_rc_push_battery_info: cur_cap = 77, is_charging = 1
02-04 22:15:06.248 F/DUSS&57[hg_event_rc_push_battery: 385]:(  212): hg_event_rc_push_battery_info: cur_cap = 77, is_charging = 1
02-04 22:15:06.768 F/DUSS&5a[ sys_process_motor_logic:  27]:(  214): sys_info->conn_pc = 1 app_type = 0
02-04 22:15:07.248 F/DUSS&57[hg_event_rc_push_battery: 385]:(  212): hg_event_rc_push_battery_info: cur_cap = 77, is_charging = 1
02-04 22:15:08.248 F/DUSS&57[hg_event_rc_push_battery: 385]:(  212): hg_event_rc_push_battery_info: cur_cap = 77, is_charging = 1
02-04 22:15:08.768 F/DUSS&5a[ sys_process_motor_logic:  27]:(  214): sys_info->conn_pc = 1 app_type = 0
02-04 22:15:09.248 F/DUSS&57[hg_event_rc_push_battery: 385]:(  212): hg_event_rc_push_battery_info: cur_cap = 77, is_charging = 1
02-04 22:15:10.248 F/DUSS&57[hg_event_rc_push_battery: 385]:(  212): hg_event_rc_push_battery_info: cur_cap = 77, is_charging = 1
02-04 22:15:10.768 F/DUSS&5a[ sys_process_motor_logic:  27]:(  214): sys_info->conn_pc = 1 app_type = 0
02-04 22:15:11.248 F/DUSS&57[hg_event_rc_push_battery: 385]:(  212): hg_event_rc_push_battery_info: cur_cap = 77, is_charging = 1
02-04 22:15:12.248 F/DUSS&57[hg_event_rc_push_battery: 385]:(  212): hg_event_rc_push_battery_info: cur_cap = 77, is_charging = 1
02-04 22:15:12.768 F/DUSS&5a[ sys_process_motor_logic:  27]:(  214): sys_info->conn_pc = 1 app_type = 0
02-04 22:15:13.248 F/DUSS&57[hg_event_rc_push_battery: 385]:(  212): hg_event_rc_push_battery_info: cur_cap = 77, is_charging = 1
02-04 22:15:14.248 F/DUSS&57[hg_event_rc_push_battery: 385]:(  212): hg_event_rc_push_battery_info: cur_cap = 77, is_charging = 1
02-04 22:15:14.768 F/DUSS&5a[ sys_process_motor_logic:  27]:(  214): sys_info->conn_pc = 1 app_type = 0
02-04 22:15:15.248 F/DUSS&57[hg_event_rc_push_battery: 385]:(  212): hg_event_rc_push_battery_info: cur_cap = 77, is_charging = 1
02-04 22:15:16.248 F/DUSS&57[hg_event_rc_push_battery: 385]:(  212): hg_event_rc_push_battery_info: cur_cap = 77, is_charging = 1
02-04 22:15:16.768 F/DUSS&5a[ sys_process_motor_logic:  27]:(  214): sys_info->conn_pc = 1 app_type = 0
02-04 22:15:17.248 F/DUSS&57[hg_event_rc_push_battery: 385]:(  212): hg_event_rc_push_battery_info: cur_cap = 77, is_charging = 1
02-04 22:15:18.248 F/DUSS&57[hg_event_rc_push_battery: 385]:(  212): hg_event_rc_push_battery_info: cur_cap = 77, is_charging = 1
02-04 22:15:18.768 F/DUSS&5a[ sys_process_motor_logic:  27]:(  214): sys_info->conn_pc = 1 app_type = 0
02-04 22:15:19.248 F/DUSS&57[hg_event_rc_push_battery: 385]:(  212): hg_event_rc_push_battery_info: cur_cap = 77, is_charging = 1
02-04 22:15:20.248 F/DUSS&57[hg_event_rc_push_battery: 385]:(  212): hg_event_rc_push_battery_info: cur_cap = 77, is_charging = 1
02-04 22:15:20.768 F/DUSS&5a[ sys_process_motor_logic:  27]:(  214): sys_info->conn_pc = 1 app_type = 0
02-04 22:15:21.248 F/DUSS&57[hg_event_rc_push_battery: 385]:(  212): hg_event_rc_push_battery_info: cur_cap = 77, is_charging = 1
02-04 22:15:22.248 F/DUSS&57[hg_event_rc_push_battery: 385]:(  212): hg_event_rc_push_battery_info: cur_cap = 77, is_charging = 1
02-04 22:15:22.768 F/DUSS&5a[ sys_process_motor_logic:  27]:(  214): sys_info->conn_pc = 1 app_type = 0
02-04 22:15:23.248 F/DUSS&57[hg_event_rc_push_battery: 385]:(  212): hg_event_rc_push_battery_info: cur_cap = 77, is_charging = 1
02-04 22:15:24.248 F/DUSS&57[hg_event_rc_push_battery: 385]:(  212): hg_event_rc_push_battery_info: cur_cap = 77, is_charging = 1
02-04 22:15:24.768 F/DUSS&5a[ sys_process_motor_logic:  27]:(  214): sys_info->conn_pc = 1 app_type = 0
02-04 22:15:25.216 F/DUSS&57[           hdvt_cp_state: 784]:(  212): AMT test cur role 2
02-04 22:15:25.248 F/DUSS&57[hg_event_rc_push_battery: 385]:(  212): hg_event_rc_push_battery_info: cur_cap = 77, is_charging = 1
02-04 22:15:26.248 F/DUSS&57[hg_event_rc_push_battery: 385]:(  212): hg_event_rc_push_battery_info: cur_cap = 77, is_charging = 1
02-04 22:15:26.768 F/DUSS&5a[ sys_process_motor_logic:  27]:(  214): sys_info->conn_pc = 1 app_type = 0
02-04 22:15:27.248 F/DUSS&57[hg_event_rc_push_battery: 385]:(  212): hg_event_rc_push_battery_info: cur_cap = 77, is_charging = 1
02-04 22:15:28.248 F/DUSS&57[hg_event_rc_push_battery: 385]:(  212): hg_event_rc_push_battery_info: cur_cap = 77, is_charging = 1
02-04 22:15:28.768 F/DUSS&5a[ sys_process_motor_logic:  27]:(  214): sys_info->conn_pc = 1 app_type = 0
02-04 22:15:29.248 F/DUSS&57[hg_event_rc_push_battery: 385]:(  212): hg_event_rc_push_battery_info: cur_cap = 77, is_charging = 1
02-04 22:15:30.248 F/DUSS&57[hg_event_rc_push_battery: 385]:(  212): hg_event_rc_push_battery_info: cur_cap = 77, is_charging = 1
02-04 22:15:30.768 F/DUSS&5a[ sys_process_motor_logic:  27]:(  214): sys_info->conn_pc = 1 app_type = 0
02-04 22:15:31.248 F/DUSS&57[hg_event_rc_push_battery: 385]:(  212): hg_event_rc_push_battery_info: cur_cap = 77, is_charging = 1
02-04 22:15:32.248 F/DUSS&57[hg_event_rc_push_battery: 385]:(  212): hg_event_rc_push_battery_info: cur_cap = 77, is_charging = 1
02-04 22:15:32.768 F/DUSS&5a[ sys_process_motor_logic:  27]:(  214): sys_info->conn_pc = 1 app_type = 0
02-04 22:15:33.248 F/DUSS&57[hg_event_rc_push_battery: 385]:(  212): hg_event_rc_push_battery_info: cur_cap = 77, is_charging = 1
02-04 22:15:34.248 F/DUSS&57[hg_event_rc_push_battery: 385]:(  212): hg_event_rc_push_battery_info: cur_cap = 77, is_charging = 1
02-04 22:15:34.768 F/DUSS&5a[ sys_process_motor_logic:  27]:(  214): sys_info->conn_pc = 1 app_type = 0
02-04 22:15:35.248 F/DUSS&57[hg_event_rc_push_battery: 385]:(  212): hg_event_rc_push_battery_info: cur_cap = 77, is_charging = 1
02-04 22:15:36.248 F/DUSS&57[hg_event_rc_push_battery: 385]:(  212): hg_event_rc_push_battery_info: cur_cap = 77, is_charging = 1
02-04 22:15:36.768 F/DUSS&5a[ sys_process_motor_logic:  27]:(  214): sys_info->conn_pc = 1 app_type = 0
02-04 22:15:37.248 F/DUSS&57[hg_event_rc_push_battery: 385]:(  212): hg_event_rc_push_battery_info: cur_cap = 77, is_charging = 1
02-04 22:15:38.248 F/DUSS&57[hg_event_rc_push_battery: 385]:(  212): hg_event_rc_push_battery_info: cur_cap = 77, is_charging = 1
02-04 22:15:38.768 F/DUSS&5a[ sys_process_motor_logic:  27]:(  214): sys_info->conn_pc = 1 app_type = 0
02-04 22:15:39.248 F/DUSS&57[hg_event_rc_push_battery: 385]:(  212): hg_event_rc_push_battery_info: cur_cap = 77, is_charging = 1
02-04 22:15:40.248 F/DUSS&57[hg_event_rc_push_battery: 385]:(  212): hg_event_rc_push_battery_info: cur_cap = 77, is_charging = 1
02-04 22:15:40.768 F/DUSS&5a[ sys_process_motor_logic:  27]:(  214): sys_info->conn_pc = 1 app_type = 0
02-04 22:15:41.248 F/DUSS&57[hg_event_rc_push_battery: 385]:(  212): hg_event_rc_push_battery_info: cur_cap = 77, is_charging = 1
02-04 22:15:42.248 F/DUSS&57[hg_event_rc_push_battery: 385]:(  212): hg_event_rc_push_battery_info: cur_cap = 77, is_charging = 1
02-04 22:15:42.768 F/DUSS&5a[ sys_process_motor_logic:  27]:(  214): sys_info->conn_pc = 1 app_type = 0
02-04 22:15:43.248 F/DUSS&57[hg_event_rc_push_battery: 385]:(  212): hg_event_rc_push_battery_info: cur_cap = 77, is_charging = 1
02-04 22:15:44.248 F/DUSS&57[hg_event_rc_push_battery: 385]:(  212): hg_event_rc_push_battery_info: cur_cap = 77, is_charging = 1
02-04 22:15:44.768 F/DUSS&5a[ sys_process_motor_logic:  27]:(  214): sys_info->conn_pc = 1 app_type = 0
02-04 22:15:45.216 F/DUSS&57[           hdvt_cp_state: 784]:(  212): AMT test cur role 2
02-04 22:15:45.248 F/DUSS&57[hg_event_rc_push_battery: 385]:(  212): hg_event_rc_push_battery_info: cur_cap = 77, is_charging = 1
02-04 22:15:46.249 F/DUSS&57[hg_event_rc_push_battery: 385]:(  212): hg_event_rc_push_battery_info: cur_cap = 77, is_charging = 1
02-04 22:15:46.768 F/DUSS&5a[ sys_process_motor_logic:  27]:(  214): sys_info->conn_pc = 1 app_type = 0
02-04 22:15:47.248 F/DUSS&57[hg_event_rc_push_battery: 385]:(  212): hg_event_rc_push_battery_info: cur_cap = 77, is_charging = 1
02-04 22:15:48.248 F/DUSS&57[hg_event_rc_push_battery: 385]:(  212): hg_event_rc_push_battery_info: cur_cap = 77, is_charging = 1
02-04 22:15:48.768 F/DUSS&5a[ sys_process_motor_logic:  27]:(  214): sys_info->conn_pc = 1 app_type = 0
02-04 22:15:49.248 F/DUSS&57[hg_event_rc_push_battery: 385]:(  212): hg_event_rc_push_battery_info: cur_cap = 77, is_charging = 1
02-04 22:15:50.248 F/DUSS&57[hg_event_rc_push_battery: 385]:(  212): hg_event_rc_push_battery_info: cur_cap = 77, is_charging = 1
02-04 22:15:50.768 F/DUSS&5a[ sys_process_motor_logic:  27]:(  214): sys_info->conn_pc = 1 app_type = 0
02-04 22:15:51.248 F/DUSS&57[hg_event_rc_push_battery: 385]:(  212): hg_event_rc_push_battery_info: cur_cap = 77, is_charging = 1
02-04 22:15:52.248 F/DUSS&57[hg_event_rc_push_battery: 385]:(  212): hg_event_rc_push_battery_info: cur_cap = 77, is_charging = 1
02-04 22:15:52.768 F/DUSS&5a[ sys_process_motor_logic:  27]:(  214): sys_info->conn_pc = 1 app_type = 0
02-04 22:15:53.248 F/DUSS&57[hg_event_rc_push_battery: 385]:(  212): hg_event_rc_push_battery_info: cur_cap = 77, is_charging = 1
02-04 22:15:54.248 F/DUSS&57[hg_event_rc_push_battery: 385]:(  212): hg_event_rc_push_battery_info: cur_cap = 77, is_charging = 1
02-04 22:15:54.768 F/DUSS&5a[ sys_process_motor_logic:  27]:(  214): sys_info->conn_pc = 1 app_type = 0
02-04 22:15:55.248 F/DUSS&57[hg_event_rc_push_battery: 385]:(  212): hg_event_rc_push_battery_info: cur_cap = 77, is_charging = 1
02-04 22:15:56.248 F/DUSS&57[hg_event_rc_push_battery: 385]:(  212): hg_event_rc_push_battery_info: cur_cap = 77, is_charging = 1
02-04 22:15:56.768 F/DUSS&5a[ sys_process_motor_logic:  27]:(  214): sys_info->conn_pc = 1 app_type = 0
02-04 22:15:57.248 F/DUSS&57[hg_event_rc_push_battery: 385]:(  212): hg_event_rc_push_battery_info: cur_cap = 77, is_charging = 1
02-04 22:15:58.248 F/DUSS&57[hg_event_rc_push_battery: 385]:(  212): hg_event_rc_push_battery_info: cur_cap = 77, is_charging = 1
02-04 22:15:58.768 F/DUSS&5a[ sys_process_motor_logic:  27]:(  214): sys_info->conn_pc = 1 app_type = 0
02-04 22:15:59.249 F/DUSS&57[hg_event_rc_push_battery: 385]:(  212): hg_event_rc_push_battery_info: cur_cap = 77, is_charging = 1
02-04 22:16:00.248 F/DUSS&57[hg_event_rc_push_battery: 385]:(  212): hg_event_rc_push_battery_info: cur_cap = 77, is_charging = 1
02-04 22:16:00.768 F/DUSS&5a[ sys_process_motor_logic:  27]:(  214): sys_info->conn_pc = 1 app_type = 0
02-04 22:16:01.248 F/DUSS&57[hg_event_rc_push_battery: 385]:(  212): hg_event_rc_push_battery_info: cur_cap = 77, is_charging = 1
02-04 22:16:02.248 F/DUSS&57[hg_event_rc_push_battery: 385]:(  212): hg_event_rc_push_battery_info: cur_cap = 77, is_charging = 1
02-04 22:16:02.768 F/DUSS&5a[ sys_process_motor_logic:  27]:(  214): sys_info->conn_pc = 1 app_type = 0
02-04 22:16:03.248 F/DUSS&57[hg_event_rc_push_battery: 385]:(  212): hg_event_rc_push_battery_info: cur_cap = 77, is_charging = 1
02-04 22:16:04.248 F/DUSS&57[hg_event_rc_push_battery: 385]:(  212): hg_event_rc_push_battery_info: cur_cap = 77, is_charging = 1
02-04 22:16:04.768 F/DUSS&5a[ sys_process_motor_logic:  27]:(  214): sys_info->conn_pc = 1 app_type = 0
02-04 22:16:05.216 F/DUSS&57[           hdvt_cp_state: 784]:(  212): AMT test cur role 2
02-04 22:16:05.248 F/DUSS&57[hg_event_rc_push_battery: 385]:(  212): hg_event_rc_push_battery_info: cur_cap = 77, is_charging = 1
02-04 22:16:06.248 F/DUSS&57[hg_event_rc_push_battery: 385]:(  212): hg_event_rc_push_battery_info: cur_cap = 77, is_charging = 1
02-04 22:16:06.768 F/DUSS&5a[ sys_process_motor_logic:  27]:(  214): sys_info->conn_pc = 1 app_type = 0
02-04 22:16:07.248 F/DUSS&57[hg_event_rc_push_battery: 385]:(  212): hg_event_rc_push_battery_info: cur_cap = 77, is_charging = 1
02-04 22:16:08.248 F/DUSS&57[hg_event_rc_push_battery: 385]:(  212): hg_event_rc_push_battery_info: cur_cap = 77, is_charging = 1
02-04 22:16:08.768 F/DUSS&5a[ sys_process_motor_logic:  27]:(  214): sys_info->conn_pc = 1 app_type = 0
02-04 22:16:09.248 F/DUSS&57[hg_event_rc_push_battery: 385]:(  212): hg_event_rc_push_battery_info: cur_cap = 77, is_charging = 1
02-04 22:16:10.248 F/DUSS&57[hg_event_rc_push_battery: 385]:(  212): hg_event_rc_push_battery_info: cur_cap = 77, is_charging = 1
02-04 22:16:10.768 F/DUSS&5a[ sys_process_motor_logic:  27]:(  214): sys_info->conn_pc = 1 app_type = 0
02-04 22:16:11.249 F/DUSS&57[hg_event_rc_push_battery: 385]:(  212): hg_event_rc_push_battery_info: cur_cap = 77, is_charging = 1
02-04 22:16:12.248 F/DUSS&57[hg_event_rc_push_battery: 385]:(  212): hg_event_rc_push_battery_info: cur_cap = 77, is_charging = 1
02-04 22:16:12.768 F/DUSS&5a[ sys_process_motor_logic:  27]:(  214): sys_info->conn_pc = 1 app_type = 0
02-04 22:16:13.248 F/DUSS&57[hg_event_rc_push_battery: 385]:(  212): hg_event_rc_push_battery_info: cur_cap = 77, is_charging = 1
02-04 22:16:14.248 F/DUSS&57[hg_event_rc_push_battery: 385]:(  212): hg_event_rc_push_battery_info: cur_cap = 77, is_charging = 1
02-04 22:16:14.768 F/DUSS&5a[ sys_process_motor_logic:  27]:(  214): sys_info->conn_pc = 1 app_type = 0
02-04 22:16:15.248 F/DUSS&57[hg_event_rc_push_battery: 385]:(  212): hg_event_rc_push_battery_info: cur_cap = 77, is_charging = 1
02-04 22:16:16.249 F/DUSS&57[hg_event_rc_push_battery: 385]:(  212): hg_event_rc_push_battery_info: cur_cap = 77, is_charging = 1
02-04 22:16:16.768 F/DUSS&5a[ sys_process_motor_logic:  27]:(  214): sys_info->conn_pc = 1 app_type = 0
02-04 22:16:17.248 F/DUSS&57[hg_event_rc_push_battery: 385]:(  212): hg_event_rc_push_battery_info: cur_cap = 77, is_charging = 1
02-04 22:16:18.248 F/DUSS&57[hg_event_rc_push_battery: 385]:(  212): hg_event_rc_push_battery_info: cur_cap = 77, is_charging = 1
02-04 22:16:18.768 F/DUSS&5a[ sys_process_motor_logic:  27]:(  214): sys_info->conn_pc = 1 app_type = 0
02-04 22:16:19.249 F/DUSS&57[hg_event_rc_push_battery: 385]:(  212): hg_event_rc_push_battery_info: cur_cap = 77, is_charging = 1
02-04 22:16:20.249 F/DUSS&57[hg_event_rc_push_battery: 385]:(  212): hg_event_rc_push_battery_info: cur_cap = 77, is_charging = 1
02-04 22:16:20.768 F/DUSS&5a[ sys_process_motor_logic:  27]:(  214): sys_info->conn_pc = 1 app_type = 0
02-04 22:16:21.248 F/DUSS&57[hg_event_rc_push_battery: 385]:(  212): hg_event_rc_push_battery_info: cur_cap = 77, is_charging = 1
02-04 22:16:22.248 F/DUSS&57[hg_event_rc_push_battery: 385]:(  212): hg_event_rc_push_battery_info: cur_cap = 77, is_charging = 1
02-04 22:16:22.768 F/DUSS&5a[ sys_process_motor_logic:  27]:(  214): sys_info->conn_pc = 1 app_type = 0
02-04 22:16:23.248 F/DUSS&57[hg_event_rc_push_battery: 385]:(  212): hg_event_rc_push_battery_info: cur_cap = 77, is_charging = 1
02-04 22:16:24.249 F/DUSS&57[hg_event_rc_push_battery: 385]:(  212): hg_event_rc_push_battery_info: cur_cap = 77, is_charging = 1
02-04 22:16:24.768 F/DUSS&5a[ sys_process_motor_logic:  27]:(  214): sys_info->conn_pc = 1 app_type = 0
02-04 22:16:25.216 F/DUSS&57[           hdvt_cp_state: 784]:(  212): AMT test cur role 2
02-04 22:16:25.248 F/DUSS&57[hg_event_rc_push_battery: 385]:(  212): hg_event_rc_push_battery_info: cur_cap = 77, is_charging = 1
02-04 22:16:26.248 F/DUSS&57[hg_event_rc_push_battery: 385]:(  212): hg_event_rc_push_battery_info: cur_cap = 77, is_charging = 1
02-04 22:16:26.768 F/DUSS&5a[ sys_process_motor_logic:  27]:(  214): sys_info->conn_pc = 1 app_type = 0
02-04 22:16:27.248 F/DUSS&57[hg_event_rc_push_battery: 385]:(  212): hg_event_rc_push_battery_info: cur_cap = 77, is_charging = 1
02-04 22:16:28.249 F/DUSS&57[hg_event_rc_push_battery: 385]:(  212): hg_event_rc_push_battery_info: cur_cap = 77, is_charging = 1
02-04 22:16:28.768 F/DUSS&5a[ sys_process_motor_logic:  27]:(  214): sys_info->conn_pc = 1 app_type = 0
02-04 22:16:29.248 F/DUSS&57[hg_event_rc_push_battery: 385]:(  212): hg_event_rc_push_battery_info: cur_cap = 77, is_charging = 1
02-04 22:16:30.249 F/DUSS&57[hg_event_rc_push_battery: 385]:(  212): hg_event_rc_push_battery_info: cur_cap = 77, is_charging = 1
02-04 22:16:30.768 F/DUSS&5a[ sys_process_motor_logic:  27]:(  214): sys_info->conn_pc = 1 app_type = 0
02-04 22:16:31.249 F/DUSS&57[hg_event_rc_push_battery: 385]:(  212): hg_event_rc_push_battery_info: cur_cap = 77, is_charging = 1
--------- beginning of /dev/log/main
02-04 22:28:29.402 F/DUSS&64[    sdrs_firmware_upload: 291]:(  158): tmp modemarm.fw
02-04 22:28:29.402 F/DUSS&64[    sdrs_firmware_upload: 291]:(  158): tmp modemdsp_gnd.fw
02-04 22:28:29.402 F/DUSS&64[    sdrs_firmware_upload: 291]:(  158): tmp modemdsp_uav.fw
02-04 22:28:29.606 F/DUSS&44[           sketch_atexit:  52]:(  253): Some one called exit(), please check!
02-04 22:28:29.673 F/DUSS&44[           sketch_atexit:  52]:(  270): Some one called exit(), please check!
02-04 22:28:29.738 F/DUSS&44[           sketch_atexit:  52]:(  283): Some one called exit(), please check!
02-04 22:28:29.768 F/DUSS&64[    sdrs_firmware_upload: 318]:(  158): upload firmware loop 0 for 0 ok
02-04 22:28:29.842 F/DUSS&5a[           sys_read_ssid: 804]:(  213): Failed to get ssid
02-04 22:28:29.854 F/DUSS&5a[           sys_save_file: 721]:(  213): Saved wifi config: /amt/wifi.config
02-04 22:28:30.108 F/DUSS&64[    sdrs_firmware_upload: 318]:(  158): upload firmware loop 0 for 1 ok
02-04 22:28:30.404 F/DUSS&64[    sdrs_firmware_upload: 318]:(  158): upload firmware loop 0 for 2 ok
02-04 22:28:30.414 F/DUSS&64[   sdrs_firmware_release: 363]:(  158): change modemarm to oqfgocto.ipf_hy
02-04 22:28:30.414 F/DUSS&64[   sdrs_firmware_release: 363]:(  158): change modemdsp_gnd to oqfgofur.ipf_hy
02-04 22:28:30.414 F/DUSS&64[   sdrs_firmware_release: 363]:(  158): change modemdsp_uav to oqfgofur.wcx.fw
02-04 22:28:30.414 F/DUSS&64[   sdrs_firmware_release: 371]:(  158): remove /tmp/oqfgofur.ipf_hy
02-04 22:28:30.493 F/DUSS&64[    sdrs_firmware_upload: 291]:(  158): tmp modemarm.fw
02-04 22:28:30.493 F/DUSS&64[    sdrs_firmware_upload: 291]:(  158): tmp modemdsp_gnd.fw
02-04 22:28:30.493 F/DUSS&64[    sdrs_firmware_upload: 291]:(  158): tmp modemdsp_uav.fw
02-04 22:28:30.754 F/DUSS&64[    sdrs_firmware_upload: 318]:(  158): upload firmware loop 0 for 0 ok
02-04 22:28:30.805 F/DUSS&44[           sketch_atexit:  52]:(  375): Some one called exit(), please check!
02-04 22:28:31.062 F/DUSS&64[    sdrs_firmware_upload: 318]:(  158): upload firmware loop 0 for 1 ok
02-04 22:28:31.354 F/DUSS&64[    sdrs_firmware_upload: 318]:(  158): upload firmware loop 0 for 2 ok
02-04 22:28:32.007 F/DUSS&63[      sys_event_set_date: 101]:(  213): Got sys_event_set_date message: 2019.02.04-22:28:32, result 0
02-04 22:28:32.103 F/DUSS&64[   sdrs_firmware_release: 363]:(  158): change modemarm to oqfgocto.ipf_hy
02-04 22:28:32.103 F/DUSS&64[   sdrs_firmware_release: 363]:(  158): change modemdsp_gnd to oqfgofur.ipf_hy
02-04 22:28:32.103 F/DUSS&64[   sdrs_firmware_release: 363]:(  158): change modemdsp_uav to oqfgofur.wcx.fw
02-04 22:28:32.103 F/DUSS&64[   sdrs_firmware_release: 371]:(  158): remove /tmp/oqfgofur.ipf_hy
02-04 22:28:32.561 F/DUSS&5a[ sys_process_motor_logic:  27]:(  213): sys_info->conn_pc = 1 app_type = 0
02-04 22:28:32.688 F/DUSS&57[           hg_dump_dmesg:  81]:(  209): <6>[    0.090316] c0 1 (swapper/0) parse_bootup_reason: +++++++++start of day reason: charger cable plug in
02-04 22:28:32.688 F/DUSS&57[           hg_dump_dmesg:  81]:(  209): <6>[    0.090343] c0 1 (swapper/0) parse_shutdown_reason: ----------last end of day reason: power-off-PWREN
02-04 22:28:32.688 F/DUSS&57[           hg_dump_dmesg:  81]:(  209): 
02-04 22:28:32.725 F/DUSS&57[hdvt_amt_create_process_: 557]:(  209): used defalut gpio for amt 155 156
02-04 22:28:32.734 F/DUSS&57[            nvram_update: 131]:(  209): update cp nvram crc a011, a011
02-04 22:28:32.753 F/DUSS&57[     report_value_to_uav:2659]:(  209): Radio_to_uav: 1024 1684  364 1024 1024 1024   36 - 0, 0, 0, 0, 0, 0, 0, 0, 0, 0, 0, 0, 0, 0
02-04 22:28:32.776 F/DUSS&57[     report_value_to_uav:2659]:(  209): Radio_to_uav:  691 1684 1024 1024 1024 1024   38 - 0, 0, 0, 0, 0, 0, 0, 0, 0, 0, 0, 0, 0, 0
02-04 22:28:32.776 F/DUSS&57[     report_value_to_uav:2701]:(  209): Incorrect packet interval: packet_id 00000038, interval 23 ms
02-04 22:28:32.777 F/DUSS&57[       report_lcd_to_mcu: 854]:(  209): lcd_to_mcu0: speed:0 0 0 0 speed_icon:0 0 0 mode:0 gps:0 0, rc:0 0 uav_bat:0 0 0 0 rpm:0, rpm_icon:0 0 0 vision_rec:0 0 0 0
02-04 22:28:32.777 F/DUSS&57[       report_lcd_to_mcu: 876]:(  209): lcd_to_mcu1: ev:0 0 0 sports_sd:0 0 0 0 clearance:0 0 0 height:0 0 0 0 distance:0 0 0 content:CONNECTING_ connected:0 misc:0
02-04 22:28:32.790 F/DUSS&57[     report_value_to_uav:2659]:(  209): Radio_to_uav: 1024 1024 1024 1024 1024 1024   40 - 0, 0, 0, 0, 0, 0, 0, 0, 0, 0, 0, 0, 0, 0
02-04 22:28:32.923 F/DUSS&57[hdvt_sdrs_ctrl_set_state: 964]:(  209): sdr_ctrl state change 0 to 1, time 4658614
02-04 22:28:33.056 F/DUSS&57[       hgui_event_update: 591]:(  209): hgui:add:id=21,type=0
02-04 22:28:33.432 F/DUSS&57[    hg_enable_ip_address: 145]:(  209): lmi42 up ok
02-04 22:28:33.441 F/DUSS&57[    hg_enable_ip_address: 152]:(  209): lmi42 flush ok
02-04 22:28:33.449 F/DUSS&57[    hg_enable_ip_address: 163]:(  209): lmi42 cfg ok
02-04 22:28:33.458 F/DUSS&57[    hg_enable_ip_address: 170]:(  209): lmi42 route ok 
02-04 22:28:33.516 F/DUSS&44[           sketch_atexit:  52]:(  513): Some one called exit(), please check!
02-04 22:28:33.596 F/DUSS&44[           sketch_atexit:  52]:(  524): Some one called exit(), please check!
02-04 22:28:33.676 F/DUSS&44[           sketch_atexit:  52]:(  535): Some one called exit(), please check!
02-04 22:28:33.725 F/DUSS&57[hdvt_sdr_calibrantion_se:1877]:(  209): nvram RF calibration 17-12-15 11:02
02-04 22:28:33.725 F/DUSS&57[hdvt_sdr_calibrantion_se:1884]:(  209): nvram  0x1200, type 0, afc[0, 0], agc_corse[1, 1], agc_fine[0, 0], apc[1, 1], pwr[1, 1], bler[1, 1]
02-04 22:28:33.736 F/DUSS&57[hg_event_rc_push_battery: 385]:(  209): hg_event_rc_push_battery_info: cur_cap = 82, is_charging = 1
02-04 22:28:33.756 F/DUSS&44[           sketch_atexit:  52]:(  547): Some one called exit(), please check!
02-04 22:28:34.562 F/DUSS&5a[ sys_process_motor_logic:  27]:(  213): sys_info->conn_pc = 1 app_type = 0
02-04 22:28:34.736 F/DUSS&57[hg_event_rc_push_battery: 385]:(  209): hg_event_rc_push_battery_info: cur_cap = 82, is_charging = 1
02-04 22:28:35.736 F/DUSS&57[hg_event_rc_push_battery: 385]:(  209): hg_event_rc_push_battery_info: cur_cap = 82, is_charging = 1
02-04 22:28:36.561 F/DUSS&5a[ sys_process_motor_logic:  27]:(  213): sys_info->conn_pc = 1 app_type = 0
02-04 22:28:36.736 F/DUSS&57[hg_event_rc_push_battery: 385]:(  209): hg_event_rc_push_battery_info: cur_cap = 82, is_charging = 1
02-04 22:28:37.736 F/DUSS&57[hg_event_rc_push_battery: 385]:(  209): hg_event_rc_push_battery_info: cur_cap = 82, is_charging = 1
02-04 22:28:38.560 F/DUSS&5a[ sys_process_motor_logic:  27]:(  213): sys_info->conn_pc = 1 app_type = 0
02-04 22:28:38.736 F/DUSS&57[hg_event_rc_push_battery: 385]:(  209): hg_event_rc_push_battery_info: cur_cap = 82, is_charging = 1
02-04 22:28:39.736 F/DUSS&57[hg_event_rc_push_battery: 385]:(  209): hg_event_rc_push_battery_info: cur_cap = 82, is_charging = 1
02-04 22:28:40.562 F/DUSS&5a[ sys_process_motor_logic:  27]:(  213): sys_info->conn_pc = 1 app_type = 0
02-04 22:28:40.736 F/DUSS&57[hg_event_rc_push_battery: 385]:(  209): hg_event_rc_push_battery_info: cur_cap = 82, is_charging = 1
02-04 22:28:41.736 F/DUSS&57[hg_event_rc_push_battery: 385]:(  209): hg_event_rc_push_battery_info: cur_cap = 82, is_charging = 1
02-04 22:28:42.561 F/DUSS&5a[ sys_process_motor_logic:  27]:(  213): sys_info->conn_pc = 1 app_type = 0
02-04 22:28:42.736 F/DUSS&57[hg_event_rc_push_battery: 385]:(  209): hg_event_rc_push_battery_info: cur_cap = 82, is_charging = 1
02-04 22:28:43.736 F/DUSS&57[hg_event_rc_push_battery: 385]:(  209): hg_event_rc_push_battery_info: cur_cap = 82, is_charging = 1
02-04 22:28:44.560 F/DUSS&5a[ sys_process_motor_logic:  27]:(  213): sys_info->conn_pc = 1 app_type = 0
02-04 22:28:44.736 F/DUSS&57[hg_event_rc_push_battery: 385]:(  209): hg_event_rc_push_battery_info: cur_cap = 82, is_charging = 1
02-04 22:28:45.736 F/DUSS&57[hg_event_rc_push_battery: 385]:(  209): hg_event_rc_push_battery_info: cur_cap = 82, is_charging = 1
02-04 22:28:46.567 F/DUSS&5a[ sys_process_motor_logic:  27]:(  213): sys_info->conn_pc = 1 app_type = 0
02-04 22:28:46.736 F/DUSS&57[hg_event_rc_push_battery: 385]:(  209): hg_event_rc_push_battery_info: cur_cap = 82, is_charging = 1
02-04 22:28:47.736 F/DUSS&57[hg_event_rc_push_battery: 385]:(  209): hg_event_rc_push_battery_info: cur_cap = 82, is_charging = 1
02-04 22:28:48.561 F/DUSS&5a[ sys_process_motor_logic:  27]:(  213): sys_info->conn_pc = 1 app_type = 0
02-04 22:28:48.736 F/DUSS&57[hg_event_rc_push_battery: 385]:(  209): hg_event_rc_push_battery_info: cur_cap = 82, is_charging = 1
02-04 22:28:49.736 F/DUSS&57[hg_event_rc_push_battery: 385]:(  209): hg_event_rc_push_battery_info: cur_cap = 82, is_charging = 1
02-04 22:28:50.560 F/DUSS&5a[ sys_process_motor_logic:  27]:(  213): sys_info->conn_pc = 1 app_type = 0
02-04 22:28:50.736 F/DUSS&57[hg_event_rc_push_battery: 385]:(  209): hg_event_rc_push_battery_info: cur_cap = 83, is_charging = 1
02-04 22:28:51.736 F/DUSS&57[hg_event_rc_push_battery: 385]:(  209): hg_event_rc_push_battery_info: cur_cap = 83, is_charging = 1
02-04 22:28:52.560 F/DUSS&5a[ sys_process_motor_logic:  27]:(  213): sys_info->conn_pc = 1 app_type = 0
02-04 22:28:52.736 F/DUSS&57[hg_event_rc_push_battery: 385]:(  209): hg_event_rc_push_battery_info: cur_cap = 82, is_charging = 1
02-04 22:28:52.774 F/DUSS&57[           hdvt_cp_state: 784]:(  209): AMT test cur role 2
02-04 22:28:53.736 F/DUSS&57[hg_event_rc_push_battery: 385]:(  209): hg_event_rc_push_battery_info: cur_cap = 83, is_charging = 1
02-04 22:28:54.560 F/DUSS&5a[ sys_process_motor_logic:  27]:(  213): sys_info->conn_pc = 1 app_type = 0
02-04 22:28:54.736 F/DUSS&57[hg_event_rc_push_battery: 385]:(  209): hg_event_rc_push_battery_info: cur_cap = 83, is_charging = 1
02-04 22:28:55.736 F/DUSS&57[hg_event_rc_push_battery: 385]:(  209): hg_event_rc_push_battery_info: cur_cap = 83, is_charging = 1
02-04 22:28:56.560 F/DUSS&5a[ sys_process_motor_logic:  27]:(  213): sys_info->conn_pc = 1 app_type = 0
02-04 22:28:56.736 F/DUSS&57[hg_event_rc_push_battery: 385]:(  209): hg_event_rc_push_battery_info: cur_cap = 83, is_charging = 1
02-04 22:28:57.736 F/DUSS&57[hg_event_rc_push_battery: 385]:(  209): hg_event_rc_push_battery_info: cur_cap = 83, is_charging = 1
02-04 22:28:58.561 F/DUSS&5a[ sys_process_motor_logic:  27]:(  213): sys_info->conn_pc = 1 app_type = 0
02-04 22:28:58.736 F/DUSS&57[hg_event_rc_push_battery: 385]:(  209): hg_event_rc_push_battery_info: cur_cap = 83, is_charging = 1
02-04 22:28:59.736 F/DUSS&57[hg_event_rc_push_battery: 385]:(  209): hg_event_rc_push_battery_info: cur_cap = 83, is_charging = 1
02-04 22:29:00.561 F/DUSS&5a[ sys_process_motor_logic:  27]:(  213): sys_info->conn_pc = 1 app_type = 0
02-04 22:29:00.736 F/DUSS&57[hg_event_rc_push_battery: 385]:(  209): hg_event_rc_push_battery_info: cur_cap = 83, is_charging = 1
02-04 22:29:01.736 F/DUSS&57[hg_event_rc_push_battery: 385]:(  209): hg_event_rc_push_battery_info: cur_cap = 83, is_charging = 1
02-04 22:29:02.560 F/DUSS&5a[ sys_process_motor_logic:  27]:(  213): sys_info->conn_pc = 1 app_type = 0
02-04 22:29:02.736 F/DUSS&57[hg_event_rc_push_battery: 385]:(  209): hg_event_rc_push_battery_info: cur_cap = 83, is_charging = 1
02-04 22:29:03.736 F/DUSS&57[hg_event_rc_push_battery: 385]:(  209): hg_event_rc_push_battery_info: cur_cap = 83, is_charging = 1
02-04 22:29:04.563 F/DUSS&5a[ sys_process_motor_logic:  27]:(  213): sys_info->conn_pc = 1 app_type = 0
02-04 22:29:04.736 F/DUSS&57[hg_event_rc_push_battery: 385]:(  209): hg_event_rc_push_battery_info: cur_cap = 83, is_charging = 1
02-04 22:29:05.665 F/DUSS&57[     report_value_to_uav:2659]:(  209): Radio_to_uav: 1023 1024 1024 1024 1024 1024 1282 - 0, 0, 0, 0, 0, 0, 0, 0, 0, 0, 0, 0, 0, 0
02-04 22:29:05.679 F/DUSS&57[     report_value_to_uav:2659]:(  209): Radio_to_uav:  959 1024 1024 1024 1024 1024 1283 - 0, 0, 0, 0, 0, 0, 0, 0, 0, 0, 0, 0, 0, 0
02-04 22:29:05.693 F/DUSS&57[     report_value_to_uav:2659]:(  209): Radio_to_uav:  946 1024 1024 1024 1024 1024 1285 - 0, 0, 0, 0, 0, 0, 0, 0, 0, 0, 0, 0, 0, 0
02-04 22:29:05.721 F/DUSS&57[     report_value_to_uav:2659]:(  209): Radio_to_uav:  965 1024 1024 1024 1024 1024 1288 - 0, 0, 0, 0, 0, 0, 0, 0, 0, 0, 0, 0, 0, 0
02-04 22:29:05.735 F/DUSS&57[     report_value_to_uav:2659]:(  209): Radio_to_uav: 1023 1024 1024 1024 1024 1024 1289 - 0, 0, 0, 0, 0, 0, 0, 0, 0, 0, 0, 0, 0, 0
02-04 22:29:05.736 F/DUSS&57[hg_event_rc_push_battery: 385]:(  209): hg_event_rc_push_battery_info: cur_cap = 83, is_charging = 1
02-04 22:29:05.749 F/DUSS&57[     report_value_to_uav:2659]:(  209): Radio_to_uav: 1024 1024 1024 1024 1024 1024 1290 - 0, 0, 0, 0, 0, 0, 0, 0, 0, 0, 0, 0, 0, 0
02-04 22:29:06.560 F/DUSS&5a[ sys_process_motor_logic:  27]:(  213): sys_info->conn_pc = 1 app_type = 0
