01-01 00:02:40.670 F/DUSS&5a[ sys_process_motor_logic:  27]:(  211): sys_info->conn_pc = 1 app_type = 0
01-01 00:02:41.081 F/DUSS&57[hg_event_rc_push_battery: 385]:(  208): hg_event_rc_push_battery_info: cur_cap = 86, is_charging = 1
01-01 00:02:42.081 F/DUSS&57[hg_event_rc_push_battery: 385]:(  208): hg_event_rc_push_battery_info: cur_cap = 86, is_charging = 1
01-01 00:02:42.670 F/DUSS&5a[ sys_process_motor_logic:  27]:(  211): sys_info->conn_pc = 1 app_type = 0
01-01 00:02:43.081 F/DUSS&57[hg_event_rc_push_battery: 385]:(  208): hg_event_rc_push_battery_info: cur_cap = 86, is_charging = 1
01-01 00:02:44.081 F/DUSS&57[hg_event_rc_push_battery: 385]:(  208): hg_event_rc_push_battery_info: cur_cap = 86, is_charging = 1
01-01 00:02:44.671 F/DUSS&5a[ sys_process_motor_logic:  27]:(  211): sys_info->conn_pc = 1 app_type = 0
01-01 00:02:45.081 F/DUSS&57[hg_event_rc_push_battery: 385]:(  208): hg_event_rc_push_battery_info: cur_cap = 86, is_charging = 1
01-01 00:02:46.081 F/DUSS&57[hg_event_rc_push_battery: 385]:(  208): hg_event_rc_push_battery_info: cur_cap = 86, is_charging = 1
01-01 00:02:46.671 F/DUSS&5a[ sys_process_motor_logic:  27]:(  211): sys_info->conn_pc = 1 app_type = 0
01-01 00:02:47.081 F/DUSS&57[hg_event_rc_push_battery: 385]:(  208): hg_event_rc_push_battery_info: cur_cap = 86, is_charging = 1
01-01 00:02:48.081 F/DUSS&57[hg_event_rc_push_battery: 385]:(  208): hg_event_rc_push_battery_info: cur_cap = 86, is_charging = 1
01-01 00:02:48.671 F/DUSS&5a[ sys_process_motor_logic:  27]:(  211): sys_info->conn_pc = 1 app_type = 0
01-01 00:02:49.081 F/DUSS&57[hg_event_rc_push_battery: 385]:(  208): hg_event_rc_push_battery_info: cur_cap = 86, is_charging = 1
01-01 00:02:50.081 F/DUSS&57[hg_event_rc_push_battery: 385]:(  208): hg_event_rc_push_battery_info: cur_cap = 86, is_charging = 1
01-01 00:02:50.670 F/DUSS&5a[ sys_process_motor_logic:  27]:(  211): sys_info->conn_pc = 1 app_type = 0
01-01 00:02:51.044 F/DUSS&57[           hdvt_cp_state: 784]:(  208): AMT test cur role 2
01-01 00:02:51.081 F/DUSS&57[hg_event_rc_push_battery: 385]:(  208): hg_event_rc_push_battery_info: cur_cap = 86, is_charging = 1
01-01 00:02:52.081 F/DUSS&57[hg_event_rc_push_battery: 385]:(  208): hg_event_rc_push_battery_info: cur_cap = 86, is_charging = 1
01-01 00:02:52.670 F/DUSS&5a[ sys_process_motor_logic:  27]:(  211): sys_info->conn_pc = 1 app_type = 0
01-01 00:02:53.081 F/DUSS&57[hg_event_rc_push_battery: 385]:(  208): hg_event_rc_push_battery_info: cur_cap = 86, is_charging = 1
01-01 00:02:54.081 F/DUSS&57[hg_event_rc_push_battery: 385]:(  208): hg_event_rc_push_battery_info: cur_cap = 86, is_charging = 1
01-01 00:02:54.670 F/DUSS&5a[ sys_process_motor_logic:  27]:(  211): sys_info->conn_pc = 1 app_type = 0
01-01 00:02:55.081 F/DUSS&57[hg_event_rc_push_battery: 385]:(  208): hg_event_rc_push_battery_info: cur_cap = 86, is_charging = 1
01-01 00:02:56.081 F/DUSS&57[hg_event_rc_push_battery: 385]:(  208): hg_event_rc_push_battery_info: cur_cap = 86, is_charging = 1
01-01 00:02:56.670 F/DUSS&5a[ sys_process_motor_logic:  27]:(  211): sys_info->conn_pc = 1 app_type = 0
01-01 00:02:57.081 F/DUSS&57[hg_event_rc_push_battery: 385]:(  208): hg_event_rc_push_battery_info: cur_cap = 86, is_charging = 1
01-01 00:02:58.081 F/DUSS&57[hg_event_rc_push_battery: 385]:(  208): hg_event_rc_push_battery_info: cur_cap = 86, is_charging = 1
01-01 00:02:58.670 F/DUSS&5a[ sys_process_motor_logic:  27]:(  211): sys_info->conn_pc = 1 app_type = 0
01-01 00:02:59.081 F/DUSS&57[hg_event_rc_push_battery: 385]:(  208): hg_event_rc_push_battery_info: cur_cap = 86, is_charging = 1
01-01 00:03:00.081 F/DUSS&57[hg_event_rc_push_battery: 385]:(  208): hg_event_rc_push_battery_info: cur_cap = 86, is_charging = 1
01-01 00:03:00.670 F/DUSS&5a[ sys_process_motor_logic:  27]:(  211): sys_info->conn_pc = 1 app_type = 0
01-01 00:03:01.081 F/DUSS&57[hg_event_rc_push_battery: 385]:(  208): hg_event_rc_push_battery_info: cur_cap = 86, is_charging = 1
01-01 00:03:02.081 F/DUSS&57[hg_event_rc_push_battery: 385]:(  208): hg_event_rc_push_battery_info: cur_cap = 86, is_charging = 1
01-01 00:03:02.670 F/DUSS&5a[ sys_process_motor_logic:  27]:(  211): sys_info->conn_pc = 1 app_type = 0
01-01 00:03:03.081 F/DUSS&57[hg_event_rc_push_battery: 385]:(  208): hg_event_rc_push_battery_info: cur_cap = 86, is_charging = 1
01-01 00:03:04.081 F/DUSS&57[hg_event_rc_push_battery: 385]:(  208): hg_event_rc_push_battery_info: cur_cap = 86, is_charging = 1
01-01 00:03:04.670 F/DUSS&5a[ sys_process_motor_logic:  27]:(  211): sys_info->conn_pc = 1 app_type = 0
01-01 00:03:05.081 F/DUSS&57[hg_event_rc_push_battery: 385]:(  208): hg_event_rc_push_battery_info: cur_cap = 86, is_charging = 1
01-01 00:03:06.081 F/DUSS&57[hg_event_rc_push_battery: 385]:(  208): hg_event_rc_push_battery_info: cur_cap = 86, is_charging = 1
01-01 00:03:06.670 F/DUSS&5a[ sys_process_motor_logic:  27]:(  211): sys_info->conn_pc = 1 app_type = 0
01-01 00:03:07.082 F/DUSS&57[hg_event_rc_push_battery: 385]:(  208): hg_event_rc_push_battery_info: cur_cap = 86, is_charging = 1
01-01 00:03:08.081 F/DUSS&57[hg_event_rc_push_battery: 385]:(  208): hg_event_rc_push_battery_info: cur_cap = 86, is_charging = 1
01-01 00:03:08.670 F/DUSS&5a[ sys_process_motor_logic:  27]:(  211): sys_info->conn_pc = 1 app_type = 0
01-01 00:03:09.082 F/DUSS&57[hg_event_rc_push_battery: 385]:(  208): hg_event_rc_push_battery_info: cur_cap = 86, is_charging = 1
01-01 00:03:10.081 F/DUSS&57[hg_event_rc_push_battery: 385]:(  208): hg_event_rc_push_battery_info: cur_cap = 86, is_charging = 1
01-01 00:03:10.670 F/DUSS&5a[ sys_process_motor_logic:  27]:(  211): sys_info->conn_pc = 1 app_type = 0
01-01 00:03:11.044 F/DUSS&57[           hdvt_cp_state: 784]:(  208): AMT test cur role 2
01-01 00:03:11.082 F/DUSS&57[hg_event_rc_push_battery: 385]:(  208): hg_event_rc_push_battery_info: cur_cap = 86, is_charging = 1
01-01 00:03:12.081 F/DUSS&57[hg_event_rc_push_battery: 385]:(  208): hg_event_rc_push_battery_info: cur_cap = 86, is_charging = 1
01-01 00:03:12.670 F/DUSS&5a[ sys_process_motor_logic:  27]:(  211): sys_info->conn_pc = 1 app_type = 0
01-01 00:03:13.081 F/DUSS&57[hg_event_rc_push_battery: 385]:(  208): hg_event_rc_push_battery_info: cur_cap = 86, is_charging = 1
01-01 00:03:14.082 F/DUSS&57[hg_event_rc_push_battery: 385]:(  208): hg_event_rc_push_battery_info: cur_cap = 86, is_charging = 1
01-01 00:03:14.670 F/DUSS&5a[ sys_process_motor_logic:  27]:(  211): sys_info->conn_pc = 1 app_type = 0
01-01 00:03:15.081 F/DUSS&57[hg_event_rc_push_battery: 385]:(  208): hg_event_rc_push_battery_info: cur_cap = 86, is_charging = 1
01-01 00:03:16.081 F/DUSS&57[hg_event_rc_push_battery: 385]:(  208): hg_event_rc_push_battery_info: cur_cap = 86, is_charging = 1
01-01 00:03:16.670 F/DUSS&5a[ sys_process_motor_logic:  27]:(  211): sys_info->conn_pc = 1 app_type = 0
01-01 00:03:17.081 F/DUSS&57[hg_event_rc_push_battery: 385]:(  208): hg_event_rc_push_battery_info: cur_cap = 86, is_charging = 1
01-01 00:03:18.081 F/DUSS&57[hg_event_rc_push_battery: 385]:(  208): hg_event_rc_push_battery_info: cur_cap = 86, is_charging = 1
01-01 00:03:18.670 F/DUSS&5a[ sys_process_motor_logic:  27]:(  211): sys_info->conn_pc = 1 app_type = 0
01-01 00:03:19.081 F/DUSS&57[hg_event_rc_push_battery: 385]:(  208): hg_event_rc_push_battery_info: cur_cap = 86, is_charging = 1
01-01 00:03:20.081 F/DUSS&57[hg_event_rc_push_battery: 385]:(  208): hg_event_rc_push_battery_info: cur_cap = 86, is_charging = 1
01-01 00:03:20.670 F/DUSS&5a[ sys_process_motor_logic:  27]:(  211): sys_info->conn_pc = 1 app_type = 0
01-01 00:03:21.082 F/DUSS&57[hg_event_rc_push_battery: 385]:(  208): hg_event_rc_push_battery_info: cur_cap = 86, is_charging = 1
01-01 00:03:22.082 F/DUSS&57[hg_event_rc_push_battery: 385]:(  208): hg_event_rc_push_battery_info: cur_cap = 86, is_charging = 1
01-01 00:03:22.670 F/DUSS&5a[ sys_process_motor_logic:  27]:(  211): sys_info->conn_pc = 1 app_type = 0
01-01 00:03:23.082 F/DUSS&57[hg_event_rc_push_battery: 385]:(  208): hg_event_rc_push_battery_info: cur_cap = 86, is_charging = 1
01-01 00:03:24.082 F/DUSS&57[hg_event_rc_push_battery: 385]:(  208): hg_event_rc_push_battery_info: cur_cap = 86, is_charging = 1
01-01 00:03:24.670 F/DUSS&5a[ sys_process_motor_logic:  27]:(  211): sys_info->conn_pc = 1 app_type = 0
01-01 00:03:25.082 F/DUSS&57[hg_event_rc_push_battery: 385]:(  208): hg_event_rc_push_battery_info: cur_cap = 86, is_charging = 1
01-01 00:03:26.082 F/DUSS&57[hg_event_rc_push_battery: 385]:(  208): hg_event_rc_push_battery_info: cur_cap = 86, is_charging = 1
01-01 00:03:26.670 F/DUSS&5a[ sys_process_motor_logic:  27]:(  211): sys_info->conn_pc = 1 app_type = 0
01-01 00:03:27.082 F/DUSS&57[hg_event_rc_push_battery: 385]:(  208): hg_event_rc_push_battery_info: cur_cap = 86, is_charging = 1
01-01 00:03:28.082 F/DUSS&57[hg_event_rc_push_battery: 385]:(  208): hg_event_rc_push_battery_info: cur_cap = 86, is_charging = 1
01-01 00:03:28.670 F/DUSS&5a[ sys_process_motor_logic:  27]:(  211): sys_info->conn_pc = 1 app_type = 0
01-01 00:03:29.082 F/DUSS&57[hg_event_rc_push_battery: 385]:(  208): hg_event_rc_push_battery_info: cur_cap = 86, is_charging = 1
01-01 00:03:30.082 F/DUSS&57[hg_event_rc_push_battery: 385]:(  208): hg_event_rc_push_battery_info: cur_cap = 86, is_charging = 1
01-01 00:03:30.670 F/DUSS&5a[ sys_process_motor_logic:  27]:(  211): sys_info->conn_pc = 1 app_type = 0
01-01 00:03:31.044 F/DUSS&57[           hdvt_cp_state: 784]:(  208): AMT test cur role 2
01-01 00:03:31.082 F/DUSS&57[hg_event_rc_push_battery: 385]:(  208): hg_event_rc_push_battery_info: cur_cap = 86, is_charging = 1
01-01 00:03:32.082 F/DUSS&57[hg_event_rc_push_battery: 385]:(  208): hg_event_rc_push_battery_info: cur_cap = 86, is_charging = 1
01-01 00:03:32.671 F/DUSS&5a[ sys_process_motor_logic:  27]:(  211): sys_info->conn_pc = 1 app_type = 0
01-01 00:03:33.082 F/DUSS&57[hg_event_rc_push_battery: 385]:(  208): hg_event_rc_push_battery_info: cur_cap = 86, is_charging = 1
01-01 00:03:34.082 F/DUSS&57[hg_event_rc_push_battery: 385]:(  208): hg_event_rc_push_battery_info: cur_cap = 86, is_charging = 1
01-01 00:03:34.671 F/DUSS&5a[ sys_process_motor_logic:  27]:(  211): sys_info->conn_pc = 1 app_type = 0
01-01 00:03:35.082 F/DUSS&57[hg_event_rc_push_battery: 385]:(  208): hg_event_rc_push_battery_info: cur_cap = 86, is_charging = 1
01-01 00:03:36.082 F/DUSS&57[hg_event_rc_push_battery: 385]:(  208): hg_event_rc_push_battery_info: cur_cap = 86, is_charging = 1
01-01 00:03:36.671 F/DUSS&5a[ sys_process_motor_logic:  27]:(  211): sys_info->conn_pc = 1 app_type = 0
01-01 00:03:37.082 F/DUSS&57[hg_event_rc_push_battery: 385]:(  208): hg_event_rc_push_battery_info: cur_cap = 86, is_charging = 1
01-01 00:03:38.082 F/DUSS&57[hg_event_rc_push_battery: 385]:(  208): hg_event_rc_push_battery_info: cur_cap = 86, is_charging = 1
01-01 00:03:38.671 F/DUSS&5a[ sys_process_motor_logic:  27]:(  211): sys_info->conn_pc = 1 app_type = 0
01-01 00:03:39.082 F/DUSS&57[hg_event_rc_push_battery: 385]:(  208): hg_event_rc_push_battery_info: cur_cap = 86, is_charging = 1
01-01 00:03:40.082 F/DUSS&57[hg_event_rc_push_battery: 385]:(  208): hg_event_rc_push_battery_info: cur_cap = 86, is_charging = 1
01-01 00:03:40.671 F/DUSS&5a[ sys_process_motor_logic:  27]:(  211): sys_info->conn_pc = 1 app_type = 0
01-01 00:03:41.082 F/DUSS&57[hg_event_rc_push_battery: 385]:(  208): hg_event_rc_push_battery_info: cur_cap = 86, is_charging = 1
01-01 00:03:42.082 F/DUSS&57[hg_event_rc_push_battery: 385]:(  208): hg_event_rc_push_battery_info: cur_cap = 86, is_charging = 1
01-01 00:03:42.671 F/DUSS&5a[ sys_process_motor_logic:  27]:(  211): sys_info->conn_pc = 1 app_type = 0
01-01 00:03:43.082 F/DUSS&57[hg_event_rc_push_battery: 385]:(  208): hg_event_rc_push_battery_info: cur_cap = 86, is_charging = 1
01-01 00:03:44.082 F/DUSS&57[hg_event_rc_push_battery: 385]:(  208): hg_event_rc_push_battery_info: cur_cap = 86, is_charging = 1
01-01 00:03:44.671 F/DUSS&5a[ sys_process_motor_logic:  27]:(  211): sys_info->conn_pc = 1 app_type = 0
01-01 00:03:45.082 F/DUSS&57[hg_event_rc_push_battery: 385]:(  208): hg_event_rc_push_battery_info: cur_cap = 86, is_charging = 1
01-01 00:03:46.082 F/DUSS&57[hg_event_rc_push_battery: 385]:(  208): hg_event_rc_push_battery_info: cur_cap = 86, is_charging = 1
01-01 00:03:46.671 F/DUSS&5a[ sys_process_motor_logic:  27]:(  211): sys_info->conn_pc = 1 app_type = 0
01-01 00:03:47.082 F/DUSS&57[hg_event_rc_push_battery: 385]:(  208): hg_event_rc_push_battery_info: cur_cap = 86, is_charging = 1
01-01 00:03:48.082 F/DUSS&57[hg_event_rc_push_battery: 385]:(  208): hg_event_rc_push_battery_info: cur_cap = 86, is_charging = 1
01-01 00:03:48.671 F/DUSS&5a[ sys_process_motor_logic:  27]:(  211): sys_info->conn_pc = 1 app_type = 0
01-01 00:03:49.082 F/DUSS&57[hg_event_rc_push_battery: 385]:(  208): hg_event_rc_push_battery_info: cur_cap = 86, is_charging = 1
01-01 00:03:50.082 F/DUSS&57[hg_event_rc_push_battery: 385]:(  208): hg_event_rc_push_battery_info: cur_cap = 86, is_charging = 1
01-01 00:03:50.671 F/DUSS&5a[ sys_process_motor_logic:  27]:(  211): sys_info->conn_pc = 1 app_type = 0
01-01 00:03:51.044 F/DUSS&57[           hdvt_cp_state: 784]:(  208): AMT test cur role 2
01-01 00:03:51.082 F/DUSS&57[hg_event_rc_push_battery: 385]:(  208): hg_event_rc_push_battery_info: cur_cap = 86, is_charging = 1
01-01 00:03:52.082 F/DUSS&57[hg_event_rc_push_battery: 385]:(  208): hg_event_rc_push_battery_info: cur_cap = 86, is_charging = 1
01-01 00:03:52.671 F/DUSS&5a[ sys_process_motor_logic:  27]:(  211): sys_info->conn_pc = 1 app_type = 0
01-01 00:03:53.082 F/DUSS&57[hg_event_rc_push_battery: 385]:(  208): hg_event_rc_push_battery_info: cur_cap = 86, is_charging = 1
01-01 00:03:54.082 F/DUSS&57[hg_event_rc_push_battery: 385]:(  208): hg_event_rc_push_battery_info: cur_cap = 86, is_charging = 1
01-01 00:03:54.671 F/DUSS&5a[ sys_process_motor_logic:  27]:(  211): sys_info->conn_pc = 1 app_type = 0
01-01 00:03:55.082 F/DUSS&57[hg_event_rc_push_battery: 385]:(  208): hg_event_rc_push_battery_info: cur_cap = 86, is_charging = 1
01-01 00:03:56.082 F/DUSS&57[hg_event_rc_push_battery: 385]:(  208): hg_event_rc_push_battery_info: cur_cap = 86, is_charging = 1
01-01 00:03:56.671 F/DUSS&5a[ sys_process_motor_logic:  27]:(  211): sys_info->conn_pc = 1 app_type = 0
01-01 00:03:57.082 F/DUSS&57[hg_event_rc_push_battery: 385]:(  208): hg_event_rc_push_battery_info: cur_cap = 86, is_charging = 1
01-01 00:03:58.082 F/DUSS&57[hg_event_rc_push_battery: 385]:(  208): hg_event_rc_push_battery_info: cur_cap = 86, is_charging = 1
01-01 00:03:58.671 F/DUSS&5a[ sys_process_motor_logic:  27]:(  211): sys_info->conn_pc = 1 app_type = 0
01-01 00:03:59.082 F/DUSS&57[hg_event_rc_push_battery: 385]:(  208): hg_event_rc_push_battery_info: cur_cap = 86, is_charging = 1
01-01 00:04:00.082 F/DUSS&57[hg_event_rc_push_battery: 385]:(  208): hg_event_rc_push_battery_info: cur_cap = 86, is_charging = 1
01-01 00:04:00.670 F/DUSS&5a[ sys_process_motor_logic:  27]:(  211): sys_info->conn_pc = 1 app_type = 0
01-01 00:04:01.082 F/DUSS&57[hg_event_rc_push_battery: 385]:(  208): hg_event_rc_push_battery_info: cur_cap = 86, is_charging = 1
01-01 00:04:02.082 F/DUSS&57[hg_event_rc_push_battery: 385]:(  208): hg_event_rc_push_battery_info: cur_cap = 86, is_charging = 1
01-01 00:04:02.670 F/DUSS&5a[ sys_process_motor_logic:  27]:(  211): sys_info->conn_pc = 1 app_type = 0
01-01 00:04:03.082 F/DUSS&57[hg_event_rc_push_battery: 385]:(  208): hg_event_rc_push_battery_info: cur_cap = 86, is_charging = 1
01-01 00:04:04.082 F/DUSS&57[hg_event_rc_push_battery: 385]:(  208): hg_event_rc_push_battery_info: cur_cap = 86, is_charging = 1
01-01 00:04:04.670 F/DUSS&5a[ sys_process_motor_logic:  27]:(  211): sys_info->conn_pc = 1 app_type = 0
01-01 00:04:05.082 F/DUSS&57[hg_event_rc_push_battery: 385]:(  208): hg_event_rc_push_battery_info: cur_cap = 86, is_charging = 1
01-01 00:04:06.082 F/DUSS&57[hg_event_rc_push_battery: 385]:(  208): hg_event_rc_push_battery_info: cur_cap = 86, is_charging = 1
01-01 00:04:06.670 F/DUSS&5a[ sys_process_motor_logic:  27]:(  211): sys_info->conn_pc = 1 app_type = 0
01-01 00:04:07.082 F/DUSS&57[hg_event_rc_push_battery: 385]:(  208): hg_event_rc_push_battery_info: cur_cap = 86, is_charging = 1
01-01 00:04:08.082 F/DUSS&57[hg_event_rc_push_battery: 385]:(  208): hg_event_rc_push_battery_info: cur_cap = 86, is_charging = 1
01-01 00:04:08.670 F/DUSS&5a[ sys_process_motor_logic:  27]:(  211): sys_info->conn_pc = 1 app_type = 0
01-01 00:04:09.082 F/DUSS&57[hg_event_rc_push_battery: 385]:(  208): hg_event_rc_push_battery_info: cur_cap = 86, is_charging = 1
01-01 00:04:10.082 F/DUSS&57[hg_event_rc_push_battery: 385]:(  208): hg_event_rc_push_battery_info: cur_cap = 86, is_charging = 1
01-01 00:04:10.670 F/DUSS&5a[ sys_process_motor_logic:  27]:(  211): sys_info->conn_pc = 1 app_type = 0
01-01 00:04:11.044 F/DUSS&57[           hdvt_cp_state: 784]:(  208): AMT test cur role 2
01-01 00:04:11.082 F/DUSS&57[hg_event_rc_push_battery: 385]:(  208): hg_event_rc_push_battery_info: cur_cap = 86, is_charging = 1
01-01 00:04:12.082 F/DUSS&57[hg_event_rc_push_battery: 385]:(  208): hg_event_rc_push_battery_info: cur_cap = 86, is_charging = 1
01-01 00:04:12.670 F/DUSS&5a[ sys_process_motor_logic:  27]:(  211): sys_info->conn_pc = 1 app_type = 0
01-01 00:04:13.082 F/DUSS&57[hg_event_rc_push_battery: 385]:(  208): hg_event_rc_push_battery_info: cur_cap = 86, is_charging = 1
01-01 00:04:14.082 F/DUSS&57[hg_event_rc_push_battery: 385]:(  208): hg_event_rc_push_battery_info: cur_cap = 86, is_charging = 1
01-01 00:04:14.670 F/DUSS&5a[ sys_process_motor_logic:  27]:(  211): sys_info->conn_pc = 1 app_type = 0
01-01 00:04:15.082 F/DUSS&57[hg_event_rc_push_battery: 385]:(  208): hg_event_rc_push_battery_info: cur_cap = 86, is_charging = 1
01-01 00:04:16.082 F/DUSS&57[hg_event_rc_push_battery: 385]:(  208): hg_event_rc_push_battery_info: cur_cap = 86, is_charging = 1
01-01 00:04:16.670 F/DUSS&5a[ sys_process_motor_logic:  27]:(  211): sys_info->conn_pc = 1 app_type = 0
01-01 00:04:17.082 F/DUSS&57[hg_event_rc_push_battery: 385]:(  208): hg_event_rc_push_battery_info: cur_cap = 86, is_charging = 1
01-01 00:04:18.082 F/DUSS&57[hg_event_rc_push_battery: 385]:(  208): hg_event_rc_push_battery_info: cur_cap = 86, is_charging = 1
01-01 00:04:18.670 F/DUSS&5a[ sys_process_motor_logic:  27]:(  211): sys_info->conn_pc = 1 app_type = 0
01-01 00:04:19.082 F/DUSS&57[hg_event_rc_push_battery: 385]:(  208): hg_event_rc_push_battery_info: cur_cap = 86, is_charging = 1
01-01 00:04:20.082 F/DUSS&57[hg_event_rc_push_battery: 385]:(  208): hg_event_rc_push_battery_info: cur_cap = 86, is_charging = 1
01-01 00:04:20.670 F/DUSS&5a[ sys_process_motor_logic:  27]:(  211): sys_info->conn_pc = 1 app_type = 0
01-01 00:04:21.082 F/DUSS&57[hg_event_rc_push_battery: 385]:(  208): hg_event_rc_push_battery_info: cur_cap = 86, is_charging = 1
01-01 00:04:22.082 F/DUSS&57[hg_event_rc_push_battery: 385]:(  208): hg_event_rc_push_battery_info: cur_cap = 86, is_charging = 1
01-01 00:04:22.670 F/DUSS&5a[ sys_process_motor_logic:  27]:(  211): sys_info->conn_pc = 1 app_type = 0
01-01 00:04:23.082 F/DUSS&57[hg_event_rc_push_battery: 385]:(  208): hg_event_rc_push_battery_info: cur_cap = 86, is_charging = 1
01-01 00:04:24.082 F/DUSS&57[hg_event_rc_push_battery: 385]:(  208): hg_event_rc_push_battery_info: cur_cap = 86, is_charging = 1
01-01 00:04:24.670 F/DUSS&5a[ sys_process_motor_logic:  27]:(  211): sys_info->conn_pc = 1 app_type = 0
01-01 00:04:25.082 F/DUSS&57[hg_event_rc_push_battery: 385]:(  208): hg_event_rc_push_battery_info: cur_cap = 86, is_charging = 1
01-01 00:04:26.082 F/DUSS&57[hg_event_rc_push_battery: 385]:(  208): hg_event_rc_push_battery_info: cur_cap = 86, is_charging = 1
01-01 00:04:26.670 F/DUSS&5a[ sys_process_motor_logic:  27]:(  211): sys_info->conn_pc = 1 app_type = 0
01-01 00:04:27.082 F/DUSS&57[hg_event_rc_push_battery: 385]:(  208): hg_event_rc_push_battery_info: cur_cap = 86, is_charging = 1
01-01 00:04:28.082 F/DUSS&57[hg_event_rc_push_battery: 385]:(  208): hg_event_rc_push_battery_info: cur_cap = 86, is_charging = 1
01-01 00:04:28.670 F/DUSS&5a[ sys_process_motor_logic:  27]:(  211): sys_info->conn_pc = 1 app_type = 0
01-01 00:04:29.082 F/DUSS&57[hg_event_rc_push_battery: 385]:(  208): hg_event_rc_push_battery_info: cur_cap = 86, is_charging = 1
01-01 00:04:30.082 F/DUSS&57[hg_event_rc_push_battery: 385]:(  208): hg_event_rc_push_battery_info: cur_cap = 86, is_charging = 1
01-01 00:04:30.670 F/DUSS&5a[ sys_process_motor_logic:  27]:(  211): sys_info->conn_pc = 1 app_type = 0
01-01 00:04:31.044 F/DUSS&57[           hdvt_cp_state: 784]:(  208): AMT test cur role 2
01-01 00:04:31.082 F/DUSS&57[hg_event_rc_push_battery: 385]:(  208): hg_event_rc_push_battery_info: cur_cap = 86, is_charging = 1
01-01 00:04:32.082 F/DUSS&57[hg_event_rc_push_battery: 385]:(  208): hg_event_rc_push_battery_info: cur_cap = 86, is_charging = 1
01-01 00:04:32.670 F/DUSS&5a[ sys_process_motor_logic:  27]:(  211): sys_info->conn_pc = 1 app_type = 0
01-01 00:04:33.082 F/DUSS&57[hg_event_rc_push_battery: 385]:(  208): hg_event_rc_push_battery_info: cur_cap = 87, is_charging = 1
01-01 00:04:34.082 F/DUSS&57[hg_event_rc_push_battery: 385]:(  208): hg_event_rc_push_battery_info: cur_cap = 87, is_charging = 1
01-01 00:04:34.670 F/DUSS&5a[ sys_process_motor_logic:  27]:(  211): sys_info->conn_pc = 1 app_type = 0
01-01 00:04:35.082 F/DUSS&57[hg_event_rc_push_battery: 385]:(  208): hg_event_rc_push_battery_info: cur_cap = 87, is_charging = 1
01-01 00:04:36.082 F/DUSS&57[hg_event_rc_push_battery: 385]:(  208): hg_event_rc_push_battery_info: cur_cap = 87, is_charging = 1
01-01 00:04:36.670 F/DUSS&5a[ sys_process_motor_logic:  27]:(  211): sys_info->conn_pc = 1 app_type = 0
01-01 00:04:37.082 F/DUSS&57[hg_event_rc_push_battery: 385]:(  208): hg_event_rc_push_battery_info: cur_cap = 87, is_charging = 1
01-01 00:04:38.082 F/DUSS&57[hg_event_rc_push_battery: 385]:(  208): hg_event_rc_push_battery_info: cur_cap = 87, is_charging = 1
01-01 00:04:38.670 F/DUSS&5a[ sys_process_motor_logic:  27]:(  211): sys_info->conn_pc = 1 app_type = 0
01-01 00:04:39.082 F/DUSS&57[hg_event_rc_push_battery: 385]:(  208): hg_event_rc_push_battery_info: cur_cap = 87, is_charging = 1
01-01 00:04:40.482 F/DUSS&57[hg_event_rc_push_battery: 385]:(  208): hg_event_rc_push_battery_info: cur_cap = 87, is_charging = 1
01-01 00:04:40.670 F/DUSS&5a[ sys_process_motor_logic:  27]:(  211): sys_info->conn_pc = 1 app_type = 0
                                                                                                                                                                       --------- beginning of /dev/log/main
01-01 00:00:18.403 F/DUSS&64[    sdrs_firmware_upload: 291]:(  158): tmp modemarm.fw
01-01 00:00:18.403 F/DUSS&64[    sdrs_firmware_upload: 291]:(  158): tmp modemdsp_gnd.fw
01-01 00:00:18.403 F/DUSS&64[    sdrs_firmware_upload: 291]:(  158): tmp modemdsp_uav.fw
01-01 00:00:18.585 F/DUSS&44[           sketch_atexit:  52]:(  259): Some one called exit(), please check!
01-01 00:00:18.587 F/DUSS&5a[           sys_read_ssid: 804]:(  210): Failed to get ssid
01-01 00:00:18.604 F/DUSS&5a[           sys_save_file: 721]:(  210): Saved wifi config: /amt/wifi.config
01-01 00:00:18.655 F/DUSS&44[           sketch_atexit:  52]:(  272): Some one called exit(), please check!
01-01 00:00:18.754 F/DUSS&44[           sketch_atexit:  52]:(  292): Some one called exit(), please check!
01-01 00:00:18.798 F/DUSS&64[    sdrs_firmware_upload: 318]:(  158): upload firmware loop 0 for 0 ok
01-01 00:00:19.111 F/DUSS&64[    sdrs_firmware_upload: 318]:(  158): upload firmware loop 0 for 1 ok
01-01 00:00:19.412 F/DUSS&64[    sdrs_firmware_upload: 318]:(  158): upload firmware loop 0 for 2 ok
01-01 00:00:19.422 F/DUSS&64[   sdrs_firmware_release: 363]:(  158): change modemarm to oqfgocto.ipf_hy
01-01 00:00:19.422 F/DUSS&64[   sdrs_firmware_release: 363]:(  158): change modemdsp_gnd to oqfgofur.ipf_hy
01-01 00:00:19.422 F/DUSS&64[   sdrs_firmware_release: 363]:(  158): change modemdsp_uav to oqfgofur.wcx.fw
01-01 00:00:19.422 F/DUSS&64[   sdrs_firmware_release: 371]:(  158): remove /tmp/oqfgofur.ipf_hy
01-01 00:00:19.499 F/DUSS&64[    sdrs_firmware_upload: 291]:(  158): tmp modemarm.fw
01-01 00:00:19.499 F/DUSS&64[    sdrs_firmware_upload: 291]:(  158): tmp modemdsp_gnd.fw
01-01 00:00:19.500 F/DUSS&64[    sdrs_firmware_upload: 291]:(  158): tmp modemdsp_uav.fw
01-01 00:00:19.761 F/DUSS&64[    sdrs_firmware_upload: 318]:(  158): upload firmware loop 0 for 0 ok
01-01 00:00:20.054 F/DUSS&64[    sdrs_firmware_upload: 318]:(  158): upload firmware loop 0 for 1 ok
01-01 00:00:20.333 F/DUSS&64[    sdrs_firmware_upload: 318]:(  158): upload firmware loop 0 for 2 ok
01-01 00:00:20.447 F/DUSS&64[   sdrs_firmware_release: 363]:(  158): change modemarm to oqfgocto.ipf_hy
01-01 00:00:20.447 F/DUSS&64[   sdrs_firmware_release: 363]:(  158): change modemdsp_gnd to oqfgofur.ipf_hy
01-01 00:00:20.447 F/DUSS&64[   sdrs_firmware_release: 363]:(  158): change modemdsp_uav to oqfgofur.wcx.fw
01-01 00:00:20.447 F/DUSS&64[   sdrs_firmware_release: 371]:(  158): remove /tmp/oqfgofur.ipf_hy
01-01 00:00:20.679 F/DUSS&5a[ sys_process_motor_logic:  27]:(  210): sys_info->conn_pc = 1 app_type = 0
01-01 00:00:20.906 F/DUSS&42[       tm_monitor_thread:  89]:(  206): Process need be restarted: 391!
01-01 00:00:20.984 F/DUSS&42[       tm_monitor_thread:  89]:(  206): Process need be restarted: 391!
01-01 00:00:21.014 F/DUSS&44[           sketch_atexit:  52]:(  391): Some one called exit(), please check!
01-01 00:00:21.036 F/DUSS&57[           hg_dump_dmesg:  81]:(  208): <6>[    0.091329] c0 1 (swapper/0) parse_bootup_reason: +++++++++start of day reason: charger cable plug in
01-01 00:00:21.036 F/DUSS&57[           hg_dump_dmesg:  81]:(  208): <6>[    0.091357] c0 1 (swapper/0) parse_shutdown_reason: ----------last end of day reason: power-off-PWREN
01-01 00:00:21.036 F/DUSS&57[           hg_dump_dmesg:  81]:(  208): 
01-01 00:00:21.075 F/DUSS&57[hdvt_amt_create_process_: 557]:(  208): used defalut gpio for amt 155 156
01-01 00:00:21.087 F/DUSS&57[            nvram_update: 131]:(  208): update cp nvram crc ee50, ee50
01-01 00:00:21.104 F/DUSS&57[     report_value_to_uav:2659]:(  208): Radio_to_uav:    0    0    0    0 1024 1024   37 - 0, 0, 0, 0, 0, 0, 0, 1, 0, 0, 0, 0, 0, 0
01-01 00:00:21.127 F/DUSS&57[     report_value_to_uav:2659]:(  208): Radio_to_uav:  725 1684 1024 1024 1024 1024   39 - 0, 0, 0, 0, 0, 0, 0, 0, 0, 0, 0, 0, 0, 0
01-01 00:00:21.127 F/DUSS&57[     report_value_to_uav:2701]:(  208): Incorrect packet interval: packet_id 00000039, interval 23 ms
01-01 00:00:21.129 F/DUSS&57[       report_lcd_to_mcu: 854]:(  208): lcd_to_mcu0: speed:0 0 0 0 speed_icon:0 0 0 mode:0 gps:0 0, rc:0 0 uav_bat:0 0 0 0 rpm:0, rpm_icon:0 0 0 vision_rec:0 0 0 0
01-01 00:00:21.129 F/DUSS&57[       report_lcd_to_mcu: 876]:(  208): lcd_to_mcu1: ev:0 0 0 sports_sd:0 0 0 0 clearance:0 0 0 height:0 0 0 0 distance:0 0 0 content:CONNECTING_ connected:0 misc:0
01-01 00:00:21.141 F/DUSS&57[     report_value_to_uav:2659]:(  208): Radio_to_uav: 1024 1024 1024 1024 1024 1024   40 - 0, 0, 0, 0, 0, 0, 0, 0, 0, 0, 0, 0, 0, 0
01-01 00:00:21.267 F/DUSS&57[hdvt_sdrs_ctrl_set_state: 964]:(  208): sdr_ctrl state change 0 to 1, time 4634520
01-01 00:00:21.408 F/DUSS&57[       hgui_event_update: 591]:(  208): hgui:add:id=21,type=0
01-01 00:00:21.777 F/DUSS&57[    hg_enable_ip_address: 145]:(  208): lmi42 up ok
01-01 00:00:21.786 F/DUSS&57[    hg_enable_ip_address: 152]:(  208): lmi42 flush ok
01-01 00:00:21.794 F/DUSS&57[    hg_enable_ip_address: 163]:(  208): lmi42 cfg ok
01-01 00:00:21.802 F/DUSS&57[    hg_enable_ip_address: 170]:(  208): lmi42 route ok 
01-01 00:00:22.076 F/DUSS&57[hdvt_sdr_calibrantion_se:1877]:(  208): nvram RF calibration 17-12-15 11:02
01-01 00:00:22.076 F/DUSS&57[hdvt_sdr_calibrantion_se:1884]:(  208): nvram  0x1200, type 0, afc[0, 0], agc_corse[1, 1], agc_fine[0, 0], apc[1, 1], pwr[1, 1], bler[1, 1]
01-01 00:00:22.096 F/DUSS&44[           sketch_atexit:  52]:(  511): Some one called exit(), please check!
01-01 00:00:22.156 F/DUSS&57[hg_event_rc_push_battery: 385]:(  208): hg_event_rc_push_battery_info: cur_cap = 89, is_charging = 1
01-01 00:00:22.166 F/DUSS&44[           sketch_atexit:  52]:(  518): Some one called exit(), please check!
01-01 00:00:22.246 F/DUSS&44[           sketch_atexit:  52]:(  525): Some one called exit(), please check!
01-01 00:00:22.326 F/DUSS&44[           sketch_atexit:  52]:(  533): Some one called exit(), please check!
01-01 00:00:22.679 F/DUSS&5a[ sys_process_motor_logic:  27]:(  210): sys_info->conn_pc = 1 app_type = 0
01-01 00:00:23.156 F/DUSS&57[hg_event_rc_push_battery: 385]:(  208): hg_event_rc_push_battery_info: cur_cap = 89, is_charging = 1
01-01 00:00:24.156 F/DUSS&57[hg_event_rc_push_battery: 385]:(  208): hg_event_rc_push_battery_info: cur_cap = 89, is_charging = 1
01-01 00:00:24.679 F/DUSS&5a[ sys_process_motor_logic:  27]:(  210): sys_info->conn_pc = 1 app_type = 1
01-01 00:00:25.156 F/DUSS&57[hg_event_rc_push_battery: 385]:(  208): hg_event_rc_push_battery_info: cur_cap = 89, is_charging = 1
01-01 00:00:26.156 F/DUSS&57[hg_event_rc_push_battery: 385]:(  208): hg_event_rc_push_battery_info: cur_cap = 89, is_charging = 1
01-01 00:00:26.679 F/DUSS&5a[ sys_process_motor_logic:  27]:(  210): sys_info->conn_pc = 1 app_type = 1
01-01 00:00:27.156 F/DUSS&57[hg_event_rc_push_battery: 385]:(  208): hg_event_rc_push_battery_info: cur_cap = 89, is_charging = 1
01-01 00:00:28.156 F/DUSS&57[hg_event_rc_push_battery: 385]:(  208): hg_event_rc_push_battery_info: cur_cap = 89, is_charging = 1
01-01 00:00:28.679 F/DUSS&5a[ sys_process_motor_logic:  27]:(  210): sys_info->conn_pc = 1 app_type = 1
01-01 00:00:29.156 F/DUSS&57[hg_event_rc_push_battery: 385]:(  208): hg_event_rc_push_battery_info: cur_cap = 89, is_charging = 1
01-01 00:00:30.156 F/DUSS&57[hg_event_rc_push_battery: 385]:(  208): hg_event_rc_push_battery_info: cur_cap = 89, is_charging = 1
01-01 00:00:30.679 F/DUSS&5a[ sys_process_motor_logic:  27]:(  210): sys_info->conn_pc = 1 app_type = 1
01-01 00:00:31.156 F/DUSS&57[hg_event_rc_push_battery: 385]:(  208): hg_event_rc_push_battery_info: cur_cap = 89, is_charging = 1
01-01 00:00:32.156 F/DUSS&57[hg_event_rc_push_battery: 385]:(  208): hg_event_rc_push_battery_info: cur_cap = 89, is_charging = 1
01-01 00:00:32.679 F/DUSS&5a[ sys_process_motor_logic:  27]:(  210): sys_info->conn_pc = 1 app_type = 1
01-01 00:00:33.156 F/DUSS&57[hg_event_rc_push_battery: 385]:(  208): hg_event_rc_push_battery_info: cur_cap = 89, is_charging = 1
01-01 00:00:34.156 F/DUSS&57[hg_event_rc_push_battery: 385]:(  208): hg_event_rc_push_battery_info: cur_cap = 89, is_charging = 1
01-01 00:00:34.680 F/DUSS&5a[ sys_process_motor_logic:  27]:(  210): sys_info->conn_pc = 1 app_type = 1
01-01 00:00:35.156 F/DUSS&57[hg_event_rc_push_battery: 385]:(  208): hg_event_rc_push_battery_info: cur_cap = 89, is_charging = 1
01-01 00:00:36.156 F/DUSS&57[hg_event_rc_push_battery: 385]:(  208): hg_event_rc_push_battery_info: cur_cap = 89, is_charging = 1
01-01 00:00:36.679 F/DUSS&5a[ sys_process_motor_logic:  27]:(  210): sys_info->conn_pc = 1 app_type = 1
01-01 00:00:37.156 F/DUSS&57[hg_event_rc_push_battery: 385]:(  208): hg_event_rc_push_battery_info: cur_cap = 89, is_charging = 1
01-01 00:00:38.156 F/DUSS&57[hg_event_rc_push_battery: 385]:(  208): hg_event_rc_push_battery_info: cur_cap = 89, is_charging = 1
01-01 00:00:38.679 F/DUSS&5a[ sys_process_motor_logic:  27]:(  210): sys_info->conn_pc = 1 app_type = 1
01-01 00:00:39.156 F/DUSS&57[hg_event_rc_push_battery: 385]:(  208): hg_event_rc_push_battery_info: cur_cap = 89, is_charging = 1
01-01 00:00:40.156 F/DUSS&57[hg_event_rc_push_battery: 385]:(  208): hg_event_rc_push_battery_info: cur_cap = 89, is_charging = 1
01-01 00:00:40.679 F/DUSS&5a[ sys_process_motor_logic:  27]:(  210): sys_info->conn_pc = 1 app_type = 1
01-01 00:00:41.126 F/DUSS&57[           hdvt_cp_state: 784]:(  208): AMT test cur role 2
01-01 00:00:41.156 F/DUSS&57[hg_event_rc_push_battery: 385]:(  208): hg_event_rc_push_battery_info: cur_cap = 89, is_charging = 1
01-01 00:00:42.556 F/DUSS&57[hg_event_rc_push_battery: 385]:(  208): hg_event_rc_push_battery_info: cur_cap = 89, is_charging = 1
01-01 00:00:42.679 F/DUSS&5a[ sys_process_motor_logic:  27]:(  210): sys_info->conn_pc = 1 app_type = 1
                                     --------- beginning of /dev/log/main
01-01 00:00:08.337 F/DUSS&64[    sdrs_firmware_upload: 291]:(  157): tmp modemarm.fw
01-01 00:00:08.337 F/DUSS&64[    sdrs_firmware_upload: 291]:(  157): tmp modemdsp_gnd.fw
01-01 00:00:08.337 F/DUSS&64[    sdrs_firmware_upload: 291]:(  157): tmp modemdsp_uav.fw
01-01 00:00:08.570 F/DUSS&44[           sketch_atexit:  52]:(  253): Some one called exit(), please check!
01-01 00:00:08.590 F/DUSS&5a[           sys_read_ssid: 804]:(  217): Failed to get ssid
01-01 00:00:08.602 F/DUSS&5a[           sys_save_file: 721]:(  217): Saved wifi config: /amt/wifi.config
01-01 00:00:08.641 F/DUSS&44[           sketch_atexit:  52]:(  271): Some one called exit(), please check!
01-01 00:00:08.687 F/DUSS&64[    sdrs_firmware_upload: 318]:(  157): upload firmware loop 0 for 0 ok
01-01 00:00:08.715 F/DUSS&44[           sketch_atexit:  52]:(  286): Some one called exit(), please check!
01-01 00:00:09.022 F/DUSS&64[    sdrs_firmware_upload: 318]:(  157): upload firmware loop 0 for 1 ok
01-01 00:00:09.318 F/DUSS&64[    sdrs_firmware_upload: 318]:(  157): upload firmware loop 0 for 2 ok
01-01 00:00:09.329 F/DUSS&64[   sdrs_firmware_release: 363]:(  157): change modemarm to oqfgocto.ipf_hy
01-01 00:00:09.329 F/DUSS&64[   sdrs_firmware_release: 363]:(  157): change modemdsp_gnd to oqfgofur.ipf_hy
01-01 00:00:09.329 F/DUSS&64[   sdrs_firmware_release: 363]:(  157): change modemdsp_uav to oqfgofur.wcx.fw
01-01 00:00:09.329 F/DUSS&64[   sdrs_firmware_release: 371]:(  157): remove /tmp/oqfgofur.ipf_hy
01-01 00:00:09.407 F/DUSS&64[    sdrs_firmware_upload: 291]:(  157): tmp modemarm.fw
01-01 00:00:09.407 F/DUSS&64[    sdrs_firmware_upload: 291]:(  157): tmp modemdsp_gnd.fw
01-01 00:00:09.407 F/DUSS&64[    sdrs_firmware_upload: 291]:(  157): tmp modemdsp_uav.fw
01-01 00:00:09.668 F/DUSS&64[    sdrs_firmware_upload: 318]:(  157): upload firmware loop 0 for 0 ok
01-01 00:00:09.963 F/DUSS&64[    sdrs_firmware_upload: 318]:(  157): upload firmware loop 0 for 1 ok
01-01 00:00:10.242 F/DUSS&64[    sdrs_firmware_upload: 318]:(  157): upload firmware loop 0 for 2 ok
01-01 00:00:10.356 F/DUSS&64[   sdrs_firmware_release: 363]:(  157): change modemarm to oqfgocto.ipf_hy
01-01 00:00:10.356 F/DUSS&64[   sdrs_firmware_release: 363]:(  157): change modemdsp_gnd to oqfgofur.ipf_hy
01-01 00:00:10.356 F/DUSS&64[   sdrs_firmware_release: 363]:(  157): change modemdsp_uav to oqfgofur.wcx.fw
01-01 00:00:10.356 F/DUSS&64[   sdrs_firmware_release: 371]:(  157): remove /tmp/oqfgofur.ipf_hy
01-01 00:00:10.687 F/DUSS&5a[ sys_process_motor_logic:  27]:(  217): sys_info->conn_pc = 1 app_type = 0
01-01 00:00:10.853 F/DUSS&42[       tm_monitor_thread:  89]:(  213): Process need be restarted: 391!
01-01 00:00:10.930 F/DUSS&42[       tm_monitor_thread:  89]:(  213): Process need be restarted: 391!
01-01 00:00:10.955 F/DUSS&44[           sketch_atexit:  52]:(  391): Some one called exit(), please check!
01-01 00:00:10.977 F/DUSS&57[           hg_dump_dmesg:  81]:(  215): <6>[    0.090368] c0 1 (swapper/0) parse_bootup_reason: +++++++++start of day reason: onkey
01-01 00:00:10.977 F/DUSS&57[           hg_dump_dmesg:  81]:(  215): <6>[    0.090396] c0 1 (swapper/0) parse_shutdown_reason: ----------last end of day reason: unknown
01-01 00:00:10.977 F/DUSS&57[           hg_dump_dmesg:  81]:(  215): 
01-01 00:00:11.018 F/DUSS&57[hdvt_amt_create_process_: 557]:(  215): used defalut gpio for amt 155 156
01-01 00:00:11.027 F/DUSS&57[            nvram_update: 131]:(  215): update cp nvram crc 2b20, 2b20
01-01 00:00:11.049 F/DUSS&57[     report_value_to_uav:2659]:(  215): Radio_to_uav: 1024 1024  364 1024 1024 1024   40 - 0, 0, 0, 0, 0, 0, 0, 0, 0, 0, 0, 0, 0, 0
01-01 00:00:11.071 F/DUSS&57[       report_lcd_to_mcu: 854]:(  215): lcd_to_mcu0: speed:0 0 0 0 speed_icon:0 0 0 mode:0 gps:0 0, rc:0 0 uav_bat:0 0 0 0 rpm:0, rpm_icon:0 0 0 vision_rec:0 0 0 0
01-01 00:00:11.071 F/DUSS&57[       report_lcd_to_mcu: 876]:(  215): lcd_to_mcu1: ev:0 0 0 sports_sd:0 0 0 0 clearance:0 0 0 height:0 0 0 0 distance:0 0 0 content:CONNECTING_ connected:0 misc:0
01-01 00:00:11.072 F/DUSS&57[     report_value_to_uav:2659]:(  215): Radio_to_uav: 1024 1024 1024 1024 1024 1024   43 - 0, 0, 0, 0, 0, 0, 0, 0, 0, 0, 0, 0, 0, 0
01-01 00:00:11.072 F/DUSS&57[     report_value_to_uav:2701]:(  215): Incorrect packet interval: packet_id 00000043, interval 23 ms
01-01 00:00:11.176 F/DUSS&57[hdvt_sdrs_ctrl_set_state: 964]:(  215): sdr_ctrl state change 0 to 1, time 4543530
01-01 00:00:11.350 F/DUSS&57[       hgui_event_update: 591]:(  215): hgui:add:id=21,type=0
01-01 00:00:11.686 F/DUSS&57[    hg_enable_ip_address: 145]:(  215): lmi42 up ok
01-01 00:00:11.694 F/DUSS&57[    hg_enable_ip_address: 152]:(  215): lmi42 flush ok
01-01 00:00:11.704 F/DUSS&57[    hg_enable_ip_address: 163]:(  215): lmi42 cfg ok
01-01 00:00:11.711 F/DUSS&57[    hg_enable_ip_address: 170]:(  215): lmi42 route ok 
01-01 00:00:12.018 F/DUSS&57[hdvt_sdr_calibrantion_se:1877]:(  215): nvram RF calibration 17-12-15 11:02
01-01 00:00:12.018 F/DUSS&57[hdvt_sdr_calibrantion_se:1884]:(  215): nvram  0x1200, type 0, afc[0, 0], agc_corse[1, 1], agc_fine[0, 0], apc[1, 1], pwr[1, 1], bler[1, 1]
01-01 00:00:12.028 F/DUSS&44[           sketch_atexit:  52]:(  512): Some one called exit(), please check!
01-01 00:00:12.038 F/DUSS&57[hg_event_rc_push_battery: 385]:(  215): hg_event_rc_push_battery_info: cur_cap = 90, is_charging = 1
01-01 00:00:12.098 F/DUSS&44[           sketch_atexit:  52]:(  519): Some one called exit(), please check!
01-01 00:00:12.168 F/DUSS&44[           sketch_atexit:  52]:(  526): Some one called exit(), please check!
01-01 00:00:12.248 F/DUSS&44[           sketch_atexit:  52]:(  534): Some one called exit(), please check!
01-01 00:00:12.687 F/DUSS&5a[ sys_process_motor_logic:  27]:(  217): sys_info->conn_pc = 1 app_type = 0
01-01 00:00:13.038 F/DUSS&57[hg_event_rc_push_battery: 385]:(  215): hg_event_rc_push_battery_info: cur_cap = 90, is_charging = 1
01-01 00:00:14.038 F/DUSS&57[hg_event_rc_push_battery: 385]:(  215): hg_event_rc_push_battery_info: cur_cap = 90, is_charging = 1
01-01 00:00:14.688 F/DUSS&5a[ sys_process_motor_logic:  27]:(  217): sys_info->conn_pc = 1 app_type = 1
01-01 00:00:15.038 F/DUSS&57[hg_event_rc_push_battery: 385]:(  215): hg_event_rc_push_battery_info: cur_cap = 90, is_charging = 1
01-01 00:00:16.038 F/DUSS&57[hg_event_rc_push_battery: 385]:(  215): hg_event_rc_push_battery_info: cur_cap = 90, is_charging = 1
01-01 00:00:16.688 F/DUSS&5a[ sys_process_motor_logic:  27]:(  217): sys_info->conn_pc = 1 app_type = 1
01-01 00:00:17.038 F/DUSS&57[hg_event_rc_push_battery: 385]:(  215): hg_event_rc_push_battery_info: cur_cap = 90, is_charging = 1
01-01 00:00:18.038 F/DUSS&57[hg_event_rc_push_battery: 385]:(  215): hg_event_rc_push_battery_info: cur_cap = 90, is_charging = 1
01-01 00:00:18.687 F/DUSS&5a[ sys_process_motor_logic:  27]:(  217): sys_info->conn_pc = 1 app_type = 1
01-01 00:00:19.038 F/DUSS&57[hg_event_rc_push_battery: 385]:(  215): hg_event_rc_push_battery_info: cur_cap = 90, is_charging = 1
01-01 00:00:20.038 F/DUSS&57[hg_event_rc_push_battery: 385]:(  215): hg_event_rc_push_battery_info: cur_cap = 90, is_charging = 1
01-01 00:00:20.688 F/DUSS&5a[ sys_process_motor_logic:  27]:(  217): sys_info->conn_pc = 1 app_type = 1
01-01 00:00:21.038 F/DUSS&57[hg_event_rc_push_battery: 385]:(  215): hg_event_rc_push_battery_info: cur_cap = 90, is_charging = 1
01-01 00:00:22.038 F/DUSS&57[hg_event_rc_push_battery: 385]:(  215): hg_event_rc_push_battery_info: cur_cap = 90, is_charging = 1
01-01 00:00:22.687 F/DUSS&5a[ sys_process_motor_logic:  27]:(  217): sys_info->conn_pc = 1 app_type = 1
01-01 00:00:23.038 F/DUSS&57[hg_event_rc_push_battery: 385]:(  215): hg_event_rc_push_battery_info: cur_cap = 90, is_charging = 1
01-01 00:00:24.038 F/DUSS&57[hg_event_rc_push_battery: 385]:(  215): hg_event_rc_push_battery_info: cur_cap = 90, is_charging = 1
01-01 00:00:24.688 F/DUSS&5a[ sys_process_motor_logic:  27]:(  217): sys_info->conn_pc = 1 app_type = 1
01-01 00:00:25.038 F/DUSS&57[hg_event_rc_push_battery: 385]:(  215): hg_event_rc_push_battery_info: cur_cap = 90, is_charging = 1
01-01 00:00:26.038 F/DUSS&57[hg_event_rc_push_battery: 385]:(  215): hg_event_rc_push_battery_info: cur_cap = 90, is_charging = 1
01-01 00:00:26.687 F/DUSS&5a[ sys_process_motor_logic:  27]:(  217): sys_info->conn_pc = 1 app_type = 1
01-01 00:00:27.038 F/DUSS&57[hg_event_rc_push_battery: 385]:(  215): hg_event_rc_push_battery_info: cur_cap = 90, is_charging = 1
01-01 00:00:28.038 F/DUSS&57[hg_event_rc_push_battery: 385]:(  215): hg_event_rc_push_battery_info: cur_cap = 90, is_charging = 1
01-01 00:00:28.687 F/DUSS&5a[ sys_process_motor_logic:  27]:(  217): sys_info->conn_pc = 1 app_type = 1
01-01 00:00:29.038 F/DUSS&57[hg_event_rc_push_battery: 385]:(  215): hg_event_rc_push_battery_info: cur_cap = 90, is_charging = 1
01-01 00:00:30.038 F/DUSS&57[hg_event_rc_push_battery: 385]:(  215): hg_event_rc_push_battery_info: cur_cap = 90, is_charging = 1
01-01 00:00:30.687 F/DUSS&5a[ sys_process_motor_logic:  27]:(  217): sys_info->conn_pc = 1 app_type = 1
01-01 00:00:31.038 F/DUSS&57[hg_event_rc_push_battery: 385]:(  215): hg_event_rc_push_battery_info: cur_cap = 90, is_charging = 1
01-01 00:00:31.070 F/DUSS&57[           hdvt_cp_state: 784]:(  215): AMT test cur role 2
01-01 00:00:32.038 F/DUSS&57[hg_event_rc_push_battery: 385]:(  215): hg_event_rc_push_battery_info: cur_cap = 90, is_charging = 1
01-01 00:00:32.687 F/DUSS&5a[ sys_process_motor_logic:  27]:(  217): sys_info->conn_pc = 1 app_type = 1
01-01 00:00:33.038 F/DUSS&57[hg_event_rc_push_battery: 385]:(  215): hg_event_rc_push_battery_info: cur_cap = 90, is_charging = 1
01-01 00:00:34.038 F/DUSS&57[hg_event_rc_push_battery: 385]:(  215): hg_event_rc_push_battery_info: cur_cap = 90, is_charging = 1
01-01 00:00:34.687 F/DUSS&5a[ sys_process_motor_logic:  27]:(  217): sys_info->conn_pc = 1 app_type = 1
01-01 00:00:35.038 F/DUSS&57[hg_event_rc_push_battery: 385]:(  215): hg_event_rc_push_battery_info: cur_cap = 90, is_charging = 1
01-01 00:00:36.038 F/DUSS&57[hg_event_rc_push_battery: 385]:(  215): hg_event_rc_push_battery_info: cur_cap = 90, is_charging = 1
01-01 00:00:36.687 F/DUSS&5a[ sys_process_motor_logic:  27]:(  217): sys_info->conn_pc = 1 app_type = 1
01-01 00:00:37.038 F/DUSS&57[hg_event_rc_push_battery: 385]:(  215): hg_event_rc_push_battery_info: cur_cap = 90, is_charging = 1
01-01 00:00:38.038 F/DUSS&57[hg_event_rc_push_battery: 385]:(  215): hg_event_rc_push_battery_info: cur_cap = 90, is_charging = 1
01-01 00:00:38.687 F/DUSS&5a[ sys_process_motor_logic:  27]:(  217): sys_info->conn_pc = 1 app_type = 1
01-01 00:00:39.038 F/DUSS&57[hg_event_rc_push_battery: 385]:(  215): hg_event_rc_push_battery_info: cur_cap = 90, is_charging = 1
01-01 00:00:40.038 F/DUSS&57[hg_event_rc_push_battery: 385]:(  215): hg_event_rc_push_battery_info: cur_cap = 90, is_charging = 1
01-01 00:00:40.687 F/DUSS&5a[ sys_process_motor_logic:  27]:(  217): sys_info->conn_pc = 1 app_type = 1
01-01 00:00:41.038 F/DUSS&57[hg_event_rc_push_battery: 385]:(  215): hg_event_rc_push_battery_info: cur_cap = 90, is_charging = 1
01-01 00:00:42.038 F/DUSS&57[hg_event_rc_push_battery: 385]:(  215): hg_event_rc_push_battery_info: cur_cap = 90, is_charging = 1
01-01 00:00:42.687 F/DUSS&5a[ sys_process_motor_logic:  27]:(  217): sys_info->conn_pc = 1 app_type = 1
01-01 00:00:43.038 F/DUSS&57[hg_event_rc_push_battery: 385]:(  215): hg_event_rc_push_battery_info: cur_cap = 90, is_charging = 1
01-01 00:00:44.038 F/DUSS&57[hg_event_rc_push_battery: 385]:(  215): hg_event_rc_push_battery_info: cur_cap = 90, is_charging = 1
01-01 00:00:44.687 F/DUSS&5a[ sys_process_motor_logic:  27]:(  217): sys_info->conn_pc = 1 app_type = 1
01-01 00:00:45.038 F/DUSS&57[hg_event_rc_push_battery: 385]:(  215): hg_event_rc_push_battery_info: cur_cap = 90, is_charging = 1
01-01 00:00:46.038 F/DUSS&57[hg_event_rc_push_battery: 385]:(  215): hg_event_rc_push_battery_info: cur_cap = 90, is_charging = 1
01-01 00:00:46.687 F/DUSS&5a[ sys_process_motor_logic:  27]:(  217): sys_info->conn_pc = 1 app_type = 1
01-01 00:00:47.038 F/DUSS&57[hg_event_rc_push_battery: 385]:(  215): hg_event_rc_push_battery_info: cur_cap = 90, is_charging = 1
01-01 00:00:48.038 F/DUSS&57[hg_event_rc_push_battery: 385]:(  215): hg_event_rc_push_battery_info: cur_cap = 90, is_charging = 1
01-01 00:00:48.687 F/DUSS&5a[ sys_process_motor_logic:  27]:(  217): sys_info->conn_pc = 1 app_type = 1
01-01 00:00:49.038 F/DUSS&57[hg_event_rc_push_battery: 385]:(  215): hg_event_rc_push_battery_info: cur_cap = 90, is_charging = 1
01-01 00:00:50.038 F/DUSS&57[hg_event_rc_push_battery: 385]:(  215): hg_event_rc_push_battery_info: cur_cap = 90, is_charging = 1
01-01 00:00:50.687 F/DUSS&5a[ sys_process_motor_logic:  27]:(  217): sys_info->conn_pc = 1 app_type = 1
01-01 00:00:51.038 F/DUSS&57[hg_event_rc_push_battery: 385]:(  215): hg_event_rc_push_battery_info: cur_cap = 90, is_charging = 1
01-01 00:00:51.070 F/DUSS&57[           hdvt_cp_state: 784]:(  215): AMT test cur role 2
01-01 00:00:52.038 F/DUSS&57[hg_event_rc_push_battery: 385]:(  215): hg_event_rc_push_battery_info: cur_cap = 90, is_charging = 1
01-01 00:00:52.687 F/DUSS&5a[ sys_process_motor_logic:  27]:(  217): sys_info->conn_pc = 1 app_type = 1
01-01 00:00:53.038 F/DUSS&57[hg_event_rc_push_battery: 385]:(  215): hg_event_rc_push_battery_info: cur_cap = 90, is_charging = 1
01-01 00:00:54.038 F/DUSS&57[hg_event_rc_push_battery: 385]:(  215): hg_event_rc_push_battery_info: cur_cap = 90, is_charging = 1
01-01 00:00:54.687 F/DUSS&5a[ sys_process_motor_logic:  27]:(  217): sys_info->conn_pc = 1 app_type = 1
01-01 00:00:55.038 F/DUSS&57[hg_event_rc_push_battery: 385]:(  215): hg_event_rc_push_battery_info: cur_cap = 90, is_charging = 1
01-01 00:00:56.038 F/DUSS&57[hg_event_rc_push_battery: 385]:(  215): hg_event_rc_push_battery_info: cur_cap = 90, is_charging = 1
01-01 00:00:56.687 F/DUSS&5a[ sys_process_motor_logic:  27]:(  217): sys_info->conn_pc = 1 app_type = 1
01-01 00:00:57.038 F/DUSS&57[hg_event_rc_push_battery: 385]:(  215): hg_event_rc_push_battery_info: cur_cap = 90, is_charging = 1
01-01 00:00:58.038 F/DUSS&57[hg_event_rc_push_battery: 385]:(  215): hg_event_rc_push_battery_info: cur_cap = 90, is_charging = 1
01-01 00:00:58.687 F/DUSS&5a[ sys_process_motor_logic:  27]:(  217): sys_info->conn_pc = 1 app_type = 1
01-01 00:00:59.038 F/DUSS&57[hg_event_rc_push_battery: 385]:(  215): hg_event_rc_push_battery_info: cur_cap = 90, is_charging = 1
01-01 00:01:00.038 F/DUSS&57[hg_event_rc_push_battery: 385]:(  215): hg_event_rc_push_battery_info: cur_cap = 90, is_charging = 1
01-01 00:01:00.687 F/DUSS&5a[ sys_process_motor_logic:  27]:(  217): sys_info->conn_pc = 1 app_type = 1
01-01 00:01:01.038 F/DUSS&57[hg_event_rc_push_battery: 385]:(  215): hg_event_rc_push_battery_info: cur_cap = 90, is_charging = 1
01-01 00:01:02.038 F/DUSS&57[hg_event_rc_push_battery: 385]:(  215): hg_event_rc_push_battery_info: cur_cap = 90, is_charging = 1
01-01 00:01:02.687 F/DUSS&5a[ sys_process_motor_logic:  27]:(  217): sys_info->conn_pc = 1 app_type = 1
01-01 00:01:03.038 F/DUSS&57[hg_event_rc_push_battery: 385]:(  215): hg_event_rc_push_battery_info: cur_cap = 90, is_charging = 1
01-01 00:01:04.038 F/DUSS&57[hg_event_rc_push_battery: 385]:(  215): hg_event_rc_push_battery_info: cur_cap = 90, is_charging = 1
01-01 00:01:04.687 F/DUSS&5a[ sys_process_motor_logic:  27]:(  217): sys_info->conn_pc = 1 app_type = 1
01-01 00:01:05.038 F/DUSS&57[hg_event_rc_push_battery: 385]:(  215): hg_event_rc_push_battery_info: cur_cap = 90, is_charging = 1
01-01 00:01:06.038 F/DUSS&57[hg_event_rc_push_battery: 385]:(  215): hg_event_rc_push_battery_info: cur_cap = 90, is_charging = 1
01-01 00:01:06.687 F/DUSS&5a[ sys_process_motor_logic:  27]:(  217): sys_info->conn_pc = 1 app_type = 1
01-01 00:01:07.038 F/DUSS&57[hg_event_rc_push_battery: 385]:(  215): hg_event_rc_push_battery_info: cur_cap = 90, is_charging = 1
01-01 00:01:08.038 F/DUSS&57[hg_event_rc_push_battery: 385]:(  215): hg_event_rc_push_battery_info: cur_cap = 90, is_charging = 1
01-01 00:01:08.687 F/DUSS&5a[ sys_process_motor_logic:  27]:(  217): sys_info->conn_pc = 1 app_type = 1
01-01 00:01:09.038 F/DUSS&57[hg_event_rc_push_battery: 385]:(  215): hg_event_rc_push_battery_info: cur_cap = 90, is_charging = 1
01-01 00:01:10.038 F/DUSS&57[hg_event_rc_push_battery: 385]:(  215): hg_event_rc_push_battery_info: cur_cap = 90, is_charging = 1
01-01 00:01:10.687 F/DUSS&5a[ sys_process_motor_logic:  27]:(  217): sys_info->conn_pc = 1 app_type = 1
01-01 00:01:11.038 F/DUSS&57[hg_event_rc_push_battery: 385]:(  215): hg_event_rc_push_battery_info: cur_cap = 90, is_charging = 1
01-01 00:01:11.070 F/DUSS&57[           hdvt_cp_state: 784]:(  215): AMT test cur role 2
01-01 00:01:12.038 F/DUSS&57[hg_event_rc_push_battery: 385]:(  215): hg_event_rc_push_battery_info: cur_cap = 90, is_charging = 1
01-01 00:01:12.687 F/DUSS&5a[ sys_process_motor_logic:  27]:(  217): sys_info->conn_pc = 1 app_type = 1
01-01 00:01:13.038 F/DUSS&57[hg_event_rc_push_battery: 385]:(  215): hg_event_rc_push_battery_info: cur_cap = 90, is_charging = 1
01-01 00:01:14.038 F/DUSS&57[hg_event_rc_push_battery: 385]:(  215): hg_event_rc_push_battery_info: cur_cap = 90, is_charging = 1
01-01 00:01:14.687 F/DUSS&5a[ sys_process_motor_logic:  27]:(  217): sys_info->conn_pc = 1 app_type = 1
01-01 00:01:15.038 F/DUSS&57[hg_event_rc_push_battery: 385]:(  215): hg_event_rc_push_battery_info: cur_cap = 90, is_charging = 1
