01-01 00:01:24.959   203   286 I DUSS&63[sys_up_status_push_threa: 935]:: +++++++ Sending upgrade status for upgrading_stage, len: 11, app_host=0xa00, mod_id=0xee (14.07), status 1, progress: 25, total_progress: 56
01-01 00:01:24.959   203   286 E DUSS&63[sys_up_status_push_threa: 954]:: Sending upgrade status to app_host 0xa00 failed, result=-1007
01-01 00:01:26.562   203   287 I DUSS&63[sys_p1_register_motor_er:4165]:: not in normal mode, no need to register
01-01 00:01:26.749   203  1174 I DUSS&63[       sys_check_version:  82]:: Different version.
01-01 00:01:26.749   203  1174 I DUSS&63[       sys_check_version:  83]:: Current ver.Fw = 47.26.2.5
01-01 00:01:26.749   203  1174 I DUSS&63[       sys_check_version:  88]:: Targetr.Fw = 47.26.2.18
01-01 00:01:26.749   203  1174 I DUSS&63[       sys_upgrade_p1_hw:3089]:: sdr: Check version failed.
01-01 00:01:26.959   203   286 I DUSS&63[sys_up_status_push_threa: 935]:: +++++++ Sending upgrade status for upgrading_stage, len: 11, app_host=0xa00, mod_id=0xee (14.07), status 1, progress: 25, total_progress: 56
01-01 00:01:26.959   203   286 E DUSS&63[sys_up_status_push_threa: 954]:: Sending upgrade status to app_host 0xa00 failed, result=-1007
01-01 00:01:28.562   203   287 I DUSS&63[sys_p1_register_motor_er:4165]:: not in normal mode, no need to register
01-01 00:01:28.777   203  1174 I DUSS&63[       sys_check_version:  82]:: Different version.
01-01 00:01:28.777   203  1174 I DUSS&63[       sys_check_version:  83]:: Current ver.Fw = 47.26.2.5
01-01 00:01:28.778   203  1174 I DUSS&63[       sys_check_version:  88]:: Targetr.Fw = 47.26.2.18
01-01 00:01:28.778   203  1174 I DUSS&63[       sys_upgrade_p1_hw:3089]:: sdr: Check version failed.
01-01 00:01:28.959   203   286 I DUSS&63[sys_up_status_push_threa: 935]:: +++++++ Sending upgrade status for upgrading_stage, len: 11, app_host=0xa00, mod_id=0xee (14.07), status 1, progress: 25, total_progress: 56
01-01 00:01:28.959   203   286 E DUSS&63[sys_up_status_push_threa: 954]:: Sending upgrade status to app_host 0xa00 failed, result=-1007
01-01 00:01:30.562   203   287 I DUSS&63[sys_p1_register_motor_er:4165]:: not in normal mode, no need to register
01-01 00:01:30.805   203  1174 I DUSS&63[       sys_check_version:  82]:: Different version.
01-01 00:01:30.805   203  1174 I DUSS&63[       sys_check_version:  83]:: Current ver.Fw = 47.26.2.5
01-01 00:01:30.805   203  1174 I DUSS&63[       sys_check_version:  88]:: Targetr.Fw = 47.26.2.18
01-01 00:01:30.805   203  1174 I DUSS&63[       sys_upgrade_p1_hw:3089]:: sdr: Check version failed.
01-01 00:01:30.959   203   286 I DUSS&63[sys_up_status_push_threa: 935]:: +++++++ Sending upgrade status for upgrading_stage, len: 11, app_host=0xa00, mod_id=0xee (14.07), status 1, progress: 25, total_progress: 56
01-01 00:01:30.960   203   286 E DUSS&63[sys_up_status_push_threa: 954]:: Sending upgrade status to app_host 0xa00 failed, result=-1007
01-01 00:01:32.562   203   287 I DUSS&63[sys_p1_register_motor_er:4165]:: not in normal mode, no need to register
01-01 00:01:32.832   203  1174 I DUSS&63[       sys_check_version:  82]:: Different version.
01-01 00:01:32.832   203  1174 I DUSS&63[       sys_check_version:  83]:: Current ver.Fw = 47.26.2.5
01-01 00:01:32.832   203  1174 I DUSS&63[       sys_check_version:  88]:: Targetr.Fw = 47.26.2.18
01-01 00:01:32.832   203  1174 I DUSS&63[       sys_upgrade_p1_hw:3089]:: sdr: Check version failed.
01-01 00:01:32.960   203   286 I DUSS&63[sys_up_status_push_threa: 935]:: +++++++ Sending upgrade status for upgrading_stage, len: 11, app_host=0xa00, mod_id=0xee (14.07), status 1, progress: 25, total_progress: 56
01-01 00:01:32.960   203   286 E DUSS&63[sys_up_status_push_threa: 954]:: Sending upgrade status to app_host 0xa00 failed, result=-1007
01-01 00:01:34.562   203   287 I DUSS&63[sys_p1_register_motor_er:4165]:: not in normal mode, no need to register
01-01 00:01:34.573   203   282 W DUSS&63[       tcp_async_connect: 311]:: [sys]EINPROGRESS in connect() - selecting,addr=192.168.41.3
01-01 00:01:34.574   203   280 W DUSS&63[       tcp_async_connect: 311]:: [sys]EINPROGRESS in connect() - selecting,addr=192.168.41.1
01-01 00:01:34.860   203  1174 I DUSS&63[       sys_check_version:  82]:: Different version.
01-01 00:01:34.860   203  1174 I DUSS&63[       sys_check_version:  83]:: Current ver.Fw = 47.26.2.5
01-01 00:01:34.860   203  1174 I DUSS&63[       sys_check_version:  88]:: Targetr.Fw = 47.26.2.18
01-01 00:01:34.860   203  1174 I DUSS&63[       sys_upgrade_p1_hw:3089]:: sdr: Check version failed.
01-01 00:01:34.960   203   286 I DUSS&63[sys_up_status_push_threa: 935]:: +++++++ Sending upgrade status for upgrading_stage, len: 11, app_host=0xa00, mod_id=0xee (14.07), status 1, progress: 25, total_progress: 56
01-01 00:01:34.960   203   286 E DUSS&63[sys_up_status_push_threa: 954]:: Sending upgrade status to app_host 0xa00 failed, result=-1007
01-01 00:01:35.574   203   282 W DUSS&63[       tcp_async_connect: 334]:: [sys]Timeout in select() - Cancelling, addr=192.168.41.3
01-01 00:01:35.575   203   280 W DUSS&63[       tcp_async_connect: 334]:: [sys]Timeout in select() - Cancelling, addr=192.168.41.1
01-01 00:01:36.562   203   287 I DUSS&63[sys_p1_register_motor_er:4165]:: not in normal mode, no need to register
01-01 00:01:36.862   203  1174 I DUSS&63[ sys_sdr_upgrade_cleanup: 106]:: sdr upgrade cleanup done.
01-01 00:01:36.862   203  1174 I DUSS&63[sys_p1_upgrade_all_from_:6263]:: sdr: sys_upgrade_p1_hw success 
01-01 00:01:36.862   203  1174 I DUSS&63[sys_p1_push_ongoing_stat:2897]:: Push to 0xa00 for module 0xe07, overall upgrade progress: 68 (5:3:100), stop_pushing=0
01-01 00:01:36.863   203   286 I DUSS&63[sys_up_status_push_threa: 935]:: +++++++ Sending upgrade status for upgrading_stage, len: 11, app_host=0xa00, mod_id=0xee (14.07), status 0, progress: 100, total_progress: 68
01-01 00:01:36.863   203   286 E DUSS&63[sys_up_status_push_threa: 954]:: Sending upgrade status to app_host 0xa00 failed, result=-1007
01-01 00:01:38.562   203   287 I DUSS&63[sys_p1_register_motor_er:4165]:: not in normal mode, no need to register
01-01 00:01:38.863   203   286 I DUSS&63[sys_up_status_push_threa: 935]:: +++++++ Sending upgrade status for upgrading_stage, len: 11, app_host=0xa00, mod_id=0xee (14.07), status 0, progress: 100, total_progress: 68
01-01 00:01:38.863   203   286 E DUSS&63[sys_up_status_push_threa: 954]:: Sending upgrade status to app_host 0xa00 failed, result=-1007
01-01 00:01:39.897   203  1174 I DUSS&63[sys_p1_push_ongoing_stat:2897]:: Push to 0xa00 for module 0x600, overall upgrade progress: 68 (5:2:0), stop_pushing=0
01-01 00:01:39.897   203   286 I DUSS&63[sys_up_status_push_threa: 935]:: +++++++ Sending upgrade status for upgrading_stage, len: 11, app_host=0xa00, mod_id=0x6 (06.00), status 1, progress: 0, total_progress: 68
01-01 00:01:39.898   203   286 E DUSS&63[sys_up_status_push_threa: 954]:: Sending upgrade status to app_host 0xa00 failed, result=-1007
01-01 00:01:40.562   203   287 I DUSS&63[sys_p1_register_motor_er:4165]:: not in normal mode, no need to register
01-01 00:01:41.898   203  1174 I DUSS&63[  sys_upgrade_check_file:1635]:: MCU_051_gnd Upgrade: check file /cache/upgrade/unsignimgs//wm220_0600_v00.00.01.28_20170727.pro.fw
01-01 00:01:41.898   203  1174 I DUSS&63[  sys_upgrade_check_file:1683]:: Firmaware /cache/upgrade/unsignimgs//wm220_0600_v00.00.01.28_20170727.pro.fw is not encrypted
01-01 00:01:41.898   203   286 I DUSS&63[sys_up_status_push_threa: 935]:: +++++++ Sending upgrade status for upgrading_stage, len: 11, app_host=0xa00, mod_id=0x6 (06.00), status 1, progress: 0, total_progress: 68
01-01 00:01:41.898   203   286 E DUSS&63[sys_up_status_push_threa: 954]:: Sending upgrade status to app_host 0xa00 failed, result=-1007
01-01 00:01:41.899   203  1174 I DUSS&63[  sys_upgrade_check_file:1695]:: md5string: 2187db08efe902422b52c881e1b92542
01-01 00:01:41.899   203  1174 I DUSS&63[   sys_upgrade_commom_hw:3002]:: Start to upgrade MCU_051_gnd
01-01 00:01:41.899   203  1174 I DUSS&63[sys_upgrade_check_connec:1590]:: Send check connection message to MCU_051_gnd ...
01-01 00:01:41.913   203  1174 I DUSS&63[sys_upgrade_check_connec:1602]:: get response from MCU_051_gnd, ret_code: 0x0
01-01 00:01:41.913   203  1174 I DUSS&63[       sys_check_version:  82]:: Different version.
01-01 00:01:41.913   203  1174 I DUSS&63[       sys_check_version:  83]:: Current ver.Fw = 0.0.1.27
01-01 00:01:41.913   203  1174 I DUSS&63[       sys_check_version:  88]:: Targetr.Fw = 0.0.1.28
01-01 00:01:42.562   203   287 I DUSS&63[sys_p1_register_motor_er:4165]:: not in normal mode, no need to register
01-01 00:01:43.899   203   286 I DUSS&63[sys_up_status_push_threa: 935]:: +++++++ Sending upgrade status for upgrading_stage, len: 11, app_host=0xa00, mod_id=0x6 (06.00), status 1, progress: 0, total_progress: 68
01-01 00:01:43.899   203   286 E DUSS&63[sys_up_status_push_threa: 954]:: Sending upgrade status to app_host 0xa00 failed, result=-1007
01-01 00:01:43.913   203  1174 I DUSS&63[sys_upgrade_request_upgr:1776]:: Send enter upgrade mode to MCU_051_gnd...
01-01 00:01:43.921   203  1174 I DUSS&63[sys_upgrade_request_upgr:1796]:: Got enter upgrade mode ack message, len = 1.
01-01 00:01:43.921   203  1174 I DUSS&63[sys_upgrade_request_upgr:1809]:: Hw MCU_051_gnd return ok for requesting upgrade.
01-01 00:01:44.562   203   287 I DUSS&63[sys_p1_register_motor_er:4165]:: not in normal mode, no need to register
01-01 00:01:45.899   203   286 I DUSS&63[sys_up_status_push_threa: 935]:: +++++++ Sending upgrade status for upgrading_stage, len: 11, app_host=0xa00, mod_id=0x6 (06.00), status 1, progress: 0, total_progress: 68
01-01 00:01:45.899   203   286 E DUSS&63[sys_up_status_push_threa: 954]:: Sending upgrade status to app_host 0xa00 failed, result=-1007
01-01 00:01:45.921   203  1174 I DUSS&63[ sys_upgrade_check_state:1870]:: Send check state message to MCU_051_gnd...
01-01 00:01:45.925   203  1174 I DUSS&63[ sys_upgrade_check_state:1892]:: Got MCU_051_gnd status report message.
01-01 00:01:45.925   203  1174 I DUSS&63[ sys_upgrade_check_state:1915]:: Ack: version major = 0
01-01 00:01:45.925   203  1174 I DUSS&63[ sys_upgrade_check_state:1916]:: Ack: version minor = 0
01-01 00:01:45.925   203  1174 I DUSS&63[ sys_upgrade_check_state:1917]:: Ack: status = 0x1
01-01 00:01:45.925   203  1174 I DUSS&63[sys_upgrade_request_acce:1958]:: MCU_051_gnd: upgrade data size = 38448
01-01 00:01:46.562   203   287 I DUSS&63[sys_p1_register_motor_er:4165]:: not in normal mode, no need to register
01-01 00:01:47.899   203   286 I DUSS&63[sys_up_status_push_threa: 935]:: +++++++ Sending upgrade status for upgrading_stage, len: 11, app_host=0xa00, mod_id=0x6 (06.00), status 1, progress: 0, total_progress: 68
01-01 00:01:47.899   203   286 E DUSS&63[sys_up_status_push_threa: 954]:: Sending upgrade status to app_host 0xa00 failed, result=-1007
01-01 00:01:47.925   203  1174 I DUSS&63[sys_upgrade_request_acce:2000]:: Send cmd 0x8 to MCU_051_gnd, size 38448...
01-01 00:01:47.925   203  1174 I DUSS&63[sys_upgrade_request_acce:2008]:: MCU_051_gnd: wait for cmd 0x8's ack message
01-01 00:01:48.562   203   287 I DUSS&63[sys_p1_register_motor_er:4165]:: not in normal mode, no need to register
01-01 00:01:48.920   203   285 I DUSS&63[sys_event_pc_accept_upgr: 542]:: MCU_051_gnd: ACK size = 3 ----
01-01 00:01:48.920   203  1174 I DUSS&63[sys_upgrade_request_acce:2058]:: Ack: sub package size = 256
01-01 00:01:48.920   203  1174 I DUSS&63[sys_upgrade_transfer_dat:2190]:: sys_upgrade_transfer_data: Start transferring data, offset = 0
01-01 00:01:48.921   203  1174 I DUSS&63[sys_upgrade_transfer_dat:2247]:: Send upgrade data to MCU_051_gnd, data seq_num = 0, enc_type = 0, offset=0
01-01 00:01:49.522   203  1174 I DUSS&63[sys_p1_push_ongoing_stat:2897]:: Push to 0xa00 for module 0x600, overall upgrade progress: 68 (5:2:5), stop_pushing=0
01-01 00:01:49.522   203   286 I DUSS&63[sys_up_status_push_threa: 935]:: +++++++ Sending upgrade status for upgrading_stage, len: 11, app_host=0xa00, mod_id=0x6 (06.00), status 1, progress: 5, total_progress: 68
01-01 00:01:49.522   203   286 E DUSS&63[sys_up_status_push_threa: 954]:: Sending upgrade status to app_host 0xa00 failed, result=-1007
01-01 00:01:50.002   203  1174 I DUSS&63[sys_p1_push_ongoing_stat:2897]:: Push to 0xa00 for module 0x600, overall upgrade progress: 69 (5:2:10), stop_pushing=0
01-01 00:01:50.002   203   286 I DUSS&63[sys_up_status_push_threa: 935]:: +++++++ Sending upgrade status for upgrading_stage, len: 11, app_host=0xa00, mod_id=0x6 (06.00), status 1, progress: 10, total_progress: 69
01-01 00:01:50.002   203   286 E DUSS&63[sys_up_status_push_threa: 954]:: Sending upgrade status to app_host 0xa00 failed, result=-1007
01-01 00:01:50.542   203  1174 I DUSS&63[sys_p1_push_ongoing_stat:2897]:: Push to 0xa00 for module 0x600, overall upgrade progress: 70 (5:2:15), stop_pushing=0
01-01 00:01:50.542   203   286 I DUSS&63[sys_up_status_push_threa: 935]:: +++++++ Sending upgrade status for upgrading_stage, len: 11, app_host=0xa00, mod_id=0x6 (06.00), status 1, progress: 15, total_progress: 70
01-01 00:01:50.542   203   286 E DUSS&63[sys_up_status_push_threa: 954]:: Sending upgrade status to app_host 0xa00 failed, result=-1007
01-01 00:01:50.562   203   287 I DUSS&63[sys_p1_register_motor_er:4165]:: not in normal mode, no need to register
01-01 00:01:51.102   203  1174 I DUSS&63[sys_p1_push_ongoing_stat:2897]:: Push to 0xa00 for module 0x600, overall upgrade progress: 71 (5:2:20), stop_pushing=0
01-01 00:01:51.102   203   286 I DUSS&63[sys_up_status_push_threa: 935]:: +++++++ Sending upgrade status for upgrading_stage, len: 11, app_host=0xa00, mod_id=0x6 (06.00), status 1, progress: 20, total_progress: 71
01-01 00:01:51.102   203   286 E DUSS&63[sys_up_status_push_threa: 954]:: Sending upgrade status to app_host 0xa00 failed, result=-1007
01-01 00:01:51.582   203  1174 I DUSS&63[sys_p1_push_ongoing_stat:2897]:: Push to 0xa00 for module 0x600, overall upgrade progress: 72 (5:2:25), stop_pushing=0
01-01 00:01:51.582   203   286 I DUSS&63[sys_up_status_push_threa: 935]:: +++++++ Sending upgrade status for upgrading_stage, len: 11, app_host=0xa00, mod_id=0x6 (06.00), status 1, progress: 25, total_progress: 72
01-01 00:01:51.582   203   286 E DUSS&63[sys_up_status_push_threa: 954]:: Sending upgrade status to app_host 0xa00 failed, result=-1007
01-01 00:01:52.062   203  1174 I DUSS&63[sys_p1_push_ongoing_stat:2897]:: Push to 0xa00 for module 0x600, overall upgrade progress: 72 (5:2:30), stop_pushing=0
01-01 00:01:52.062   203   286 I DUSS&63[sys_up_status_push_threa: 935]:: +++++++ Sending upgrade status for upgrading_stage, len: 11, app_host=0xa00, mod_id=0x6 (06.00), status 1, progress: 30, total_progress: 72
01-01 00:01:52.062   203   286 E DUSS&63[sys_up_status_push_threa: 954]:: Sending upgrade status to app_host 0xa00 failed, result=-1007
01-01 00:01:52.562   203   287 I DUSS&63[sys_p1_register_motor_er:4165]:: not in normal mode, no need to register
01-01 00:01:52.588   203  1174 I DUSS&63[sys_p1_push_ongoing_stat:2897]:: Push to 0xa00 for module 0x600, overall upgrade progress: 73 (5:2:35), stop_pushing=0
01-01 00:01:52.589   203   286 I DUSS&63[sys_up_status_push_threa: 935]:: +++++++ Sending upgrade status for upgrading_stage, len: 11, app_host=0xa00, mod_id=0x6 (06.00), status 1, progress: 35, total_progress: 73
01-01 00:01:52.589   203   286 E DUSS&63[sys_up_status_push_threa: 954]:: Sending upgrade status to app_host 0xa00 failed, result=-1007
01-01 00:01:53.092   203  1174 I DUSS&63[sys_upgrade_transfer_dat:2247]:: Send upgrade data to MCU_051_gnd, data seq_num = 100, enc_type = 0, offset=25600
01-01 00:01:53.172   203  1174 I DUSS&63[sys_p1_push_ongoing_stat:2897]:: Push to 0xa00 for module 0x600, overall upgrade progress: 74 (5:2:40), stop_pushing=0
01-01 00:01:53.172   203   286 I DUSS&63[sys_up_status_push_threa: 935]:: +++++++ Sending upgrade status for upgrading_stage, len: 11, app_host=0xa00, mod_id=0x6 (06.00), status 1, progress: 40, total_progress: 74
01-01 00:01:53.172   203   286 E DUSS&63[sys_up_status_push_threa: 954]:: Sending upgrade status to app_host 0xa00 failed, result=-1007
01-01 00:01:53.652   203  1174 I DUSS&63[sys_p1_push_ongoing_stat:2897]:: Push to 0xa00 for module 0x600, overall upgrade progress: 75 (5:2:45), stop_pushing=0
01-01 00:01:53.652   203   286 I DUSS&63[sys_up_status_push_threa: 935]:: +++++++ Sending upgrade status for upgrading_stage, len: 11, app_host=0xa00, mod_id=0x6 (06.00), status 1, progress: 45, total_progress: 75
01-01 00:01:53.652   203   286 E DUSS&63[sys_up_status_push_threa: 954]:: Sending upgrade status to app_host 0xa00 failed, result=-1007
01-01 00:01:54.212   203  1174 I DUSS&63[sys_p1_push_ongoing_stat:2897]:: Push to 0xa00 for module 0x600, overall upgrade progress: 76 (5:2:50), stop_pushing=0
01-01 00:01:54.212   203   286 I DUSS&63[sys_up_status_push_threa: 935]:: +++++++ Sending upgrade status for upgrading_stage, len: 11, app_host=0xa00, mod_id=0x6 (06.00), status 1, progress: 50, total_progress: 76
01-01 00:01:54.212   203   286 E DUSS&63[sys_up_status_push_threa: 954]:: Sending upgrade status to app_host 0xa00 failed, result=-1007
01-01 00:01:54.562   203   287 I DUSS&63[sys_p1_register_motor_er:4165]:: not in normal mode, no need to register
01-01 00:01:54.692   203  1174 I DUSS&63[sys_p1_push_ongoing_stat:2897]:: Push to 0xa00 for module 0x600, overall upgrade progress: 76 (5:2:55), stop_pushing=0
01-01 00:01:54.692   203   286 I DUSS&63[sys_up_status_push_threa: 935]:: +++++++ Sending upgrade status for upgrading_stage, len: 11, app_host=0xa00, mod_id=0x6 (06.00), status 1, progress: 55, total_progress: 76
01-01 00:01:54.692   203   286 E DUSS&63[sys_up_status_push_threa: 954]:: Sending upgrade status to app_host 0xa00 failed, result=-1007
01-01 00:01:56.562   203   287 I DUSS&63[sys_p1_register_motor_er:4165]:: not in normal mode, no need to register
01-01 00:01:56.692   203   286 I DUSS&63[sys_up_status_push_threa: 935]:: +++++++ Sending upgrade status for upgrading_stage, len: 11, app_host=0xa00, mod_id=0x6 (06.00), status 1, progress: 55, total_progress: 76
01-01 00:01:56.692   203   286 E DUSS&63[sys_up_status_push_threa: 954]:: Sending upgrade status to app_host 0xa00 failed, result=-1007
01-01 00:01:57.132   203  1174 I DUSS&63[sys_upgrade_transfer_com:2638]:: Send transfer complete message to MCU_051_gnd, len = 17, timeout = 20000000
01-01 00:01:57.200   203  1174 I DUSS&63[sys_upgrade_transfer_com:2667]:: resp_msg->msg_buf[0] = 0x0
01-01 00:01:57.200   203  1174 I DUSS&63[sys_upgrade_transfer_com:2731]:: Succeed to send transfer completet message to MCU_051_gnd
01-01 00:01:57.200   203  1174 I DUSS&63[   sys_upgrade_commom_hw:3093]:: ..... Succeed to upgrade  MCU_051_gnd ......
01-01 00:01:58.200   203  1174 I DUSS&63[sys_upgrade_reboot_and_c:2855]:: Send reboot to MCU_051_gnd
01-01 00:01:58.204   203  1174 I DUSS&63[sys_upgrade_reboot_and_c:2880]:: Succeed to send reboot msg to MCU_051_gnd
01-01 00:01:58.562   203   287 I DUSS&63[sys_p1_register_motor_er:4165]:: not in normal mode, no need to register
01-01 00:01:58.693   203   286 I DUSS&63[sys_up_status_push_threa: 935]:: +++++++ Sending upgrade status for upgrading_stage, len: 11, app_host=0xa00, mod_id=0x6 (06.00), status 1, progress: 55, total_progress: 76
01-01 00:01:58.693   203   286 E DUSS&63[sys_up_status_push_threa: 954]:: Sending upgrade status to app_host 0xa00 failed, result=-1007
01-01 00:02:00.204   203  1174 I DUSS&63[sys_upgrade_check_connec:1590]:: Send check connection message to MCU_051_gnd ...
01-01 00:02:00.283   203  1174 I DUSS&63[sys_upgrade_check_connec:1602]:: get response from MCU_051_gnd, ret_code: 0x0
01-01 00:02:00.283   203  1174 I DUSS&63[       sys_check_version:  78]:: Same version. Current: 0.0.1.28 (284); Target: 0.0.1.28
01-01 00:02:00.283   203  1174 I DUSS&63[sys_p1_upgrade_all_from_:6184]:: MCU_051_gnd: sys_upgrade_commom_hw success
01-01 00:02:00.283   203  1174 I DUSS&63[sys_p1_push_ongoing_stat:2897]:: Push to 0xa00 for module 0x600, overall upgrade progress: 84 (5:2:100), stop_pushing=0
01-01 00:02:00.283   203   286 I DUSS&63[sys_up_status_push_threa: 935]:: +++++++ Sending upgrade status for upgrading_stage, len: 11, app_host=0xa00, mod_id=0x6 (06.00), status 0, progress: 100, total_progress: 84
01-01 00:02:00.284   203   286 E DUSS&63[sys_up_status_push_threa: 954]:: Sending upgrade status to app_host 0xa00 failed, result=-1007
01-01 00:02:00.562   203   287 I DUSS&63[sys_p1_register_motor_er:4165]:: not in normal mode, no need to register
01-01 00:02:02.285   203   286 I DUSS&63[sys_up_status_push_threa: 935]:: +++++++ Sending upgrade status for upgrading_stage, len: 11, app_host=0xa00, mod_id=0x6 (06.00), status 0, progress: 100, total_progress: 84
01-01 00:02:02.285   203   286 E DUSS&63[sys_up_status_push_threa: 954]:: Sending upgrade status to app_host 0xa00 failed, result=-1007
01-01 00:02:02.562   203   287 I DUSS&63[sys_p1_register_motor_er:4165]:: not in normal mode, no need to register
01-01 00:02:03.302   203  1174 I DUSS&63[sys_p1_push_ongoing_stat:2897]:: Push to 0xa00 for module 0xd01, overall upgrade progress: 84 (5:1:0), stop_pushing=0
01-01 00:02:03.302   203  1174 I DUSS&63[sys_p1_upgrade_all_from_:6207]:: upgrading p1 self, p1_first=0, p1_finish=0...
01-01 00:02:03.302   203  1174 I DUSS&63[sys_up_save_upgrade_stat: 370]:: fileName=/cache/upgrade_status, optionName=p1_first, optionValue=0
01-01 00:02:03.302   203   286 I DUSS&63[sys_up_status_push_threa: 935]:: +++++++ Sending upgrade status for upgrading_stage, len: 11, app_host=0xa00, mod_id=0x2d (13.01), status 1, progress: 0, total_progress: 84
01-01 00:02:03.302   203   286 E DUSS&63[sys_up_status_push_threa: 954]:: Sending upgrade status to app_host 0xa00 failed, result=-1007
01-01 00:02:03.302   203  1174 I DUSS&63[sys_up_save_upgrade_stat: 416]:: can not find this option, append new line
01-01 00:02:03.375   203  1174 I DUSS&63[       sys_upgrade_p1_hw:2995]:: : Upgrading p1 hardware..
01-01 00:02:03.388   203  1174 I DUSS&63[         sys_p1_check_hw:2709]:: ver.Fw = 01.05.00.08
01-01 00:02:03.388   203  1174 I DUSS&63[         sys_p1_check_hw:2714]:: Targetr.Fw = 01.06.00.11
01-01 00:02:03.388   203  1174 I DUSS&63[       sys_check_version:  82]:: Different version.
01-01 00:02:03.388   203  1174 I DUSS&63[       sys_check_version:  83]:: Current ver.Fw = 1.5.0.8
01-01 00:02:03.388   203  1174 I DUSS&63[       sys_check_version:  88]:: Targetr.Fw = 1.6.0.11
01-01 00:02:03.411   203  1174 I DUSS&63[       sys_upgrade_p1_hw:3143]:: Set p1_upgrade state to 1
01-01 00:02:03.471   203  1174 I DUSS&63[sys_p1_send_ota_power_st: 629]:: Send ota power down message to 0xa00
01-01 00:02:04.483   203  1174 I DUSS&63[       sys_upgrade_p1_hw:3174]:: will reboot recovery soon...


!!!new file start!!!

01-01 00:02:22.481   203   203 I DUSS&63[                    main: 655]:: dji_sys run as dev_type 1, duss_sketch_initialize done...
01-01 00:02:22.487   203   203 I DUSS&63[sys_load_config_from_jso: 154]:: Get the hw_str WM220 RC
01-01 00:02:22.487   203   203 W DUSS&63[sys_load_config_from_jso: 160]:: Can't find platform:system_init domain! Call default routing...
01-01 00:02:22.487   203   203 I DUSS&63[         sys_load_config: 486]:: platform dev_info: WM220 1860RC
01-01 00:02:22.506   203   203 I DUSS&63[sys_check_boot_mode_norm: 333]:: Set system mode to NORMAL.
01-01 00:02:22.537   203   203 I DUSS&63[          sys_check_mode: 437]:: factory mode
01-01 00:02:22.549   203   203 I DUSS&63[sys_up_load_general_stat: 202]:: get option_value wm220 for package_id
01-01 00:02:22.549   203   203 I DUSS&63[sys_up_load_general_stat: 203]:: updated package_str wm220
01-01 00:02:22.549   203   203 I DUSS&63[sys_up_load_general_stat: 210]:: get package_ver 1.3.1000
01-01 00:02:22.549   203   203 I DUSS&63[sys_up_load_general_stat: 210]:: 
01-01 00:02:22.549   203   203 I DUSS&63[sys_up_load_general_stat: 214]:: updated package_ver 1.3.1000
01-01 00:02:22.549   203   203 I DUSS&63[sys_up_load_general_stat: 221]:: get package_uav_cnt 0
01-01 00:02:22.549   203   203 I DUSS&63[sys_up_load_general_stat: 221]:: 
01-01 00:02:22.549   203   203 I DUSS&63[sys_up_load_general_stat: 223]:: updated package_uav_cnt 0
01-01 00:02:22.549   203   203 I DUSS&63[sys_up_load_general_stat: 230]:: get package_gnd_cnt 3
01-01 00:02:22.549   203   203 I DUSS&63[sys_up_load_general_stat: 230]:: 
01-01 00:02:22.549   203   203 I DUSS&63[sys_up_load_general_stat: 232]:: updated package_gnd_cnt 3
01-01 00:02:22.549   203   203 I DUSS&63[sys_up_load_general_stat: 239]:: get package_gls_cnt 2
01-01 00:02:22.549   203   203 I DUSS&63[sys_up_load_general_stat: 239]:: 
01-01 00:02:22.549   203   203 I DUSS&63[sys_up_load_general_stat: 241]:: updated package_gls_cnt 2
01-01 00:02:22.549   203   203 W DUSS&63[sys_up_load_general_stat: 250]:: can not get option_value for wm22x_type, use wm220 by default
01-01 00:02:22.551   203   203 I DUSS&63[sys_up_load_upgrade_stat: 297]:: get option_value 0xa00 for upgrade_host
01-01 00:02:22.551   203   203 I DUSS&63[sys_up_load_upgrade_stat: 286]:: get option_value 9 for upgrade_stage
01-01 00:02:22.551   203   203 I DUSS&63[sys_up_load_upgrade_stat: 341]:: get option_value 0 for p1_first
01-01 00:02:22.557   203   203 I DUSS&63[sys_up_get_flag_from_fil: 140]:: cat results: 2
01-01 00:02:22.557   203   203 I DUSS&63[sys_upgrade_check_status:5062]:: saved upgrade_retry=2 in last boot
01-01 00:02:22.565   203   203 I DUSS&63[sys_up_get_flag_from_fil: 140]:: cat results: 1
01-01 00:02:22.566   203   203 I DUSS&63[sys_upgrade_check_status:5102]:: p1_upgrade = 1
01-01 00:02:22.573   203   203 I DUSS&63[sys_up_get_flag_from_fil: 140]:: cat results: 1
01-01 00:02:22.573   203   203 I DUSS&63[sys_upgrade_check_status:5117]:: repower = 1
01-01 00:02:22.699   203   203 I DUSS&63[     sys_up_check_p1_ver:  65]:: check p1 ver, target 1.6.0.11.
01-01 00:02:22.699   203   203 I DUSS&63[sys_upgrade_check_status:5137]:: Succeed to upgrade p1.
01-01 00:02:22.886   203   203 I DUSS&63[ sys_up_del_full_package:1094]:: deleted /ftp/upgrade/dji_system.bin
01-01 00:02:22.886   203   203 I DUSS&63[sys_upgrade_check_status:5200]:: find upgrade status = 5
01-01 00:02:22.980   203   203 I DUSS&63[            sys_pre_init: 532]:: this is production board
01-01 00:02:23.008   203   203 I DUSS&63[      wl_prot_tcp_create: 404]:: [sys]open_type=0, local_port=0, remote_ip=192.168.41.1, remote_port=22350, l_ctx=0xb715c308 
01-01 00:02:23.009   203   203 I DUSS&63[      wl_prot_tcp_create: 467]:: [sys]first connect failed, err=Network is unreachable
01-01 00:02:23.009   203   203 I DUSS&63[      wl_prot_tcp_create: 500]:: [sys]create tcp channel success, l_ctx=0xb715c308
01-01 00:02:23.009   203   312 I DUSS&63[      tcp_connect_thread: 139]:: [sys]start to connect, fd=18
01-01 00:02:23.009   203   312 I DUSS&63[      tcp_connect_thread: 143]:: [sys]WL TCP State change to connecting
01-01 00:02:23.009   203   203 I DUSS&63[      wl_prot_tcp_create: 404]:: [sys]open_type=0, local_port=0, remote_ip=192.168.41.3, remote_port=22351, l_ctx=0xb715d4a8 
01-01 00:02:23.010   203   203 I DUSS&63[      wl_prot_tcp_create: 467]:: [sys]first connect failed, err=Network is unreachable
01-01 00:02:23.010   203   203 I DUSS&63[      wl_prot_tcp_create: 500]:: [sys]create tcp channel success, l_ctx=0xb715d4a8
01-01 00:02:23.010   203   314 I DUSS&63[      tcp_connect_thread: 139]:: [sys]start to connect, fd=19
01-01 00:02:23.010   203   314 I DUSS&63[      tcp_connect_thread: 143]:: [sys]WL TCP State change to connecting
01-01 00:02:23.011   203   203 I DUSS&63[        sys_events_start:  96]:: aging_test_mode=0, system_mode=2
01-01 00:02:23.011   203   318 I DUSS&63[sys_up_status_push_threa: 862]:: pushing thread start, stop_pushing=0, push_status=0
01-01 00:02:23.011   203   318 I DUSS&63[      sys_up_status_init: 702]:: Init the upgrade status.
01-01 00:02:23.011   203   318 I DUSS&63[      sys_up_status_init: 711]:: Set the finish result to SUCCESS.
01-01 00:02:23.012   203   203 I DUSS&63[       sys_check_pc_conn: 300]:: For pc connection, usb state is DISCONNECTED
01-01 00:02:23.012   203   203 I DUSS&63[           sys_post_init: 563]:: conn_pc=0 when init
01-01 00:02:23.012   203   203 E DUSS&63[sys_event_pc_through_rc_:1182]:: Find route item to pc by wl channel fail: -1001
01-01 00:02:23.012   203   203 I DUSS&63[sys_flight_data_do_first: 620]:: gnd, need to check whether to send nfz.db to uav
01-01 00:02:23.012   203   203 I DUSS&63[sys_flight_data_send_to_: 523]:: nfz can not be found!
01-01 00:02:23.019   203   203 I DUSS&63[sys_flight_data_send_to_: 541]:: also can not find unsigned package for db
01-01 00:02:23.020   203   203 I DUSS&63[            sys_mainloop: 266]:: version scan done.
01-01 00:02:24.635   203   320 E DUSS&63[find_and_kill_all_udhcpd: 457]:: pid 165's cmdline: busybox udhcpd
01-01 00:02:24.635   203   320 E DUSS&63[find_and_kill_all_udhcpd: 460]:: execute busybox kill 165
01-01 00:02:24.644   203   320 E DUSS&63[find_and_kill_all_udhcpd: 457]:: pid 166's cmdline: busybox tcpsvd
01-01 00:02:24.645   203   320 I DUSS&63[ handle_dji_device_event: 284]:: kill udhcpd service (busybox)
01-01 00:02:27.011   203   318 I DUSS&63[sys_up_status_push_threa: 969]:: +++++++ Sending upgrade status for finishing_stage, len: 11, app_host=0xa00, mod_id=0x2d (13.01), status 0, reason 1, progress: 100
01-01 00:02:27.012   203   318 E DUSS&63[sys_up_status_push_threa:1011]:: Sending upgrade status to app_host 0xa00 failed, result=-1007
01-01 00:02:27.012   203   318 I DUSS&63[       sys_check_pc_conn: 286]:: Open /sys/class/android_usb/android0/state error
01-01 00:02:27.012   203   318 I DUSS&63[sys_up_status_push_threa:1016]:: conn_pc=0 when re-check in pushing thread
01-01 00:02:27.012   203   318 E DUSS&63[sys_up_status_push_threa:1033]:: Sending upgrade status to hdvt_gnd 0xe00 failed, result=-1001
01-01 00:02:29.012   203   318 I DUSS&63[sys_up_status_push_threa: 969]:: +++++++ Sending upgrade status for finishing_stage, len: 11, app_host=0xa00, mod_id=0x2d (13.01), status 0, reason 1, progress: 100
01-01 00:02:29.012   203   318 E DUSS&63[sys_up_status_push_threa:1011]:: Sending upgrade status to app_host 0xa00 failed, result=-1007
01-01 00:02:29.012   203   318 E DUSS&63[sys_up_status_push_threa:1033]:: Sending upgrade status to hdvt_gnd 0xe00 failed, result=-1001
01-01 00:02:31.012   203   318 I DUSS&63[sys_up_status_push_threa: 969]:: +++++++ Sending upgrade status for finishing_stage, len: 11, app_host=0xa00, mod_id=0x2d (13.01), status 0, reason 1, progress: 100
01-01 00:02:31.012   203   318 E DUSS&63[sys_up_status_push_threa:1011]:: Sending upgrade status to app_host 0xa00 failed, result=-1007
01-01 00:02:31.013   203   318 E DUSS&63[sys_up_status_push_threa:1033]:: Sending upgrade status to hdvt_gnd 0xe00 failed, result=-1001
01-01 00:02:33.013   203   318 I DUSS&63[sys_up_status_push_threa: 969]:: +++++++ Sending upgrade status for finishing_stage, len: 11, app_host=0xa00, mod_id=0x2d (13.01), status 0, reason 1, progress: 100
01-01 00:02:33.013   203   318 E DUSS&63[sys_up_status_push_threa:1011]:: Sending upgrade status to app_host 0xa00 failed, result=-1007
01-01 00:02:33.013   203   318 E DUSS&63[sys_up_status_push_threa:1033]:: Sending upgrade status to hdvt_gnd 0xe00 failed, result=-1001
01-01 00:02:35.013   203   318 I DUSS&63[sys_up_status_push_threa: 969]:: +++++++ Sending upgrade status for finishing_stage, len: 11, app_host=0xa00, mod_id=0x2d (13.01), status 0, reason 1, progress: 100
01-01 00:02:35.013   203   318 E DUSS&63[sys_up_status_push_threa:1011]:: Sending upgrade status to app_host 0xa00 failed, result=-1007
01-01 00:02:35.013   203   318 E DUSS&63[sys_up_status_push_threa:1033]:: Sending upgrade status to hdvt_gnd 0xe00 failed, result=-1001
01-01 00:02:37.013   203   318 I DUSS&63[sys_up_status_push_threa: 969]:: +++++++ Sending upgrade status for finishing_stage, len: 11, app_host=0xa00, mod_id=0x2d (13.01), status 0, reason 1, progress: 100
01-01 00:02:37.013   203   318 E DUSS&63[sys_up_status_push_threa:1011]:: Sending upgrade status to app_host 0xa00 failed, result=-1007
01-01 00:02:37.014   203   318 E DUSS&63[sys_up_status_push_threa:1033]:: Sending upgrade status to hdvt_gnd 0xe00 failed, result=-1001


!!!new file start!!!

01-01 00:00:08.481   204   204 I DUSS&63[                    main: 655]:: dji_sys run as dev_type 1, duss_sketch_initialize done...
01-01 00:00:08.486   204   204 I DUSS&63[sys_load_config_from_jso: 154]:: Get the hw_str WM220 RC
01-01 00:00:08.486   204   204 W DUSS&63[sys_load_config_from_jso: 160]:: Can't find platform:system_init domain! Call default routing...
01-01 00:00:08.487   204   204 I DUSS&63[         sys_load_config: 486]:: platform dev_info: WM220 1860RC
01-01 00:00:08.506   204   204 I DUSS&63[sys_check_boot_mode_norm: 333]:: Set system mode to NORMAL.
01-01 00:00:08.541   204   204 I DUSS&63[          sys_check_mode: 437]:: factory mode
01-01 00:00:08.547   204   204 I DUSS&63[sys_up_load_general_stat: 202]:: get option_value wm220 for package_id
01-01 00:00:08.547   204   204 I DUSS&63[sys_up_load_general_stat: 203]:: updated package_str wm220
01-01 00:00:08.547   204   204 I DUSS&63[sys_up_load_general_stat: 210]:: get package_ver 1.3.1000
01-01 00:00:08.547   204   204 I DUSS&63[sys_up_load_general_stat: 210]:: 
01-01 00:00:08.547   204   204 I DUSS&63[sys_up_load_general_stat: 214]:: updated package_ver 1.3.1000
01-01 00:00:08.547   204   204 I DUSS&63[sys_up_load_general_stat: 221]:: get package_uav_cnt 0
01-01 00:00:08.547   204   204 I DUSS&63[sys_up_load_general_stat: 221]:: 
01-01 00:00:08.547   204   204 I DUSS&63[sys_up_load_general_stat: 223]:: updated package_uav_cnt 0
01-01 00:00:08.547   204   204 I DUSS&63[sys_up_load_general_stat: 230]:: get package_gnd_cnt 3
01-01 00:00:08.547   204   204 I DUSS&63[sys_up_load_general_stat: 230]:: 
01-01 00:00:08.547   204   204 I DUSS&63[sys_up_load_general_stat: 232]:: updated package_gnd_cnt 3
01-01 00:00:08.547   204   204 I DUSS&63[sys_up_load_general_stat: 239]:: get package_gls_cnt 2
01-01 00:00:08.547   204   204 I DUSS&63[sys_up_load_general_stat: 239]:: 
01-01 00:00:08.547   204   204 I DUSS&63[sys_up_load_general_stat: 241]:: updated package_gls_cnt 2
01-01 00:00:08.547   204   204 W DUSS&63[sys_up_load_general_stat: 250]:: can not get option_value for wm22x_type, use wm220 by default
01-01 00:00:08.548   204   204 I DUSS&63[sys_up_load_upgrade_stat: 297]:: get option_value 0xa00 for upgrade_host
01-01 00:00:08.548   204   204 I DUSS&63[sys_up_load_upgrade_stat: 286]:: get option_value 9 for upgrade_stage
01-01 00:00:08.548   204   204 I DUSS&63[sys_up_load_upgrade_stat: 341]:: get option_value 0 for p1_first
01-01 00:00:08.565   204   204 I DUSS&63[sys_up_get_flag_from_fil: 140]:: cat results: 2
01-01 00:00:08.565   204   204 I DUSS&63[sys_upgrade_check_status:5062]:: saved upgrade_retry=2 in last boot
01-01 00:00:08.573   204   204 I DUSS&63[sys_up_get_flag_from_fil: 140]:: cat results: 1
01-01 00:00:08.574   204   204 I DUSS&63[sys_upgrade_check_status:5102]:: p1_upgrade = 1
01-01 00:00:08.581   204   204 I DUSS&63[sys_upgrade_check_status:5117]:: repower = -1
01-01 00:00:08.582   204   204 I DUSS&63[     sys_up_check_p1_ver:  65]:: check p1 ver, target 1.6.0.11.
01-01 00:00:08.582   204   204 I DUSS&63[sys_upgrade_check_status:5137]:: Succeed to upgrade p1.
01-01 00:00:08.782   204   204 I DUSS&63[ sys_up_del_full_package:1094]:: deleted /ftp/upgrade/dji_system.bin
01-01 00:00:08.782   204   204 I DUSS&63[sys_upgrade_check_status:5200]:: find upgrade status = 5
01-01 00:00:08.886   204   204 I DUSS&63[            sys_pre_init: 532]:: this is production board
01-01 00:00:08.912   204   204 I DUSS&63[      wl_prot_tcp_create: 404]:: [sys]open_type=0, local_port=0, remote_ip=192.168.41.1, remote_port=22350, l_ctx=0xb71120a8 
01-01 00:00:08.913   204   204 I DUSS&63[      wl_prot_tcp_create: 467]:: [sys]first connect failed, err=Network is unreachable
01-01 00:00:08.913   204   204 I DUSS&63[      wl_prot_tcp_create: 500]:: [sys]create tcp channel success, l_ctx=0xb71120a8
01-01 00:00:08.913   204   313 I DUSS&63[      tcp_connect_thread: 139]:: [sys]start to connect, fd=19
01-01 00:00:08.913   204   313 I DUSS&63[      tcp_connect_thread: 143]:: [sys]WL TCP State change to connecting
01-01 00:00:08.913   204   204 I DUSS&63[      wl_prot_tcp_create: 404]:: [sys]open_type=0, local_port=0, remote_ip=192.168.41.3, remote_port=22351, l_ctx=0xb7113248 
01-01 00:00:08.913   204   204 I DUSS&63[      wl_prot_tcp_create: 467]:: [sys]first connect failed, err=Network is unreachable
01-01 00:00:08.913   204   204 I DUSS&63[      wl_prot_tcp_create: 500]:: [sys]create tcp channel success, l_ctx=0xb7113248
01-01 00:00:08.913   204   315 I DUSS&63[      tcp_connect_thread: 139]:: [sys]start to connect, fd=20
01-01 00:00:08.913   204   315 I DUSS&63[      tcp_connect_thread: 143]:: [sys]WL TCP State change to connecting
01-01 00:00:08.914   204   204 I DUSS&63[        sys_events_start:  96]:: aging_test_mode=0, system_mode=2
01-01 00:00:08.915   204   319 I DUSS&63[sys_up_status_push_threa: 862]:: pushing thread start, stop_pushing=0, push_status=0
01-01 00:00:08.915   204   319 I DUSS&63[      sys_up_status_init: 702]:: Init the upgrade status.
01-01 00:00:08.915   204   319 I DUSS&63[      sys_up_status_init: 711]:: Set the finish result to SUCCESS.
01-01 00:00:08.915   204   204 I DUSS&63[       sys_check_pc_conn: 304]:: pc state is CONFIGURED
01-01 00:00:08.916   204   204 I DUSS&63[           sys_post_init: 563]:: conn_pc=1 when init
01-01 00:00:08.916   204   204 I DUSS&63[sys_flight_data_do_first: 620]:: gnd, need to check whether to send nfz.db to uav
01-01 00:00:08.916   204   204 I DUSS&63[sys_flight_data_send_to_: 523]:: nfz can not be found!
01-01 00:00:08.924   204   204 I DUSS&63[sys_flight_data_send_to_: 541]:: also can not find unsigned package for db
01-01 00:00:08.924   204   204 I DUSS&63[            sys_mainloop: 266]:: version scan done.
01-01 00:00:11.913   204   313 W DUSS&63[       tcp_async_connect: 311]:: [sys]EINPROGRESS in connect() - selecting,addr=192.168.41.1
01-01 00:00:11.914   204   315 W DUSS&63[       tcp_async_connect: 311]:: [sys]EINPROGRESS in connect() - selecting,addr=192.168.41.3
01-01 00:00:12.914   204   313 W DUSS&63[       tcp_async_connect: 334]:: [sys]Timeout in select() - Cancelling, addr=192.168.41.1
01-01 00:00:12.915   204   315 W DUSS&63[       tcp_async_connect: 334]:: [sys]Timeout in select() - Cancelling, addr=192.168.41.3
01-01 00:00:12.915   204   319 I DUSS&63[sys_up_status_push_threa: 969]:: +++++++ Sending upgrade status for finishing_stage, len: 11, app_host=0xa00, mod_id=0x2d (13.01), status 0, reason 1, progress: 100
01-01 00:00:14.915   204   319 I DUSS&63[sys_up_status_push_threa: 969]:: +++++++ Sending upgrade status for finishing_stage, len: 11, app_host=0xa00, mod_id=0x2d (13.01), status 0, reason 1, progress: 100
01-01 00:00:16.915   204   319 I DUSS&63[sys_up_status_push_threa: 969]:: +++++++ Sending upgrade status for finishing_stage, len: 11, app_host=0xa00, mod_id=0x2d (13.01), status 0, reason 1, progress: 100
01-01 00:00:18.916   204   319 I DUSS&63[sys_up_status_push_threa: 969]:: +++++++ Sending upgrade status for finishing_stage, len: 11, app_host=0xa00, mod_id=0x2d (13.01), status 0, reason 1, progress: 100
01-01 00:00:20.916   204   319 I DUSS&63[sys_up_status_push_threa: 969]:: +++++++ Sending upgrade status for finishing_stage, len: 11, app_host=0xa00, mod_id=0x2d (13.01), status 0, reason 1, progress: 100
01-01 00:00:22.916   204   319 I DUSS&63[sys_up_status_push_threa: 969]:: +++++++ Sending upgrade status for finishing_stage, len: 11, app_host=0xa00, mod_id=0x2d (13.01), status 0, reason 1, progress: 100
01-01 00:00:24.917   204   319 I DUSS&63[sys_up_status_push_threa: 969]:: +++++++ Sending upgrade status for finishing_stage, len: 11, app_host=0xa00, mod_id=0x2d (13.01), status 0, reason 1, progress: 100
01-01 00:00:26.917   204   319 I DUSS&63[sys_up_status_push_threa: 969]:: +++++++ Sending upgrade status for finishing_stage, len: 11, app_host=0xa00, mod_id=0x2d (13.01), status 0, reason 1, progress: 100
01-01 00:00:28.917   204   319 I DUSS&63[sys_up_status_push_threa: 969]:: +++++++ Sending upgrade status for finishing_stage, len: 11, app_host=0xa00, mod_id=0x2d (13.01), status 0, reason 1, progress: 100
01-01 00:00:30.917   204   319 I DUSS&63[sys_up_status_push_threa: 969]:: +++++++ Sending upgrade status for finishing_stage, len: 11, app_host=0xa00, mod_id=0x2d (13.01), status 0, reason 1, progress: 100
01-01 00:00:32.918   204   319 I DUSS&63[sys_up_status_push_threa: 969]:: +++++++ Sending upgrade status for finishing_stage, len: 11, app_host=0xa00, mod_id=0x2d (13.01), status 0, reason 1, progress: 100
01-01 00:00:34.918   204   319 I DUSS&63[sys_up_status_push_threa: 969]:: +++++++ Sending upgrade status for finishing_stage, len: 11, app_host=0xa00, mod_id=0x2d (13.01), status 0, reason 1, progress: 100
01-01 00:00:36.918   204   319 I DUSS&63[sys_up_status_push_threa: 969]:: +++++++ Sending upgrade status for finishing_stage, len: 11, app_host=0xa00, mod_id=0x2d (13.01), status 0, reason 1, progress: 100
01-01 00:00:38.918   204   319 I DUSS&63[sys_up_status_push_threa: 969]:: +++++++ Sending upgrade status for finishing_stage, len: 11, app_host=0xa00, mod_id=0x2d (13.01), status 0, reason 1, progress: 100
01-01 00:00:40.919   204   319 I DUSS&63[sys_up_status_push_threa: 969]:: +++++++ Sending upgrade status for finishing_stage, len: 11, app_host=0xa00, mod_id=0x2d (13.01), status 0, reason 1, progress: 100
01-01 00:00:42.919   204   319 I DUSS&63[sys_up_status_push_threa: 969]:: +++++++ Sending upgrade status for finishing_stage, len: 11, app_host=0xa00, mod_id=0x2d (13.01), status 0, reason 1, progress: 100
01-01 00:00:44.405   204   321 I DUSS&63[ handle_dji_device_event: 176]:: android_usb DISCONNECTED
01-01 00:00:44.405   204   321 I DUSS&63[ handle_dji_device_event: 194]:: handle usb events for pc plugging out
01-01 00:00:44.408   204   321 E DUSS&63[sys_event_pc_through_rc_:1182]:: Find route item to pc by wl channel fail: -1001
01-01 00:00:44.919   204   319 I DUSS&63[sys_up_status_push_threa: 969]:: +++++++ Sending upgrade status for finishing_stage, len: 11, app_host=0xa00, mod_id=0x2d (13.01), status 0, reason 1, progress: 100
01-01 00:00:44.919   204   319 E DUSS&63[sys_up_status_push_threa:1011]:: Sending upgrade status to app_host 0xa00 failed, result=-1007
01-01 00:00:44.919   204   319 I DUSS&63[       sys_check_pc_conn: 300]:: For pc connection, usb state is DISCONNECTED
01-01 00:00:44.919   204   319 I DUSS&63[sys_up_status_push_threa:1016]:: conn_pc=0 when re-check in pushing thread
01-01 00:00:45.161   204   305 I DUSS&63[        sys_event_reboot:1382]:: receive reboot from 0x600, this_host=0xd01
01-01 00:00:45.161   204   305 I DUSS&63[        sys_event_reboot:1388]:: Get reboot callback. .
01-01 00:00:45.161   204   305 I DUSS&63[           sys_p1_reboot:4820]:: Request power/boot 2 after 2000 ms from 0x600
01-01 00:00:45.199   204   321 E DUSS&63[find_and_kill_all_udhcpd: 457]:: pid 166's cmdline: busybox udhcpd
01-01 00:00:45.199   204   321 E DUSS&63[find_and_kill_all_udhcpd: 460]:: execute busybox kill 166
01-01 00:00:45.210   204   321 E DUSS&63[find_and_kill_all_udhcpd: 457]:: pid 167's cmdline: busybox tcpsvd
01-01 00:00:45.212   204   321 I DUSS&63[ handle_dji_device_event: 284]:: kill udhcpd service (busybox)
01-01 00:00:46.919   204   319 I DUSS&63[sys_up_status_push_threa: 969]:: +++++++ Sending upgrade status for finishing_stage, len: 11, app_host=0xa00, mod_id=0x2d (13.01), status 0, reason 1, progress: 100
01-01 00:00:46.920   204   319 E DUSS&63[sys_up_status_push_threa:1011]:: Sending upgrade status to app_host 0xa00 failed, result=-1007
                                                                                                                                            

!!!new file start!!!

01-01 00:00:04.399   202   202 I DUSS&63[                    main: 655]:: dji_sys run as dev_type 1, duss_sketch_initialize done...
01-01 00:00:04.405   202   202 I DUSS&63[sys_load_config_from_jso: 154]:: Get the hw_str WM220 RC
01-01 00:00:04.405   202   202 W DUSS&63[sys_load_config_from_jso: 160]:: Can't find platform:system_init domain! Call default routing...
01-01 00:00:04.405   202   202 I DUSS&63[         sys_load_config: 486]:: platform dev_info: WM220 1860RC
01-01 00:00:04.429   202   202 I DUSS&63[sys_check_boot_mode_norm: 333]:: Set system mode to NORMAL.
01-01 00:00:04.463   202   202 I DUSS&63[          sys_check_mode: 437]:: factory mode
01-01 00:00:04.469   202   202 I DUSS&63[sys_up_load_general_stat: 202]:: get option_value wm220 for package_id
01-01 00:00:04.469   202   202 I DUSS&63[sys_up_load_general_stat: 203]:: updated package_str wm220
01-01 00:00:04.469   202   202 I DUSS&63[sys_up_load_general_stat: 210]:: get package_ver 1.3.1000
01-01 00:00:04.469   202   202 I DUSS&63[sys_up_load_general_stat: 210]:: 
01-01 00:00:04.469   202   202 I DUSS&63[sys_up_load_general_stat: 214]:: updated package_ver 1.3.1000
01-01 00:00:04.469   202   202 I DUSS&63[sys_up_load_general_stat: 221]:: get package_uav_cnt 0
01-01 00:00:04.469   202   202 I DUSS&63[sys_up_load_general_stat: 221]:: 
01-01 00:00:04.469   202   202 I DUSS&63[sys_up_load_general_stat: 223]:: updated package_uav_cnt 0
01-01 00:00:04.469   202   202 I DUSS&63[sys_up_load_general_stat: 230]:: get package_gnd_cnt 3
01-01 00:00:04.469   202   202 I DUSS&63[sys_up_load_general_stat: 230]:: 
01-01 00:00:04.469   202   202 I DUSS&63[sys_up_load_general_stat: 232]:: updated package_gnd_cnt 3
01-01 00:00:04.469   202   202 I DUSS&63[sys_up_load_general_stat: 239]:: get package_gls_cnt 2
01-01 00:00:04.469   202   202 I DUSS&63[sys_up_load_general_stat: 239]:: 
01-01 00:00:04.469   202   202 I DUSS&63[sys_up_load_general_stat: 241]:: updated package_gls_cnt 2
01-01 00:00:04.469   202   202 W DUSS&63[sys_up_load_general_stat: 250]:: can not get option_value for wm22x_type, use wm220 by default
01-01 00:00:04.470   202   202 I DUSS&63[sys_up_load_upgrade_stat: 297]:: get option_value 0xa00 for upgrade_host
01-01 00:00:04.470   202   202 I DUSS&63[sys_up_load_upgrade_stat: 286]:: get option_value 9 for upgrade_stage
01-01 00:00:04.470   202   202 I DUSS&63[sys_up_load_upgrade_stat: 341]:: get option_value 0 for p1_first
01-01 00:00:04.478   202   202 I DUSS&63[sys_up_get_flag_from_fil: 140]:: cat results: 2
01-01 00:00:04.478   202   202 I DUSS&63[sys_upgrade_check_status:5062]:: saved upgrade_retry=2 in last boot
01-01 00:00:04.488   202   202 I DUSS&63[sys_up_get_flag_from_fil: 140]:: cat results: 1
01-01 00:00:04.488   202   202 I DUSS&63[sys_upgrade_check_status:5102]:: p1_upgrade = 1
01-01 00:00:04.496   202   202 I DUSS&63[sys_upgrade_check_status:5117]:: repower = -1
01-01 00:00:04.501   202   202 I DUSS&63[     sys_up_check_p1_ver:  65]:: check p1 ver, target 1.6.0.11.
01-01 00:00:04.501   202   202 I DUSS&63[sys_upgrade_check_status:5137]:: Succeed to upgrade p1.
01-01 00:00:04.712   202   202 I DUSS&63[ sys_up_del_full_package:1094]:: deleted /ftp/upgrade/dji_system.bin
01-01 00:00:04.712   202   202 I DUSS&63[sys_upgrade_check_status:5200]:: find upgrade status = 5
01-01 00:00:04.809   202   202 I DUSS&63[            sys_pre_init: 532]:: this is production board
01-01 00:00:04.837   202   202 I DUSS&63[      wl_prot_tcp_create: 404]:: [sys]open_type=0, local_port=0, remote_ip=192.168.41.1, remote_port=22350, l_ctx=0xb7164270 
01-01 00:00:04.837   202   202 I DUSS&63[      wl_prot_tcp_create: 467]:: [sys]first connect failed, err=Network is unreachable
01-01 00:00:04.837   202   202 I DUSS&63[      wl_prot_tcp_create: 500]:: [sys]create tcp channel success, l_ctx=0xb7164270
01-01 00:00:04.837   202   311 I DUSS&63[      tcp_connect_thread: 139]:: [sys]start to connect, fd=18
01-01 00:00:04.837   202   311 I DUSS&63[      tcp_connect_thread: 143]:: [sys]WL TCP State change to connecting
01-01 00:00:04.838   202   202 I DUSS&63[      wl_prot_tcp_create: 404]:: [sys]open_type=0, local_port=0, remote_ip=192.168.41.3, remote_port=22351, l_ctx=0xb7165410 
01-01 00:00:04.838   202   202 I DUSS&63[      wl_prot_tcp_create: 467]:: [sys]first connect failed, err=Network is unreachable
01-01 00:00:04.839   202   202 I DUSS&63[      wl_prot_tcp_create: 500]:: [sys]create tcp channel success, l_ctx=0xb7165410
01-01 00:00:04.839   202   313 I DUSS&63[      tcp_connect_thread: 139]:: [sys]start to connect, fd=19
01-01 00:00:04.839   202   313 I DUSS&63[      tcp_connect_thread: 143]:: [sys]WL TCP State change to connecting
01-01 00:00:04.840   202   202 I DUSS&63[        sys_events_start:  96]:: aging_test_mode=0, system_mode=2
01-01 00:00:04.840   202   317 I DUSS&63[sys_up_status_push_threa: 862]:: pushing thread start, stop_pushing=0, push_status=0
01-01 00:00:04.840   202   317 I DUSS&63[      sys_up_status_init: 702]:: Init the upgrade status.
01-01 00:00:04.840   202   317 I DUSS&63[      sys_up_status_init: 711]:: Set the finish result to SUCCESS.
01-01 00:00:04.841   202   202 I DUSS&63[       sys_check_pc_conn: 300]:: For pc connection, usb state is DISCONNECTED
01-01 00:00:04.841   202   202 I DUSS&63[           sys_post_init: 563]:: conn_pc=0 when init
01-01 00:00:04.841   202   202 E DUSS&63[sys_event_pc_through_rc_:1182]:: Find route item to pc by wl channel fail: -1001
01-01 00:00:04.841   202   202 I DUSS&63[sys_flight_data_do_first: 620]:: gnd, need to check whether to send nfz.db to uav
01-01 00:00:04.841   202   202 I DUSS&63[sys_flight_data_send_to_: 523]:: nfz can not be found!
01-01 00:00:04.849   202   202 I DUSS&63[sys_flight_data_send_to_: 541]:: also can not find unsigned package for db
