01-01 00:00:08.562   203   286 I DUSS&63[sys_up_status_push_threa: 805]:: pushing thread start, stop_pushing=1, push_status=0
01-01 00:00:08.562   203   203 I DUSS&63[       sys_check_pc_conn: 297]:: pc state is CONFIGURED
01-01 00:00:08.562   203   203 I DUSS&63[           sys_post_init: 555]:: conn_pc=1 when init
01-01 00:00:08.563   203   203 I DUSS&63[sys_flight_data_do_first: 560]:: gnd, need to check whether to send nfz.db to uav
01-01 00:00:08.563   203   203 I DUSS&63[sys_flight_data_send_to_: 513]:: nfz can not be found!
01-01 00:00:08.571   203   203 I DUSS&63[sys_flight_data_send_to_: 531]:: also can not find unsigned package for db
01-01 00:00:08.578   203   203 W DUSS&63[        sys_version_scan: 137]:: Can not find the signed cfg file in /ftp/upgrade/upgrade/backup/
01-01 00:00:08.578   203   203 W DUSS&63[            sys_mainloop: 257]:: not updated before, use initial ver, major = 1, minor=0, build=0
01-01 00:00:08.578   203   203 I DUSS&63[            sys_mainloop: 259]:: version scan done.
01-01 00:00:08.694   203   279 I DUSS&63[ sys_event_report_status:1413]:: report status:  0:0
01-01 00:00:08.710   203   279 I DUSS&63[ sys_event_report_status:1413]:: report status:  0:0
01-01 00:00:09.207   203   279 I DUSS&63[ sys_common_get_cfg_file:1342]:: +++request file from 0xa00: req type 1, off 0, len 256
01-01 00:00:09.207   203   279 I DUSS&63[           _get_cfg_file:1272]:: +++request cfg file /ftp/upgrade/upgrade/wm330_0000.cfg.sig
01-01 00:00:09.207   203   279 I DUSS&63[           _get_cfg_file:1301]:: Can't find cfg /ftp/upgrade/upgrade/wm330_0000.cfg.sig or log /data/dji/upgrade_log.tar.gz.
01-01 00:00:09.207   203   279 E DUSS&63[ sys_common_get_cfg_file:1368]:: Get upgrade cfg file failure!
01-01 00:00:09.722   203   279 I DUSS&63[ sys_common_get_cfg_file:1342]:: +++request file from 0xa00: req type 1, off 0, len 256
01-01 00:00:09.722   203   279 I DUSS&63[           _get_cfg_file:1272]:: +++request cfg file /ftp/upgrade/upgrade/wm330_0000.cfg.sig
01-01 00:00:09.722   203   279 I DUSS&63[           _get_cfg_file:1301]:: Can't find cfg /ftp/upgrade/upgrade/wm330_0000.cfg.sig or log /data/dji/upgrade_log.tar.gz.
01-01 00:00:09.722   203   279 E DUSS&63[ sys_common_get_cfg_file:1368]:: Get upgrade cfg file failure!
01-01 00:00:10.224   203   279 I DUSS&63[ sys_common_get_cfg_file:1342]:: +++request file from 0xa00: req type 1, off 0, len 256
01-01 00:00:10.224   203   279 I DUSS&63[           _get_cfg_file:1272]:: +++request cfg file /ftp/upgrade/upgrade/wm330_0000.cfg.sig
01-01 00:00:10.224   203   279 I DUSS&63[           _get_cfg_file:1301]:: Can't find cfg /ftp/upgrade/upgrade/wm330_0000.cfg.sig or log /data/dji/upgrade_log.tar.gz.
01-01 00:00:10.224   203   279 E DUSS&63[ sys_common_get_cfg_file:1368]:: Get upgrade cfg file failure!
01-01 00:00:10.736   203   279 I DUSS&63[ sys_common_get_cfg_file:1342]:: +++request file from 0xa00: req type 1, off 0, len 256
01-01 00:00:10.736   203   279 I DUSS&63[           _get_cfg_file:1272]:: +++request cfg file /ftp/upgrade/upgrade/wm330_0000.cfg.sig
01-01 00:00:10.736   203   279 I DUSS&63[           _get_cfg_file:1301]:: Can't find cfg /ftp/upgrade/upgrade/wm330_0000.cfg.sig or log /data/dji/upgrade_log.tar.gz.
01-01 00:00:10.736   203   279 E DUSS&63[ sys_common_get_cfg_file:1368]:: Get upgrade cfg file failure!
01-01 00:00:11.237   203   279 I DUSS&63[ sys_common_get_cfg_file:1342]:: +++request file from 0xa00: req type 1, off 0, len 256
01-01 00:00:11.237   203   279 I DUSS&63[           _get_cfg_file:1272]:: +++request cfg file /ftp/upgrade/upgrade/wm330_0000.cfg.sig
01-01 00:00:11.237   203   279 I DUSS&63[           _get_cfg_file:1301]:: Can't find cfg /ftp/upgrade/upgrade/wm330_0000.cfg.sig or log /data/dji/upgrade_log.tar.gz.
01-01 00:00:11.237   203   279 E DUSS&63[ sys_common_get_cfg_file:1368]:: Get upgrade cfg file failure!
01-01 00:00:11.755   203   279 I DUSS&63[ sys_common_get_cfg_file:1342]:: +++request file from 0xa00: req type 1, off 0, len 256
01-01 00:00:11.755   203   279 I DUSS&63[           _get_cfg_file:1272]:: +++request cfg file /ftp/upgrade/upgrade/wm330_0000.cfg.sig
01-01 00:00:11.755   203   279 I DUSS&63[           _get_cfg_file:1301]:: Can't find cfg /ftp/upgrade/upgrade/wm330_0000.cfg.sig or log /data/dji/upgrade_log.tar.gz.
01-01 00:00:11.755   203   279 E DUSS&63[ sys_common_get_cfg_file:1368]:: Get upgrade cfg file failure!
01-01 00:00:12.255   203   279 I DUSS&63[ sys_common_get_cfg_file:1342]:: +++request file from 0xa00: req type 1, off 0, len 256
01-01 00:00:12.255   203   279 I DUSS&63[           _get_cfg_file:1272]:: +++request cfg file /ftp/upgrade/upgrade/wm330_0000.cfg.sig
01-01 00:00:12.255   203   279 I DUSS&63[           _get_cfg_file:1301]:: Can't find cfg /ftp/upgrade/upgrade/wm330_0000.cfg.sig or log /data/dji/upgrade_log.tar.gz.
01-01 00:00:12.255   203   279 E DUSS&63[ sys_common_get_cfg_file:1368]:: Get upgrade cfg file failure!
01-01 00:00:12.561   203   280 W DUSS&63[       tcp_async_connect: 311]:: [sys]EINPROGRESS in connect() - selecting,addr=192.168.41.1
01-01 00:00:12.561   203   282 W DUSS&63[       tcp_async_connect: 311]:: [sys]EINPROGRESS in connect() - selecting,addr=192.168.41.3
01-01 00:00:12.777   203   279 I DUSS&63[ sys_common_get_cfg_file:1342]:: +++request file from 0xa00: req type 1, off 0, len 256
01-01 00:00:12.777   203   279 I DUSS&63[           _get_cfg_file:1272]:: +++request cfg file /ftp/upgrade/upgrade/wm330_0000.cfg.sig
01-01 00:00:12.777   203   279 I DUSS&63[           _get_cfg_file:1301]:: Can't find cfg /ftp/upgrade/upgrade/wm330_0000.cfg.sig or log /data/dji/upgrade_log.tar.gz.
01-01 00:00:12.777   203   279 E DUSS&63[ sys_common_get_cfg_file:1368]:: Get upgrade cfg file failure!
01-01 00:00:13.276   203   279 I DUSS&63[ sys_common_get_cfg_file:1342]:: +++request file from 0xa00: req type 1, off 0, len 256
01-01 00:00:13.276   203   279 I DUSS&63[           _get_cfg_file:1272]:: +++request cfg file /ftp/upgrade/upgrade/wm330_0000.cfg.sig
01-01 00:00:13.276   203   279 I DUSS&63[           _get_cfg_file:1301]:: Can't find cfg /ftp/upgrade/upgrade/wm330_0000.cfg.sig or log /data/dji/upgrade_log.tar.gz.
01-01 00:00:13.276   203   279 E DUSS&63[ sys_common_get_cfg_file:1368]:: Get upgrade cfg file failure!
01-01 00:00:13.562   203   280 W DUSS&63[       tcp_async_connect: 334]:: [sys]Timeout in select() - Cancelling, addr=192.168.41.1
01-01 00:00:13.562   203   282 W DUSS&63[       tcp_async_connect: 334]:: [sys]Timeout in select() - Cancelling, addr=192.168.41.3
01-01 00:00:13.783   203   279 I DUSS&63[ sys_common_get_cfg_file:1342]:: +++request file from 0xa00: req type 1, off 0, len 256
01-01 00:00:13.783   203   279 I DUSS&63[           _get_cfg_file:1272]:: +++request cfg file /ftp/upgrade/upgrade/wm330_0000.cfg.sig
01-01 00:00:13.783   203   279 I DUSS&63[           _get_cfg_file:1301]:: Can't find cfg /ftp/upgrade/upgrade/wm330_0000.cfg.sig or log /data/dji/upgrade_log.tar.gz.
01-01 00:00:13.783   203   279 E DUSS&63[ sys_common_get_cfg_file:1368]:: Get upgrade cfg file failure!
01-01 00:00:14.290   203   279 I DUSS&63[ sys_common_get_cfg_file:1342]:: +++request file from 0xa00: req type 1, off 0, len 256
01-01 00:00:14.290   203   279 I DUSS&63[           _get_cfg_file:1272]:: +++request cfg file /ftp/upgrade/upgrade/wm330_0000.cfg.sig
01-01 00:00:14.290   203   279 I DUSS&63[           _get_cfg_file:1301]:: Can't find cfg /ftp/upgrade/upgrade/wm330_0000.cfg.sig or log /data/dji/upgrade_log.tar.gz.
01-01 00:00:14.290   203   279 E DUSS&63[ sys_common_get_cfg_file:1368]:: Get upgrade cfg file failure!
01-01 00:00:14.796   203   279 I DUSS&63[ sys_common_get_cfg_file:1342]:: +++request file from 0xa00: req type 1, off 0, len 256
01-01 00:00:14.796   203   279 I DUSS&63[           _get_cfg_file:1272]:: +++request cfg file /ftp/upgrade/upgrade/wm330_0000.cfg.sig
01-01 00:00:14.796   203   279 I DUSS&63[           _get_cfg_file:1301]:: Can't find cfg /ftp/upgrade/upgrade/wm330_0000.cfg.sig or log /data/dji/upgrade_log.tar.gz.
01-01 00:00:14.797   203   279 E DUSS&63[ sys_common_get_cfg_file:1368]:: Get upgrade cfg file failure!
01-01 00:00:15.301   203   279 I DUSS&63[ sys_common_get_cfg_file:1342]:: +++request file from 0xa00: req type 1, off 0, len 256
01-01 00:00:15.301   203   279 I DUSS&63[           _get_cfg_file:1272]:: +++request cfg file /ftp/upgrade/upgrade/wm330_0000.cfg.sig
01-01 00:00:15.301   203   279 I DUSS&63[           _get_cfg_file:1301]:: Can't find cfg /ftp/upgrade/upgrade/wm330_0000.cfg.sig or log /data/dji/upgrade_log.tar.gz.
01-01 00:00:15.301   203   279 E DUSS&63[ sys_common_get_cfg_file:1368]:: Get upgrade cfg file failure!
01-01 00:00:15.816   203   279 I DUSS&63[ sys_common_get_cfg_file:1342]:: +++request file from 0xa00: req type 1, off 0, len 256
01-01 00:00:15.816   203   279 I DUSS&63[           _get_cfg_file:1272]:: +++request cfg file /ftp/upgrade/upgrade/wm330_0000.cfg.sig
01-01 00:00:15.816   203   279 I DUSS&63[           _get_cfg_file:1301]:: Can't find cfg /ftp/upgrade/upgrade/wm330_0000.cfg.sig or log /data/dji/upgrade_log.tar.gz.
01-01 00:00:15.816   203   279 E DUSS&63[ sys_common_get_cfg_file:1368]:: Get upgrade cfg file failure!
01-01 00:00:16.325   203   279 I DUSS&63[ sys_common_get_cfg_file:1342]:: +++request file from 0xa00: req type 1, off 0, len 256
01-01 00:00:16.325   203   279 I DUSS&63[           _get_cfg_file:1272]:: +++request cfg file /ftp/upgrade/upgrade/wm330_0000.cfg.sig
01-01 00:00:16.325   203   279 I DUSS&63[           _get_cfg_file:1301]:: Can't find cfg /ftp/upgrade/upgrade/wm330_0000.cfg.sig or log /data/dji/upgrade_log.tar.gz.
01-01 00:00:16.325   203   279 E DUSS&63[ sys_common_get_cfg_file:1368]:: Get upgrade cfg file failure!
01-01 00:00:16.830   203   279 I DUSS&63[ sys_common_get_cfg_file:1342]:: +++request file from 0xa00: req type 1, off 0, len 256
01-01 00:00:16.830   203   279 I DUSS&63[           _get_cfg_file:1272]:: +++request cfg file /ftp/upgrade/upgrade/wm330_0000.cfg.sig
01-01 00:00:16.830   203   279 I DUSS&63[           _get_cfg_file:1301]:: Can't find cfg /ftp/upgrade/upgrade/wm330_0000.cfg.sig or log /data/dji/upgrade_log.tar.gz.
01-01 00:00:16.830   203   279 E DUSS&63[ sys_common_get_cfg_file:1368]:: Get upgrade cfg file failure!
01-01 00:00:17.331   203   279 I DUSS&63[ sys_common_get_cfg_file:1342]:: +++request file from 0xa00: req type 1, off 0, len 256
01-01 00:00:17.331   203   279 I DUSS&63[           _get_cfg_file:1272]:: +++request cfg file /ftp/upgrade/upgrade/wm330_0000.cfg.sig
01-01 00:00:17.331   203   279 I DUSS&63[           _get_cfg_file:1301]:: Can't find cfg /ftp/upgrade/upgrade/wm330_0000.cfg.sig or log /data/dji/upgrade_log.tar.gz.
01-01 00:00:17.331   203   279 E DUSS&63[ sys_common_get_cfg_file:1368]:: Get upgrade cfg file failure!
01-01 00:00:17.836   203   279 I DUSS&63[ sys_common_get_cfg_file:1342]:: +++request file from 0xa00: req type 1, off 0, len 256
01-01 00:00:17.836   203   279 I DUSS&63[           _get_cfg_file:1272]:: +++request cfg file /ftp/upgrade/upgrade/wm330_0000.cfg.sig
01-01 00:00:17.836   203   279 I DUSS&63[           _get_cfg_file:1301]:: Can't find cfg /ftp/upgrade/upgrade/wm330_0000.cfg.sig or log /data/dji/upgrade_log.tar.gz.
01-01 00:00:17.836   203   279 E DUSS&63[ sys_common_get_cfg_file:1368]:: Get upgrade cfg file failure!
01-01 00:00:18.346   203   279 I DUSS&63[ sys_common_get_cfg_file:1342]:: +++request file from 0xa00: req type 1, off 0, len 256
01-01 00:00:18.346   203   279 I DUSS&63[           _get_cfg_file:1272]:: +++request cfg file /ftp/upgrade/upgrade/wm330_0000.cfg.sig
01-01 00:00:18.346   203   279 I DUSS&63[           _get_cfg_file:1301]:: Can't find cfg /ftp/upgrade/upgrade/wm330_0000.cfg.sig or log /data/dji/upgrade_log.tar.gz.
01-01 00:00:18.346   203   279 E DUSS&63[ sys_common_get_cfg_file:1368]:: Get upgrade cfg file failure!
01-01 00:00:18.857   203   279 I DUSS&63[ sys_common_get_cfg_file:1342]:: +++request file from 0xa00: req type 1, off 0, len 256
01-01 00:00:18.857   203   279 I DUSS&63[           _get_cfg_file:1272]:: +++request cfg file /ftp/upgrade/upgrade/wm330_0000.cfg.sig
01-01 00:00:18.857   203   279 I DUSS&63[           _get_cfg_file:1301]:: Can't find cfg /ftp/upgrade/upgrade/wm330_0000.cfg.sig or log /data/dji/upgrade_log.tar.gz.
01-01 00:00:18.857   203   279 E DUSS&63[ sys_common_get_cfg_file:1368]:: Get upgrade cfg file failure!
01-01 00:00:19.360   203   279 I DUSS&63[ sys_common_get_cfg_file:1342]:: +++request file from 0xa00: req type 1, off 0, len 256
01-01 00:00:19.360   203   279 I DUSS&63[           _get_cfg_file:1272]:: +++request cfg file /ftp/upgrade/upgrade/wm330_0000.cfg.sig
01-01 00:00:19.360   203   279 I DUSS&63[           _get_cfg_file:1301]:: Can't find cfg /ftp/upgrade/upgrade/wm330_0000.cfg.sig or log /data/dji/upgrade_log.tar.gz.
01-01 00:00:19.360   203   279 E DUSS&63[ sys_common_get_cfg_file:1368]:: Get upgrade cfg file failure!
01-01 00:00:19.874   203   279 I DUSS&63[ sys_common_get_cfg_file:1342]:: +++request file from 0xa00: req type 1, off 0, len 256
01-01 00:00:19.874   203   279 I DUSS&63[           _get_cfg_file:1272]:: +++request cfg file /ftp/upgrade/upgrade/wm330_0000.cfg.sig
01-01 00:00:19.874   203   279 I DUSS&63[           _get_cfg_file:1301]:: Can't find cfg /ftp/upgrade/upgrade/wm330_0000.cfg.sig or log /data/dji/upgrade_log.tar.gz.
01-01 00:00:19.874   203   279 E DUSS&63[ sys_common_get_cfg_file:1368]:: Get upgrade cfg file failure!
01-01 00:00:20.378   203   279 I DUSS&63[ sys_common_get_cfg_file:1342]:: +++request file from 0xa00: req type 1, off 0, len 256
01-01 00:00:20.378   203   279 I DUSS&63[           _get_cfg_file:1272]:: +++request cfg file /ftp/upgrade/upgrade/wm330_0000.cfg.sig
01-01 00:00:20.378   203   279 I DUSS&63[           _get_cfg_file:1301]:: Can't find cfg /ftp/upgrade/upgrade/wm330_0000.cfg.sig or log /data/dji/upgrade_log.tar.gz.
01-01 00:00:20.378   203   279 E DUSS&63[ sys_common_get_cfg_file:1368]:: Get upgrade cfg file failure!
01-01 00:00:20.884   203   279 I DUSS&63[ sys_common_get_cfg_file:1342]:: +++request file from 0xa00: req type 1, off 0, len 256
01-01 00:00:20.884   203   279 I DUSS&63[           _get_cfg_file:1272]:: +++request cfg file /ftp/upgrade/upgrade/wm330_0000.cfg.sig
01-01 00:00:20.884   203   279 I DUSS&63[           _get_cfg_file:1301]:: Can't find cfg /ftp/upgrade/upgrade/wm330_0000.cfg.sig or log /data/dji/upgrade_log.tar.gz.
01-01 00:00:20.884   203   279 E DUSS&63[ sys_common_get_cfg_file:1368]:: Get upgrade cfg file failure!
01-01 00:00:21.402   203   279 I DUSS&63[ sys_common_get_cfg_file:1342]:: +++request file from 0xa00: req type 1, off 0, len 256
01-01 00:00:21.402   203   279 I DUSS&63[           _get_cfg_file:1272]:: +++request cfg file /ftp/upgrade/upgrade/wm330_0000.cfg.sig
01-01 00:00:21.402   203   279 I DUSS&63[           _get_cfg_file:1301]:: Can't find cfg /ftp/upgrade/upgrade/wm330_0000.cfg.sig or log /data/dji/upgrade_log.tar.gz.
01-01 00:00:21.402   203   279 E DUSS&63[ sys_common_get_cfg_file:1368]:: Get upgrade cfg file failure!
01-01 00:00:21.902   203   279 I DUSS&63[ sys_common_get_cfg_file:1342]:: +++request file from 0xa00: req type 1, off 0, len 256
01-01 00:00:21.902   203   279 I DUSS&63[           _get_cfg_file:1272]:: +++request cfg file /ftp/upgrade/upgrade/wm330_0000.cfg.sig
01-01 00:00:21.902   203   279 I DUSS&63[           _get_cfg_file:1301]:: Can't find cfg /ftp/upgrade/upgrade/wm330_0000.cfg.sig or log /data/dji/upgrade_log.tar.gz.
01-01 00:00:21.902   203   279 E DUSS&63[ sys_common_get_cfg_file:1368]:: Get upgrade cfg file failure!
01-01 00:00:22.416   203   279 I DUSS&63[ sys_common_get_cfg_file:1342]:: +++request file from 0xa00: req type 1, off 0, len 256
01-01 00:00:22.416   203   279 I DUSS&63[           _get_cfg_file:1272]:: +++request cfg file /ftp/upgrade/upgrade/wm330_0000.cfg.sig
01-01 00:00:22.416   203   279 I DUSS&63[           _get_cfg_file:1301]:: Can't find cfg /ftp/upgrade/upgrade/wm330_0000.cfg.sig or log /data/dji/upgrade_log.tar.gz.
01-01 00:00:22.416   203   279 E DUSS&63[ sys_common_get_cfg_file:1368]:: Get upgrade cfg file failure!
01-01 00:00:22.916   203   279 I DUSS&63[ sys_common_get_cfg_file:1342]:: +++request file from 0xa00: req type 1, off 0, len 256
01-01 00:00:22.916   203   279 I DUSS&63[           _get_cfg_file:1272]:: +++request cfg file /ftp/upgrade/upgrade/wm330_0000.cfg.sig
01-01 00:00:22.916   203   279 I DUSS&63[           _get_cfg_file:1301]:: Can't find cfg /ftp/upgrade/upgrade/wm330_0000.cfg.sig or log /data/dji/upgrade_log.tar.gz.
01-01 00:00:22.916   203   279 E DUSS&63[ sys_common_get_cfg_file:1368]:: Get upgrade cfg file failure!
01-01 00:00:23.430   203   279 I DUSS&63[ sys_common_get_cfg_file:1342]:: +++request file from 0xa00: req type 1, off 0, len 256
01-01 00:00:23.430   203   279 I DUSS&63[           _get_cfg_file:1272]:: +++request cfg file /ftp/upgrade/upgrade/wm330_0000.cfg.sig
01-01 00:00:23.430   203   279 I DUSS&63[           _get_cfg_file:1301]:: Can't find cfg /ftp/upgrade/upgrade/wm330_0000.cfg.sig or log /data/dji/upgrade_log.tar.gz.
01-01 00:00:23.430   203   279 E DUSS&63[ sys_common_get_cfg_file:1368]:: Get upgrade cfg file failure!
01-01 00:00:23.933   203   279 I DUSS&63[ sys_common_get_cfg_file:1342]:: +++request file from 0xa00: req type 1, off 0, len 256
01-01 00:00:23.933   203   279 I DUSS&63[           _get_cfg_file:1272]:: +++request cfg file /ftp/upgrade/upgrade/wm330_0000.cfg.sig
01-01 00:00:23.933   203   279 I DUSS&63[           _get_cfg_file:1301]:: Can't find cfg /ftp/upgrade/upgrade/wm330_0000.cfg.sig or log /data/dji/upgrade_log.tar.gz.
01-01 00:00:23.933   203   279 E DUSS&63[ sys_common_get_cfg_file:1368]:: Get upgrade cfg file failure!
01-01 00:00:24.439   203   279 I DUSS&63[ sys_common_get_cfg_file:1342]:: +++request file from 0xa00: req type 1, off 0, len 256
01-01 00:00:24.439   203   279 I DUSS&63[           _get_cfg_file:1272]:: +++request cfg file /ftp/upgrade/upgrade/wm330_0000.cfg.sig
01-01 00:00:24.439   203   279 I DUSS&63[           _get_cfg_file:1301]:: Can't find cfg /ftp/upgrade/upgrade/wm330_0000.cfg.sig or log /data/dji/upgrade_log.tar.gz.
01-01 00:00:24.439   203   279 E DUSS&63[ sys_common_get_cfg_file:1368]:: Get upgrade cfg file failure!
01-01 00:00:24.944   203   279 I DUSS&63[ sys_common_get_cfg_file:1342]:: +++request file from 0xa00: req type 1, off 0, len 256
01-01 00:00:24.944   203   279 I DUSS&63[           _get_cfg_file:1272]:: +++request cfg file /ftp/upgrade/upgrade/wm330_0000.cfg.sig
01-01 00:00:24.944   203   279 I DUSS&63[           _get_cfg_file:1301]:: Can't find cfg /ftp/upgrade/upgrade/wm330_0000.cfg.sig or log /data/dji/upgrade_log.tar.gz.
01-01 00:00:24.944   203   279 E DUSS&63[ sys_common_get_cfg_file:1368]:: Get upgrade cfg file failure!
01-01 00:00:25.458   203   279 I DUSS&63[ sys_common_get_cfg_file:1342]:: +++request file from 0xa00: req type 1, off 0, len 256
01-01 00:00:25.458   203   279 I DUSS&63[           _get_cfg_file:1272]:: +++request cfg file /ftp/upgrade/upgrade/wm330_0000.cfg.sig
01-01 00:00:25.458   203   279 I DUSS&63[           _get_cfg_file:1301]:: Can't find cfg /ftp/upgrade/upgrade/wm330_0000.cfg.sig or log /data/dji/upgrade_log.tar.gz.
01-01 00:00:25.458   203   279 E DUSS&63[ sys_common_get_cfg_file:1368]:: Get upgrade cfg file failure!
01-01 00:00:25.958   203   279 I DUSS&63[ sys_common_get_cfg_file:1342]:: +++request file from 0xa00: req type 1, off 0, len 256
01-01 00:00:25.958   203   279 I DUSS&63[           _get_cfg_file:1272]:: +++request cfg file /ftp/upgrade/upgrade/wm330_0000.cfg.sig
01-01 00:00:25.958   203   279 I DUSS&63[           _get_cfg_file:1301]:: Can't find cfg /ftp/upgrade/upgrade/wm330_0000.cfg.sig or log /data/dji/upgrade_log.tar.gz.
01-01 00:00:25.958   203   279 E DUSS&63[ sys_common_get_cfg_file:1368]:: Get upgrade cfg file failure!
01-01 00:00:26.472   203   279 I DUSS&63[ sys_common_get_cfg_file:1342]:: +++request file from 0xa00: req type 1, off 0, len 256
01-01 00:00:26.472   203   279 I DUSS&63[           _get_cfg_file:1272]:: +++request cfg file /ftp/upgrade/upgrade/wm330_0000.cfg.sig
01-01 00:00:26.472   203   279 I DUSS&63[           _get_cfg_file:1301]:: Can't find cfg /ftp/upgrade/upgrade/wm330_0000.cfg.sig or log /data/dji/upgrade_log.tar.gz.
01-01 00:00:26.472   203   279 E DUSS&63[ sys_common_get_cfg_file:1368]:: Get upgrade cfg file failure!
01-01 00:00:26.973   203   279 I DUSS&63[ sys_common_get_cfg_file:1342]:: +++request file from 0xa00: req type 1, off 0, len 256
01-01 00:00:26.973   203   279 I DUSS&63[           _get_cfg_file:1272]:: +++request cfg file /ftp/upgrade/upgrade/wm330_0000.cfg.sig
01-01 00:00:26.973   203   279 I DUSS&63[           _get_cfg_file:1301]:: Can't find cfg /ftp/upgrade/upgrade/wm330_0000.cfg.sig or log /data/dji/upgrade_log.tar.gz.
01-01 00:00:26.974   203   279 E DUSS&63[ sys_common_get_cfg_file:1368]:: Get upgrade cfg file failure!
01-01 00:00:27.487   203   279 I DUSS&63[ sys_common_get_cfg_file:1342]:: +++request file from 0xa00: req type 1, off 0, len 256
01-01 00:00:27.487   203   279 I DUSS&63[           _get_cfg_file:1272]:: +++request cfg file /ftp/upgrade/upgrade/wm330_0000.cfg.sig
01-01 00:00:27.487   203   279 I DUSS&63[           _get_cfg_file:1301]:: Can't find cfg /ftp/upgrade/upgrade/wm330_0000.cfg.sig or log /data/dji/upgrade_log.tar.gz.
01-01 00:00:27.488   203   279 E DUSS&63[ sys_common_get_cfg_file:1368]:: Get upgrade cfg file failure!
01-01 00:00:27.987   203   279 I DUSS&63[ sys_common_get_cfg_file:1342]:: +++request file from 0xa00: req type 1, off 0, len 256
01-01 00:00:27.987   203   279 I DUSS&63[           _get_cfg_file:1272]:: +++request cfg file /ftp/upgrade/upgrade/wm330_0000.cfg.sig
01-01 00:00:27.987   203   279 I DUSS&63[           _get_cfg_file:1301]:: Can't find cfg /ftp/upgrade/upgrade/wm330_0000.cfg.sig or log /data/dji/upgrade_log.tar.gz.
01-01 00:00:27.988   203   279 E DUSS&63[ sys_common_get_cfg_file:1368]:: Get upgrade cfg file failure!
01-01 00:00:28.501   203   279 I DUSS&63[ sys_common_get_cfg_file:1342]:: +++request file from 0xa00: req type 1, off 0, len 256
01-01 00:00:28.501   203   279 I DUSS&63[           _get_cfg_file:1272]:: +++request cfg file /ftp/upgrade/upgrade/wm330_0000.cfg.sig
01-01 00:00:28.501   203   279 I DUSS&63[           _get_cfg_file:1301]:: Can't find cfg /ftp/upgrade/upgrade/wm330_0000.cfg.sig or log /data/dji/upgrade_log.tar.gz.
01-01 00:00:28.501   203   279 E DUSS&63[ sys_common_get_cfg_file:1368]:: Get upgrade cfg file failure!
01-01 00:00:29.003   203   279 I DUSS&63[ sys_common_get_cfg_file:1342]:: +++request file from 0xa00: req type 1, off 0, len 256
01-01 00:00:29.003   203   279 I DUSS&63[           _get_cfg_file:1272]:: +++request cfg file /ftp/upgrade/upgrade/wm330_0000.cfg.sig
01-01 00:00:29.003   203   279 I DUSS&63[           _get_cfg_file:1301]:: Can't find cfg /ftp/upgrade/upgrade/wm330_0000.cfg.sig or log /data/dji/upgrade_log.tar.gz.
01-01 00:00:29.003   203   279 E DUSS&63[ sys_common_get_cfg_file:1368]:: Get upgrade cfg file failure!
01-01 00:00:29.515   203   279 I DUSS&63[ sys_common_get_cfg_file:1342]:: +++request file from 0xa00: req type 1, off 0, len 256
01-01 00:00:29.515   203   279 I DUSS&63[           _get_cfg_file:1272]:: +++request cfg file /ftp/upgrade/upgrade/wm330_0000.cfg.sig
01-01 00:00:29.515   203   279 I DUSS&63[           _get_cfg_file:1301]:: Can't find cfg /ftp/upgrade/upgrade/wm330_0000.cfg.sig or log /data/dji/upgrade_log.tar.gz.
01-01 00:00:29.515   203   279 E DUSS&63[ sys_common_get_cfg_file:1368]:: Get upgrade cfg file failure!
01-01 00:00:30.017   203   279 I DUSS&63[ sys_common_get_cfg_file:1342]:: +++request file from 0xa00: req type 1, off 0, len 256
01-01 00:00:30.017   203   279 I DUSS&63[           _get_cfg_file:1272]:: +++request cfg file /ftp/upgrade/upgrade/wm330_0000.cfg.sig
01-01 00:00:30.017   203   279 I DUSS&63[           _get_cfg_file:1301]:: Can't find cfg /ftp/upgrade/upgrade/wm330_0000.cfg.sig or log /data/dji/upgrade_log.tar.gz.
01-01 00:00:30.017   203   279 E DUSS&63[ sys_common_get_cfg_file:1368]:: Get upgrade cfg file failure!
01-01 00:00:30.529   203   279 I DUSS&63[ sys_common_get_cfg_file:1342]:: +++request file from 0xa00: req type 1, off 0, len 256
01-01 00:00:30.529   203   279 I DUSS&63[           _get_cfg_file:1272]:: +++request cfg file /ftp/upgrade/upgrade/wm330_0000.cfg.sig
01-01 00:00:30.529   203   279 I DUSS&63[           _get_cfg_file:1301]:: Can't find cfg /ftp/upgrade/upgrade/wm330_0000.cfg.sig or log /data/dji/upgrade_log.tar.gz.
01-01 00:00:30.530   203   279 E DUSS&63[ sys_common_get_cfg_file:1368]:: Get upgrade cfg file failure!
01-01 00:00:31.029   203   279 I DUSS&63[ sys_common_get_cfg_file:1342]:: +++request file from 0xa00: req type 1, off 0, len 256
01-01 00:00:31.029   203   279 I DUSS&63[           _get_cfg_file:1272]:: +++request cfg file /ftp/upgrade/upgrade/wm330_0000.cfg.sig
01-01 00:00:31.029   203   279 I DUSS&63[           _get_cfg_file:1301]:: Can't find cfg /ftp/upgrade/upgrade/wm330_0000.cfg.sig or log /data/dji/upgrade_log.tar.gz.
01-01 00:00:31.029   203   279 E DUSS&63[ sys_common_get_cfg_file:1368]:: Get upgrade cfg file failure!
01-01 00:00:31.542   203   279 I DUSS&63[ sys_common_get_cfg_file:1342]:: +++request file from 0xa00: req type 1, off 0, len 256
01-01 00:00:31.542   203   279 I DUSS&63[           _get_cfg_file:1272]:: +++request cfg file /ftp/upgrade/upgrade/wm330_0000.cfg.sig
01-01 00:00:31.542   203   279 I DUSS&63[           _get_cfg_file:1301]:: Can't find cfg /ftp/upgrade/upgrade/wm330_0000.cfg.sig or log /data/dji/upgrade_log.tar.gz.
01-01 00:00:31.542   203   279 E DUSS&63[ sys_common_get_cfg_file:1368]:: Get upgrade cfg file failure!
01-01 00:00:32.047   203   279 I DUSS&63[ sys_common_get_cfg_file:1342]:: +++request file from 0xa00: req type 1, off 0, len 256
01-01 00:00:32.047   203   279 I DUSS&63[           _get_cfg_file:1272]:: +++request cfg file /ftp/upgrade/upgrade/wm330_0000.cfg.sig
01-01 00:00:32.047   203   279 I DUSS&63[           _get_cfg_file:1301]:: Can't find cfg /ftp/upgrade/upgrade/wm330_0000.cfg.sig or log /data/dji/upgrade_log.tar.gz.
01-01 00:00:32.047   203   279 E DUSS&63[ sys_common_get_cfg_file:1368]:: Get upgrade cfg file failure!
01-01 00:00:32.556   203   279 I DUSS&63[ sys_common_get_cfg_file:1342]:: +++request file from 0xa00: req type 1, off 0, len 256
01-01 00:00:32.556   203   279 I DUSS&63[           _get_cfg_file:1272]:: +++request cfg file /ftp/upgrade/upgrade/wm330_0000.cfg.sig
01-01 00:00:32.556   203   279 I DUSS&63[           _get_cfg_file:1301]:: Can't find cfg /ftp/upgrade/upgrade/wm330_0000.cfg.sig or log /data/dji/upgrade_log.tar.gz.
01-01 00:00:32.556   203   279 E DUSS&63[ sys_common_get_cfg_file:1368]:: Get upgrade cfg file failure!
01-01 00:00:33.057   203   279 I DUSS&63[ sys_common_get_cfg_file:1342]:: +++request file from 0xa00: req type 1, off 0, len 256
01-01 00:00:33.057   203   279 I DUSS&63[           _get_cfg_file:1272]:: +++request cfg file /ftp/upgrade/upgrade/wm330_0000.cfg.sig
01-01 00:00:33.057   203   279 I DUSS&63[           _get_cfg_file:1301]:: Can't find cfg /ftp/upgrade/upgrade/wm330_0000.cfg.sig or log /data/dji/upgrade_log.tar.gz.
01-01 00:00:33.057   203   279 E DUSS&63[ sys_common_get_cfg_file:1368]:: Get upgrade cfg file failure!
01-01 00:00:33.571   203   279 I DUSS&63[ sys_common_get_cfg_file:1342]:: +++request file from 0xa00: req type 1, off 0, len 256
01-01 00:00:33.571   203   279 I DUSS&63[           _get_cfg_file:1272]:: +++request cfg file /ftp/upgrade/upgrade/wm330_0000.cfg.sig
01-01 00:00:33.571   203   279 I DUSS&63[           _get_cfg_file:1301]:: Can't find cfg /ftp/upgrade/upgrade/wm330_0000.cfg.sig or log /data/dji/upgrade_log.tar.gz.
01-01 00:00:33.571   203   279 E DUSS&63[ sys_common_get_cfg_file:1368]:: Get upgrade cfg file failure!
01-01 00:00:34.063   203   279 I DUSS&63[ sys_common_get_cfg_file:1342]:: +++request file from 0xa00: req type 1, off 0, len 256
01-01 00:00:34.063   203   279 I DUSS&63[           _get_cfg_file:1272]:: +++request cfg file /ftp/upgrade/upgrade/wm330_0000.cfg.sig
01-01 00:00:34.063   203   279 I DUSS&63[           _get_cfg_file:1301]:: Can't find cfg /ftp/upgrade/upgrade/wm330_0000.cfg.sig or log /data/dji/upgrade_log.tar.gz.
01-01 00:00:34.063   203   279 E DUSS&63[ sys_common_get_cfg_file:1368]:: Get upgrade cfg file failure!
01-01 00:00:34.585   203   279 I DUSS&63[ sys_common_get_cfg_file:1342]:: +++request file from 0xa00: req type 1, off 0, len 256
01-01 00:00:34.585   203   279 I DUSS&63[           _get_cfg_file:1272]:: +++request cfg file /ftp/upgrade/upgrade/wm330_0000.cfg.sig
01-01 00:00:34.585   203   279 I DUSS&63[           _get_cfg_file:1301]:: Can't find cfg /ftp/upgrade/upgrade/wm330_0000.cfg.sig or log /data/dji/upgrade_log.tar.gz.
01-01 00:00:34.585   203   279 E DUSS&63[ sys_common_get_cfg_file:1368]:: Get upgrade cfg file failure!
01-01 00:00:35.087   203   279 I DUSS&63[ sys_common_get_cfg_file:1342]:: +++request file from 0xa00: req type 1, off 0, len 256
01-01 00:00:35.087   203   279 I DUSS&63[           _get_cfg_file:1272]:: +++request cfg file /ftp/upgrade/upgrade/wm330_0000.cfg.sig
01-01 00:00:35.087   203   279 I DUSS&63[           _get_cfg_file:1301]:: Can't find cfg /ftp/upgrade/upgrade/wm330_0000.cfg.sig or log /data/dji/upgrade_log.tar.gz.
01-01 00:00:35.087   203   279 E DUSS&63[ sys_common_get_cfg_file:1368]:: Get upgrade cfg file failure!
01-01 00:00:35.599   203   279 I DUSS&63[ sys_common_get_cfg_file:1342]:: +++request file from 0xa00: req type 1, off 0, len 256
01-01 00:00:35.599   203   279 I DUSS&63[           _get_cfg_file:1272]:: +++request cfg file /ftp/upgrade/upgrade/wm330_0000.cfg.sig
01-01 00:00:35.599   203   279 I DUSS&63[           _get_cfg_file:1301]:: Can't find cfg /ftp/upgrade/upgrade/wm330_0000.cfg.sig or log /data/dji/upgrade_log.tar.gz.
01-01 00:00:35.600   203   279 E DUSS&63[ sys_common_get_cfg_file:1368]:: Get upgrade cfg file failure!
01-01 00:00:36.102   203   279 I DUSS&63[ sys_common_get_cfg_file:1342]:: +++request file from 0xa00: req type 1, off 0, len 256
01-01 00:00:36.102   203   279 I DUSS&63[           _get_cfg_file:1272]:: +++request cfg file /ftp/upgrade/upgrade/wm330_0000.cfg.sig
01-01 00:00:36.102   203   279 I DUSS&63[           _get_cfg_file:1301]:: Can't find cfg /ftp/upgrade/upgrade/wm330_0000.cfg.sig or log /data/dji/upgrade_log.tar.gz.
01-01 00:00:36.102   203   279 E DUSS&63[ sys_common_get_cfg_file:1368]:: Get upgrade cfg file failure!
01-01 00:00:36.612   203   279 I DUSS&63[ sys_common_get_cfg_file:1342]:: +++request file from 0xa00: req type 1, off 0, len 256
01-01 00:00:36.612   203   279 I DUSS&63[           _get_cfg_file:1272]:: +++request cfg file /ftp/upgrade/upgrade/wm330_0000.cfg.sig
01-01 00:00:36.612   203   279 I DUSS&63[           _get_cfg_file:1301]:: Can't find cfg /ftp/upgrade/upgrade/wm330_0000.cfg.sig or log /data/dji/upgrade_log.tar.gz.
01-01 00:00:36.612   203   279 E DUSS&63[ sys_common_get_cfg_file:1368]:: Get upgrade cfg file failure!
01-01 00:00:37.113   203   279 I DUSS&63[ sys_common_get_cfg_file:1342]:: +++request file from 0xa00: req type 1, off 0, len 256
01-01 00:00:37.113   203   279 I DUSS&63[           _get_cfg_file:1272]:: +++request cfg file /ftp/upgrade/upgrade/wm330_0000.cfg.sig
01-01 00:00:37.113   203   279 I DUSS&63[           _get_cfg_file:1301]:: Can't find cfg /ftp/upgrade/upgrade/wm330_0000.cfg.sig or log /data/dji/upgrade_log.tar.gz.
01-01 00:00:37.113   203   279 E DUSS&63[ sys_common_get_cfg_file:1368]:: Get upgrade cfg file failure!
01-01 00:00:37.617   203   279 I DUSS&63[ sys_common_get_cfg_file:1342]:: +++request file from 0xa00: req type 1, off 0, len 256
01-01 00:00:37.617   203   279 I DUSS&63[           _get_cfg_file:1272]:: +++request cfg file /ftp/upgrade/upgrade/wm330_0000.cfg.sig
01-01 00:00:37.617   203   279 I DUSS&63[           _get_cfg_file:1301]:: Can't find cfg /ftp/upgrade/upgrade/wm330_0000.cfg.sig or log /data/dji/upgrade_log.tar.gz.
01-01 00:00:37.617   203   279 E DUSS&63[ sys_common_get_cfg_file:1368]:: Get upgrade cfg file failure!
01-01 00:00:38.124   203   279 I DUSS&63[ sys_common_get_cfg_file:1342]:: +++request file from 0xa00: req type 1, off 0, len 256
01-01 00:00:38.124   203   279 I DUSS&63[           _get_cfg_file:1272]:: +++request cfg file /ftp/upgrade/upgrade/wm330_0000.cfg.sig
01-01 00:00:38.124   203   279 I DUSS&63[           _get_cfg_file:1301]:: Can't find cfg /ftp/upgrade/upgrade/wm330_0000.cfg.sig or log /data/dji/upgrade_log.tar.gz.
01-01 00:00:38.124   203   279 E DUSS&63[ sys_common_get_cfg_file:1368]:: Get upgrade cfg file failure!
01-01 00:00:38.641   203   279 I DUSS&63[ sys_common_get_cfg_file:1342]:: +++request file from 0xa00: req type 1, off 0, len 256
01-01 00:00:38.641   203   279 I DUSS&63[           _get_cfg_file:1272]:: +++request cfg file /ftp/upgrade/upgrade/wm330_0000.cfg.sig
01-01 00:00:38.641   203   279 I DUSS&63[           _get_cfg_file:1301]:: Can't find cfg /ftp/upgrade/upgrade/wm330_0000.cfg.sig or log /data/dji/upgrade_log.tar.gz.
01-01 00:00:38.641   203   279 E DUSS&63[ sys_common_get_cfg_file:1368]:: Get upgrade cfg file failure!
01-01 00:00:39.137   203   279 I DUSS&63[ sys_common_get_cfg_file:1342]:: +++request file from 0xa00: req type 1, off 0, len 256
01-01 00:00:39.137   203   279 I DUSS&63[           _get_cfg_file:1272]:: +++request cfg file /ftp/upgrade/upgrade/wm330_0000.cfg.sig
01-01 00:00:39.137   203   279 I DUSS&63[           _get_cfg_file:1301]:: Can't find cfg /ftp/upgrade/upgrade/wm330_0000.cfg.sig or log /data/dji/upgrade_log.tar.gz.
01-01 00:00:39.137   203   279 E DUSS&63[ sys_common_get_cfg_file:1368]:: Get upgrade cfg file failure!
01-01 00:00:39.648   203   272 I DUSS&63[sys_event_enter_upgrade_: 842]:: 0x7:received cmd to request enter upgrade mode, peer_id=0xa00, this_host=0xd01
01-01 00:00:39.648   203   272 I DUSS&63[sys_event_enter_upgrade_: 884]:: 0x7:from pc internal app!
01-01 00:00:39.648   203   272 I DUSS&63[sys_event_enter_upgrade_: 906]:: 0x7:request enter upgrading success, host_id=0xd01
01-01 00:00:39.650   203   272 I DUSS&63[ sys_event_report_status:1413]:: report status:  0:0
01-01 00:00:39.651   203   272 I DUSS&63[sys_event_accept_upgrade: 969]:: 0x8:whole image size: 38944, path = 2, type = 0
01-01 00:00:39.651   203   272 I DUSS&63[sys_event_accept_upgrade:1024]:: 0x8: using path ftp, app_host=0x200, event_peer_host=0xa00
01-01 00:00:39.656   203   279 I DUSS&63[ sys_common_get_cfg_file:1342]:: +++request file from 0xa00: req type 1, off 0, len 256
01-01 00:00:39.656   203   279 I DUSS&63[           _get_cfg_file:1272]:: +++request cfg file /ftp/upgrade/upgrade/wm330_0000.cfg.sig
01-01 00:00:39.656   203   279 I DUSS&63[           _get_cfg_file:1301]:: Can't find cfg /ftp/upgrade/upgrade/wm330_0000.cfg.sig or log /data/dji/upgrade_log.tar.gz.
01-01 00:00:39.656   203   279 E DUSS&63[ sys_common_get_cfg_file:1368]:: Get upgrade cfg file failure!
01-01 00:00:39.731   203   272 I DUSS&63[sys_event_accept_upgrade:1070]:: 0x8:send back ftp upgrade request done. file_name=/upgrade/upgrade/signimgs
01-01 00:00:40.153   203   279 I DUSS&63[ sys_common_get_cfg_file:1342]:: +++request file from 0xa00: req type 1, off 0, len 256
01-01 00:00:40.153   203   279 I DUSS&63[           _get_cfg_file:1272]:: +++request cfg file /ftp/upgrade/upgrade/wm330_0000.cfg.sig
01-01 00:00:40.153   203   279 I DUSS&63[           _get_cfg_file:1301]:: Can't find cfg /ftp/upgrade/upgrade/wm330_0000.cfg.sig or log /data/dji/upgrade_log.tar.gz.
01-01 00:00:40.153   203   279 E DUSS&63[ sys_common_get_cfg_file:1368]:: Get upgrade cfg file failure!
01-01 00:00:40.562   203   287 I DUSS&63[sys_p1_register_motor_er:4165]:: not in normal mode, no need to register
01-01 00:00:40.668   203   279 I DUSS&63[ sys_common_get_cfg_file:1342]:: +++request file from 0xa00: req type 1, off 0, len 256
01-01 00:00:40.668   203   279 I DUSS&63[           _get_cfg_file:1272]:: +++request cfg file /ftp/upgrade/upgrade/wm330_0000.cfg.sig
01-01 00:00:40.668   203   279 I DUSS&63[           _get_cfg_file:1301]:: Can't find cfg /ftp/upgrade/upgrade/wm330_0000.cfg.sig or log /data/dji/upgrade_log.tar.gz.
01-01 00:00:40.669   203   279 E DUSS&63[ sys_common_get_cfg_file:1368]:: Get upgrade cfg file failure!
01-01 00:00:41.169   203   279 I DUSS&63[ sys_common_get_cfg_file:1342]:: +++request file from 0xa00: req type 1, off 0, len 256
01-01 00:00:41.169   203   279 I DUSS&63[           _get_cfg_file:1272]:: +++request cfg file /ftp/upgrade/upgrade/wm330_0000.cfg.sig
01-01 00:00:41.169   203   279 I DUSS&63[           _get_cfg_file:1301]:: Can't find cfg /ftp/upgrade/upgrade/wm330_0000.cfg.sig or log /data/dji/upgrade_log.tar.gz.
01-01 00:00:41.169   203   279 E DUSS&63[ sys_common_get_cfg_file:1368]:: Get upgrade cfg file failure!
01-01 00:00:41.683   203   279 I DUSS&63[ sys_common_get_cfg_file:1342]:: +++request file from 0xa00: req type 1, off 0, len 256
01-01 00:00:41.683   203   279 I DUSS&63[           _get_cfg_file:1272]:: +++request cfg file /ftp/upgrade/upgrade/wm330_0000.cfg.sig
01-01 00:00:41.683   203   279 I DUSS&63[           _get_cfg_file:1301]:: Can't find cfg /ftp/upgrade/upgrade/wm330_0000.cfg.sig or log /data/dji/upgrade_log.tar.gz.
01-01 00:00:41.683   203   279 E DUSS&63[ sys_common_get_cfg_file:1368]:: Get upgrade cfg file failure!
01-01 00:00:42.185   203   279 I DUSS&63[ sys_common_get_cfg_file:1342]:: +++request file from 0xa00: req type 1, off 0, len 256
01-01 00:00:42.185   203   279 I DUSS&63[           _get_cfg_file:1272]:: +++request cfg file /ftp/upgrade/upgrade/wm330_0000.cfg.sig
01-01 00:00:42.185   203   279 I DUSS&63[           _get_cfg_file:1301]:: Can't find cfg /ftp/upgrade/upgrade/wm330_0000.cfg.sig or log /data/dji/upgrade_log.tar.gz.
01-01 00:00:42.185   203   279 E DUSS&63[ sys_common_get_cfg_file:1368]:: Get upgrade cfg file failure!
01-01 00:00:42.563   203   287 I DUSS&63[sys_p1_register_motor_er:4165]:: not in normal mode, no need to register
01-01 00:00:42.696   203   279 I DUSS&63[ sys_common_get_cfg_file:1342]:: +++request file from 0xa00: req type 1, off 0, len 256
01-01 00:00:42.696   203   279 I DUSS&63[           _get_cfg_file:1272]:: +++request cfg file /ftp/upgrade/upgrade/wm330_0000.cfg.sig
01-01 00:00:42.696   203   279 I DUSS&63[           _get_cfg_file:1301]:: Can't find cfg /ftp/upgrade/upgrade/wm330_0000.cfg.sig or log /data/dji/upgrade_log.tar.gz.
01-01 00:00:42.696   203   279 E DUSS&63[ sys_common_get_cfg_file:1368]:: Get upgrade cfg file failure!
01-01 00:00:43.192   203   279 I DUSS&63[ sys_common_get_cfg_file:1342]:: +++request file from 0xa00: req type 1, off 0, len 256
01-01 00:00:43.192   203   279 I DUSS&63[           _get_cfg_file:1272]:: +++request cfg file /ftp/upgrade/upgrade/wm330_0000.cfg.sig
01-01 00:00:43.192   203   279 I DUSS&63[           _get_cfg_file:1301]:: Can't find cfg /ftp/upgrade/upgrade/wm330_0000.cfg.sig or log /data/dji/upgrade_log.tar.gz.
01-01 00:00:43.192   203   279 E DUSS&63[ sys_common_get_cfg_file:1368]:: Get upgrade cfg file failure!
01-01 00:00:43.711   203   279 I DUSS&63[ sys_common_get_cfg_file:1342]:: +++request file from 0xa00: req type 1, off 0, len 256
01-01 00:00:43.711   203   279 I DUSS&63[           _get_cfg_file:1272]:: +++request cfg file /ftp/upgrade/upgrade/wm330_0000.cfg.sig
01-01 00:00:43.711   203   279 I DUSS&63[           _get_cfg_file:1301]:: Can't find cfg /ftp/upgrade/upgrade/wm330_0000.cfg.sig or log /data/dji/upgrade_log.tar.gz.
01-01 00:00:43.711   203   279 E DUSS&63[ sys_common_get_cfg_file:1368]:: Get upgrade cfg file failure!
01-01 00:00:44.218   203   279 I DUSS&63[ sys_common_get_cfg_file:1342]:: +++request file from 0xa00: req type 1, off 0, len 256
01-01 00:00:44.218   203   279 I DUSS&63[           _get_cfg_file:1272]:: +++request cfg file /ftp/upgrade/upgrade/wm330_0000.cfg.sig
01-01 00:00:44.218   203   279 I DUSS&63[           _get_cfg_file:1301]:: Can't find cfg /ftp/upgrade/upgrade/wm330_0000.cfg.sig or log /data/dji/upgrade_log.tar.gz.
01-01 00:00:44.218   203   279 E DUSS&63[ sys_common_get_cfg_file:1368]:: Get upgrade cfg file failure!
01-01 00:00:44.562   203   287 I DUSS&63[sys_p1_register_motor_er:4165]:: not in normal mode, no need to register
01-01 00:00:44.724   203   279 I DUSS&63[ sys_common_get_cfg_file:1342]:: +++request file from 0xa00: req type 1, off 0, len 256
01-01 00:00:44.724   203   279 I DUSS&63[           _get_cfg_file:1272]:: +++request cfg file /ftp/upgrade/upgrade/wm330_0000.cfg.sig
01-01 00:00:44.725   203   279 I DUSS&63[           _get_cfg_file:1301]:: Can't find cfg /ftp/upgrade/upgrade/wm330_0000.cfg.sig or log /data/dji/upgrade_log.tar.gz.
01-01 00:00:44.725   203   279 E DUSS&63[ sys_common_get_cfg_file:1368]:: Get upgrade cfg file failure!
01-01 00:00:45.216   203   279 I DUSS&63[ sys_common_get_cfg_file:1342]:: +++request file from 0xa00: req type 1, off 0, len 256
01-01 00:00:45.216   203   279 I DUSS&63[           _get_cfg_file:1272]:: +++request cfg file /ftp/upgrade/upgrade/wm330_0000.cfg.sig
01-01 00:00:45.216   203   279 I DUSS&63[           _get_cfg_file:1301]:: Can't find cfg /ftp/upgrade/upgrade/wm330_0000.cfg.sig or log /data/dji/upgrade_log.tar.gz.
01-01 00:00:45.216   203   279 E DUSS&63[ sys_common_get_cfg_file:1368]:: Get upgrade cfg file failure!
01-01 00:00:45.740   203   279 I DUSS&63[ sys_common_get_cfg_file:1342]:: +++request file from 0xa00: req type 1, off 0, len 256
01-01 00:00:45.740   203   279 I DUSS&63[           _get_cfg_file:1272]:: +++request cfg file /ftp/upgrade/upgrade/wm330_0000.cfg.sig
01-01 00:00:45.740   203   279 I DUSS&63[           _get_cfg_file:1301]:: Can't find cfg /ftp/upgrade/upgrade/wm330_0000.cfg.sig or log /data/dji/upgrade_log.tar.gz.
01-01 00:00:45.740   203   279 E DUSS&63[ sys_common_get_cfg_file:1368]:: Get upgrade cfg file failure!
01-01 00:00:45.944   203   272 I DUSS&63[sys_event_finish_upgrade:1228]:: 0xa:Receive transfer complete message.
01-01 00:00:45.944   203   272 I DUSS&63[sys_event_finish_upgrade:1286]:: 0xa:path_use=2, type_use=0, data_store=1, info->recv_size(0), info->img_size(38944)
01-01 00:00:45.944   203   272 I DUSS&63[sys_event_finish_upgrade:1336]:: 0xa:Md5sum check ok......
01-01 00:00:45.944   203   272 I DUSS&63[          sys_p1_upgrade:4400]:: P1: update all uav/gnd system now ...
01-01 00:00:45.944   203   272 I DUSS&63[sys_up_save_upgrade_stat: 370]:: fileName=/cache/upgrade_status, optionName=upgrade_host, optionValue=2560
01-01 00:00:45.944   203   272 I DUSS&63[sys_up_save_upgrade_stat: 374]:: file /cache/upgrade_status not exist, will create it
01-01 00:00:46.177   203  1174 I DUSS&63[    sys_up_sec_up_thread:1309]:: upgrade thread start... retry=2, up_mode=1
01-01 00:00:46.177   203  1174 I DUSS&63[    sys_up_sec_up_thread:1404]:: scan_system = 2
01-01 00:00:46.177   203  1174 I DUSS&63[sys_p1_up_start_smooth_p:2777]:: will start smooth pushing, from 7 to 15, step=1,interval=3, mod_id=0x0, is_local_progress=0
01-01 00:00:46.184   203  1174 I DUSS&63[sys_p1_get_filelist_from:3709]:: got signed cfg file: /ftp/upgrade/upgrade/signimgs/wm220_rc.cfg.sig
01-01 00:00:46.185   203  1174 I DUSS&63[sys_p1_get_filelist_from:3718]:: Got signed cfg file /ftp/upgrade/upgrade/signimgs/wm220_rc.cfg.sig
01-01 00:00:46.234   203  1174 I DUSS&63[       sys_p1_unsign_img:1753]:: verify results: passed to verify image /ftp/upgrade/upgrade/signimgs/wm220_rc.cfg.sig
01-01 00:00:46.234   203  1174 I DUSS&63[       sys_p1_unsign_img:1761]:: dji_verify -n 0000 -o /cache/upgrade/unsignimgs/wm330_0000.xml /ftp/upgrade/upgrade/signimgs/wm220_rc.cfg.sig exit status 0, return 0
01-01 00:00:46.234   203  1174 I DUSS&63[       sys_p1_unsign_img:1769]:: dji_verify -n 0000 -o /cache/upgrade/unsignimgs/wm330_0000.xml /ftp/upgrade/upgrade/signimgs/wm220_rc.cfg.sig success.
01-01 00:00:46.234   203  1174 I DUSS&63[sys_p1_get_filelist_from:3730]:: succeed to unsign cfg file.
01-01 00:00:46.237   203  1174 I DUSS&63[        sys_p1_parse_cfg:  50]:: root name: dji
01-01 00:00:46.237   203  1174 I DUSS&63[        sys_p1_parse_cfg:  53]:: child name: device
01-01 00:00:46.237   203  1174 I DUSS&63[        sys_p1_parse_cfg:  59]:: get device_id wm220 from xml
01-01 00:00:46.237   203  1174 I DUSS&63[        sys_p1_parse_cfg:  69]:: formal = 01.03.1000
01-01 00:00:46.237   203  1174 I DUSS&63[        sys_p1_parse_cfg:  82]:: release version = 01.03.1000
01-01 00:00:46.237   203  1174 I DUSS&63[        sys_p1_parse_cfg:  88]:: parsed version:1.3.1000
01-01 00:00:46.237   203  1174 I DUSS&63[        sys_p1_parse_cfg:  91]:: anti rool back = 2
01-01 00:00:46.237   203  1174 I DUSS&63[        sys_p1_parse_cfg:  96]:: from = 2017/08/25
01-01 00:00:46.237   203  1174 I DUSS&63[        sys_p1_parse_cfg: 103]:: expire = 2018/08/25
01-01 00:00:46.237   203  1174 I DUSS&63[        sys_p1_parse_cfg: 117]:: module id: 0907
01-01 00:00:46.237   203  1174 I DUSS&63[        sys_p1_parse_cfg: 120]:: module version: 47.26.02.18
01-01 00:00:46.237   203  1174 I DUSS&63[        sys_p1_parse_cfg: 123]:: hardware version: 
01-01 00:00:46.237   203  1174 I DUSS&63[        sys_p1_parse_cfg: 126]:: module file_name = wm220_0907_v47.26.02.18_20170801.pro.fw.sig
01-01 00:00:46.237   203  1174 I DUSS&63[        sys_p1_parse_cfg: 131]:: /ftp/upgrade/upgrade/signimgs//wm220_0907_v47.26.02.18_20170801.pro.fw.sig not exists
01-01 00:00:46.237   203  1174 I DUSS&63[        sys_p1_parse_cfg: 117]:: module id: 0305
01-01 00:00:46.237   203  1174 I DUSS&63[        sys_p1_parse_cfg: 120]:: module version: 34.04.00.24
01-01 00:00:46.237   203  1174 I DUSS&63[        sys_p1_parse_cfg: 123]:: hardware version: 
01-01 00:00:46.237   203  1174 I DUSS&63[        sys_p1_parse_cfg: 126]:: module file_name = wm220_0305_v34.04.00.24_20170726.pro.fw.sig
01-01 00:00:46.237   203  1174 I DUSS&63[        sys_p1_parse_cfg: 131]:: /ftp/upgrade/upgrade/signimgs//wm220_0305_v34.04.00.24_20170726.pro.fw.sig not exists
01-01 00:00:46.237   203  1174 I DUSS&63[        sys_p1_parse_cfg: 117]:: module id: 0306
01-01 00:00:46.237   203  1174 I DUSS&63[        sys_p1_parse_cfg: 120]:: module version: 03.02.40.07
01-01 00:00:46.237   203  1174 I DUSS&63[        sys_p1_parse_cfg: 123]:: hardware version: 
01-01 00:00:46.237   203  1174 I DUSS&63[        sys_p1_parse_cfg: 126]:: module file_name = wm220_0306_v03.02.40.07_20170817.pro.fw.sig
01-01 00:00:46.237   203  1174 I DUSS&63[        sys_p1_parse_cfg: 131]:: /ftp/upgrade/upgrade/signimgs//wm220_0306_v03.02.40.07_20170817.pro.fw.sig not exists
01-01 00:00:46.237   203  1174 I DUSS&63[        sys_p1_parse_cfg: 117]:: module id: 1100
01-01 00:00:46.237   203  1174 I DUSS&63[        sys_p1_parse_cfg: 120]:: module version: 01.00.07.32
01-01 00:00:46.237   203  1174 I DUSS&63[        sys_p1_parse_cfg: 123]:: hardware version: 
01-01 00:00:46.237   203  1174 I DUSS&63[        sys_p1_parse_cfg: 126]:: module file_name = wm220_1100_v01.00.07.32_20170726.pro.fw.sig
01-01 00:00:46.238   203  1174 I DUSS&63[        sys_p1_parse_cfg: 131]:: /ftp/upgrade/upgrade/signimgs//wm220_1100_v01.00.07.32_20170726.pro.fw.sig not exists
01-01 00:00:46.238   203  1174 I DUSS&63[        sys_p1_parse_cfg: 117]:: module id: 0803
01-01 00:00:46.238   203  1174 I DUSS&63[        sys_p1_parse_cfg: 120]:: module version: 00.00.04.09
01-01 00:00:46.238   203  1174 I DUSS&63[        sys_p1_parse_cfg: 123]:: hardware version: 
01-01 00:00:46.238   203  1174 I DUSS&63[        sys_p1_parse_cfg: 126]:: module file_name = wm220_0803_v00.00.04.09_20170728.pro.fw.sig
01-01 00:00:46.238   203  1174 I DUSS&63[        sys_p1_parse_cfg: 131]:: /ftp/upgrade/upgrade/signimgs//wm220_0803_v00.00.04.09_20170728.pro.fw.sig not exists
01-01 00:00:46.238   203  1174 I DUSS&63[        sys_p1_parse_cfg: 117]:: module id: 0100
01-01 00:00:46.238   203  1174 I DUSS&63[        sys_p1_parse_cfg: 120]:: module version: 02.04.56.53
01-01 00:00:46.238   203  1174 I DUSS&63[        sys_p1_parse_cfg: 123]:: hardware version: 
01-01 00:00:46.238   203  1174 I DUSS&63[        sys_p1_parse_cfg: 126]:: module file_name = wm220_0100_v02.04.56.53_20170804.pro.fw.sig
01-01 00:00:46.238   203  1174 I DUSS&63[        sys_p1_parse_cfg: 131]:: /ftp/upgrade/upgrade/signimgs//wm220_0100_v02.04.56.53_20170804.pro.fw.sig not exists
01-01 00:00:46.238   203  1174 I DUSS&63[        sys_p1_parse_cfg: 117]:: module id: 0100
01-01 00:00:46.238   203  1174 I DUSS&63[        sys_p1_parse_cfg: 120]:: module version: 02.08.05.04
01-01 00:00:46.238   203  1174 I DUSS&63[        sys_p1_parse_cfg: 123]:: hardware version: ca02
01-01 00:00:46.238   203  1174 I DUSS&63[        sys_p1_parse_cfg: 126]:: module file_name = wm220_0100_v02.08.05.04_20170802_ca02.pro.fw.sig
01-01 00:00:46.238   203  1174 I DUSS&63[        sys_p1_parse_cfg: 131]:: /ftp/upgrade/upgrade/signimgs//wm220_0100_v02.08.05.04_20170802_ca02.pro.fw.sig not exists
01-01 00:00:46.238   203  1174 I DUSS&63[        sys_p1_parse_cfg: 117]:: module id: 0101
01-01 00:00:46.238   203  1174 I DUSS&63[        sys_p1_parse_cfg: 120]:: module version: 02.08.05.04
01-01 00:00:46.238   203  1174 I DUSS&63[        sys_p1_parse_cfg: 123]:: hardware version: ca02
01-01 00:00:46.238   203  1174 I DUSS&63[        sys_p1_parse_cfg: 126]:: module file_name = wm220_0101_v02.08.05.04_20170802_ca02.pro.fw.sig
01-01 00:00:46.238   203  1174 I DUSS&63[        sys_p1_parse_cfg: 131]:: /ftp/upgrade/upgrade/signimgs//wm220_0101_v02.08.05.04_20170802_ca02.pro.fw.sig not exists
01-01 00:00:46.238   203  1174 I DUSS&63[        sys_p1_parse_cfg: 117]:: module id: 0101
01-01 00:00:46.238   203  1174 I DUSS&63[        sys_p1_parse_cfg: 120]:: module version: 02.04.56.53
01-01 00:00:46.238   203  1174 I DUSS&63[        sys_p1_parse_cfg: 123]:: hardware version: 
01-01 00:00:46.238   203  1174 I DUSS&63[        sys_p1_parse_cfg: 126]:: module file_name = wm220_0101_v02.04.56.53_20170804.pro.fw.sig
