08-19 09:41:30.275   226   364 I DUSS&63[sys_up_status_push_threa: 970]:: +++++++ Sending upgrade status for finishing_stage, len: 11, app_host=0x200, mod_id=0x2d (13.01), status 0, reason 1, progress: 100
08-19 09:41:32.276   226   364 I DUSS&63[sys_up_status_push_threa: 970]:: +++++++ Sending upgrade status for finishing_stage, len: 11, app_host=0x200, mod_id=0x2d (13.01), status 0, reason 1, progress: 100
08-19 09:41:34.276   226   364 I DUSS&63[sys_up_status_push_threa: 970]:: +++++++ Sending upgrade status for finishing_stage, len: 11, app_host=0x200, mod_id=0x2d (13.01), status 0, reason 1, progress: 100
08-19 09:41:36.276   226   364 I DUSS&63[sys_up_status_push_threa: 970]:: +++++++ Sending upgrade status for finishing_stage, len: 11, app_host=0x200, mod_id=0x2d (13.01), status 0, reason 1, progress: 100
08-19 09:41:38.277   226   364 I DUSS&63[sys_up_status_push_threa: 970]:: +++++++ Sending upgrade status for finishing_stage, len: 11, app_host=0x200, mod_id=0x2d (13.01), status 0, reason 1, progress: 100
08-19 09:41:40.277   226   364 I DUSS&63[sys_up_status_push_threa: 970]:: +++++++ Sending upgrade status for finishing_stage, len: 11, app_host=0x200, mod_id=0x2d (13.01), status 0, reason 1, progress: 100
08-19 09:41:42.279   226   364 I DUSS&63[sys_up_status_push_threa: 970]:: +++++++ Sending upgrade status for finishing_stage, len: 11, app_host=0x200, mod_id=0x2d (13.01), status 0, reason 1, progress: 100
08-19 09:41:44.280   226   364 I DUSS&63[sys_up_status_push_threa: 970]:: +++++++ Sending upgrade status for finishing_stage, len: 11, app_host=0x200, mod_id=0x2d (13.01), status 0, reason 1, progress: 100
08-19 09:41:46.280   226   364 I DUSS&63[sys_up_status_push_threa: 970]:: +++++++ Sending upgrade status for finishing_stage, len: 11, app_host=0x200, mod_id=0x2d (13.01), status 0, reason 1, progress: 100
08-19 09:41:48.280   226   364 I DUSS&63[sys_up_status_push_threa: 970]:: +++++++ Sending upgrade status for finishing_stage, len: 11, app_host=0x200, mod_id=0x2d (13.01), status 0, reason 1, progress: 100
08-19 09:41:50.281   226   364 I DUSS&63[sys_up_status_push_threa: 970]:: +++++++ Sending upgrade status for finishing_stage, len: 11, app_host=0x200, mod_id=0x2d (13.01), status 0, reason 1, progress: 100
08-19 09:41:51.300   226   360 W DUSS&63[       tcp_async_connect: 311]:: [sys]EINPROGRESS in connect() - selecting,addr=192.168.41.3
08-19 09:41:52.281   226   364 I DUSS&63[sys_up_status_push_threa: 970]:: +++++++ Sending upgrade status for finishing_stage, len: 11, app_host=0x200, mod_id=0x2d (13.01), status 0, reason 1, progress: 100
08-19 09:41:52.301   226   360 W DUSS&63[       tcp_async_connect: 334]:: [sys]Timeout in select() - Cancelling, addr=192.168.41.3
08-19 09:41:54.281   226   364 I DUSS&63[sys_up_status_push_threa: 970]:: +++++++ Sending upgrade status for finishing_stage, len: 11, app_host=0x200, mod_id=0x2d (13.01), status 0, reason 1, progress: 100
08-19 09:41:56.282   226   364 I DUSS&63[sys_up_status_push_threa: 970]:: +++++++ Sending upgrade status for finishing_stage, len: 11, app_host=0x200, mod_id=0x2d (13.01), status 0, reason 1, progress: 100
08-19 09:41:58.282   226   364 I DUSS&63[sys_up_status_push_threa: 970]:: +++++++ Sending upgrade status for finishing_stage, len: 11, app_host=0x200, mod_id=0x2d (13.01), status 0, reason 1, progress: 100
08-19 09:42:00.283   226   364 I DUSS&63[sys_up_status_push_threa: 970]:: +++++++ Sending upgrade status for finishing_stage, len: 11, app_host=0x200, mod_id=0x2d (13.01), status 0, reason 1, progress: 100
08-19 09:42:02.283   226   364 I DUSS&63[sys_up_status_push_threa: 970]:: +++++++ Sending upgrade status for finishing_stage, len: 11, app_host=0x200, mod_id=0x2d (13.01), status 0, reason 1, progress: 100
08-19 09:42:04.284   226   364 I DUSS&63[sys_up_status_push_threa: 970]:: +++++++ Sending upgrade status for finishing_stage, len: 11, app_host=0x200, mod_id=0x2d (13.01), status 0, reason 1, progress: 100
08-19 09:42:06.284   226   364 I DUSS&63[sys_up_status_push_threa: 970]:: +++++++ Sending upgrade status for finishing_stage, len: 11, app_host=0x200, mod_id=0x2d (13.01), status 0, reason 1, progress: 100
08-19 09:42:08.285   226   364 I DUSS&63[sys_up_status_push_threa: 970]:: +++++++ Sending upgrade status for finishing_stage, len: 11, app_host=0x200, mod_id=0x2d (13.01), status 0, reason 1, progress: 100
08-19 09:42:10.285   226   364 I DUSS&63[sys_up_status_push_threa: 970]:: +++++++ Sending upgrade status for finishing_stage, len: 11, app_host=0x200, mod_id=0x2d (13.01), status 0, reason 1, progress: 100
08-19 09:42:12.285   226   364 I DUSS&63[sys_up_status_push_threa: 970]:: +++++++ Sending upgrade status for finishing_stage, len: 11, app_host=0x200, mod_id=0x2d (13.01), status 0, reason 1, progress: 100
08-19 09:42:14.286   226   364 I DUSS&63[sys_up_status_push_threa: 970]:: +++++++ Sending upgrade status for finishing_stage, len: 11, app_host=0x200, mod_id=0x2d (13.01), status 0, reason 1, progress: 100
08-19 09:42:16.286   226   364 I DUSS&63[sys_up_status_push_threa: 970]:: +++++++ Sending upgrade status for finishing_stage, len: 11, app_host=0x200, mod_id=0x2d (13.01), status 0, reason 1, progress: 100
08-19 09:42:18.286   226   364 I DUSS&63[sys_up_status_push_threa: 970]:: +++++++ Sending upgrade status for finishing_stage, len: 11, app_host=0x200, mod_id=0x2d (13.01), status 0, reason 1, progress: 100
08-19 09:42:20.287   226   364 I DUSS&63[sys_up_status_push_threa: 970]:: +++++++ Sending upgrade status for finishing_stage, len: 11, app_host=0x200, mod_id=0x2d (13.01), status 0, reason 1, progress: 100
08-19 09:42:22.287   226   364 I DUSS&63[sys_up_status_push_threa: 970]:: +++++++ Sending upgrade status for finishing_stage, len: 11, app_host=0x200, mod_id=0x2d (13.01), status 0, reason 1, progress: 100
08-19 09:42:24.287   226   364 I DUSS&63[sys_up_status_push_threa: 970]:: +++++++ Sending upgrade status for finishing_stage, len: 11, app_host=0x200, mod_id=0x2d (13.01), status 0, reason 1, progress: 100
08-19 09:42:26.288   226   364 I DUSS&63[sys_up_status_push_threa: 970]:: +++++++ Sending upgrade status for finishing_stage, len: 11, app_host=0x200, mod_id=0x2d (13.01), status 0, reason 1, progress: 100
08-19 09:42:28.288   226   364 I DUSS&63[sys_up_status_push_threa: 970]:: +++++++ Sending upgrade status for finishing_stage, len: 11, app_host=0x200, mod_id=0x2d (13.01), status 0, reason 1, progress: 100
08-19 09:42:30.288   226   364 I DUSS&63[sys_up_status_push_threa: 970]:: +++++++ Sending upgrade status for finishing_stage, len: 11, app_host=0x200, mod_id=0x2d (13.01), status 0, reason 1, progress: 100
08-19 09:42:32.288   226   364 I DUSS&63[sys_up_status_push_threa: 970]:: +++++++ Sending upgrade status for finishing_stage, len: 11, app_host=0x200, mod_id=0x2d (13.01), status 0, reason 1, progress: 100
08-19 09:42:32.306   226   360 W DUSS&63[       tcp_async_connect: 311]:: [sys]EINPROGRESS in connect() - selecting,addr=192.168.41.3
08-19 09:42:33.307   226   360 W DUSS&63[       tcp_async_connect: 334]:: [sys]Timeout in select() - Cancelling, addr=192.168.41.3
08-19 09:42:34.289   226   364 I DUSS&63[sys_up_status_push_threa: 970]:: +++++++ Sending upgrade status for finishing_stage, len: 11, app_host=0x200, mod_id=0x2d (13.01), status 0, reason 1, progress: 100
08-19 09:42:36.289   226   364 I DUSS&63[sys_up_status_push_threa: 970]:: +++++++ Sending upgrade status for finishing_stage, len: 11, app_host=0x200, mod_id=0x2d (13.01), status 0, reason 1, progress: 100
08-19 09:42:38.289   226   364 I DUSS&63[sys_up_status_push_threa: 970]:: +++++++ Sending upgrade status for finishing_stage, len: 11, app_host=0x200, mod_id=0x2d (13.01), status 0, reason 1, progress: 100
08-19 09:42:40.289   226   364 I DUSS&63[sys_up_status_push_threa: 970]:: +++++++ Sending upgrade status for finishing_stage, len: 11, app_host=0x200, mod_id=0x2d (13.01), status 0, reason 1, progress: 100
08-19 09:42:42.290   226   364 I DUSS&63[sys_up_status_push_threa: 970]:: +++++++ Sending upgrade status for finishing_stage, len: 11, app_host=0x200, mod_id=0x2d (13.01), status 0, reason 1, progress: 100
08-19 09:42:44.290   226   364 I DUSS&63[sys_up_status_push_threa: 970]:: +++++++ Sending upgrade status for finishing_stage, len: 11, app_host=0x200, mod_id=0x2d (13.01), status 0, reason 1, progress: 100
08-19 09:42:46.290   226   364 I DUSS&63[sys_up_status_push_threa: 970]:: +++++++ Sending upgrade status for finishing_stage, len: 11, app_host=0x200, mod_id=0x2d (13.01), status 0, reason 1, progress: 100
08-19 09:42:48.291   226   364 I DUSS&63[sys_up_status_push_threa: 970]:: +++++++ Sending upgrade status for finishing_stage, len: 11, app_host=0x200, mod_id=0x2d (13.01), status 0, reason 1, progress: 100
08-19 09:42:50.291   226   364 I DUSS&63[sys_up_status_push_threa: 970]:: +++++++ Sending upgrade status for finishing_stage, len: 11, app_host=0x200, mod_id=0x2d (13.01), status 0, reason 1, progress: 100
08-19 09:42:52.291   226   364 I DUSS&63[sys_up_status_push_threa: 970]:: +++++++ Sending upgrade status for finishing_stage, len: 11, app_host=0x200, mod_id=0x2d (13.01), status 0, reason 1, progress: 100
08-19 09:42:54.291   226   364 I DUSS&63[sys_up_status_push_threa: 970]:: +++++++ Sending upgrade status for finishing_stage, len: 11, app_host=0x200, mod_id=0x2d (13.01), status 0, reason 1, progress: 100
08-19 09:42:56.292   226   364 I DUSS&63[sys_up_status_push_threa: 970]:: +++++++ Sending upgrade status for finishing_stage, len: 11, app_host=0x200, mod_id=0x2d (13.01), status 0, reason 1, progress: 100
08-19 09:42:58.292   226   364 I DUSS&63[sys_up_status_push_threa: 970]:: +++++++ Sending upgrade status for finishing_stage, len: 11, app_host=0x200, mod_id=0x2d (13.01), status 0, reason 1, progress: 100
08-19 09:43:00.292   226   364 I DUSS&63[sys_up_status_push_threa: 970]:: +++++++ Sending upgrade status for finishing_stage, len: 11, app_host=0x200, mod_id=0x2d (13.01), status 0, reason 1, progress: 100
08-19 09:43:02.293   226   364 I DUSS&63[sys_up_status_push_threa: 970]:: +++++++ Sending upgrade status for finishing_stage, len: 11, app_host=0x200, mod_id=0x2d (13.01), status 0, reason 1, progress: 100
08-19 09:43:04.293   226   364 I DUSS&63[sys_up_status_push_threa: 970]:: +++++++ Sending upgrade status for finishing_stage, len: 11, app_host=0x200, mod_id=0x2d (13.01), status 0, reason 1, progress: 100
08-19 09:43:06.293   226   364 I DUSS&63[sys_up_status_push_threa: 970]:: +++++++ Sending upgrade status for finishing_stage, len: 11, app_host=0x200, mod_id=0x2d (13.01), status 0, reason 1, progress: 100
08-19 09:43:08.293   226   364 I DUSS&63[sys_up_status_push_threa: 970]:: +++++++ Sending upgrade status for finishing_stage, len: 11, app_host=0x200, mod_id=0x2d (13.01), status 0, reason 1, progress: 100
08-19 09:43:10.294   226   364 I DUSS&63[sys_up_status_push_threa: 970]:: +++++++ Sending upgrade status for finishing_stage, len: 11, app_host=0x200, mod_id=0x2d (13.01), status 0, reason 1, progress: 100
08-19 09:43:12.294   226   364 I DUSS&63[sys_up_status_push_threa: 970]:: +++++++ Sending upgrade status for finishing_stage, len: 11, app_host=0x200, mod_id=0x2d (13.01), status 0, reason 1, progress: 100
08-19 09:43:13.312   226   360 W DUSS&63[       tcp_async_connect: 311]:: [sys]EINPROGRESS in connect() - selecting,addr=192.168.41.3
08-19 09:43:14.294   226   364 I DUSS&63[sys_up_status_push_threa: 970]:: +++++++ Sending upgrade status for finishing_stage, len: 11, app_host=0x200, mod_id=0x2d (13.01), status 0, reason 1, progress: 100
08-19 09:43:14.313   226   360 W DUSS&63[       tcp_async_connect: 334]:: [sys]Timeout in select() - Cancelling, addr=192.168.41.3
08-19 09:43:16.295   226   364 I DUSS&63[sys_up_status_push_threa: 970]:: +++++++ Sending upgrade status for finishing_stage, len: 11, app_host=0x200, mod_id=0x2d (13.01), status 0, reason 1, progress: 100
08-19 09:43:18.295   226   364 I DUSS&63[sys_up_status_push_threa: 970]:: +++++++ Sending upgrade status for finishing_stage, len: 11, app_host=0x200, mod_id=0x2d (13.01), status 0, reason 1, progress: 100
08-19 09:43:20.295   226   364 I DUSS&63[sys_up_status_push_threa: 970]:: +++++++ Sending upgrade status for finishing_stage, len: 11, app_host=0x200, mod_id=0x2d (13.01), status 0, reason 1, progress: 100
08-19 09:43:22.295   226   364 I DUSS&63[sys_up_status_push_threa: 970]:: +++++++ Sending upgrade status for finishing_stage, len: 11, app_host=0x200, mod_id=0x2d (13.01), status 0, reason 1, progress: 100
08-19 09:43:24.296   226   364 I DUSS&63[sys_up_status_push_threa: 970]:: +++++++ Sending upgrade status for finishing_stage, len: 11, app_host=0x200, mod_id=0x2d (13.01), status 0, reason 1, progress: 100
08-19 09:43:26.296   226   364 I DUSS&63[sys_up_status_push_threa: 970]:: +++++++ Sending upgrade status for finishing_stage, len: 11, app_host=0x200, mod_id=0x2d (13.01), status 0, reason 1, progress: 100
08-19 09:43:28.296   226   364 I DUSS&63[sys_up_status_push_threa: 970]:: +++++++ Sending upgrade status for finishing_stage, len: 11, app_host=0x200, mod_id=0x2d (13.01), status 0, reason 1, progress: 100
08-19 09:43:30.297   226   364 I DUSS&63[sys_up_status_push_threa: 970]:: +++++++ Sending upgrade status for finishing_stage, len: 11, app_host=0x200, mod_id=0x2d (13.01), status 0, reason 1, progress: 100
08-19 09:43:32.297   226   364 I DUSS&63[sys_up_status_push_threa: 970]:: +++++++ Sending upgrade status for finishing_stage, len: 11, app_host=0x200, mod_id=0x2d (13.01), status 0, reason 1, progress: 100
08-19 09:43:34.297   226   364 I DUSS&63[sys_up_status_push_threa: 970]:: +++++++ Sending upgrade status for finishing_stage, len: 11, app_host=0x200, mod_id=0x2d (13.01), status 0, reason 1, progress: 100
08-19 09:43:36.297   226   364 I DUSS&63[sys_up_status_push_threa: 970]:: +++++++ Sending upgrade status for finishing_stage, len: 11, app_host=0x200, mod_id=0x2d (13.01), status 0, reason 1, progress: 100
08-19 09:43:38.298   226   364 I DUSS&63[sys_up_status_push_threa: 970]:: +++++++ Sending upgrade status for finishing_stage, len: 11, app_host=0x200, mod_id=0x2d (13.01), status 0, reason 1, progress: 100
08-19 09:43:40.298   226   364 I DUSS&63[sys_up_status_push_threa: 970]:: +++++++ Sending upgrade status for finishing_stage, len: 11, app_host=0x200, mod_id=0x2d (13.01), status 0, reason 1, progress: 100
08-19 09:43:40.873   226   347 I DUSS&63[     sys_event_stop_push: 825]:: app ask us to stop push the upgrade status., peer_host=0x200
08-19 09:43:41.045   226   347 I DUSS&63[sys_p1_check_and_copy_an:1096]:: /vendor/cfg already exist
08-19 09:43:41.097   226   347 I DUSS&63[ sys_up_del_full_package:1133]:: deleted /data/ftp/upgrade/dji_system.bin
08-19 09:43:41.008   226   347 F DUSS&63[      sys_event_set_date: 101]:: Got sys_event_set_date message: 2018.08.19-09:43:41, result 0
08-19 09:43:45.744   226   347 I DUSS&63[ sys_common_get_cfg_file:1355]:: +++request file from 0x200: req type 1, off 0, len -1
08-19 09:43:45.744   226   347 I DUSS&63[           _get_cfg_file:1285]:: +++request cfg file /data/upgrade/wm330_0000.cfg.sig
08-19 09:43:45.745   226   347 I DUSS&63[ sys_common_get_cfg_file:1389]:: get cfg/log file from 0x200: req type 1, off 0, len 980; ack aclen 980, leftlen 5548, ret=0
08-19 09:43:45.754   226   347 I DUSS&63[ sys_common_get_cfg_file:1389]:: get cfg/log file from 0x200: req type 1, off 980, len 980; ack aclen 980, leftlen 4568, ret=0
08-19 09:43:45.756   226   347 I DUSS&63[ sys_common_get_cfg_file:1389]:: get cfg/log file from 0x200: req type 1, off 1960, len 980; ack aclen 980, leftlen 3588, ret=0
08-19 09:43:45.759   226   347 I DUSS&63[ sys_common_get_cfg_file:1389]:: get cfg/log file from 0x200: req type 1, off 2940, len 980; ack aclen 980, leftlen 2608, ret=0
08-19 09:43:45.762   226   347 I DUSS&63[ sys_common_get_cfg_file:1389]:: get cfg/log file from 0x200: req type 1, off 3920, len 980; ack aclen 980, leftlen 1628, ret=0
08-19 09:43:45.765   226   347 I DUSS&63[ sys_common_get_cfg_file:1389]:: get cfg/log file from 0x200: req type 1, off 4900, len 980; ack aclen 980, leftlen 648, ret=0
08-19 09:43:45.768   226   347 I DUSS&63[ sys_common_get_cfg_file:1389]:: get cfg/log file from 0x200: req type 1, off 5880, len 980; ack aclen 648, leftlen 0, ret=0
08-19 09:43:54.154   226   360 W DUSS&63[       tcp_async_connect: 311]:: [sys]EINPROGRESS in connect() - selecting,addr=192.168.41.3
08-19 09:43:55.155   226   360 W DUSS&63[       tcp_async_connect: 334]:: [sys]Timeout in select() - Cancelling, addr=192.168.41.3
08-19 09:44:30.878   224   473 E DUSS&63[        wl_prot_tcp_recv: 749]:: [sys]WL TCP State change to disconnect, cur_fd=49, addr=192.168.41.1
08-19 09:44:30.878   224   473 I DUSS&63[           tcp_reconnect: 193]:: [sys]new socket fd 84, need connect
08-19 09:44:30.878   224   473 W DUSS&63[       tcp_async_connect: 311]:: [sys]EINPROGRESS in connect() - selecting,addr=192.168.41.1
08-19 09:44:30.988   224   473 E DUSS&63[       tcp_async_connect: 328]:: [sys]Error in delayed connection() - Connection refused
08-19 09:44:30.988   224   473 E DUSS&63[           tcp_reconnect: 197]:: [sys]first connect failed, err=Operation now in progress, will try later
08-19 09:44:30.988   224   473 I DUSS&63[           tcp_reconnect: 201]:: [sys]before join the old connect task
08-19 09:44:30.988   224   473 I DUSS&63[           tcp_reconnect: 206]:: [sys]success joined the connect task
08-19 09:44:30.988   224 11151 I DUSS&63[      tcp_connect_thread: 139]:: [sys]start to connect, fd=84
08-19 09:44:30.988   224 11151 I DUSS&63[      tcp_connect_thread: 143]:: [sys]WL TCP State change to connecting
08-19 09:44:32.989   224 11151 W DUSS&63[       tcp_async_connect: 311]:: [sys]EINPROGRESS in connect() - selecting,addr=192.168.41.1
08-19 09:44:33.989   224 11151 W DUSS&63[       tcp_async_connect: 334]:: [sys]Timeout in select() - Cancelling, addr=192.168.41.1
08-19 09:44:34.573   226   357 I DUSS&63[   sys_event_dev_ver_get: 290]:: DUSS_MB_HOST_ALL ver WM220 RC Ver.A, package ver 1.4.400, Production=1
08-19 09:44:34.612   226   347 I DUSS&63[ sys_common_get_cfg_file:1355]:: +++request file from 0x200: req type 1, off 0, len -1
08-19 09:44:34.612   226   347 I DUSS&63[           _get_cfg_file:1285]:: +++request cfg file /data/upgrade/wm330_0000.cfg.sig
08-19 09:44:34.614   226   347 I DUSS&63[ sys_common_get_cfg_file:1389]:: get cfg/log file from 0x200: req type 1, off 0, len 980; ack aclen 980, leftlen 5548, ret=0
08-19 09:44:34.619   226   347 I DUSS&63[ sys_common_get_cfg_file:1389]:: get cfg/log file from 0x200: req type 1, off 980, len 980; ack aclen 980, leftlen 4568, ret=0
08-19 09:44:34.623   226   347 I DUSS&63[ sys_common_get_cfg_file:1389]:: get cfg/log file from 0x200: req type 1, off 1960, len 980; ack aclen 980, leftlen 3588, ret=0
08-19 09:44:34.626   226   347 I DUSS&63[ sys_common_get_cfg_file:1389]:: get cfg/log file from 0x200: req type 1, off 2940, len 980; ack aclen 980, leftlen 2608, ret=0
08-19 09:44:34.630   226   347 I DUSS&63[ sys_common_get_cfg_file:1389]:: get cfg/log file from 0x200: req type 1, off 3920, len 980; ack aclen 980, leftlen 1628, ret=0
08-19 09:44:34.635   226   347 I DUSS&63[ sys_common_get_cfg_file:1389]:: get cfg/log file from 0x200: req type 1, off 4900, len 980; ack aclen 980, leftlen 648, ret=0
08-19 09:44:34.639   226   347 I DUSS&63[ sys_common_get_cfg_file:1389]:: get cfg/log file from 0x200: req type 1, off 5880, len 980; ack aclen 648, leftlen 0, ret=0
08-19 09:44:35.160   226   360 W DUSS&63[       tcp_async_connect: 311]:: [sys]EINPROGRESS in connect() - selecting,addr=192.168.41.3
08-19 09:44:36.161   226   360 W DUSS&63[       tcp_async_connect: 334]:: [sys]Timeout in select() - Cancelling, addr=192.168.41.3
08-19 09:44:38.960   226   347 I DUSS&63[        sys_event_reboot:1415]:: receive reboot from 0x600, this_host=0xd01
08-19 09:44:38.960   226   347 I DUSS&63[        sys_event_reboot:1421]:: Get reboot callback. .
08-19 09:44:38.960   226   347 I DUSS&63[           sys_p1_reboot:5026]:: Request power/boot 2 after 2000 ms from 0x600
08-19 09:44:41.000   226   347 I DUSS&63[           sys_p1_reboot:5103]:: going to reboot/poweroff/powersave... reboot_type 2 reboot_mode 0
===/data/dji/log is already a link===
===/data/dji/blackbox is already a link===


!!!new file start!!!

01-01 00:00:04.508   220   220 I DUSS&63[                    main: 670]:: dji_sys run as dev_type 1, duss_sketch_initialize done...
01-01 00:00:04.513   220   220 I DUSS&63[sys_load_config_from_jso: 154]:: Get the hw_str WM220 RC
01-01 00:00:04.513   220   220 W DUSS&63[sys_load_config_from_jso: 160]:: Can't find platform:system_init domain! Call default routing...
01-01 00:00:04.514   220   220 I DUSS&63[         sys_load_config: 501]:: platform dev_info: WM220 1860RC
01-01 00:00:04.536   220   220 I DUSS&63[sys_check_boot_mode_norm: 346]:: Set system mode to NORMAL.
01-01 00:00:04.568   220   220 I DUSS&63[sys_up_load_general_stat: 203]:: get option_value wm220 for package_id
01-01 00:00:04.568   220   220 I DUSS&63[sys_up_load_general_stat: 204]:: updated package_str wm220
01-01 00:00:04.568   220   220 I DUSS&63[sys_up_load_general_stat: 211]:: get package_ver 1.4.400
01-01 00:00:04.568   220   220 I DUSS&63[sys_up_load_general_stat: 211]:: 
01-01 00:00:04.568   220   220 I DUSS&63[sys_up_load_general_stat: 215]:: updated package_ver 1.4.400
01-01 00:00:04.568   220   220 I DUSS&63[sys_up_load_general_stat: 222]:: get package_uav_cnt 20
01-01 00:00:04.568   220   220 I DUSS&63[sys_up_load_general_stat: 222]:: 
01-01 00:00:04.568   220   220 I DUSS&63[sys_up_load_general_stat: 224]:: updated package_uav_cnt 20
01-01 00:00:04.568   220   220 I DUSS&63[sys_up_load_general_stat: 231]:: get package_gnd_cnt 3
01-01 00:00:04.568   220   220 I DUSS&63[sys_up_load_general_stat: 231]:: 
01-01 00:00:04.568   220   220 I DUSS&63[sys_up_load_general_stat: 233]:: updated package_gnd_cnt 3
01-01 00:00:04.568   220   220 I DUSS&63[sys_up_load_general_stat: 240]:: get package_gls_cnt 0
01-01 00:00:04.568   220   220 I DUSS&63[sys_up_load_general_stat: 240]:: 
01-01 00:00:04.568   220   220 I DUSS&63[sys_up_load_general_stat: 242]:: updated package_gls_cnt 0
01-01 00:00:04.568   220   220 W DUSS&63[sys_up_load_general_stat: 251]:: can not get option_value for wm22x_type, use wm220 by default
01-01 00:00:04.568   220   220 I DUSS&63[sys_up_load_upgrade_stat: 275]:: file /cache/upgrade_status not exist, return directly
01-01 00:00:04.574   220   220 I DUSS&63[sys_upgrade_check_status:5266]:: didn't save upgrade_retry in last boot
01-01 00:00:04.574   220   220 I DUSS&63[sys_upgrade_check_status:5292]:: non need to push upgrade status, set upgrade status to idle.
01-01 00:00:04.679   220   220 I DUSS&63[            sys_pre_init: 547]:: this is production board
01-01 00:00:04.708   220   220 I DUSS&63[      wl_prot_tcp_create: 404]:: [sys]open_type=0, local_port=0, remote_ip=192.168.41.1, remote_port=22350, l_ctx=0xb7133df8 
01-01 00:00:04.708   220   220 I DUSS&63[      wl_prot_tcp_create: 467]:: [sys]first connect failed, err=Network is unreachable
01-01 00:00:04.708   220   220 I DUSS&63[      wl_prot_tcp_create: 500]:: [sys]create tcp channel success, l_ctx=0xb7133df8
01-01 00:00:04.708   220   304 I DUSS&63[      tcp_connect_thread: 139]:: [sys]start to connect, fd=17
01-01 00:00:04.708   220   304 I DUSS&63[      tcp_connect_thread: 143]:: [sys]WL TCP State change to connecting
01-01 00:00:04.709   220   220 I DUSS&63[      wl_prot_tcp_create: 404]:: [sys]open_type=0, local_port=0, remote_ip=192.168.41.3, remote_port=22351, l_ctx=0xb7134f98 
01-01 00:00:04.709   220   220 I DUSS&63[      wl_prot_tcp_create: 467]:: [sys]first connect failed, err=Network is unreachable
01-01 00:00:04.709   220   220 I DUSS&63[      wl_prot_tcp_create: 500]:: [sys]create tcp channel success, l_ctx=0xb7134f98
01-01 00:00:04.709   220   306 I DUSS&63[      tcp_connect_thread: 139]:: [sys]start to connect, fd=18
01-01 00:00:04.709   220   306 I DUSS&63[      tcp_connect_thread: 143]:: [sys]WL TCP State change to connecting
01-01 00:00:04.710   220   220 I DUSS&63[        sys_events_start:  96]:: aging_test_mode=0, system_mode=0
01-01 00:00:04.710   220   310 I DUSS&63[sys_up_status_push_threa: 863]:: pushing thread start, stop_pushing=1, push_status=0
01-01 00:00:04.711   220   220 I DUSS&63[       sys_check_pc_conn: 313]:: For pc connection, usb state is DISCONNECTED
01-01 00:00:04.711   220   220 I DUSS&63[           sys_post_init: 578]:: conn_pc=0 when init
01-01 00:00:04.711   220   220 E DUSS&63[sys_event_pc_through_rc_:1198]:: Find route item to pc by wl channel fail: -1001
01-01 00:00:04.711   220   220 I DUSS&63[sys_flight_data_do_first: 637]:: gnd, no need to check whether to send nfz.db to uav anymore
01-01 00:00:04.720   220   220 I DUSS&63[        sys_version_scan: 130]:: Got signed cfg file /vendor/cfg/wm220_ac_fw_v01_04_0400.cfg.sig
01-01 00:00:04.802   220   220 I DUSS&63[        sys_version_scan: 157]:: unsign the backup cfg file.
01-01 00:00:04.856   220   220 I DUSS&63[       sys_p1_unsign_img:1960]:: verify results: passed to verify image /vendor/cfg/wm220_ac_fw_v01_04_0400.cfg.sig
01-01 00:00:04.857   220   220 I DUSS&63[       sys_p1_unsign_img:1968]:: dji_verify -n 0000 -o /tmp/wm330_0000.xml '/vendor/cfg/wm220_ac_fw_v01_04_0400.cfg.sig' exit status 0, return 0
01-01 00:00:04.857   220   220 I DUSS&63[       sys_p1_unsign_img:1976]:: dji_verify -n 0000 -o /tmp/wm330_0000.xml '/vendor/cfg/wm220_ac_fw_v01_04_0400.cfg.sig' success.
01-01 00:00:04.857   220   220 I DUSS&63[        sys_version_scan: 167]:: check the system compability..
01-01 00:00:04.857   220   220 I DUSS&63[  need_check_compability:  89]:: will send revert SYS_SELF_DEF_CMD_NEED_CHK_COMP to id=8, index=1
01-01 00:00:04.857   220   220 I DUSS&63[  need_check_compability: 109]:: dev_type=1, dev_id=wm220, pack_ver=1.4.400
01-01 00:00:06.632   220   312 E DUSS&63[find_and_kill_all_udhcpd: 457]:: pid 180's cmdline: busybox udhcpd
01-01 00:00:06.632   220   312 E DUSS&63[find_and_kill_all_udhcpd: 460]:: execute busybox kill 180
01-01 00:00:06.640   220   312 E DUSS&63[find_and_kill_all_udhcpd: 457]:: pid 181's cmdline: busybox tcpsvd
01-01 00:00:06.640   220   312 I DUSS&63[ handle_dji_device_event: 284]:: kill udhcpd service (busybox)
01-01 00:00:06.858   220   220 E DUSS&63[  need_check_compability: 118]:: can not get response from 0x801, result=-1002, retry_count=0
01-01 00:00:07.061   218   218 I DUSS&63[      wl_prot_tcp_create: 404]:: [sys]open_type=0, local_port=0, remote_ip=192.168.41.1, remote_port=22352, l_ctx=0xb7237070 
01-01 00:00:07.061   218   218 I DUSS&63[      wl_prot_tcp_create: 467]:: [sys]first connect failed, err=Network is unreachable
01-01 00:00:07.062   218   218 I DUSS&63[      wl_prot_tcp_create: 500]:: [sys]create tcp channel success, l_ctx=0xb7237070
01-01 00:00:07.062   218   450 I DUSS&63[      tcp_connect_thread: 139]:: [sys]start to connect, fd=49
01-01 00:00:07.062   218   450 I DUSS&63[      tcp_connect_thread: 143]:: [sys]WL TCP State change to connecting
01-01 00:00:08.062   218   450 W DUSS&63[       tcp_async_connect: 311]:: [sys]EINPROGRESS in connect() - selecting,addr=192.168.41.1
01-01 00:00:08.709   220   304 W DUSS&63[       tcp_async_connect: 311]:: [sys]EINPROGRESS in connect() - selecting,addr=192.168.41.1
01-01 00:00:08.710   220   306 W DUSS&63[       tcp_async_connect: 311]:: [sys]EINPROGRESS in connect() - selecting,addr=192.168.41.3
01-01 00:00:08.958   220   220 E DUSS&63[  need_check_compability: 118]:: can not get response from 0x801, result=-1002, retry_count=1
01-01 00:00:08.958   220   220 I DUSS&63[sys_need_check_compabili: 167]:: on gnd, *add_uav=0
01-01 00:00:08.958   220   220 I DUSS&63[sys_need_check_compabili: 172]:: no gls images for last package, set add_gls to 0
01-01 00:00:08.962   220   220 I DUSS&63[sys_p1_check_compability: 239]:: get device_id wm220 from xml
01-01 00:00:08.962   220   220 I DUSS&63[sys_p1_check_compability: 253]:: get last updated package version  Major=1, minor=4, build=400
01-01 00:00:08.963   220   220 I DUSS&63[        sys_p1_check_ver:2608]:: check version for wm220_0907_v47.26.02.18_20170801.pro.fw.sig
01-01 00:00:08.963   220   220 I DUSS&63[        sys_p1_check_ver:2655]:: skip module dev_id=0x9, dev_index=0x7 on dev 0, current gnd: add_uav=0, add_gls=0
01-01 00:00:08.963   220   220 E DUSS&63[sys_p1_check_compability: 281]:: check version for file wm220_0907_v47.26.02.18_20170801.pro.fw.sig error
01-01 00:00:08.963   220   220 I DUSS&63[        sys_p1_check_ver:2608]:: check version for wm220_0305_v34.04.00.24_20170726.pro.fw.sig
01-01 00:00:08.963   220   220 I DUSS&63[        sys_p1_check_ver:2655]:: skip module dev_id=0x3, dev_index=0x5 on dev 0, current gnd: add_uav=0, add_gls=0
01-01 00:00:08.963   220   220 E DUSS&63[sys_p1_check_compability: 281]:: check version for file wm220_0305_v34.04.00.24_20170726.pro.fw.sig error
01-01 00:00:08.963   220   220 I DUSS&63[        sys_p1_check_ver:2608]:: check version for wm220_0306_v03.02.44.07_20171116.pro.fw.sig
01-01 00:00:08.963   220   220 I DUSS&63[        sys_p1_check_ver:2655]:: skip module dev_id=0x3, dev_index=0x6 on dev 0, current gnd: add_uav=0, add_gls=0
01-01 00:00:08.963   220   220 E DUSS&63[sys_p1_check_compability: 281]:: check version for file wm220_0306_v03.02.44.07_20171116.pro.fw.sig error
01-01 00:00:08.963   220   220 I DUSS&63[        sys_p1_check_ver:2608]:: check version for wm220_1100_v01.00.07.32_20170726.pro.fw.sig
01-01 00:00:08.963   220   220 I DUSS&63[        sys_p1_check_ver:2655]:: skip module dev_id=0xb, dev_index=0x0 on dev 0, current gnd: add_uav=0, add_gls=0
01-01 00:00:08.963   220   220 E DUSS&63[sys_p1_check_compability: 281]:: check version for file wm220_1100_v01.00.07.32_20170726.pro.fw.sig error
01-01 00:00:08.963   220   220 I DUSS&63[        sys_p1_check_ver:2608]:: check version for wm220_0803_v00.00.04.09_20170728.pro.fw.sig
01-01 00:00:08.963   220   220 I DUSS&63[        sys_p1_check_ver:2655]:: skip module dev_id=0x8, dev_index=0x3 on dev 0, current gnd: add_uav=0, add_gls=0
01-01 00:00:08.963   220   220 E DUSS&63[sys_p1_check_compability: 281]:: check version for file wm220_0803_v00.00.04.09_20170728.pro.fw.sig error
01-01 00:00:08.964   220   220 I DUSS&63[        sys_p1_check_ver:2608]:: check version for wm220_0100_v02.08.56.68_20180122.pro.fw.sig
01-01 00:00:08.964   220   220 I DUSS&63[        sys_p1_check_ver:2655]:: skip module dev_id=0x1, dev_index=0x0 on dev 0, current gnd: add_uav=0, add_gls=0
01-01 00:00:08.964   220   220 E DUSS&63[sys_p1_check_compability: 281]:: check version for file wm220_0100_v02.08.56.68_20180122.pro.fw.sig error
01-01 00:00:08.964   220   220 I DUSS&63[        sys_p1_check_ver:2608]:: check version for wm220_0100_v02.10.05.19_20180122_ca02.pro.fw.sig
01-01 00:00:08.964   220   220 I DUSS&63[        sys_p1_check_ver:2655]:: skip module dev_id=0x1, dev_index=0x0 on dev 0, current gnd: add_uav=0, add_gls=0
01-01 00:00:08.964   220   220 E DUSS&63[sys_p1_check_compability: 281]:: check version for file wm220_0100_v02.10.05.19_20180122_ca02.pro.fw.sig error
01-01 00:00:08.964   220   220 I DUSS&63[        sys_p1_check_ver:2608]:: check version for wm220_0101_v02.08.56.68_20180122.pro.fw.sig
01-01 00:00:08.964   220   220 I DUSS&63[        sys_p1_check_ver:2655]:: skip module dev_id=0x1, dev_index=0x1 on dev 0, current gnd: add_uav=0, add_gls=0
01-01 00:00:08.964   220   220 E DUSS&63[sys_p1_check_compability: 281]:: check version for file wm220_0101_v02.08.56.68_20180122.pro.fw.sig error
01-01 00:00:08.964   220   220 I DUSS&63[        sys_p1_check_ver:2608]:: check version for wm220_0101_v02.10.05.19_20180122_ca02.pro.fw.sig
01-01 00:00:08.964   220   220 I DUSS&63[        sys_p1_check_ver:2655]:: skip module dev_id=0x1, dev_index=0x1 on dev 0, current gnd: add_uav=0, add_gls=0
01-01 00:00:08.964   220   220 E DUSS&63[sys_p1_check_compability: 281]:: check version for file wm220_0101_v02.10.05.19_20180122_ca02.pro.fw.sig error
01-01 00:00:08.964   220   220 I DUSS&63[        sys_p1_check_ver:2608]:: check version for wm220_0400_v01.50.12.10_20170809.pro.fw.sig
01-01 00:00:08.964   220   220 I DUSS&63[        sys_p1_check_ver:2655]:: skip module dev_id=0x4, dev_index=0x0 on dev 0, current gnd: add_uav=0, add_gls=0
01-01 00:00:08.964   220   220 E DUSS&63[sys_p1_check_compability: 281]:: check version for file wm220_0400_v01.50.12.10_20170809.pro.fw.sig error
01-01 00:00:08.964   220   220 I DUSS&63[        sys_p1_check_ver:2608]:: check version for wm220_0804_v01.00.00.11_20170828.pro.fw.sig
01-01 00:00:08.966   220   220 I DUSS&63[        sys_p1_check_ver:2655]:: skip module dev_id=0x8, dev_index=0x4 on dev 0, current gnd: add_uav=0, add_gls=0
01-01 00:00:08.966   220   220 E DUSS&63[sys_p1_check_compability: 281]:: check version for file wm220_0804_v01.00.00.11_20170828.pro.fw.sig error
01-01 00:00:08.966   220   220 I DUSS&63[        sys_p1_check_ver:2608]:: check version for wm220_0801_v01.06.00.46_20180613.pro.fw.sig
01-01 00:00:08.966   220   220 I DUSS&63[        sys_p1_check_ver:2655]:: skip module dev_id=0x8, dev_index=0x1 on dev 0, current gnd: add_uav=0, add_gls=0
01-01 00:00:08.966   220   220 E DUSS&63[sys_p1_check_compability: 281]:: check version for file wm220_0801_v01.06.00.46_20180613.pro.fw.sig error
01-01 00:00:08.966   220   220 I DUSS&63[        sys_p1_check_ver:2608]:: check version for wm220_1200_v01.10.00.00_20170731.pro.fw.sig
01-01 00:00:08.966   220   220 I DUSS&63[        sys_p1_check_ver:2655]:: skip module dev_id=0xc, dev_index=0x0 on dev 0, current gnd: add_uav=0, add_gls=0
01-01 00:00:08.966   220   220 E DUSS&63[sys_p1_check_compability: 281]:: check version for file wm220_1200_v01.10.00.00_20170731.pro.fw.sig error
01-01 00:00:08.967   220   220 I DUSS&63[        sys_p1_check_ver:2608]:: check version for wm220_1200_v01.01.00.72_20180515_es02.pro.fw.sig
01-01 00:00:08.967   220   220 I DUSS&63[        sys_p1_check_ver:2655]:: skip module dev_id=0xc, dev_index=0x0 on dev 0, current gnd: add_uav=0, add_gls=0
01-01 00:00:08.967   220   220 E DUSS&63[sys_p1_check_compability: 281]:: check version for file wm220_1200_v01.01.00.72_20180515_es02.pro.fw.sig error
01-01 00:00:08.967   220   220 I DUSS&63[        sys_p1_check_ver:2608]:: check version for wm220_1201_v01.10.00.00_20170731.pro.fw.sig
01-01 00:00:08.967   220   220 I DUSS&63[        sys_p1_check_ver:2655]:: skip module dev_id=0xc, dev_index=0x1 on dev 0, current gnd: add_uav=0, add_gls=0
01-01 00:00:08.967   220   220 E DUSS&63[sys_p1_check_compability: 281]:: check version for file wm220_1201_v01.10.00.00_20170731.pro.fw.sig error
01-01 00:00:08.967   220   220 I DUSS&63[        sys_p1_check_ver:2608]:: check version for wm220_1202_v01.10.00.00_20170731.pro.fw.sig
01-01 00:00:08.967   220   220 I DUSS&63[        sys_p1_check_ver:2655]:: skip module dev_id=0xc, dev_index=0x2 on dev 0, current gnd: add_uav=0, add_gls=0
01-01 00:00:08.967   220   220 E DUSS&63[sys_p1_check_compability: 281]:: check version for file wm220_1202_v01.10.00.00_20170731.pro.fw.sig error
01-01 00:00:08.967   220   220 I DUSS&63[        sys_p1_check_ver:2608]:: check version for wm220_1203_v01.10.00.00_20170731.pro.fw.sig
01-01 00:00:08.967   220   220 I DUSS&63[        sys_p1_check_ver:2655]:: skip module dev_id=0xc, dev_index=0x3 on dev 0, current gnd: add_uav=0, add_gls=0
01-01 00:00:08.967   220   220 E DUSS&63[sys_p1_check_compability: 281]:: check version for file wm220_1203_v01.10.00.00_20170731.pro.fw.sig error
01-01 00:00:08.967   220   220 I DUSS&63[        sys_p1_check_ver:2608]:: check version for wm220_0802_v01.01.00.02_20170729.pro.fw.sig
01-01 00:00:08.967   220   220 I DUSS&63[        sys_p1_check_ver:2655]:: skip module dev_id=0x8, dev_index=0x2 on dev 0, current gnd: add_uav=0, add_gls=0
01-01 00:00:08.967   220   220 E DUSS&63[sys_p1_check_compability: 281]:: check version for file wm220_0802_v01.01.00.02_20170729.pro.fw.sig error
01-01 00:00:08.967   220   220 I DUSS&63[        sys_p1_check_ver:2608]:: check version for wm220_0805_v01.04.00.99_20180601.pro.fw.sig
01-01 00:00:08.967   220   220 I DUSS&63[        sys_p1_check_ver:2655]:: skip module dev_id=0x8, dev_index=0x5 on dev 0, current gnd: add_uav=0, add_gls=0
01-01 00:00:08.967   220   220 E DUSS&63[sys_p1_check_compability: 281]:: check version for file wm220_0805_v01.04.00.99_20180601.pro.fw.sig error
01-01 00:00:08.967   220   220 I DUSS&63[        sys_p1_check_ver:2608]:: check version for wm220_1407_v47.26.02.18_20170801.pro.fw.sig
01-01 00:00:08.968   220   297 I DUSS&63[   sys_event_dev_ver_get: 258]:: from 0xa03, this_host=0xe07, dev_type=1, hw_str=WM220 RC
01-01 00:00:09.001   220   220 I DUSS&63[        sys_p1_check_ver:2723]:: 14:7: Same version.
01-01 00:00:09.001   220   220 I DUSS&63[        sys_p1_check_ver:2608]:: check version for wm220_0600_v00.00.01.28_20170727.pro.fw.sig
01-01 00:00:09.063   218   450 W DUSS&63[       tcp_async_connect: 334]:: [sys]Timeout in select() - Cancelling, addr=192.168.41.1
01-01 00:00:09.110   220   220 I DUSS&63[        sys_p1_check_ver:2723]:: 6:0: Same version.
01-01 00:00:09.110   220   220 I DUSS&63[        sys_p1_check_ver:2608]:: check version for wm220_1301_v01.06.00.46_20180613.pro.fw.sig
01-01 00:00:09.110   220   295 I DUSS&63[   sys_event_dev_ver_get: 258]:: from 0xa03, this_host=0xd01, dev_type=1, hw_str=WM220 RC
01-01 00:00:09.127   220   220 I DUSS&63[        sys_p1_check_ver:2723]:: 13:1: Same version.
01-01 00:00:09.127   220   220 I DUSS&63[sys_p1_check_compability: 274]:: /data/upgrade/backup//wm220_2807_v34.84.01.00_20180522.pro.fw.sig not exist!
01-01 00:00:09.127   220   220 I DUSS&63[        sys_p1_check_ver:2608]:: check version for wm220_2807_v34.84.01.00_20180522.pro.fw.sig
01-01 00:00:09.130   220   220 I DUSS&63[        sys_p1_check_ver:2655]:: skip module dev_id=0x1c, dev_index=0x7 on dev 2, current gnd: add_uav=0, add_gls=0
01-01 00:00:09.130   220   220 E DUSS&63[sys_p1_check_compability: 281]:: check version for file wm220_2807_v34.84.01.00_20180522.pro.fw.sig error
01-01 00:00:09.130   220   220 I DUSS&63[sys_p1_check_compability: 274]:: /data/upgrade/backup//wm220_0601_v00.00.03.06_20170528.pro.fw.sig not exist!
01-01 00:00:09.130   220   220 I DUSS&63[        sys_p1_check_ver:2608]:: check version for wm220_0601_v00.00.03.06_20170528.pro.fw.sig
01-01 00:00:09.130   220   220 I DUSS&63[        sys_p1_check_ver:2655]:: skip module dev_id=0x6, dev_index=0x1 on dev 2, current gnd: add_uav=0, add_gls=0
01-01 00:00:09.130   220   220 E DUSS&63[sys_p1_check_compability: 281]:: check version for file wm220_0601_v00.00.03.06_20170528.pro.fw.sig error
01-01 00:00:09.130   220   220 I DUSS&63[sys_p1_check_compability: 274]:: /data/upgrade/backup//wm220_0603_v00.00.06.09_20170728.pro.fw.sig not exist!
01-01 00:00:09.130   220   220 I DUSS&63[        sys_p1_check_ver:2608]:: check version for wm220_0603_v00.00.06.09_20170728.pro.fw.sig
01-01 00:00:09.130   220   220 I DUSS&63[        sys_p1_check_ver:2655]:: skip module dev_id=0x6, dev_index=0x3 on dev 2, current gnd: add_uav=0, add_gls=0
01-01 00:00:09.130   220   220 E DUSS&63[sys_p1_check_compability: 281]:: check version for file wm220_0603_v00.00.06.09_20170728.pro.fw.sig error
01-01 00:00:09.130   220   220 I DUSS&63[sys_p1_check_compability: 274]:: /data/upgrade/backup//wm220_2801_v01.04.01.09_20180612.pro.fw.sig not exist!
01-01 00:00:09.130   220   220 I DUSS&63[        sys_p1_check_ver:2608]:: check version for wm220_2801_v01.04.01.09_20180612.pro.fw.sig
01-01 00:00:09.130   220   220 I DUSS&63[        sys_p1_check_ver:2655]:: skip module dev_id=0x1c, dev_index=0x1 on dev 2, current gnd: add_uav=0, add_gls=0
01-01 00:00:09.131   220   220 E DUSS&63[sys_p1_check_compability: 281]:: check version for file wm220_2801_v01.04.01.09_20180612.pro.fw.sig error
01-01 00:00:09.136   220   220 I DUSS&63[sys_p1_check_compability: 274]:: /data/upgrade/backup//wm220_2803_v00.00.03.07_20170228.pro.fw.sig not exist!
01-01 00:00:09.136   220   220 I DUSS&63[        sys_p1_check_ver:2608]:: check version for wm220_2803_v00.00.03.07_20170228.pro.fw.sig
01-01 00:00:09.136   220   220 I DUSS&63[        sys_p1_check_ver:2655]:: skip module dev_id=0x1c, dev_index=0x3 on dev 2, current gnd: add_uav=0, add_gls=0
01-01 00:00:09.136   220   220 E DUSS&63[sys_p1_check_compability: 281]:: check version for file wm220_2803_v00.00.03.07_20170228.pro.fw.sig error
01-01 00:00:09.136   220   220 I DUSS&63[sys_p1_check_compability: 274]:: /data/upgrade/backup//wm220_2803_v00.00.03.08_20170302_cd01.pro.fw.sig not exist!
01-01 00:00:09.136   220   220 I DUSS&63[        sys_p1_check_ver:2608]:: check version for wm220_2803_v00.00.03.08_20170302_cd01.pro.fw.sig
01-01 00:00:09.136   220   220 I DUSS&63[        sys_p1_check_ver:2655]:: skip module dev_id=0x1c, dev_index=0x3 on dev 2, current gnd: add_uav=0, add_gls=0
01-01 00:00:09.136   220   220 E DUSS&63[sys_p1_check_compability: 281]:: check version for file wm220_2803_v00.00.03.08_20170302_cd01.pro.fw.sig error
01-01 00:00:09.137   220   220 I DUSS&63[sys_p1_check_compability: 274]:: /data/upgrade/backup//wm220_2803_v00.00.03.08_20170302_cd02.pro.fw.sig not exist!
01-01 00:00:09.137   220   220 I DUSS&63[        sys_p1_check_ver:2608]:: check version for wm220_2803_v00.00.03.08_20170302_cd02.pro.fw.sig
01-01 00:00:09.137   220   220 I DUSS&63[        sys_p1_check_ver:2655]:: skip module dev_id=0x1c, dev_index=0x3 on dev 2, current gnd: add_uav=0, add_gls=0
01-01 00:00:09.137   220   220 E DUSS&63[sys_p1_check_compability: 281]:: check version for file wm220_2803_v00.00.03.08_20170302_cd02.pro.fw.sig error
01-01 00:00:09.137   220   220 I DUSS&63[sys_p1_check_compability: 274]:: /data/upgrade/backup//wm220_2803_v00.00.04.08_20170828_cd03.pro.fw.sig not exist!
01-01 00:00:09.137   220   220 I DUSS&63[        sys_p1_check_ver:2608]:: check version for wm220_2803_v00.00.04.08_20170828_cd03.pro.fw.sig
01-01 00:00:09.137   220   220 I DUSS&63[        sys_p1_check_ver:2655]:: skip module dev_id=0x1c, dev_index=0x3 on dev 2, current gnd: add_uav=0, add_gls=0
01-01 00:00:09.137   220   220 E DUSS&63[sys_p1_check_compability: 281]:: check version for file wm220_2803_v00.00.04.08_20170828_cd03.pro.fw.sig error
01-01 00:00:09.137   220   220 I DUSS&63[        sys_p1_check_ver:2608]:: check version for wm220_0905_v01.00.01.07_20170929.pro.fw.sig
01-01 00:00:09.137   220   220 I DUSS&63[        sys_p1_check_ver:2629]:: skip module for datacopy, dev_id=0x9, dev_index=0x5 
01-01 00:00:09.137   220   220 E DUSS&63[sys_p1_check_compability: 281]:: check version for file wm220_0905_v01.00.01.07_20170929.pro.fw.sig error
01-01 00:00:09.137   220   220 I DUSS&63[sys_p1_check_compability: 301]:: after check *comptbl = 0, p1_first=0
01-01 00:00:09.137   220   220 I DUSS&63[        sys_version_scan: 207]:: found system compatible with the large package
01-01 00:00:09.137   220   220 I DUSS&63[            sys_mainloop: 279]:: version scan done.
01-01 00:00:09.366   220   304 I DUSS&63[       tcp_async_connect: 375]:: [sys]connect to 192.168.41.1 success
01-01 00:00:09.366   220   304 I DUSS&63[      tcp_connect_thread: 152]:: [sys]connected to 192.168.41.1
01-01 00:00:09.366   220   304 I DUSS&63[      tcp_connect_thread: 160]:: [sys]WL TCP State change to connected
01-01 00:00:09.711   220   306 W DUSS&63[       tcp_async_connect: 334]:: [sys]Timeout in select() - Cancelling, addr=192.168.41.3
01-01 00:00:10.063   218   450 I DUSS&63[       tcp_async_connect: 375]:: [sys]connect to 192.168.41.1 success
01-01 00:00:10.063   218   450 I DUSS&63[      tcp_connect_thread: 152]:: [sys]connected to 192.168.41.1
01-01 00:00:10.063   218   450 I DUSS&63[      tcp_connect_thread: 160]:: [sys]WL TCP State change to connected
01-01 00:00:39.427   220   303 I DUSS&63[   sys_event_dev_ver_get: 290]:: DUSS_MB_HOST_ALL ver WM220 RC Ver.A, package ver 1.4.400, Production=1
01-01 00:00:39.466   220   295 I DUSS&63[ sys_common_get_cfg_file:1355]:: +++request file from 0x200: req type 1, off 0, len -1
01-01 00:00:39.466   220   295 I DUSS&63[           _get_cfg_file:1285]:: +++request cfg file /data/upgrade/wm330_0000.cfg.sig
01-01 00:00:39.468   220   295 I DUSS&63[ sys_common_get_cfg_file:1389]:: get cfg/log file from 0x200: req type 1, off 0, len 980; ack aclen 980, leftlen 5548, ret=0
01-01 00:00:39.517   220   295 I DUSS&63[ sys_common_get_cfg_file:1389]:: get cfg/log file from 0x200: req type 1, off 980, len 980; ack aclen 980, leftlen 4568, ret=0
01-01 00:00:39.525   220   295 I DUSS&63[ sys_common_get_cfg_file:1389]:: get cfg/log file from 0x200: req type 1, off 1960, len 980; ack aclen 980, leftlen 3588, ret=0
01-01 00:00:39.529   220   295 I DUSS&63[ sys_common_get_cfg_file:1389]:: get cfg/log file from 0x200: req type 1, off 2940, len 980; ack aclen 980, leftlen 2608, ret=0
01-01 00:00:39.533   220   295 I DUSS&63[ sys_common_get_cfg_file:1389]:: get cfg/log file from 0x200: req type 1, off 3920, len 980; ack aclen 980, leftlen 1628, ret=0
01-01 00:00:39.542   220   295 I DUSS&63[ sys_common_get_cfg_file:1389]:: get cfg/log file from 0x200: req type 1, off 4900, len 980; ack aclen 980, leftlen 648, ret=0
01-01 00:00:39.545   220   295 I DUSS&63[ sys_common_get_cfg_file:1389]:: get cfg/log file from 0x200: req type 1, off 5880, len 980; ack aclen 648, leftlen 0, ret=0
08-19 10:04:19.008   220   295 F DUSS&63[      sys_event_set_date: 101]:: Got sys_event_set_date message: 2018.08.19-10:04:19, result 0
08-19 10:04:26.465   220   306 W DUSS&63[       tcp_async_connect: 311]:: [sys]EINPROGRESS in connect() - selecting,addr=192.168.41.3
08-19 10:04:27.466   220   306 W DUSS&63[       tcp_async_connect: 334]:: [sys]Timeout in select() - Cancelling, addr=192.168.41.3
08-19 10:05:07.471   220   306 W DUSS&63[       tcp_async_connect: 311]:: [sys]EINPROGRESS in connect() - selecting,addr=192.168.41.3
08-19 10:05:08.472   220   306 W DUSS&63[       tcp_async_connect: 334]:: [sys]Timeout in select() - Cancelling, addr=192.168.41.3
08-19 10:05:48.477   220   306 W DUSS&63[       tcp_async_connect: 311]:: [sys]EINPROGRESS in connect() - selecting,addr=192.168.41.3
08-19 10:05:49.478   220   306 W DUSS&63[       tcp_async_connect: 334]:: [sys]Timeout in select() - Cancelling, addr=192.168.41.3
08-19 10:06:29.483   220   306 W DUSS&63[       tcp_async_connect: 311]:: [sys]EINPROGRESS in connect() - selecting,addr=192.168.41.3
08-19 10:06:30.484   220   306 W DUSS&63[       tcp_async_connect: 334]:: [sys]Timeout in select() - Cancelling, addr=192.168.41.3
08-19 10:07:10.491   220   306 W DUSS&63[       tcp_async_connect: 311]:: [sys]EINPROGRESS in connect() - selecting,addr=192.168.41.3
08-19 10:07:11.493   220   306 W DUSS&63[       tcp_async_connect: 334]:: [sys]Timeout in select() - Cancelling, addr=192.168.41.3
08-19 10:07:51.499   220   306 W DUSS&63[       tcp_async_connect: 311]:: [sys]EINPROGRESS in connect() - selecting,addr=192.168.41.3
08-19 10:07:52.500   220   306 W DUSS&63[       tcp_async_connect: 334]:: [sys]Timeout in select() - Cancelling, addr=192.168.41.3
08-19 10:08:32.504   220   306 W DUSS&63[       tcp_async_connect: 311]:: [sys]EINPROGRESS in connect() - selecting,addr=192.168.41.3
08-19 10:08:33.505   220   306 W DUSS&63[       tcp_async_connect: 334]:: [sys]Timeout in select() - Cancelling, addr=192.168.41.3
08-19 10:09:13.512   220   306 W DUSS&63[       tcp_async_connect: 311]:: [sys]EINPROGRESS in connect() - selecting,addr=192.168.41.3
08-19 10:09:14.513   220   306 W DUSS&63[       tcp_async_connect: 334]:: [sys]Timeout in select() - Cancelling, addr=192.168.41.3
08-19 10:09:54.521   220   306 W DUSS&63[       tcp_async_connect: 311]:: [sys]EINPROGRESS in connect() - selecting,addr=192.168.41.3
08-19 10:09:55.521   220   306 W DUSS&63[       tcp_async_connect: 334]:: [sys]Timeout in select() - Cancelling, addr=192.168.41.3
08-19 10:10:35.527   220   306 W DUSS&63[       tcp_async_connect: 311]:: [sys]EINPROGRESS in connect() - selecting,addr=192.168.41.3
08-19 10:10:36.528   220   306 W DUSS&63[       tcp_async_connect: 334]:: [sys]Timeout in select() - Cancelling, addr=192.168.41.3
08-19 10:11:16.533   220   306 W DUSS&63[       tcp_async_connect: 311]:: [sys]EINPROGRESS in connect() - selecting,addr=192.168.41.3
08-19 10:11:17.534   220   306 W DUSS&63[       tcp_async_connect: 334]:: [sys]Timeout in select() - Cancelling, addr=192.168.41.3
08-19 10:11:57.540   220   306 W DUSS&63[       tcp_async_connect: 311]:: [sys]EINPROGRESS in connect() - selecting,addr=192.168.41.3
08-19 10:11:58.541   220   306 W DUSS&63[       tcp_async_connect: 334]:: [sys]Timeout in select() - Cancelling, addr=192.168.41.3
08-19 10:12:38.545   220   306 W DUSS&63[       tcp_async_connect: 311]:: [sys]EINPROGRESS in connect() - selecting,addr=192.168.41.3
08-19 10:12:39.547   220   306 W DUSS&63[       tcp_async_connect: 334]:: [sys]Timeout in select() - Cancelling, addr=192.168.41.3
08-19 10:13:19.557   220   306 W DUSS&63[       tcp_async_connect: 311]:: [sys]EINPROGRESS in connect() - selecting,addr=192.168.41.3
08-19 10:13:20.558   220   306 W DUSS&63[       tcp_async_connect: 334]:: [sys]Timeout in select() - Cancelling, addr=192.168.41.3
08-19 10:14:00.563   220   306 W DUSS&63[       tcp_async_connect: 311]:: [sys]EINPROGRESS in connect() - selecting,addr=192.168.41.3
08-19 10:14:01.564   220   306 W DUSS&63[       tcp_async_connect: 334]:: [sys]Timeout in select() - Cancelling, addr=192.168.41.3
08-19 10:14:41.568   220   306 W DUSS&63[       tcp_async_connect: 311]:: [sys]EINPROGRESS in connect() - selecting,addr=192.168.41.3
08-19 10:14:42.569   220   306 W DUSS&63[       tcp_async_connect: 334]:: [sys]Timeout in select() - Cancelling, addr=192.168.41.3
08-19 10:15:22.573   220   306 W DUSS&63[       tcp_async_connect: 311]:: [sys]EINPROGRESS in connect() - selecting,addr=192.168.41.3
