01-01 00:00:46.238   203  1174 I DUSS&63[        sys_p1_parse_cfg: 131]:: /ftp/upgrade/upgrade/signimgs//wm220_0101_v02.04.56.53_20170804.pro.fw.sig not exists
01-01 00:00:46.238   203  1174 I DUSS&63[        sys_p1_parse_cfg: 117]:: module id: 0400
01-01 00:00:46.238   203  1174 I DUSS&63[        sys_p1_parse_cfg: 120]:: module version: 01.50.12.10
01-01 00:00:46.238   203  1174 I DUSS&63[        sys_p1_parse_cfg: 123]:: hardware version: 
01-01 00:00:46.238   203  1174 I DUSS&63[        sys_p1_parse_cfg: 126]:: module file_name = wm220_0400_v01.50.12.10_20170809.pro.fw.sig
01-01 00:00:46.238   203  1174 I DUSS&63[        sys_p1_parse_cfg: 131]:: /ftp/upgrade/upgrade/signimgs//wm220_0400_v01.50.12.10_20170809.pro.fw.sig not exists
01-01 00:00:46.238   203  1174 I DUSS&63[        sys_p1_parse_cfg: 117]:: module id: 0804
01-01 00:00:46.238   203  1174 I DUSS&63[        sys_p1_parse_cfg: 120]:: module version: 01.00.00.09
01-01 00:00:46.238   203  1174 I DUSS&63[        sys_p1_parse_cfg: 123]:: hardware version: 
01-01 00:00:46.238   203  1174 I DUSS&63[        sys_p1_parse_cfg: 126]:: module file_name = wm220_0804_v01.00.00.09_20170728.pro.fw.sig
01-01 00:00:46.238   203  1174 I DUSS&63[        sys_p1_parse_cfg: 131]:: /ftp/upgrade/upgrade/signimgs//wm220_0804_v01.00.00.09_20170728.pro.fw.sig not exists
01-01 00:00:46.238   203  1174 I DUSS&63[        sys_p1_parse_cfg: 117]:: module id: 0801
01-01 00:00:46.238   203  1174 I DUSS&63[        sys_p1_parse_cfg: 120]:: module version: 01.06.00.11
01-01 00:00:46.238   203  1174 I DUSS&63[        sys_p1_parse_cfg: 123]:: hardware version: 
01-01 00:00:46.238   203  1174 I DUSS&63[        sys_p1_parse_cfg: 126]:: module file_name = wm220_0801_v01.06.00.11_20170814.pro.fw.sig
01-01 00:00:46.238   203  1174 I DUSS&63[        sys_p1_parse_cfg: 131]:: /ftp/upgrade/upgrade/signimgs//wm220_0801_v01.06.00.11_20170814.pro.fw.sig not exists
01-01 00:00:46.238   203  1174 I DUSS&63[        sys_p1_parse_cfg: 117]:: module id: 1200
01-01 00:00:46.238   203  1174 I DUSS&63[        sys_p1_parse_cfg: 120]:: module version: 01.01.00.34
01-01 00:00:46.238   203  1174 I DUSS&63[        sys_p1_parse_cfg: 123]:: hardware version: es02
01-01 00:00:46.238   203  1174 I DUSS&63[        sys_p1_parse_cfg: 126]:: module file_name = wm220_1200_v01.01.00.34_20170801_es02.pro.fw.sig
01-01 00:00:46.238   203  1174 I DUSS&63[        sys_p1_parse_cfg: 131]:: /ftp/upgrade/upgrade/signimgs//wm220_1200_v01.01.00.34_20170801_es02.pro.fw.sig not exists
01-01 00:00:46.238   203  1174 I DUSS&63[        sys_p1_parse_cfg: 117]:: module id: 1200
01-01 00:00:46.238   203  1174 I DUSS&63[        sys_p1_parse_cfg: 120]:: module version: 01.10.00.00
01-01 00:00:46.238   203  1174 I DUSS&63[        sys_p1_parse_cfg: 123]:: hardware version: 
01-01 00:00:46.238   203  1174 I DUSS&63[        sys_p1_parse_cfg: 126]:: module file_name = wm220_1200_v01.10.00.00_20170731.pro.fw.sig
01-01 00:00:46.238   203  1174 I DUSS&63[        sys_p1_parse_cfg: 131]:: /ftp/upgrade/upgrade/signimgs//wm220_1200_v01.10.00.00_20170731.pro.fw.sig not exists
01-01 00:00:46.238   203  1174 I DUSS&63[        sys_p1_parse_cfg: 117]:: module id: 1201
01-01 00:00:46.238   203  1174 I DUSS&63[        sys_p1_parse_cfg: 120]:: module version: 01.10.00.00
01-01 00:00:46.238   203  1174 I DUSS&63[        sys_p1_parse_cfg: 123]:: hardware version: 
01-01 00:00:46.238   203  1174 I DUSS&63[        sys_p1_parse_cfg: 126]:: module file_name = wm220_1201_v01.10.00.00_20170731.pro.fw.sig
01-01 00:00:46.239   203  1174 I DUSS&63[        sys_p1_parse_cfg: 131]:: /ftp/upgrade/upgrade/signimgs//wm220_1201_v01.10.00.00_20170731.pro.fw.sig not exists
01-01 00:00:46.239   203  1174 I DUSS&63[        sys_p1_parse_cfg: 117]:: module id: 1202
01-01 00:00:46.239   203  1174 I DUSS&63[        sys_p1_parse_cfg: 120]:: module version: 01.10.00.00
01-01 00:00:46.239   203  1174 I DUSS&63[        sys_p1_parse_cfg: 123]:: hardware version: 
01-01 00:00:46.239   203  1174 I DUSS&63[        sys_p1_parse_cfg: 126]:: module file_name = wm220_1202_v01.10.00.00_20170731.pro.fw.sig
01-01 00:00:46.239   203  1174 I DUSS&63[        sys_p1_parse_cfg: 131]:: /ftp/upgrade/upgrade/signimgs//wm220_1202_v01.10.00.00_20170731.pro.fw.sig not exists
01-01 00:00:46.239   203  1174 I DUSS&63[        sys_p1_parse_cfg: 117]:: module id: 1203
01-01 00:00:46.239   203  1174 I DUSS&63[        sys_p1_parse_cfg: 120]:: module version: 01.10.00.00
01-01 00:00:46.239   203  1174 I DUSS&63[        sys_p1_parse_cfg: 123]:: hardware version: 
01-01 00:00:46.239   203  1174 I DUSS&63[        sys_p1_parse_cfg: 126]:: module file_name = wm220_1203_v01.10.00.00_20170731.pro.fw.sig
01-01 00:00:46.239   203  1174 I DUSS&63[        sys_p1_parse_cfg: 131]:: /ftp/upgrade/upgrade/signimgs//wm220_1203_v01.10.00.00_20170731.pro.fw.sig not exists
01-01 00:00:46.239   203  1174 I DUSS&63[        sys_p1_parse_cfg: 117]:: module id: 0802
01-01 00:00:46.239   203  1174 I DUSS&63[        sys_p1_parse_cfg: 120]:: module version: 01.01.00.02
01-01 00:00:46.239   203  1174 I DUSS&63[        sys_p1_parse_cfg: 123]:: hardware version: 
01-01 00:00:46.239   203  1174 I DUSS&63[        sys_p1_parse_cfg: 126]:: module file_name = wm220_0802_v01.01.00.02_20170729.pro.fw.sig
01-01 00:00:46.239   203  1174 I DUSS&63[        sys_p1_parse_cfg: 131]:: /ftp/upgrade/upgrade/signimgs//wm220_0802_v01.01.00.02_20170729.pro.fw.sig not exists
01-01 00:00:46.239   203  1174 I DUSS&63[        sys_p1_parse_cfg: 117]:: module id: 0805
01-01 00:00:46.239   203  1174 I DUSS&63[        sys_p1_parse_cfg: 120]:: module version: 01.02.00.97
01-01 00:00:46.239   203  1174 I DUSS&63[        sys_p1_parse_cfg: 123]:: hardware version: 
01-01 00:00:46.239   203  1174 I DUSS&63[        sys_p1_parse_cfg: 126]:: module file_name = wm220_0805_v01.02.00.97_20170809.pro.fw.sig
01-01 00:00:46.239   203  1174 I DUSS&63[        sys_p1_parse_cfg: 131]:: /ftp/upgrade/upgrade/signimgs//wm220_0805_v01.02.00.97_20170809.pro.fw.sig not exists
01-01 00:00:46.239   203  1174 I DUSS&63[        sys_p1_parse_cfg: 117]:: module id: 1407
01-01 00:00:46.239   203  1174 I DUSS&63[        sys_p1_parse_cfg: 120]:: module version: 47.26.02.18
01-01 00:00:46.239   203  1174 I DUSS&63[        sys_p1_parse_cfg: 123]:: hardware version: 
01-01 00:00:46.239   203  1174 I DUSS&63[        sys_p1_parse_cfg: 126]:: module file_name = wm220_1407_v47.26.02.18_20170801.pro.fw.sig
01-01 00:00:46.239   203  1174 I DUSS&63[      sys_p1_add_up_file:2273]:: get hw_ver[NULL] from file /ftp/upgrade/upgrade/signimgs//wm220_1407_v47.26.02.18_20170801.pro.fw.sig
01-01 00:00:46.239   203  1174 I DUSS&63[      sys_p1_add_up_file:2370]:: parse file ok, id 14, index 7, ver: 47.26.2.18
01-01 00:00:46.239   203  1174 I DUSS&63[      sys_p1_add_up_file:2372]:: sign file name: /ftp/upgrade/upgrade/signimgs//wm220_1407_v47.26.02.18_20170801.pro.fw.sig, file_size=4238080
01-01 00:00:46.239   203  1174 I DUSS&63[        sys_p1_parse_cfg: 117]:: module id: 0600
01-01 00:00:46.239   203  1174 I DUSS&63[        sys_p1_parse_cfg: 120]:: module version: 00.00.01.28
01-01 00:00:46.239   203  1174 I DUSS&63[        sys_p1_parse_cfg: 123]:: hardware version: 
01-01 00:00:46.239   203  1174 I DUSS&63[        sys_p1_parse_cfg: 126]:: module file_name = wm220_0600_v00.00.01.28_20170727.pro.fw.sig
01-01 00:00:46.239   203  1174 I DUSS&63[      sys_p1_add_up_file:2273]:: get hw_ver[NULL] from file /ftp/upgrade/upgrade/signimgs//wm220_0600_v00.00.01.28_20170727.pro.fw.sig
01-01 00:00:46.239   203  1174 I DUSS&63[      sys_p1_add_up_file:2370]:: parse file ok, id 6, index 0, ver: 0.0.1.28
01-01 00:00:46.239   203  1174 I DUSS&63[      sys_p1_add_up_file:2372]:: sign file name: /ftp/upgrade/upgrade/signimgs//wm220_0600_v00.00.01.28_20170727.pro.fw.sig, file_size=38944
01-01 00:00:46.239   203  1174 I DUSS&63[        sys_p1_parse_cfg: 117]:: module id: 1301
01-01 00:00:46.239   203  1174 I DUSS&63[        sys_p1_parse_cfg: 120]:: module version: 01.06.00.11
01-01 00:00:46.239   203  1174 I DUSS&63[        sys_p1_parse_cfg: 123]:: hardware version: 
01-01 00:00:46.239   203  1174 I DUSS&63[        sys_p1_parse_cfg: 126]:: module file_name = wm220_1301_v01.06.00.11_20170814.pro.fw.sig
01-01 00:00:46.239   203  1174 I DUSS&63[      sys_p1_add_up_file:2273]:: get hw_ver[NULL] from file /ftp/upgrade/upgrade/signimgs//wm220_1301_v01.06.00.11_20170814.pro.fw.sig
01-01 00:00:46.239   203  1174 I DUSS&63[      sys_p1_add_up_file:2370]:: parse file ok, id 13, index 1, ver: 1.6.0.11
01-01 00:00:46.239   203  1174 I DUSS&63[      sys_p1_add_up_file:2372]:: sign file name: /ftp/upgrade/upgrade/signimgs//wm220_1301_v01.06.00.11_20170814.pro.fw.sig, file_size=25753440
01-01 00:00:46.239   203  1174 I DUSS&63[        sys_p1_parse_cfg: 117]:: module id: 2807
01-01 00:00:46.240   203  1174 I DUSS&63[        sys_p1_parse_cfg: 120]:: module version: 47.26.02.18
01-01 00:00:46.240   203  1174 I DUSS&63[        sys_p1_parse_cfg: 123]:: hardware version: 
01-01 00:00:46.240   203  1174 I DUSS&63[        sys_p1_parse_cfg: 126]:: module file_name = wm220_2807_v47.26.02.18_20170801.pro.fw.sig
01-01 00:00:46.240   203  1174 I DUSS&63[        sys_p1_parse_cfg: 131]:: /ftp/upgrade/upgrade/signimgs//wm220_2807_v47.26.02.18_20170801.pro.fw.sig not exists
01-01 00:00:46.240   203  1174 I DUSS&63[        sys_p1_parse_cfg: 117]:: module id: 0601
01-01 00:00:46.240   203  1174 I DUSS&63[        sys_p1_parse_cfg: 120]:: module version: 00.00.03.06
01-01 00:00:46.240   203  1174 I DUSS&63[        sys_p1_parse_cfg: 123]:: hardware version: 
01-01 00:00:46.240   203  1174 I DUSS&63[        sys_p1_parse_cfg: 126]:: module file_name = wm220_0601_v00.00.03.06_20170528.pro.fw.sig
01-01 00:00:46.240   203  1174 I DUSS&63[      sys_p1_add_up_file:2273]:: get hw_ver[NULL] from file /ftp/upgrade/upgrade/signimgs//wm220_0601_v00.00.03.06_20170528.pro.fw.sig
01-01 00:00:46.240   203  1174 I DUSS&63[      sys_p1_add_up_file:2311]:: can not find hw for up file: 6:1:/ftp/upgrade/upgrade/signimgs//wm220_0601_v00.00.03.06_20170528.pro.fw.sig
01-01 00:00:46.240   203  1174 I DUSS&63[      sys_p1_add_up_file:2318]:: this is gnd, module should be on uav or glass, go on...
01-01 00:00:46.240   203  1174 I DUSS&63[      sys_p1_add_up_file:2370]:: parse file ok, id 6, index 1, ver: 0.0.3.6
01-01 00:00:46.240   203  1174 I DUSS&63[      sys_p1_add_up_file:2372]:: sign file name: /ftp/upgrade/upgrade/signimgs//wm220_0601_v00.00.03.06_20170528.pro.fw.sig, file_size=22208
01-01 00:00:46.240   203  1174 I DUSS&63[        sys_p1_parse_cfg: 117]:: module id: 0603
01-01 00:00:46.240   203  1174 I DUSS&63[        sys_p1_parse_cfg: 120]:: module version: 00.00.06.09
01-01 00:00:46.240   203  1174 I DUSS&63[        sys_p1_parse_cfg: 123]:: hardware version: 
01-01 00:00:46.240   203  1174 I DUSS&63[        sys_p1_parse_cfg: 126]:: module file_name = wm220_0603_v00.00.06.09_20170728.pro.fw.sig
01-01 00:00:46.240   203  1174 I DUSS&63[      sys_p1_add_up_file:2273]:: get hw_ver[NULL] from file /ftp/upgrade/upgrade/signimgs//wm220_0603_v00.00.06.09_20170728.pro.fw.sig
01-01 00:00:46.240   203  1174 I DUSS&63[      sys_p1_add_up_file:2311]:: can not find hw for up file: 6:3:/ftp/upgrade/upgrade/signimgs//wm220_0603_v00.00.06.09_20170728.pro.fw.sig
01-01 00:00:46.240   203  1174 I DUSS&63[      sys_p1_add_up_file:2318]:: this is gnd, module should be on uav or glass, go on...
01-01 00:00:46.240   203  1174 I DUSS&63[      sys_p1_add_up_file:2370]:: parse file ok, id 6, index 3, ver: 0.0.6.9
01-01 00:00:46.240   203  1174 I DUSS&63[      sys_p1_add_up_file:2372]:: sign file name: /ftp/upgrade/upgrade/signimgs//wm220_0603_v00.00.06.09_20170728.pro.fw.sig, file_size=19936
01-01 00:00:46.240   203  1174 I DUSS&63[        sys_p1_parse_cfg: 117]:: module id: 2803
01-01 00:00:46.240   203  1174 I DUSS&63[        sys_p1_parse_cfg: 120]:: module version: 00.00.03.08
01-01 00:00:46.240   203  1174 I DUSS&63[        sys_p1_parse_cfg: 123]:: hardware version: cd02
01-01 00:00:46.240   203  1174 I DUSS&63[        sys_p1_parse_cfg: 126]:: module file_name = wm220_2803_v00.00.03.08_20170302_cd02.pro.fw.sig
01-01 00:00:46.240   203  1174 I DUSS&63[        sys_p1_parse_cfg: 131]:: /ftp/upgrade/upgrade/signimgs//wm220_2803_v00.00.03.08_20170302_cd02.pro.fw.sig not exists
01-01 00:00:46.240   203  1174 I DUSS&63[        sys_p1_parse_cfg: 117]:: module id: 2803
01-01 00:00:46.240   203  1174 I DUSS&63[        sys_p1_parse_cfg: 120]:: module version: 00.00.03.08
01-01 00:00:46.240   203  1174 I DUSS&63[        sys_p1_parse_cfg: 123]:: hardware version: cd01
01-01 00:00:46.240   203  1174 I DUSS&63[        sys_p1_parse_cfg: 126]:: module file_name = wm220_2803_v00.00.03.08_20170302_cd01.pro.fw.sig
01-01 00:00:46.240   203  1174 I DUSS&63[        sys_p1_parse_cfg: 131]:: /ftp/upgrade/upgrade/signimgs//wm220_2803_v00.00.03.08_20170302_cd01.pro.fw.sig not exists
01-01 00:00:46.240   203  1174 I DUSS&63[        sys_p1_parse_cfg: 117]:: module id: 2801
01-01 00:00:46.240   203  1174 I DUSS&63[        sys_p1_parse_cfg: 120]:: module version: 01.03.00.21
01-01 00:00:46.240   203  1174 I DUSS&63[        sys_p1_parse_cfg: 123]:: hardware version: 
01-01 00:00:46.240   203  1174 I DUSS&63[        sys_p1_parse_cfg: 126]:: module file_name = wm220_2801_v01.03.00.21_20170825.pro.fw.sig
01-01 00:00:46.240   203  1174 I DUSS&63[        sys_p1_parse_cfg: 131]:: /ftp/upgrade/upgrade/signimgs//wm220_2801_v01.03.00.21_20170825.pro.fw.sig not exists
01-01 00:00:46.240   203  1174 I DUSS&63[        sys_p1_parse_cfg: 117]:: module id: 0905
01-01 00:00:46.240   203  1174 I DUSS&63[        sys_p1_parse_cfg: 120]:: module version: 01.00.01.05
01-01 00:00:46.240   203  1174 I DUSS&63[        sys_p1_parse_cfg: 123]:: hardware version: 
01-01 00:00:46.240   203  1174 I DUSS&63[        sys_p1_parse_cfg: 126]:: module file_name = wm220_0905_v01.00.01.05_20170727.pro.fw.sig
01-01 00:00:46.240   203  1174 I DUSS&63[        sys_p1_parse_cfg: 131]:: /ftp/upgrade/upgrade/signimgs//wm220_0905_v01.00.01.05_20170727.pro.fw.sig not exists
01-01 00:00:46.241   203  1174 I DUSS&63[sys_p1_get_filelist_from:3745]:: dev id in cfg file: wm220, hw_str: WM220 RC
01-01 00:00:46.241   203  1174 I DUSS&63[sys_p1_get_filelist_from:3753]:: +++ p1->up_file_cnt = 5, p1_first=0
01-01 00:00:46.245   203   279 I DUSS&63[ sys_common_get_cfg_file:1342]:: +++request file from 0xa00: req type 1, off 0, len 256
01-01 00:00:46.246   203   279 I DUSS&63[           _get_cfg_file:1272]:: +++request cfg file /ftp/upgrade/upgrade/wm330_0000.cfg.sig
01-01 00:00:46.246   203   279 I DUSS&63[           _get_cfg_file:1301]:: Can't find cfg /ftp/upgrade/upgrade/wm330_0000.cfg.sig or log /data/dji/upgrade_log.tar.gz.
01-01 00:00:46.246   203   279 E DUSS&63[ sys_common_get_cfg_file:1368]:: Get upgrade cfg file failure!
01-01 00:00:46.248   203  1174 I DUSS&63[     sys_p1_verify_image:3846]:: file parse result: up_file_cnt=5, uav_img_cnt=0, gnd_img_cnt=3, gls_img_cnt=2
01-01 00:00:46.248   203  1174 I DUSS&63[     sys_p1_verify_image:3898]:: ++++ id_idx = 1407, unsign_file_name /cache/upgrade/unsignimgs//wm220_1407_v47.26.02.18_20170801.pro.fw
01-01 00:00:46.562   203   287 I DUSS&63[sys_p1_register_motor_er:4165]:: not in normal mode, no need to register
01-01 00:00:46.659   203  1174 I DUSS&63[       sys_p1_unsign_img:1753]:: verify results: passed to verify image /ftp/upgrade/upgrade/signimgs//wm220_1407_v47.26.02.18_20170801.pro.fw.sig
01-01 00:00:46.660   203  1174 I DUSS&63[       sys_p1_unsign_img:1761]:: dji_verify -n 1407 -o /cache/upgrade/unsignimgs//wm220_1407_v47.26.02.18_20170801.pro.fw /ftp/upgrade/upgrade/signimgs//wm220_1407_v47.26.02.18_20170801.pro.fw.sig exit status 0, return 0
01-01 00:00:46.660   203  1174 I DUSS&63[       sys_p1_unsign_img:1769]:: dji_verify -n 1407 -o /cache/upgrade/unsignimgs//wm220_1407_v47.26.02.18_20170801.pro.fw /ftp/upgrade/upgrade/signimgs//wm220_1407_v47.26.02.18_20170801.pro.fw.sig success.
01-01 00:00:46.660   203  1174 I DUSS&63[     sys_p1_verify_image:3898]:: ++++ id_idx = 0600, unsign_file_name /cache/upgrade/unsignimgs//wm220_0600_v00.00.01.28_20170727.pro.fw
01-01 00:00:46.725   203  1174 I DUSS&63[       sys_p1_unsign_img:1753]:: verify results: passed to verify image /ftp/upgrade/upgrade/signimgs//wm220_0600_v00.00.01.28_20170727.pro.fw.sig
01-01 00:00:46.726   203  1174 I DUSS&63[       sys_p1_unsign_img:1761]:: dji_verify -n 0600 -o /cache/upgrade/unsignimgs//wm220_0600_v00.00.01.28_20170727.pro.fw /ftp/upgrade/upgrade/signimgs//wm220_0600_v00.00.01.28_20170727.pro.fw.sig exit status 0, return 0
01-01 00:00:46.726   203  1174 I DUSS&63[       sys_p1_unsign_img:1769]:: dji_verify -n 0600 -o /cache/upgrade/unsignimgs//wm220_0600_v00.00.01.28_20170727.pro.fw /ftp/upgrade/upgrade/signimgs//wm220_0600_v00.00.01.28_20170727.pro.fw.sig success.
01-01 00:00:46.726   203  1174 I DUSS&63[     sys_p1_verify_image:3898]:: ++++ id_idx = 1301, unsign_file_name /cache/upgrade/unsignimgs//wm220_1301_v01.06.00.11_20170814.pro.fw
01-01 00:00:46.754   203   279 I DUSS&63[ sys_common_get_cfg_file:1342]:: +++request file from 0xa00: req type 1, off 0, len 256
01-01 00:00:46.754   203   279 I DUSS&63[           _get_cfg_file:1272]:: +++request cfg file /ftp/upgrade/upgrade/wm330_0000.cfg.sig
01-01 00:00:46.754   203   279 I DUSS&63[           _get_cfg_file:1301]:: Can't find cfg /ftp/upgrade/upgrade/wm330_0000.cfg.sig or log /data/dji/upgrade_log.tar.gz.
01-01 00:00:46.754   203   279 E DUSS&63[ sys_common_get_cfg_file:1368]:: Get upgrade cfg file failure!
01-01 00:00:47.254   203   279 I DUSS&63[ sys_common_get_cfg_file:1342]:: +++request file from 0xa00: req type 1, off 0, len 256
01-01 00:00:47.254   203   279 I DUSS&63[           _get_cfg_file:1272]:: +++request cfg file /ftp/upgrade/upgrade/wm330_0000.cfg.sig
01-01 00:00:47.254   203   279 I DUSS&63[           _get_cfg_file:1301]:: Can't find cfg /ftp/upgrade/upgrade/wm330_0000.cfg.sig or log /data/dji/upgrade_log.tar.gz.
01-01 00:00:47.254   203   279 E DUSS&63[ sys_common_get_cfg_file:1368]:: Get upgrade cfg file failure!
01-01 00:00:47.765   203   279 I DUSS&63[ sys_common_get_cfg_file:1342]:: +++request file from 0xa00: req type 1, off 0, len 256
01-01 00:00:47.765   203   279 I DUSS&63[           _get_cfg_file:1272]:: +++request cfg file /ftp/upgrade/upgrade/wm330_0000.cfg.sig
01-01 00:00:47.765   203   279 I DUSS&63[           _get_cfg_file:1301]:: Can't find cfg /ftp/upgrade/upgrade/wm330_0000.cfg.sig or log /data/dji/upgrade_log.tar.gz.
01-01 00:00:47.765   203   279 E DUSS&63[ sys_common_get_cfg_file:1368]:: Get upgrade cfg file failure!
01-01 00:00:48.276   203   279 I DUSS&63[ sys_common_get_cfg_file:1342]:: +++request file from 0xa00: req type 1, off 0, len 256
01-01 00:00:48.276   203   279 I DUSS&63[           _get_cfg_file:1272]:: +++request cfg file /ftp/upgrade/upgrade/wm330_0000.cfg.sig
01-01 00:00:48.276   203   279 I DUSS&63[           _get_cfg_file:1301]:: Can't find cfg /ftp/upgrade/upgrade/wm330_0000.cfg.sig or log /data/dji/upgrade_log.tar.gz.
01-01 00:00:48.276   203   279 E DUSS&63[ sys_common_get_cfg_file:1368]:: Get upgrade cfg file failure!
01-01 00:00:48.562   203   287 I DUSS&63[sys_p1_register_motor_er:4165]:: not in normal mode, no need to register
01-01 00:00:48.782   203   279 I DUSS&63[ sys_common_get_cfg_file:1342]:: +++request file from 0xa00: req type 1, off 0, len 256
01-01 00:00:48.782   203   279 I DUSS&63[           _get_cfg_file:1272]:: +++request cfg file /ftp/upgrade/upgrade/wm330_0000.cfg.sig
01-01 00:00:48.782   203   279 I DUSS&63[           _get_cfg_file:1301]:: Can't find cfg /ftp/upgrade/upgrade/wm330_0000.cfg.sig or log /data/dji/upgrade_log.tar.gz.
01-01 00:00:48.782   203   279 E DUSS&63[ sys_common_get_cfg_file:1368]:: Get upgrade cfg file failure!
01-01 00:00:49.177   203  1175 I DUSS&63[sys_p1_up_smooth_push_en:2731]:: smooth pushing status, start=7, end=15, step=1, cur=7, mod_id=0
01-01 00:00:49.177   203  1175 I DUSS&63[sys_p1_push_ongoing_stat:2897]:: Push to 0xa00 for module 0xd01, overall upgrade progress: 7 (0:5:0), stop_pushing=0
01-01 00:00:49.177   203   286 I DUSS&63[sys_up_status_push_threa: 935]:: +++++++ Sending upgrade status for upgrading_stage, len: 11, app_host=0xa00, mod_id=0x2d (13.01), status 1, progress: 0, total_progress: 7
01-01 00:00:49.180   203   286 E DUSS&63[sys_up_status_push_threa: 954]:: Sending upgrade status to app_host 0xa00 failed, result=-1002
01-01 00:00:49.180   203   286 I DUSS&63[       sys_check_pc_conn: 297]:: pc state is CONFIGURED
01-01 00:00:49.180   203   286 I DUSS&63[sys_up_status_push_threa: 959]:: conn_pc=1 when re-check in pushing thread
01-01 00:00:49.180   203   286 E DUSS&63[sys_event_pc_through_rc_:1155]:: Find route item to pc by wl channel fail: -1001
01-01 00:00:49.195   203   288 I DUSS&63[ handle_dji_device_event: 176]:: android_usb DISCONNECTED
01-01 00:00:49.195   203   288 I DUSS&63[ handle_dji_device_event: 194]:: handle usb events for pc plugging out
01-01 00:00:49.195   203   288 E DUSS&63[sys_event_pc_through_rc_:1155]:: Find route item to pc by wl channel fail: -1001
01-01 00:00:50.218   203   288 E DUSS&63[find_and_kill_all_udhcpd: 409]:: pid 164's cmdline: busybox udhcpd
01-01 00:00:50.218   203   288 E DUSS&63[find_and_kill_all_udhcpd: 412]:: execute busybox kill 164
01-01 00:00:50.235   203   288 E DUSS&63[find_and_kill_all_udhcpd: 409]:: pid 165's cmdline: busybox tcpsvd
01-01 00:00:50.242   203   288 E DUSS&63[find_and_kill_all_udhcpd: 409]:: pid 479's cmdline: busybox ftpd
01-01 00:00:50.246   203   288 E DUSS&63[find_and_kill_all_udhcpd: 409]:: pid 1058's cmdline: busybox ftpd
01-01 00:00:50.251   203   288 E DUSS&63[find_and_kill_all_udhcpd: 409]:: pid 1059's cmdline: busybox ftpd
01-01 00:00:50.257   203   288 E DUSS&63[find_and_kill_all_udhcpd: 409]:: pid 1060's cmdline: busybox ftpd
01-01 00:00:50.260   203   288 E DUSS&63[find_and_kill_all_udhcpd: 409]:: pid 1061's cmdline: busybox ftpd
01-01 00:00:50.266   203   288 E DUSS&63[find_and_kill_all_udhcpd: 409]:: pid 1086's cmdline: busybox ftpd
01-01 00:00:50.272   203   288 E DUSS&63[find_and_kill_all_udhcpd: 409]:: pid 1171's cmdline: busybox ftpd
01-01 00:00:50.273   203   288 I DUSS&63[ handle_dji_device_event: 284]:: kill udhcpd service (busybox)
01-01 00:00:50.562   203   287 I DUSS&63[sys_p1_register_motor_er:4165]:: not in normal mode, no need to register
01-01 00:00:51.124   203  1174 I DUSS&63[       sys_p1_unsign_img:1753]:: verify results: passed to verify image /ftp/upgrade/upgrade/signimgs//wm220_1301_v01.06.00.11_20170814.pro.fw.sig
01-01 00:00:51.125   203  1174 I DUSS&63[       sys_p1_unsign_img:1761]:: dji_verify -n 1301 -o /cache/upgrade/unsignimgs//wm220_1301_v01.06.00.11_20170814.pro.fw /ftp/upgrade/upgrade/signimgs//wm220_1301_v01.06.00.11_20170814.pro.fw.sig exit status 0, return 0
01-01 00:00:51.125   203  1174 I DUSS&63[       sys_p1_unsign_img:1769]:: dji_verify -n 1301 -o /cache/upgrade/unsignimgs//wm220_1301_v01.06.00.11_20170814.pro.fw /ftp/upgrade/upgrade/signimgs//wm220_1301_v01.06.00.11_20170814.pro.fw.sig success.
01-01 00:00:51.125   203  1174 I DUSS&63[     sys_p1_verify_image:3898]:: ++++ id_idx = 0601, unsign_file_name /cache/upgrade/unsignimgs//wm220_0601_v00.00.03.06_20170528.pro.fw
01-01 00:00:51.180   203   286 I DUSS&63[sys_up_status_push_threa: 935]:: +++++++ Sending upgrade status for upgrading_stage, len: 11, app_host=0xa00, mod_id=0x2d (13.01), status 1, progress: 0, total_progress: 7
01-01 00:00:51.180   203   286 E DUSS&63[sys_up_status_push_threa: 954]:: Sending upgrade status to app_host 0xa00 failed, result=-1007
01-01 00:00:51.189   203  1174 I DUSS&63[       sys_p1_unsign_img:1753]:: verify results: passed to verify image /ftp/upgrade/upgrade/signimgs//wm220_0601_v00.00.03.06_20170528.pro.fw.sig
01-01 00:00:51.189   203  1174 I DUSS&63[       sys_p1_unsign_img:1761]:: dji_verify -n 0601 -o /cache/upgrade/unsignimgs//wm220_0601_v00.00.03.06_20170528.pro.fw /ftp/upgrade/upgrade/signimgs//wm220_0601_v00.00.03.06_20170528.pro.fw.sig exit status 0, return 0
01-01 00:00:51.189   203  1174 I DUSS&63[       sys_p1_unsign_img:1769]:: dji_verify -n 0601 -o /cache/upgrade/unsignimgs//wm220_0601_v00.00.03.06_20170528.pro.fw /ftp/upgrade/upgrade/signimgs//wm220_0601_v00.00.03.06_20170528.pro.fw.sig success.
01-01 00:00:51.189   203  1174 I DUSS&63[     sys_p1_verify_image:3898]:: ++++ id_idx = 0603, unsign_file_name /cache/upgrade/unsignimgs//wm220_0603_v00.00.06.09_20170728.pro.fw
01-01 00:00:51.255   203  1174 I DUSS&63[       sys_p1_unsign_img:1753]:: verify results: passed to verify image /ftp/upgrade/upgrade/signimgs//wm220_0603_v00.00.06.09_20170728.pro.fw.sig
01-01 00:00:51.255   203  1174 I DUSS&63[       sys_p1_unsign_img:1761]:: dji_verify -n 0603 -o /cache/upgrade/unsignimgs//wm220_0603_v00.00.06.09_20170728.pro.fw /ftp/upgrade/upgrade/signimgs//wm220_0603_v00.00.06.09_20170728.pro.fw.sig exit status 0, return 0
01-01 00:00:51.255   203  1174 I DUSS&63[       sys_p1_unsign_img:1769]:: dji_verify -n 0603 -o /cache/upgrade/unsignimgs//wm220_0603_v00.00.06.09_20170728.pro.fw /ftp/upgrade/upgrade/signimgs//wm220_0603_v00.00.06.09_20170728.pro.fw.sig success.
01-01 00:00:51.255   203  1174 I DUSS&63[sys_p1_up_stop_smooth_pu:2804]:: will stop smooth pushing, previous timer=0xb7161788
01-01 00:00:51.255   203  1174 I DUSS&63[sys_p1_up_stop_smooth_pu:2808]:: stop previous timer, mod_id=0x0, start_progress=7, end_progress=15
01-01 00:00:51.256   203  1174 I DUSS&63[sys_p1_push_ongoing_stat:2897]:: Push to 0xa00 for module 0xd01, overall upgrade progress: 15 (0:5:0), stop_pushing=0
01-01 00:00:51.256   203  1174 I DUSS&63[    sys_up_sec_up_thread:1483]:: first upgrading, back up upgrade images.
01-01 00:00:51.256   203  1174 I DUSS&63[sys_p1_up_start_smooth_p:2777]:: will start smooth pushing, from 15 to 20, step=1,interval=2, mod_id=0x0, is_local_progress=0
01-01 00:00:51.256   203   286 I DUSS&63[sys_up_status_push_threa: 935]:: +++++++ Sending upgrade status for upgrading_stage, len: 11, app_host=0xa00, mod_id=0x2d (13.01), status 1, progress: 0, total_progress: 15
01-01 00:00:51.256   203   286 E DUSS&63[sys_up_status_push_threa: 954]:: Sending upgrade status to app_host 0xa00 failed, result=-1007
01-01 00:00:52.562   203   287 I DUSS&63[sys_p1_register_motor_er:4165]:: not in normal mode, no need to register
01-01 00:00:53.256   203  1344 I DUSS&63[sys_p1_up_smooth_push_en:2731]:: smooth pushing status, start=15, end=20, step=1, cur=15, mod_id=0
01-01 00:00:53.256   203  1344 I DUSS&63[sys_p1_push_ongoing_stat:2897]:: Push to 0xa00 for module 0xd01, overall upgrade progress: 15 (0:5:0), stop_pushing=0
01-01 00:00:53.256   203   286 I DUSS&63[sys_up_status_push_threa: 935]:: +++++++ Sending upgrade status for upgrading_stage, len: 11, app_host=0xa00, mod_id=0x2d (13.01), status 1, progress: 0, total_progress: 15
01-01 00:00:53.256   203   286 E DUSS&63[sys_up_status_push_threa: 954]:: Sending upgrade status to app_host 0xa00 failed, result=-1007
01-01 00:00:53.567   203   280 W DUSS&63[       tcp_async_connect: 311]:: [sys]EINPROGRESS in connect() - selecting,addr=192.168.41.1
01-01 00:00:53.568   203   282 W DUSS&63[       tcp_async_connect: 311]:: [sys]EINPROGRESS in connect() - selecting,addr=192.168.41.3
01-01 00:00:54.562   203   287 I DUSS&63[sys_p1_register_motor_er:4165]:: not in normal mode, no need to register
01-01 00:00:54.568   203   280 W DUSS&63[       tcp_async_connect: 334]:: [sys]Timeout in select() - Cancelling, addr=192.168.41.1
01-01 00:00:54.569   203   282 W DUSS&63[       tcp_async_connect: 334]:: [sys]Timeout in select() - Cancelling, addr=192.168.41.3
01-01 00:00:55.256   203  1344 I DUSS&63[sys_p1_up_smooth_push_en:2731]:: smooth pushing status, start=15, end=20, step=1, cur=16, mod_id=0
01-01 00:00:55.256   203  1344 I DUSS&63[sys_p1_push_ongoing_stat:2897]:: Push to 0xa00 for module 0xd01, overall upgrade progress: 16 (0:5:0), stop_pushing=0
01-01 00:00:55.256   203   286 I DUSS&63[sys_up_status_push_threa: 935]:: +++++++ Sending upgrade status for upgrading_stage, len: 11, app_host=0xa00, mod_id=0x2d (13.01), status 1, progress: 0, total_progress: 16
01-01 00:00:55.256   203   286 E DUSS&63[sys_up_status_push_threa: 954]:: Sending upgrade status to app_host 0xa00 failed, result=-1007
01-01 00:00:55.459   203  1174 I DUSS&63[sys_p1_up_stop_smooth_pu:2804]:: will stop smooth pushing, previous timer=0xb70c7528
01-01 00:00:55.459   203  1174 I DUSS&63[sys_p1_up_stop_smooth_pu:2808]:: stop previous timer, mod_id=0x0, start_progress=15, end_progress=20
01-01 00:00:55.459   203  1174 I DUSS&63[sys_p1_push_ongoing_stat:2897]:: Push to 0xa00 for module 0xd01, overall upgrade progress: 20 (0:5:0), stop_pushing=0
01-01 00:00:55.459   203  1174 I DUSS&63[sys_up_save_upgrade_stat: 462]:: optionName=package_id, optionValue=wm220
01-01 00:00:55.459   203  1174 I DUSS&63[sys_up_save_upgrade_stat: 466]:: file /cache/general_status not exist, will create it
01-01 00:00:55.459   203   286 I DUSS&63[sys_up_status_push_threa: 935]:: +++++++ Sending upgrade status for upgrading_stage, len: 11, app_host=0xa00, mod_id=0x2d (13.01), status 1, progress: 0, total_progress: 20
01-01 00:00:55.459   203   286 E DUSS&63[sys_up_status_push_threa: 954]:: Sending upgrade status to app_host 0xa00 failed, result=-1007
01-01 00:00:55.499   203  1174 I DUSS&63[sys_up_save_upgrade_stat: 462]:: optionName=package_ver, optionValue=1.3.1000
01-01 00:00:55.549   203  1174 I DUSS&63[sys_up_save_upgrade_stat: 370]:: fileName=/cache/general_status, optionName=package_uav_cnt, optionValue=0
01-01 00:00:55.549   203  1174 I DUSS&63[sys_up_save_upgrade_stat: 416]:: can not find this option, append new line
01-01 00:00:55.595   203  1174 I DUSS&63[sys_up_save_upgrade_stat: 370]:: fileName=/cache/general_status, optionName=package_gnd_cnt, optionValue=3
01-01 00:00:55.595   203  1174 I DUSS&63[sys_up_save_upgrade_stat: 416]:: can not find this option, append new line
01-01 00:00:55.639   203  1174 I DUSS&63[sys_up_save_upgrade_stat: 370]:: fileName=/cache/general_status, optionName=package_gls_cnt, optionValue=2
01-01 00:00:55.639   203  1174 I DUSS&63[sys_up_save_upgrade_stat: 416]:: can not find this option, append new line
01-01 00:00:55.748   203  1174 I DUSS&63[sys_p1_upgrade_all_from_:5490]::  **********************  upgrade all modules from gnd begins *******************
01-01 00:00:55.748   203  1174 I DUSS&63[sys_p1_upgrade_all_from_:5492]:: up_file_cnt=5, uav_img_cnt=0, gnd_img_cnt=3, gls_img_cnt=2
01-01 00:00:55.748   203  1174 I DUSS&63[sys_p1_upgrade_all_from_:5494]:: forbid all the udp packet from rc to uav and gls for upgrading...
01-01 00:00:55.767   203  1174 I DUSS&63[sys_p1_upgrade_all_from_:5504]:: previous upgrade_stage=0
01-01 00:00:55.767   203  1174 I DUSS&63[sys_up_save_upgrade_stat: 370]:: fileName=/cache/upgrade_status, optionName=upgrade_stage, optionValue=0
01-01 00:00:55.768   203  1174 I DUSS&63[sys_up_save_upgrade_stat: 416]:: can not find this option, append new line
01-01 00:00:56.562   203   287 I DUSS&63[sys_p1_register_motor_er:4165]:: not in normal mode, no need to register
01-01 00:00:56.829   203  1174 E DUSS&63[sys_p1_check_tcp_connect:5195]:: can not reach peer, result=-1002, retry_count=0
01-01 00:00:57.459   203   286 I DUSS&63[sys_up_status_push_threa: 935]:: +++++++ Sending upgrade status for upgrading_stage, len: 11, app_host=0xa00, mod_id=0x2d (13.01), status 1, progress: 0, total_progress: 20
01-01 00:00:57.459   203   286 E DUSS&63[sys_up_status_push_threa: 954]:: Sending upgrade status to app_host 0xa00 failed, result=-1007
01-01 00:00:57.829   203  1174 E DUSS&63[sys_p1_check_tcp_connect:5195]:: can not reach peer, result=-1002, retry_count=1
01-01 00:00:58.562   203   287 I DUSS&63[sys_p1_register_motor_er:4165]:: not in normal mode, no need to register
01-01 00:00:58.830   203  1174 E DUSS&63[sys_p1_check_tcp_connect:5195]:: can not reach peer, result=-1002, retry_count=2
01-01 00:00:59.459   203   286 I DUSS&63[sys_up_status_push_threa: 935]:: +++++++ Sending upgrade status for upgrading_stage, len: 11, app_host=0xa00, mod_id=0x2d (13.01), status 1, progress: 0, total_progress: 20
01-01 00:00:59.460   203   286 E DUSS&63[sys_up_status_push_threa: 954]:: Sending upgrade status to app_host 0xa00 failed, result=-1007
01-01 00:00:59.830   203  1174 E DUSS&63[sys_p1_check_tcp_connect:5195]:: can not reach peer, result=-1002, retry_count=3
01-01 00:01:00.562   203   287 I DUSS&63[sys_p1_register_motor_er:4165]:: not in normal mode, no need to register
01-01 00:01:00.830   203  1174 E DUSS&63[sys_p1_check_tcp_connect:5195]:: can not reach peer, result=-1002, retry_count=4
01-01 00:01:01.460   203   286 I DUSS&63[sys_up_status_push_threa: 935]:: +++++++ Sending upgrade status for upgrading_stage, len: 11, app_host=0xa00, mod_id=0x2d (13.01), status 1, progress: 0, total_progress: 20
01-01 00:01:01.460   203   286 E DUSS&63[sys_up_status_push_threa: 954]:: Sending upgrade status to app_host 0xa00 failed, result=-1007
01-01 00:01:01.830   203  1174 E DUSS&63[sys_p1_check_tcp_connect:5195]:: can not reach peer, result=-1002, retry_count=5
01-01 00:01:02.562   203   287 I DUSS&63[sys_p1_register_motor_er:4165]:: not in normal mode, no need to register
01-01 00:01:02.830   203  1174 E DUSS&63[sys_p1_check_tcp_connect:5195]:: can not reach peer, result=-1002, retry_count=6
01-01 00:01:03.460   203   286 I DUSS&63[sys_up_status_push_threa: 935]:: +++++++ Sending upgrade status for upgrading_stage, len: 11, app_host=0xa00, mod_id=0x2d (13.01), status 1, progress: 0, total_progress: 20
01-01 00:01:03.460   203   286 E DUSS&63[sys_up_status_push_threa: 954]:: Sending upgrade status to app_host 0xa00 failed, result=-1007
01-01 00:01:03.830   203  1174 E DUSS&63[sys_p1_check_tcp_connect:5195]:: can not reach peer, result=-1002, retry_count=7
01-01 00:01:04.562   203   287 I DUSS&63[sys_p1_register_motor_er:4165]:: not in normal mode, no need to register
01-01 00:01:04.830   203  1174 E DUSS&63[sys_p1_check_tcp_connect:5195]:: can not reach peer, result=-1002, retry_count=8
01-01 00:01:05.461   203   286 I DUSS&63[sys_up_status_push_threa: 935]:: +++++++ Sending upgrade status for upgrading_stage, len: 11, app_host=0xa00, mod_id=0x2d (13.01), status 1, progress: 0, total_progress: 20
01-01 00:01:05.461   203   286 E DUSS&63[sys_up_status_push_threa: 954]:: Sending upgrade status to app_host 0xa00 failed, result=-1007
01-01 00:01:05.830   203  1174 E DUSS&63[sys_p1_check_tcp_connect:5195]:: can not reach peer, result=-1002, retry_count=9
01-01 00:01:06.563   203   287 I DUSS&63[sys_p1_register_motor_er:4165]:: not in normal mode, no need to register
01-01 00:01:06.830   203  1174 E DUSS&63[sys_p1_check_tcp_connect:5195]:: can not reach peer, result=-1002, retry_count=10
01-01 00:01:06.830   203  1174 F DUSS&63[sys_p1_upgrade_all_from_:5556]:: can not reach glass peer, skip glass upgrading
01-01 00:01:06.830   203  1174 I DUSS&63[sys_p1_upgrade_all_from_:5812]:: after upgrading glass, up_file_left=3
01-01 00:01:06.830   203  1174 I DUSS&63[sys_p1_upgrade_all_from_:5824]::  delete glass image, id (6), index (1).
01-01 00:01:06.848   203  1174 I DUSS&63[sys_p1_upgrade_all_from_:5824]::  delete glass image, id (6), index (3).
01-01 00:01:06.865   203  1174 I DUSS&63[sys_p1_upgrade_all_from_:6075]:: after upgrading uav, up_file_left=3
01-01 00:01:06.865   203  1174 I DUSS&63[sys_up_save_upgrade_stat: 370]:: fileName=/cache/upgrade_status, optionName=upgrade_stage, optionValue=9
01-01 00:01:06.865   203  1174 I DUSS&63[sys_up_save_upgrade_stat: 406]:: original value 0, new value 9
01-01 00:01:06.929   203  1174 I DUSS&63[sys_p1_upgrade_all_from_:6121]:: sdr need to be upgraded, need reboot gnd in the end
01-01 00:01:06.929   203  1174 I DUSS&63[sys_p1_push_ongoing_stat:2897]:: Push to 0xa00 for module 0xe07, overall upgrade progress: 52 (5:3:0), stop_pushing=0
01-01 00:01:06.929   203  1174 I DUSS&63[       sys_upgrade_p1_hw:2995]:: sdr: Upgrading p1 hardware..
01-01 00:01:06.929   203   286 I DUSS&63[sys_up_status_push_threa: 935]:: +++++++ Sending upgrade status for upgrading_stage, len: 11, app_host=0xa00, mod_id=0xee (14.07), status 1, progress: 0, total_progress: 52
01-01 00:01:06.929   203   286 E DUSS&63[sys_up_status_push_threa: 954]:: Sending upgrade status to app_host 0xa00 failed, result=-1007
01-01 00:01:06.956   203  1174 I DUSS&63[         sys_p1_check_hw:2709]:: ver.Fw = 47.26.02.05
01-01 00:01:06.956   203  1174 I DUSS&63[         sys_p1_check_hw:2714]:: Targetr.Fw = 47.26.02.18
01-01 00:01:06.956   203  1174 I DUSS&63[       sys_check_version:  82]:: Different version.
01-01 00:01:06.956   203  1174 I DUSS&63[       sys_check_version:  83]:: Current ver.Fw = 47.26.2.5
01-01 00:01:06.956   203  1174 I DUSS&63[       sys_check_version:  88]:: Targetr.Fw = 47.26.2.18
01-01 00:01:06.956   203  1174 I DUSS&63[sys_p1_push_ongoing_stat:2897]:: Push to 0xa00 for module 0xe07, overall upgrade progress: 56 (5:3:25), stop_pushing=0
01-01 00:01:06.956   203   286 I DUSS&63[sys_up_status_push_threa: 935]:: +++++++ Sending upgrade status for upgrading_stage, len: 11, app_host=0xa00, mod_id=0xee (14.07), status 1, progress: 25, total_progress: 56
01-01 00:01:06.956   203  1174 I DUSS&63[sys_p1_load_upgrade_data:2671]:: upgrade file /cache/upgrade/unsignimgs//wm220_1407_v47.26.02.18_20170801.pro.fw is unencrypted.
01-01 00:01:06.956   203   286 E DUSS&63[sys_up_status_push_threa: 954]:: Sending upgrade status to app_host 0xa00 failed, result=-1007
01-01 00:01:06.980   203  1174 I DUSS&63[       sys_upgrade_p1_hw:3060]:: load upgrade data success
01-01 00:01:08.168   203  1174 I DUSS&63[sys_upgrade_up_from_scri:3192]:: tar results: modemarm.pro.fw
01-01 00:01:08.168   203  1174 I DUSS&63[sys_upgrade_up_from_scri:3192]:: tar results: modemdsp_gnd.pro.fw
01-01 00:01:08.168   203  1174 I DUSS&63[sys_upgrade_up_from_scri:3192]:: tar results: modemdsp_uav.pro.fw
01-01 00:01:08.168   203  1174 I DUSS&63[sys_upgrade_up_from_scri:3192]:: tar results: upgrade.sh
01-01 00:01:08.168   203  1174 I DUSS&63[sys_upgrade_up_from_scri:3192]:: tar results: dji_verify
01-01 00:01:08.168   203  1174 I DUSS&63[sys_upgrade_up_from_scri:3192]:: tar results: resign_img.sh
01-01 00:01:08.168   203  1174 I DUSS&63[sys_upgrade_up_from_scri:3200]:: busybox tar -xvf /data/upgrade/temp.zip -C /data/upgrade exit status 0, return 0
01-01 00:01:08.413   203  1174 I DUSS&63[sys_upgrade_up_from_scri:3222]:: upgrade.sh results: 358cb9a99338af821e20b56b35533d9a  /data/upgrade/dji_verify
01-01 00:01:08.413   203  1174 I DUSS&63[sys_upgrade_up_from_scri:3222]:: 
01-01 00:01:08.418   203  1174 I DUSS&63[sys_upgrade_up_from_scri:3222]:: upgrade.sh results: 358cb9a99338af821e20b56b35533d9a  /system/bin/dji_verify
01-01 00:01:08.418   203  1174 I DUSS&63[sys_upgrade_up_from_scri:3222]:: 
01-01 00:01:08.426   203  1174 I DUSS&63[sys_upgrade_up_from_scri:3222]:: upgrade.sh results: succeed to replace the dji_verify.
01-01 00:01:08.426   203  1174 I DUSS&63[sys_upgrade_up_from_scri:3222]:: 
01-01 00:01:08.436   203  1174 I DUSS&63[sys_upgrade_up_from_scri:3222]:: upgrade.sh results: /cache/upgrade/unsignimgs/wm220_0600_v00.00.01.28_20170727.pro.fw
01-01 00:01:08.436   203  1174 I DUSS&63[sys_upgrade_up_from_scri:3222]:: 
01-01 00:01:08.436   203  1174 I DUSS&63[sys_upgrade_up_from_scri:3222]:: upgrade.sh results: upgrade file: wm220_0600_v00.00.01.28_20170727.pro.fw
01-01 00:01:08.436   203  1174 I DUSS&63[sys_upgrade_up_from_scri:3222]:: 
01-01 00:01:08.440   203  1174 I DUSS&63[sys_upgrade_up_from_scri:3222]:: upgrade.sh results: UP_ID_INDEX: 0600
01-01 00:01:08.440   203  1174 I DUSS&63[sys_upgrade_up_from_scri:3222]:: 
01-01 00:01:08.495   203  1174 I DUSS&63[sys_upgrade_up_from_scri:3222]:: upgrade.sh results: passed to verify image /data/upgrade/backup//wm220_0600_v00.00.01.28_20170727.pro.fw.sig
01-01 00:01:08.495   203  1174 I DUSS&63[sys_upgrade_up_from_scri:3222]:: 
01-01 00:01:08.496   203  1174 I DUSS&63[sys_upgrade_up_from_scri:3222]:: upgrade.sh results: re-verify the signed image /cache/upgrade/unsignimgs/wm220_0600_v00.00.01.28_20170727.pro.fw ok
01-01 00:01:08.496   203  1174 I DUSS&63[sys_upgrade_up_from_scri:3222]:: 
01-01 00:01:08.496   203  1174 I DUSS&63[sys_upgrade_up_from_scri:3222]:: upgrade.sh results: /cache/upgrade/unsignimgs/wm220_1301_v01.06.00.11_20170814.pro.fw
01-01 00:01:08.496   203  1174 I DUSS&63[sys_upgrade_up_from_scri:3222]:: 
01-01 00:01:08.496   203  1174 I DUSS&63[sys_upgrade_up_from_scri:3222]:: upgrade.sh results: upgrade file: wm220_1301_v01.06.00.11_20170814.pro.fw
01-01 00:01:08.496   203  1174 I DUSS&63[sys_upgrade_up_from_scri:3222]:: 
01-01 00:01:08.500   203  1174 I DUSS&63[sys_upgrade_up_from_scri:3222]:: upgrade.sh results: UP_ID_INDEX: 1301
01-01 00:01:08.500   203  1174 I DUSS&63[sys_upgrade_up_from_scri:3222]:: 
01-01 00:01:08.562   203   287 I DUSS&63[sys_p1_register_motor_er:4165]:: not in normal mode, no need to register
01-01 00:01:08.957   203   286 I DUSS&63[sys_up_status_push_threa: 935]:: +++++++ Sending upgrade status for upgrading_stage, len: 11, app_host=0xa00, mod_id=0xee (14.07), status 1, progress: 25, total_progress: 56
01-01 00:01:08.957   203   286 E DUSS&63[sys_up_status_push_threa: 954]:: Sending upgrade status to app_host 0xa00 failed, result=-1007
01-01 00:01:10.562   203   287 I DUSS&63[sys_p1_register_motor_er:4165]:: not in normal mode, no need to register
01-01 00:01:10.957   203   286 I DUSS&63[sys_up_status_push_threa: 935]:: +++++++ Sending upgrade status for upgrading_stage, len: 11, app_host=0xa00, mod_id=0xee (14.07), status 1, progress: 25, total_progress: 56
01-01 00:01:10.957   203   286 E DUSS&63[sys_up_status_push_threa: 954]:: Sending upgrade status to app_host 0xa00 failed, result=-1007
01-01 00:01:12.563   203   287 I DUSS&63[sys_p1_register_motor_er:4165]:: not in normal mode, no need to register
01-01 00:01:12.957   203   286 I DUSS&63[sys_up_status_push_threa: 935]:: +++++++ Sending upgrade status for upgrading_stage, len: 11, app_host=0xa00, mod_id=0xee (14.07), status 1, progress: 25, total_progress: 56
01-01 00:01:12.957   203   286 E DUSS&63[sys_up_status_push_threa: 954]:: Sending upgrade status to app_host 0xa00 failed, result=-1007
01-01 00:01:12.976   203  1174 I DUSS&63[sys_upgrade_up_from_scri:3222]:: upgrade.sh results: passed to verify image /data/upgrade/backup//wm220_1301_v01.06.00.11_20170814.pro.fw.sig
01-01 00:01:12.976   203  1174 I DUSS&63[sys_upgrade_up_from_scri:3222]:: 
01-01 00:01:12.977   203  1174 I DUSS&63[sys_upgrade_up_from_scri:3222]:: upgrade.sh results: re-verify the signed image /cache/upgrade/unsignimgs/wm220_1301_v01.06.00.11_20170814.pro.fw ok
01-01 00:01:12.977   203  1174 I DUSS&63[sys_upgrade_up_from_scri:3222]:: 
01-01 00:01:12.977   203  1174 I DUSS&63[sys_upgrade_up_from_scri:3222]:: upgrade.sh results: /cache/upgrade/unsignimgs/wm220_1407_v47.26.02.18_20170801.pro.fw
01-01 00:01:12.977   203  1174 I DUSS&63[sys_upgrade_up_from_scri:3222]:: 
01-01 00:01:12.977   203  1174 I DUSS&63[sys_upgrade_up_from_scri:3222]:: upgrade.sh results: upgrade file: wm220_1407_v47.26.02.18_20170801.pro.fw
01-01 00:01:12.977   203  1174 I DUSS&63[sys_upgrade_up_from_scri:3222]:: 
01-01 00:01:12.982   203  1174 I DUSS&63[sys_upgrade_up_from_scri:3222]:: upgrade.sh results: UP_ID_INDEX: 1407
01-01 00:01:12.982   203  1174 I DUSS&63[sys_upgrade_up_from_scri:3222]:: 
01-01 00:01:13.452   203  1174 I DUSS&63[sys_upgrade_up_from_scri:3222]:: upgrade.sh results: passed to verify image /data/upgrade/backup//wm220_1407_v47.26.02.18_20170801.pro.fw.sig
01-01 00:01:13.452   203  1174 I DUSS&63[sys_upgrade_up_from_scri:3222]:: 
01-01 00:01:13.453   203  1174 I DUSS&63[sys_upgrade_up_from_scri:3222]:: upgrade.sh results: re-verify the signed image /cache/upgrade/unsignimgs/wm220_1407_v47.26.02.18_20170801.pro.fw ok
01-01 00:01:13.453   203  1174 I DUSS&63[sys_upgrade_up_from_scri:3222]:: 
01-01 00:01:13.483   203  1174 I DUSS&63[sys_upgrade_up_from_scri:3222]:: upgrade.sh results: Success: remount /vendor to rw ok
01-01 00:01:13.483   203  1174 I DUSS&63[sys_upgrade_up_from_scri:3222]:: 
01-01 00:01:13.590   203  1174 I DUSS&63[sys_upgrade_up_from_scri:3222]:: upgrade.sh results: Success: copy files to vendor ok
01-01 00:01:13.590   203  1174 I DUSS&63[sys_upgrade_up_from_scri:3222]:: 
01-01 00:01:13.605   203  1174 I DUSS&63[sys_upgrade_up_from_scri:3222]:: upgrade.sh results: Success: rm original files ok
01-01 00:01:13.605   203  1174 I DUSS&63[sys_upgrade_up_from_scri:3222]:: 
01-01 00:01:14.473   203  1174 I DUSS&63[sys_upgrade_up_from_scri:3222]:: upgrade.sh results: Success: remount /vendor back to ro ok
01-01 00:01:14.473   203  1174 I DUSS&63[sys_upgrade_up_from_scri:3222]:: 
01-01 00:01:14.474   203  1174 I DUSS&63[sys_upgrade_up_from_scri:3238]:: cd /data/upgrade; chmod 777 upgrade.sh; ./upgrade.sh exit status 0, return 0
01-01 00:01:14.474   203  1174 I DUSS&63[sys_upgrade_up_from_scri:3246]:: cd /data/upgrade; chmod 777 upgrade.sh; ./upgrade.sh success.
01-01 00:01:14.562   203   287 I DUSS&63[sys_p1_register_motor_er:4165]:: not in normal mode, no need to register
01-01 00:01:14.582   203  1174 I DUSS&63[       sys_check_version:  82]:: Different version.
01-01 00:01:14.582   203  1174 I DUSS&63[       sys_check_version:  83]:: Current ver.Fw = 47.26.2.5
01-01 00:01:14.582   203  1174 I DUSS&63[       sys_check_version:  88]:: Targetr.Fw = 47.26.2.18
01-01 00:01:14.582   203  1174 I DUSS&63[       sys_upgrade_p1_hw:3089]:: sdr: Check version failed.
01-01 00:01:14.957   203   286 I DUSS&63[sys_up_status_push_threa: 935]:: +++++++ Sending upgrade status for upgrading_stage, len: 11, app_host=0xa00, mod_id=0xee (14.07), status 1, progress: 25, total_progress: 56
01-01 00:01:14.957   203   286 E DUSS&63[sys_up_status_push_threa: 954]:: Sending upgrade status to app_host 0xa00 failed, result=-1007
01-01 00:01:16.562   203   287 I DUSS&63[sys_p1_register_motor_er:4165]:: not in normal mode, no need to register
01-01 00:01:16.610   203  1174 I DUSS&63[       sys_check_version:  82]:: Different version.
01-01 00:01:16.610   203  1174 I DUSS&63[       sys_check_version:  83]:: Current ver.Fw = 47.26.2.5
01-01 00:01:16.610   203  1174 I DUSS&63[       sys_check_version:  88]:: Targetr.Fw = 47.26.2.18
01-01 00:01:16.610   203  1174 I DUSS&63[       sys_upgrade_p1_hw:3089]:: sdr: Check version failed.
01-01 00:01:16.958   203   286 I DUSS&63[sys_up_status_push_threa: 935]:: +++++++ Sending upgrade status for upgrading_stage, len: 11, app_host=0xa00, mod_id=0xee (14.07), status 1, progress: 25, total_progress: 56
01-01 00:01:16.958   203   286 E DUSS&63[sys_up_status_push_threa: 954]:: Sending upgrade status to app_host 0xa00 failed, result=-1007
01-01 00:01:18.562   203   287 I DUSS&63[sys_p1_register_motor_er:4165]:: not in normal mode, no need to register
01-01 00:01:18.638   203  1174 I DUSS&63[       sys_check_version:  82]:: Different version.
01-01 00:01:18.638   203  1174 I DUSS&63[       sys_check_version:  83]:: Current ver.Fw = 47.26.2.5
01-01 00:01:18.638   203  1174 I DUSS&63[       sys_check_version:  88]:: Targetr.Fw = 47.26.2.18
01-01 00:01:18.638   203  1174 I DUSS&63[       sys_upgrade_p1_hw:3089]:: sdr: Check version failed.
01-01 00:01:18.958   203   286 I DUSS&63[sys_up_status_push_threa: 935]:: +++++++ Sending upgrade status for upgrading_stage, len: 11, app_host=0xa00, mod_id=0xee (14.07), status 1, progress: 25, total_progress: 56
01-01 00:01:18.958   203   286 E DUSS&63[sys_up_status_push_threa: 954]:: Sending upgrade status to app_host 0xa00 failed, result=-1007
01-01 00:01:20.562   203   287 I DUSS&63[sys_p1_register_motor_er:4165]:: not in normal mode, no need to register
01-01 00:01:20.666   203  1174 I DUSS&63[       sys_check_version:  82]:: Different version.
01-01 00:01:20.666   203  1174 I DUSS&63[       sys_check_version:  83]:: Current ver.Fw = 47.26.2.5
01-01 00:01:20.666   203  1174 I DUSS&63[       sys_check_version:  88]:: Targetr.Fw = 47.26.2.18
01-01 00:01:20.666   203  1174 I DUSS&63[       sys_upgrade_p1_hw:3089]:: sdr: Check version failed.
01-01 00:01:20.958   203   286 I DUSS&63[sys_up_status_push_threa: 935]:: +++++++ Sending upgrade status for upgrading_stage, len: 11, app_host=0xa00, mod_id=0xee (14.07), status 1, progress: 25, total_progress: 56
01-01 00:01:20.958   203   286 E DUSS&63[sys_up_status_push_threa: 954]:: Sending upgrade status to app_host 0xa00 failed, result=-1007
01-01 00:01:22.562   203   287 I DUSS&63[sys_p1_register_motor_er:4165]:: not in normal mode, no need to register
01-01 00:01:22.694   203  1174 I DUSS&63[       sys_check_version:  82]:: Different version.
01-01 00:01:22.694   203  1174 I DUSS&63[       sys_check_version:  83]:: Current ver.Fw = 47.26.2.5
01-01 00:01:22.694   203  1174 I DUSS&63[       sys_check_version:  88]:: Targetr.Fw = 47.26.2.18
01-01 00:01:22.694   203  1174 I DUSS&63[       sys_upgrade_p1_hw:3089]:: sdr: Check version failed.
01-01 00:01:22.958   203   286 I DUSS&63[sys_up_status_push_threa: 935]:: +++++++ Sending upgrade status for upgrading_stage, len: 11, app_host=0xa00, mod_id=0xee (14.07), status 1, progress: 25, total_progress: 56
01-01 00:01:22.959   203   286 E DUSS&63[sys_up_status_push_threa: 954]:: Sending upgrade status to app_host 0xa00 failed, result=-1007
01-01 00:01:24.562   203   287 I DUSS&63[sys_p1_register_motor_er:4165]:: not in normal mode, no need to register
01-01 00:01:24.722   203  1174 I DUSS&63[       sys_check_version:  82]:: Different version.
01-01 00:01:24.722   203  1174 I DUSS&63[       sys_check_version:  83]:: Current ver.Fw = 47.26.2.5
01-01 00:01:24.722   203  1174 I DUSS&63[       sys_check_version:  88]:: Targetr.Fw = 47.26.2.18
01-01 00:01:24.722   203  1174 I DUSS&63[       sys_upgrade_p1_hw:3089]:: sdr: Check version failed.
