04-06 17:52:12.221   210   302 W DUSS&63[       tcp_async_connect: 311]:: [sys]EINPROGRESS in connect() - selecting,addr=192.168.41.3
04-06 17:52:13.222   210   302 W DUSS&63[       tcp_async_connect: 334]:: [sys]Timeout in select() - Cancelling, addr=192.168.41.3
04-06 17:52:53.227   210   302 W DUSS&63[       tcp_async_connect: 311]:: [sys]EINPROGRESS in connect() - selecting,addr=192.168.41.3
04-06 17:52:54.228   210   302 W DUSS&63[       tcp_async_connect: 334]:: [sys]Timeout in select() - Cancelling, addr=192.168.41.3
04-06 17:53:34.233   210   302 W DUSS&63[       tcp_async_connect: 311]:: [sys]EINPROGRESS in connect() - selecting,addr=192.168.41.3
04-06 17:53:35.234   210   302 W DUSS&63[       tcp_async_connect: 334]:: [sys]Timeout in select() - Cancelling, addr=192.168.41.3
04-06 17:54:15.244   210   302 W DUSS&63[       tcp_async_connect: 311]:: [sys]EINPROGRESS in connect() - selecting,addr=192.168.41.3
04-06 17:54:16.245   210   302 W DUSS&63[       tcp_async_connect: 334]:: [sys]Timeout in select() - Cancelling, addr=192.168.41.3
04-06 17:54:56.249   210   302 W DUSS&63[       tcp_async_connect: 311]:: [sys]EINPROGRESS in connect() - selecting,addr=192.168.41.3
04-06 17:54:57.250   210   302 W DUSS&63[       tcp_async_connect: 334]:: [sys]Timeout in select() - Cancelling, addr=192.168.41.3
04-06 17:55:37.254   210   302 W DUSS&63[       tcp_async_connect: 311]:: [sys]EINPROGRESS in connect() - selecting,addr=192.168.41.3
04-06 17:55:38.256   210   302 W DUSS&63[       tcp_async_connect: 334]:: [sys]Timeout in select() - Cancelling, addr=192.168.41.3
04-06 17:56:18.261   210   302 W DUSS&63[       tcp_async_connect: 311]:: [sys]EINPROGRESS in connect() - selecting,addr=192.168.41.3
04-06 17:56:19.262   210   302 W DUSS&63[       tcp_async_connect: 334]:: [sys]Timeout in select() - Cancelling, addr=192.168.41.3
04-06 17:56:59.267   210   302 W DUSS&63[       tcp_async_connect: 311]:: [sys]EINPROGRESS in connect() - selecting,addr=192.168.41.3
04-06 17:57:00.268   210   302 W DUSS&63[       tcp_async_connect: 334]:: [sys]Timeout in select() - Cancelling, addr=192.168.41.3
04-06 17:57:40.273   210   302 W DUSS&63[       tcp_async_connect: 311]:: [sys]EINPROGRESS in connect() - selecting,addr=192.168.41.3
04-06 17:57:41.274   210   302 W DUSS&63[       tcp_async_connect: 334]:: [sys]Timeout in select() - Cancelling, addr=192.168.41.3
04-06 17:58:21.280   210   302 W DUSS&63[       tcp_async_connect: 311]:: [sys]EINPROGRESS in connect() - selecting,addr=192.168.41.3
04-06 17:58:22.280   210   302 W DUSS&63[       tcp_async_connect: 334]:: [sys]Timeout in select() - Cancelling, addr=192.168.41.3
04-06 17:59:02.287   210   302 W DUSS&63[       tcp_async_connect: 311]:: [sys]EINPROGRESS in connect() - selecting,addr=192.168.41.3
04-06 17:59:03.288   210   302 W DUSS&63[       tcp_async_connect: 334]:: [sys]Timeout in select() - Cancelling, addr=192.168.41.3
04-06 17:59:15.758   208   452 E DUSS&63[        wl_prot_tcp_recv: 749]:: [sys]WL TCP State change to disconnect, cur_fd=49, addr=192.168.41.1
04-06 17:59:15.758   208   452 I DUSS&63[           tcp_reconnect: 193]:: [sys]new socket fd 84, need connect
04-06 17:59:15.758   208   452 W DUSS&63[       tcp_async_connect: 311]:: [sys]EINPROGRESS in connect() - selecting,addr=192.168.41.1
04-06 17:59:15.880   208   452 E DUSS&63[       tcp_async_connect: 328]:: [sys]Error in delayed connection() - Connection refused
04-06 17:59:15.880   208   452 E DUSS&63[           tcp_reconnect: 197]:: [sys]first connect failed, err=Operation now in progress, will try later
04-06 17:59:15.880   208   452 I DUSS&63[           tcp_reconnect: 201]:: [sys]before join the old connect task
04-06 17:59:15.880   208   452 I DUSS&63[           tcp_reconnect: 206]:: [sys]success joined the connect task
04-06 17:59:15.880   208 28803 I DUSS&63[      tcp_connect_thread: 139]:: [sys]start to connect, fd=84
04-06 17:59:15.880   208 28803 I DUSS&63[      tcp_connect_thread: 143]:: [sys]WL TCP State change to connecting
04-06 17:59:17.880   208 28803 W DUSS&63[       tcp_async_connect: 311]:: [sys]EINPROGRESS in connect() - selecting,addr=192.168.41.1
04-06 17:59:18.881   208 28803 W DUSS&63[       tcp_async_connect: 334]:: [sys]Timeout in select() - Cancelling, addr=192.168.41.1
04-06 17:59:41.928   210   292 I DUSS&63[        sys_event_reboot:1401]:: receive reboot from 0x600, this_host=0xd01
04-06 17:59:41.928   210   292 I DUSS&63[        sys_event_reboot:1407]:: Get reboot callback. .
04-06 17:59:41.928   210   292 I DUSS&63[           sys_p1_reboot:4879]:: Request power/boot 2 after 2000 ms from 0x600
04-06 17:59:43.292   210   302 W DUSS&63[       tcp_async_connect: 311]:: [sys]EINPROGRESS in connect() - selecting,addr=192.168.41.3
                                                                                                                                            ===/data/dji/log is already a link===
===/data/dji/blackbox is already a link===


!!!new file start!!!

01-01 00:00:03.428   211   211 I DUSS&63[                    main: 657]:: dji_sys run as dev_type 1, duss_sketch_initialize done...
01-01 00:00:03.433   211   211 I DUSS&63[sys_load_config_from_jso: 154]:: Get the hw_str WM220 RC
01-01 00:00:03.433   211   211 W DUSS&63[sys_load_config_from_jso: 160]:: Can't find platform:system_init domain! Call default routing...
01-01 00:00:03.433   211   211 I DUSS&63[         sys_load_config: 488]:: platform dev_info: WM220 1860RC
01-01 00:00:03.467   211   211 I DUSS&63[sys_check_boot_mode_norm: 333]:: Set system mode to NORMAL.
01-01 00:00:03.502   211   211 I DUSS&63[sys_up_load_general_stat: 203]:: get option_value wm220 for package_id
01-01 00:00:03.502   211   211 I DUSS&63[sys_up_load_general_stat: 204]:: updated package_str wm220
01-01 00:00:03.502   211   211 I DUSS&63[sys_up_load_general_stat: 211]:: get package_ver 1.4.300
01-01 00:00:03.502   211   211 I DUSS&63[sys_up_load_general_stat: 211]:: 
01-01 00:00:03.502   211   211 I DUSS&63[sys_up_load_general_stat: 215]:: updated package_ver 1.4.300
01-01 00:00:03.502   211   211 I DUSS&63[sys_up_load_general_stat: 222]:: get package_uav_cnt 20
01-01 00:00:03.502   211   211 I DUSS&63[sys_up_load_general_stat: 222]:: 
01-01 00:00:03.502   211   211 I DUSS&63[sys_up_load_general_stat: 224]:: updated package_uav_cnt 20
01-01 00:00:03.502   211   211 I DUSS&63[sys_up_load_general_stat: 231]:: get package_gnd_cnt 3
01-01 00:00:03.502   211   211 I DUSS&63[sys_up_load_general_stat: 231]:: 
01-01 00:00:03.502   211   211 I DUSS&63[sys_up_load_general_stat: 233]:: updated package_gnd_cnt 3
01-01 00:00:03.502   211   211 I DUSS&63[sys_up_load_general_stat: 240]:: get package_gls_cnt 7
01-01 00:00:03.502   211   211 I DUSS&63[sys_up_load_general_stat: 240]:: 
01-01 00:00:03.502   211   211 I DUSS&63[sys_up_load_general_stat: 242]:: updated package_gls_cnt 7
01-01 00:00:03.502   211   211 W DUSS&63[sys_up_load_general_stat: 251]:: can not get option_value for wm22x_type, use wm220 by default
01-01 00:00:03.502   211   211 I DUSS&63[sys_up_load_upgrade_stat: 275]:: file /cache/upgrade_status not exist, return directly
01-01 00:00:03.509   211   211 I DUSS&63[sys_upgrade_check_status:5119]:: didn't save upgrade_retry in last boot
01-01 00:00:03.509   211   211 I DUSS&63[sys_upgrade_check_status:5145]:: non need to push upgrade status, set upgrade status to idle.
01-01 00:00:03.630   211   211 I DUSS&63[            sys_pre_init: 534]:: this is production board
01-01 00:00:03.658   211   211 I DUSS&63[      wl_prot_tcp_create: 404]:: [sys]open_type=0, local_port=0, remote_ip=192.168.41.1, remote_port=22350, l_ctx=0xb7102e88 
01-01 00:00:03.658   211   211 I DUSS&63[      wl_prot_tcp_create: 467]:: [sys]first connect failed, err=Network is unreachable
01-01 00:00:03.658   211   211 I DUSS&63[      wl_prot_tcp_create: 500]:: [sys]create tcp channel success, l_ctx=0xb7102e88
01-01 00:00:03.659   211   299 I DUSS&63[      tcp_connect_thread: 139]:: [sys]start to connect, fd=17
01-01 00:00:03.659   211   299 I DUSS&63[      tcp_connect_thread: 143]:: [sys]WL TCP State change to connecting
01-01 00:00:03.659   211   211 I DUSS&63[      wl_prot_tcp_create: 404]:: [sys]open_type=0, local_port=0, remote_ip=192.168.41.3, remote_port=22351, l_ctx=0xb7104028 
01-01 00:00:03.659   211   211 I DUSS&63[      wl_prot_tcp_create: 467]:: [sys]first connect failed, err=Network is unreachable
01-01 00:00:03.659   211   211 I DUSS&63[      wl_prot_tcp_create: 500]:: [sys]create tcp channel success, l_ctx=0xb7104028
01-01 00:00:03.659   211   301 I DUSS&63[      tcp_connect_thread: 139]:: [sys]start to connect, fd=18
01-01 00:00:03.659   211   301 I DUSS&63[      tcp_connect_thread: 143]:: [sys]WL TCP State change to connecting
01-01 00:00:03.661   211   211 I DUSS&63[        sys_events_start:  96]:: aging_test_mode=0, system_mode=0
01-01 00:00:03.661   211   305 I DUSS&63[sys_up_status_push_threa: 863]:: pushing thread start, stop_pushing=1, push_status=0
01-01 00:00:03.662   211   211 I DUSS&63[       sys_check_pc_conn: 300]:: For pc connection, usb state is DISCONNECTED
01-01 00:00:03.662   211   211 I DUSS&63[           sys_post_init: 565]:: conn_pc=0 when init
01-01 00:00:03.662   211   211 E DUSS&63[sys_event_pc_through_rc_:1196]:: Find route item to pc by wl channel fail: -1001
01-01 00:00:03.662   211   211 I DUSS&63[sys_flight_data_do_first: 627]:: gnd, need to check whether to send nfz.db to uav
01-01 00:00:03.663   211   211 I DUSS&63[sys_flight_data_send_to_: 519]:: nfz already sent before already exist, return directly!
01-01 00:00:03.673   211   211 I DUSS&63[        sys_version_scan: 130]:: Got signed cfg file /data/upgrade/backup/01.04.0300.cfg.sig
01-01 00:00:03.752   211   211 I DUSS&63[        sys_version_scan: 144]:: unsign the backup cfg file.
01-01 00:00:03.803   211   211 I DUSS&63[       sys_p1_unsign_img:1829]:: verify results: passed to verify image /data/upgrade/backup/01.04.0300.cfg.sig
01-01 00:00:03.804   211   211 I DUSS&63[       sys_p1_unsign_img:1837]:: dji_verify -n 0000 -o /tmp/wm330_0000.xml /data/upgrade/backup/01.04.0300.cfg.sig exit status 0, return 0
01-01 00:00:03.804   211   211 I DUSS&63[       sys_p1_unsign_img:1845]:: dji_verify -n 0000 -o /tmp/wm330_0000.xml /data/upgrade/backup/01.04.0300.cfg.sig success.
01-01 00:00:03.804   211   211 I DUSS&63[        sys_version_scan: 154]:: check the system compability..
01-01 00:00:03.804   211   211 I DUSS&63[  need_check_compability:  89]:: will send revert SYS_SELF_DEF_CMD_NEED_CHK_COMP to id=8, index=1
01-01 00:00:03.804   211   211 I DUSS&63[  need_check_compability: 109]:: dev_type=1, dev_id=wm220, pack_ver=1.4.300
01-01 00:00:05.632   211   307 E DUSS&63[find_and_kill_all_udhcpd: 457]:: pid 167's cmdline: busybox udhcpd
01-01 00:00:05.632   211   307 E DUSS&63[find_and_kill_all_udhcpd: 460]:: execute busybox kill 167
01-01 00:00:05.641   211   307 E DUSS&63[find_and_kill_all_udhcpd: 457]:: pid 168's cmdline: busybox tcpsvd
01-01 00:00:05.641   211   307 I DUSS&63[ handle_dji_device_event: 284]:: kill udhcpd service (busybox)
01-01 00:00:05.804   211   211 E DUSS&63[  need_check_compability: 118]:: can not get response from 0x801, result=-1002, retry_count=0
01-01 00:00:06.062   206   206 I DUSS&63[      wl_prot_tcp_create: 404]:: [sys]open_type=0, local_port=0, remote_ip=192.168.41.1, remote_port=22352, l_ctx=0xb725b050 
01-01 00:00:06.062   206   206 I DUSS&63[      wl_prot_tcp_create: 467]:: [sys]first connect failed, err=Network is unreachable
01-01 00:00:06.063   206   206 I DUSS&63[      wl_prot_tcp_create: 500]:: [sys]create tcp channel success, l_ctx=0xb725b050
01-01 00:00:06.063   206   440 I DUSS&63[      tcp_connect_thread: 139]:: [sys]start to connect, fd=49
01-01 00:00:06.063   206   440 I DUSS&63[      tcp_connect_thread: 143]:: [sys]WL TCP State change to connecting
01-01 00:00:07.063   206   440 W DUSS&63[       tcp_async_connect: 311]:: [sys]EINPROGRESS in connect() - selecting,addr=192.168.41.1
01-01 00:00:07.659   211   299 W DUSS&63[       tcp_async_connect: 311]:: [sys]EINPROGRESS in connect() - selecting,addr=192.168.41.1
01-01 00:00:07.660   211   301 W DUSS&63[       tcp_async_connect: 311]:: [sys]EINPROGRESS in connect() - selecting,addr=192.168.41.3
01-01 00:00:07.905   211   211 E DUSS&63[  need_check_compability: 118]:: can not get response from 0x801, result=-1002, retry_count=1
01-01 00:00:07.905   211   211 I DUSS&63[sys_need_check_compabili: 167]:: on gnd, *add_uav=0
01-01 00:00:07.905   211   211 I DUSS&63[  need_check_compability:  89]:: will send revert SYS_SELF_DEF_CMD_NEED_CHK_COMP to id=28, index=1
01-01 00:00:07.905   211   211 I DUSS&63[  need_check_compability: 109]:: dev_type=1, dev_id=wm220, pack_ver=1.4.300
01-01 00:00:08.064   206   440 W DUSS&63[       tcp_async_connect: 334]:: [sys]Timeout in select() - Cancelling, addr=192.168.41.1
01-01 00:00:08.660   211   299 W DUSS&63[       tcp_async_connect: 334]:: [sys]Timeout in select() - Cancelling, addr=192.168.41.1
01-01 00:00:08.661   211   301 W DUSS&63[       tcp_async_connect: 334]:: [sys]Timeout in select() - Cancelling, addr=192.168.41.3
01-01 00:00:09.905   211   211 E DUSS&63[  need_check_compability: 118]:: can not get response from 0x1c01, result=-1002, retry_count=0
01-01 00:00:12.006   211   211 E DUSS&63[  need_check_compability: 118]:: can not get response from 0x1c01, result=-1002, retry_count=1
01-01 00:00:12.006   211   211 I DUSS&63[sys_need_check_compabili: 177]:: on gnd, *add_gls=0
01-01 00:00:12.009   211   211 I DUSS&63[sys_p1_check_compability: 196]:: get device_id wm220 from xml
01-01 00:00:12.009   211   211 I DUSS&63[sys_p1_check_compability: 210]:: get last updated package version  Major=1, minor=4, build=300
01-01 00:00:12.009   211   211 I DUSS&63[        sys_p1_check_ver:2477]:: check version for wm220_0907_v47.26.02.18_20170801.pro.fw.sig
01-01 00:00:12.009   211   211 I DUSS&63[        sys_p1_check_ver:2524]:: skip module dev_id=0x9, dev_index=0x7 on dev 0, current gnd: add_uav=0, add_gls=0
01-01 00:00:12.009   211   211 E DUSS&63[sys_p1_check_compability: 234]:: check version for file wm220_0907_v47.26.02.18_20170801.pro.fw.sig error
01-01 00:00:12.009   211   211 I DUSS&63[        sys_p1_check_ver:2477]:: check version for wm220_0305_v34.04.00.24_20170726.pro.fw.sig
01-01 00:00:12.009   211   211 I DUSS&63[        sys_p1_check_ver:2524]:: skip module dev_id=0x3, dev_index=0x5 on dev 0, current gnd: add_uav=0, add_gls=0
01-01 00:00:12.009   211   211 E DUSS&63[sys_p1_check_compability: 234]:: check version for file wm220_0305_v34.04.00.24_20170726.pro.fw.sig error
01-01 00:00:12.009   211   211 I DUSS&63[        sys_p1_check_ver:2477]:: check version for wm220_0306_v03.02.44.07_20171116.pro.fw.sig
01-01 00:00:12.009   211   211 I DUSS&63[        sys_p1_check_ver:2524]:: skip module dev_id=0x3, dev_index=0x6 on dev 0, current gnd: add_uav=0, add_gls=0
01-01 00:00:12.009   211   211 E DUSS&63[sys_p1_check_compability: 234]:: check version for file wm220_0306_v03.02.44.07_20171116.pro.fw.sig error
01-01 00:00:12.009   211   211 I DUSS&63[        sys_p1_check_ver:2477]:: check version for wm220_1100_v01.00.07.32_20170726.pro.fw.sig
01-01 00:00:12.009   211   211 I DUSS&63[        sys_p1_check_ver:2524]:: skip module dev_id=0xb, dev_index=0x0 on dev 0, current gnd: add_uav=0, add_gls=0
01-01 00:00:12.009   211   211 E DUSS&63[sys_p1_check_compability: 234]:: check version for file wm220_1100_v01.00.07.32_20170726.pro.fw.sig error
01-01 00:00:12.009   211   211 I DUSS&63[        sys_p1_check_ver:2477]:: check version for wm220_0803_v00.00.04.09_20170728.pro.fw.sig
01-01 00:00:12.009   211   211 I DUSS&63[        sys_p1_check_ver:2524]:: skip module dev_id=0x8, dev_index=0x3 on dev 0, current gnd: add_uav=0, add_gls=0
01-01 00:00:12.009   211   211 E DUSS&63[sys_p1_check_compability: 234]:: check version for file wm220_0803_v00.00.04.09_20170728.pro.fw.sig error
01-01 00:00:12.009   211   211 I DUSS&63[        sys_p1_check_ver:2477]:: check version for wm220_0100_v02.08.56.68_20180122.pro.fw.sig
01-01 00:00:12.009   211   211 I DUSS&63[        sys_p1_check_ver:2524]:: skip module dev_id=0x1, dev_index=0x0 on dev 0, current gnd: add_uav=0, add_gls=0
01-01 00:00:12.009   211   211 E DUSS&63[sys_p1_check_compability: 234]:: check version for file wm220_0100_v02.08.56.68_20180122.pro.fw.sig error
01-01 00:00:12.009   211   211 I DUSS&63[        sys_p1_check_ver:2477]:: check version for wm220_0100_v02.10.05.19_20180122_ca02.pro.fw.sig
01-01 00:00:12.009   211   211 I DUSS&63[        sys_p1_check_ver:2524]:: skip module dev_id=0x1, dev_index=0x0 on dev 0, current gnd: add_uav=0, add_gls=0
01-01 00:00:12.009   211   211 E DUSS&63[sys_p1_check_compability: 234]:: check version for file wm220_0100_v02.10.05.19_20180122_ca02.pro.fw.sig error
01-01 00:00:12.009   211   211 I DUSS&63[        sys_p1_check_ver:2477]:: check version for wm220_0101_v02.10.05.19_20180122_ca02.pro.fw.sig
01-01 00:00:12.009   211   211 I DUSS&63[        sys_p1_check_ver:2524]:: skip module dev_id=0x1, dev_index=0x1 on dev 0, current gnd: add_uav=0, add_gls=0
01-01 00:00:12.009   211   211 E DUSS&63[sys_p1_check_compability: 234]:: check version for file wm220_0101_v02.10.05.19_20180122_ca02.pro.fw.sig error
01-01 00:00:12.009   211   211 I DUSS&63[        sys_p1_check_ver:2477]:: check version for wm220_0101_v02.08.56.68_20180122.pro.fw.sig
01-01 00:00:12.009   211   211 I DUSS&63[        sys_p1_check_ver:2524]:: skip module dev_id=0x1, dev_index=0x1 on dev 0, current gnd: add_uav=0, add_gls=0
01-01 00:00:12.010   211   211 E DUSS&63[sys_p1_check_compability: 234]:: check version for file wm220_0101_v02.08.56.68_20180122.pro.fw.sig error
01-01 00:00:12.010   211   211 I DUSS&63[        sys_p1_check_ver:2477]:: check version for wm220_0400_v01.50.12.10_20170809.pro.fw.sig
01-01 00:00:12.010   211   211 I DUSS&63[        sys_p1_check_ver:2524]:: skip module dev_id=0x4, dev_index=0x0 on dev 0, current gnd: add_uav=0, add_gls=0
01-01 00:00:12.010   211   211 E DUSS&63[sys_p1_check_compability: 234]:: check version for file wm220_0400_v01.50.12.10_20170809.pro.fw.sig error
01-01 00:00:12.010   211   211 I DUSS&63[        sys_p1_check_ver:2477]:: check version for wm220_0804_v01.00.00.11_20170828.pro.fw.sig
01-01 00:00:12.010   211   211 I DUSS&63[        sys_p1_check_ver:2524]:: skip module dev_id=0x8, dev_index=0x4 on dev 0, current gnd: add_uav=0, add_gls=0
01-01 00:00:12.010   211   211 E DUSS&63[sys_p1_check_compability: 234]:: check version for file wm220_0804_v01.00.00.11_20170828.pro.fw.sig error
01-01 00:00:12.010   211   211 I DUSS&63[        sys_p1_check_ver:2477]:: check version for wm220_0801_v01.06.00.35_20171228.pro.fw.sig
01-01 00:00:12.010   211   211 I DUSS&63[        sys_p1_check_ver:2524]:: skip module dev_id=0x8, dev_index=0x1 on dev 0, current gnd: add_uav=0, add_gls=0
01-01 00:00:12.010   211   211 E DUSS&63[sys_p1_check_compability: 234]:: check version for file wm220_0801_v01.06.00.35_20171228.pro.fw.sig error
01-01 00:00:12.010   211   211 I DUSS&63[        sys_p1_check_ver:2477]:: check version for wm220_1200_v01.01.00.71_20171122_es02.pro.fw.sig
01-01 00:00:12.010   211   211 I DUSS&63[        sys_p1_check_ver:2524]:: skip module dev_id=0xc, dev_index=0x0 on dev 0, current gnd: add_uav=0, add_gls=0
01-01 00:00:12.010   211   211 E DUSS&63[sys_p1_check_compability: 234]:: check version for file wm220_1200_v01.01.00.71_20171122_es02.pro.fw.sig error
01-01 00:00:12.010   211   211 I DUSS&63[        sys_p1_check_ver:2477]:: check version for wm220_1200_v01.10.00.00_20170731.pro.fw.sig
01-01 00:00:12.010   211   211 I DUSS&63[        sys_p1_check_ver:2524]:: skip module dev_id=0xc, dev_index=0x0 on dev 0, current gnd: add_uav=0, add_gls=0
01-01 00:00:12.010   211   211 E DUSS&63[sys_p1_check_compability: 234]:: check version for file wm220_1200_v01.10.00.00_20170731.pro.fw.sig error
01-01 00:00:12.010   211   211 I DUSS&63[        sys_p1_check_ver:2477]:: check version for wm220_1201_v01.10.00.00_20170731.pro.fw.sig
01-01 00:00:12.011   211   211 I DUSS&63[        sys_p1_check_ver:2524]:: skip module dev_id=0xc, dev_index=0x1 on dev 0, current gnd: add_uav=0, add_gls=0
01-01 00:00:12.011   211   211 E DUSS&63[sys_p1_check_compability: 234]:: check version for file wm220_1201_v01.10.00.00_20170731.pro.fw.sig error
01-01 00:00:12.011   211   211 I DUSS&63[        sys_p1_check_ver:2477]:: check version for wm220_1202_v01.10.00.00_20170731.pro.fw.sig
01-01 00:00:12.011   211   211 I DUSS&63[        sys_p1_check_ver:2524]:: skip module dev_id=0xc, dev_index=0x2 on dev 0, current gnd: add_uav=0, add_gls=0
01-01 00:00:12.011   211   211 E DUSS&63[sys_p1_check_compability: 234]:: check version for file wm220_1202_v01.10.00.00_20170731.pro.fw.sig error
01-01 00:00:12.011   211   211 I DUSS&63[        sys_p1_check_ver:2477]:: check version for wm220_1203_v01.10.00.00_20170731.pro.fw.sig
01-01 00:00:12.011   211   211 I DUSS&63[        sys_p1_check_ver:2524]:: skip module dev_id=0xc, dev_index=0x3 on dev 0, current gnd: add_uav=0, add_gls=0
01-01 00:00:12.011   211   211 E DUSS&63[sys_p1_check_compability: 234]:: check version for file wm220_1203_v01.10.00.00_20170731.pro.fw.sig error
01-01 00:00:12.011   211   211 I DUSS&63[        sys_p1_check_ver:2477]:: check version for wm220_0802_v01.01.00.02_20170729.pro.fw.sig
01-01 00:00:12.011   211   211 I DUSS&63[        sys_p1_check_ver:2524]:: skip module dev_id=0x8, dev_index=0x2 on dev 0, current gnd: add_uav=0, add_gls=0
01-01 00:00:12.011   211   211 E DUSS&63[sys_p1_check_compability: 234]:: check version for file wm220_0802_v01.01.00.02_20170729.pro.fw.sig error
01-01 00:00:12.011   211   211 I DUSS&63[        sys_p1_check_ver:2477]:: check version for wm220_0805_v01.03.00.99_20171121.pro.fw.sig
01-01 00:00:12.011   211   211 I DUSS&63[        sys_p1_check_ver:2524]:: skip module dev_id=0x8, dev_index=0x5 on dev 0, current gnd: add_uav=0, add_gls=0
01-01 00:00:12.011   211   211 E DUSS&63[sys_p1_check_compability: 234]:: check version for file wm220_0805_v01.03.00.99_20171121.pro.fw.sig error
01-01 00:00:12.011   211   211 I DUSS&63[        sys_p1_check_ver:2477]:: check version for wm220_1407_v47.26.02.18_20170801.pro.fw.sig
01-01 00:00:12.011   211   288 I DUSS&63[   sys_event_dev_ver_get: 257]:: from 0xa03, this_host=0xe07, dev_type=1, hw_str=WM220 RC
01-01 00:00:12.038   211   211 I DUSS&63[        sys_p1_check_ver:2592]:: 14:7: Same version.
01-01 00:00:12.038   211   211 I DUSS&63[        sys_p1_check_ver:2477]:: check version for wm220_0600_v00.00.01.28_20170727.pro.fw.sig
01-01 00:00:12.048   211   211 I DUSS&63[        sys_p1_check_ver:2592]:: 6:0: Same version.
01-01 00:00:12.048   211   211 I DUSS&63[        sys_p1_check_ver:2477]:: check version for wm220_1301_v01.06.00.35_20171228.pro.fw.sig
01-01 00:00:12.049   211   285 I DUSS&63[   sys_event_dev_ver_get: 257]:: from 0xa03, this_host=0xd01, dev_type=1, hw_str=WM220 RC
01-01 00:00:12.060   211   211 I DUSS&63[        sys_p1_check_ver:2592]:: 13:1: Same version.
01-01 00:00:12.060   211   211 I DUSS&63[        sys_p1_check_ver:2477]:: check version for wm220_2807_v47.26.02.18_20170801.pro.fw.sig
01-01 00:00:12.060   211   211 I DUSS&63[        sys_p1_check_ver:2524]:: skip module dev_id=0x1c, dev_index=0x7 on dev 2, current gnd: add_uav=0, add_gls=0
01-01 00:00:12.060   211   211 E DUSS&63[sys_p1_check_compability: 234]:: check version for file wm220_2807_v47.26.02.18_20170801.pro.fw.sig error
01-01 00:00:12.061   211   211 I DUSS&63[        sys_p1_check_ver:2477]:: check version for wm220_0601_v00.00.03.06_20170528.pro.fw.sig
01-01 00:00:12.061   211   211 I DUSS&63[        sys_p1_check_ver:2524]:: skip module dev_id=0x6, dev_index=0x1 on dev 2, current gnd: add_uav=0, add_gls=0
01-01 00:00:12.061   211   211 E DUSS&63[sys_p1_check_compability: 234]:: check version for file wm220_0601_v00.00.03.06_20170528.pro.fw.sig error
01-01 00:00:12.061   211   211 I DUSS&63[        sys_p1_check_ver:2477]:: check version for wm220_0603_v00.00.06.09_20170728.pro.fw.sig
01-01 00:00:12.061   211   211 I DUSS&63[        sys_p1_check_ver:2524]:: skip module dev_id=0x6, dev_index=0x3 on dev 2, current gnd: add_uav=0, add_gls=0
01-01 00:00:12.061   211   211 E DUSS&63[sys_p1_check_compability: 234]:: check version for file wm220_0603_v00.00.06.09_20170728.pro.fw.sig error
01-01 00:00:12.061   211   211 I DUSS&63[        sys_p1_check_ver:2477]:: check version for wm220_2801_v01.03.01.71_20180207.pro.fw.sig
01-01 00:00:12.061   211   211 I DUSS&63[        sys_p1_check_ver:2524]:: skip module dev_id=0x1c, dev_index=0x1 on dev 2, current gnd: add_uav=0, add_gls=0
01-01 00:00:12.061   211   211 E DUSS&63[sys_p1_check_compability: 234]:: check version for file wm220_2801_v01.03.01.71_20180207.pro.fw.sig error
01-01 00:00:12.061   211   211 I DUSS&63[        sys_p1_check_ver:2477]:: check version for wm220_2803_v00.00.03.08_20170302_cd02.pro.fw.sig
01-01 00:00:12.061   211   211 I DUSS&63[        sys_p1_check_ver:2524]:: skip module dev_id=0x1c, dev_index=0x3 on dev 2, current gnd: add_uav=0, add_gls=0
01-01 00:00:12.061   211   211 E DUSS&63[sys_p1_check_compability: 234]:: check version for file wm220_2803_v00.00.03.08_20170302_cd02.pro.fw.sig error
01-01 00:00:12.061   211   211 I DUSS&63[        sys_p1_check_ver:2477]:: check version for wm220_2803_v00.00.03.08_20170302_cd01.pro.fw.sig
01-01 00:00:12.061   211   211 I DUSS&63[        sys_p1_check_ver:2524]:: skip module dev_id=0x1c, dev_index=0x3 on dev 2, current gnd: add_uav=0, add_gls=0
01-01 00:00:12.061   211   211 E DUSS&63[sys_p1_check_compability: 234]:: check version for file wm220_2803_v00.00.03.08_20170302_cd01.pro.fw.sig error
01-01 00:00:12.061   211   211 I DUSS&63[        sys_p1_check_ver:2477]:: check version for wm220_2803_v00.00.04.08_20170828_cd03.pro.fw.sig
01-01 00:00:12.061   211   211 I DUSS&63[        sys_p1_check_ver:2524]:: skip module dev_id=0x1c, dev_index=0x3 on dev 2, current gnd: add_uav=0, add_gls=0
01-01 00:00:12.061   211   211 E DUSS&63[sys_p1_check_compability: 234]:: check version for file wm220_2803_v00.00.04.08_20170828_cd03.pro.fw.sig error
01-01 00:00:12.061   211   211 I DUSS&63[        sys_p1_check_ver:2477]:: check version for wm220_0905_v01.00.01.07_20170929.pro.fw.sig
01-01 00:00:12.061   211   211 I DUSS&63[        sys_p1_check_ver:2498]:: skip module for datacopy, dev_id=0x9, dev_index=0x5 
01-01 00:00:12.061   211   211 E DUSS&63[sys_p1_check_compability: 234]:: check version for file wm220_0905_v01.00.01.07_20170929.pro.fw.sig error
01-01 00:00:12.061   211   211 I DUSS&63[sys_p1_check_compability: 252]:: after check *comptbl = 0, p1_first=0
01-01 00:00:12.062   211   211 I DUSS&63[        sys_version_scan: 194]:: found system compatible with the large package
01-01 00:00:12.062   211   211 I DUSS&63[            sys_mainloop: 266]:: version scan done.
01-01 00:00:19.066   206   440 I DUSS&63[       tcp_async_connect: 375]:: [sys]connect to 192.168.41.1 success
01-01 00:00:19.066   206   440 I DUSS&63[      tcp_connect_thread: 152]:: [sys]connected to 192.168.41.1
01-01 00:00:19.066   206   440 I DUSS&63[      tcp_connect_thread: 160]:: [sys]WL TCP State change to connected
01-01 00:00:19.661   211   299 I DUSS&63[       tcp_async_connect: 375]:: [sys]connect to 192.168.41.1 success
01-01 00:00:19.661   211   299 I DUSS&63[      tcp_connect_thread: 152]:: [sys]connected to 192.168.41.1
01-01 00:00:19.661   211   299 I DUSS&63[      tcp_connect_thread: 160]:: [sys]WL TCP State change to connected
01-01 00:00:20.667   211   285 I DUSS&63[sys_event_self_define_cm: 457]:: check compability from 0x801, this_host=0xd01
01-01 00:00:20.667   211   285 I DUSS&63[   sys_check_compability: 207]:: from 0x801, this_host=0xd01, dev_type=1
01-01 00:00:20.667   211   285 I DUSS&63[   sys_check_compability: 210]:: package_str=wm220, package_ver=1.4.300
01-01 00:00:20.667   211   285 I DUSS&63[   sys_check_compability: 212]:: peer_str=wm220, peer_ver=1.4.300
01-01 00:00:20.667   211   285 I DUSS&63[   sys_check_compability: 219]:: package_uav_cnt=20, package_gls_cnt=7
01-01 00:00:20.667   211   285 I DUSS&63[   sys_check_compability: 261]:: the same product, and self version is the same or older than peer
01-01 00:00:48.667   211   301 W DUSS&63[       tcp_async_connect: 311]:: [sys]EINPROGRESS in connect() - selecting,addr=192.168.41.3
01-01 00:00:49.668   211   301 W DUSS&63[       tcp_async_connect: 334]:: [sys]Timeout in select() - Cancelling, addr=192.168.41.3
01-01 00:00:59.398   211   285 I DUSS&63[sys_event_query_device_i:4792]:: CMD_QUERY_DEVICE_INFO WM220 1860RC Dec 28 2017|16:11:56
01-01 00:00:59.411   211   296 I DUSS&63[   sys_event_dev_ver_get: 289]:: DUSS_MB_HOST_ALL ver WM220 RC Ver.A, package ver 1.4.300, Production=1
01-01 00:00:59.861   211   285 I DUSS&63[sys_event_query_device_i:4792]:: CMD_QUERY_DEVICE_INFO WM220 1860RC Dec 28 2017|16:11:56
01-01 00:00:59.874   211   296 I DUSS&63[   sys_event_dev_ver_get: 289]:: DUSS_MB_HOST_ALL ver WM220 RC Ver.A, package ver 1.4.300, Production=1
01-01 00:01:00.192   211   285 I DUSS&63[ sys_common_get_cfg_file:1340]:: +++request file from 0x200: req type 1, off 0, len -1
01-01 00:01:00.192   211   285 I DUSS&63[           _get_cfg_file:1270]:: +++request cfg file /data/upgrade/wm330_0000.cfg.sig
01-01 00:01:00.194   211   285 I DUSS&63[ sys_common_get_cfg_file:1374]:: get cfg/log file from 0x200: req type 1, off 0, len 980; ack aclen 980, leftlen 5356, ret=0
01-01 00:01:01.236   211   285 I DUSS&63[ sys_common_get_cfg_file:1374]:: get cfg/log file from 0x200: req type 1, off 980, len 980; ack aclen 980, leftlen 4376, ret=0
01-01 00:01:01.282   211   285 I DUSS&63[ sys_common_get_cfg_file:1374]:: get cfg/log file from 0x200: req type 1, off 1960, len 980; ack aclen 980, leftlen 3396, ret=0
01-01 00:01:01.456   211   285 I DUSS&63[ sys_common_get_cfg_file:1374]:: get cfg/log file from 0x200: req type 1, off 2940, len 980; ack aclen 980, leftlen 2416, ret=0
01-01 00:01:01.521   211   285 I DUSS&63[ sys_common_get_cfg_file:1374]:: get cfg/log file from 0x200: req type 1, off 3920, len 980; ack aclen 980, leftlen 1436, ret=0
01-01 00:01:01.568   211   285 I DUSS&63[ sys_common_get_cfg_file:1374]:: get cfg/log file from 0x200: req type 1, off 4900, len 980; ack aclen 980, leftlen 456, ret=0
01-01 00:01:01.579   211   285 I DUSS&63[ sys_common_get_cfg_file:1374]:: get cfg/log file from 0x200: req type 1, off 5880, len 980; ack aclen 456, leftlen 0, ret=0
01-01 00:01:01.581   211   285 I DUSS&63[ sys_common_get_cfg_file:1340]:: +++request file from 0x200: req type 1, off 0, len -1
01-01 00:01:01.581   211   285 I DUSS&63[           _get_cfg_file:1270]:: +++request cfg file /data/upgrade/wm330_0000.cfg.sig
01-01 00:01:01.582   211   285 I DUSS&63[ sys_common_get_cfg_file:1374]:: get cfg/log file from 0x200: req type 1, off 0, len 980; ack aclen 980, leftlen 5356, ret=0
01-01 00:01:01.632   211   285 I DUSS&63[ sys_common_get_cfg_file:1374]:: get cfg/log file from 0x200: req type 1, off 980, len 980; ack aclen 980, leftlen 4376, ret=0
01-01 00:01:02.013   211   285 I DUSS&63[ sys_common_get_cfg_file:1374]:: get cfg/log file from 0x200: req type 1, off 1960, len 980; ack aclen 980, leftlen 3396, ret=0
01-01 00:01:04.401   211   285 I DUSS&63[ sys_common_get_cfg_file:1374]:: get cfg/log file from 0x200: req type 1, off 2940, len 980; ack aclen 980, leftlen 2416, ret=0
01-01 00:01:04.758   211   285 I DUSS&63[ sys_common_get_cfg_file:1374]:: get cfg/log file from 0x200: req type 1, off 3920, len 980; ack aclen 980, leftlen 1436, ret=0
01-01 00:01:06.105   211   285 I DUSS&63[ sys_common_get_cfg_file:1374]:: get cfg/log file from 0x200: req type 1, off 4900, len 980; ack aclen 980, leftlen 456, ret=0
01-01 00:01:06.294   211   285 I DUSS&63[ sys_common_get_cfg_file:1374]:: get cfg/log file from 0x200: req type 1, off 5880, len 980; ack aclen 456, leftlen 0, ret=0
01-01 00:01:06.503   211   285 I DUSS&63[ sys_common_get_cfg_file:1340]:: +++request file from 0x200: req type 1, off 0, len -1
01-01 00:01:06.503   211   285 I DUSS&63[           _get_cfg_file:1270]:: +++request cfg file /data/upgrade/wm330_0000.cfg.sig
01-01 00:01:06.504   211   285 I DUSS&63[ sys_common_get_cfg_file:1374]:: get cfg/log file from 0x200: req type 1, off 0, len 980; ack aclen 980, leftlen 5356, ret=0
01-01 00:01:06.672   211   285 I DUSS&63[ sys_common_get_cfg_file:1374]:: get cfg/log file from 0x200: req type 1, off 980, len 980; ack aclen 980, leftlen 4376, ret=0
01-01 00:01:06.738   211   285 I DUSS&63[ sys_common_get_cfg_file:1374]:: get cfg/log file from 0x200: req type 1, off 1960, len 980; ack aclen 980, leftlen 3396, ret=0
01-01 00:01:06.785   211   285 I DUSS&63[ sys_common_get_cfg_file:1374]:: get cfg/log file from 0x200: req type 1, off 2940, len 980; ack aclen 980, leftlen 2416, ret=0
01-01 00:01:06.960   211   285 I DUSS&63[ sys_common_get_cfg_file:1374]:: get cfg/log file from 0x200: req type 1, off 3920, len 980; ack aclen 980, leftlen 1436, ret=0
01-01 00:01:07.326   211   285 I DUSS&63[ sys_common_get_cfg_file:1374]:: get cfg/log file from 0x200: req type 1, off 4900, len 980; ack aclen 980, leftlen 456, ret=0
01-01 00:01:07.628   211   285 I DUSS&63[ sys_common_get_cfg_file:1374]:: get cfg/log file from 0x200: req type 1, off 5880, len 980; ack aclen 456, leftlen 0, ret=0
04-06 18:25:37.012   211   285 F DUSS&63[      sys_event_set_date: 101]:: Got sys_event_set_date message: 2018.04.06-18:25:37, result 0
04-06 18:25:57.121   211   301 W DUSS&63[       tcp_async_connect: 311]:: [sys]EINPROGRESS in connect() - selecting,addr=192.168.41.3
04-06 18:25:58.122   211   301 W DUSS&63[       tcp_async_connect: 334]:: [sys]Timeout in select() - Cancelling, addr=192.168.41.3
04-06 18:26:05.142   211   285 I DUSS&63[sys_event_enter_upgrade_: 854]:: 0x7:received cmd to request enter upgrade mode, peer_id=0x200, this_host=0xd01
04-06 18:26:05.142   211   285 I DUSS&63[sys_up_cleanup_last_reso:  85]:: cleanup last upgrading resources: sys_info=0xb6f2b8b8
04-06 18:26:05.331   211   285 I DUSS&63[ sys_up_del_full_package:1099]:: deleted /data/ftp/upgrade/dji_system.bin
04-06 18:26:05.411   211   285 I DUSS&63[sys_up_free_some_disk_sp: 104]:: free disk space of data
04-06 18:26:05.511   211   285 I DUSS&63[     sys_p1_self_up_init:4616]:: up_package_type=0, uav_bat=100, gnd_bat=100, gls_bat=0, uav_product_type=1, gnd_product_type=1
04-06 18:26:05.512   211   285 I DUSS&63[sys_p1_check_uav_fly_sta:4240]:: motor is still, upgrade is ok.
04-06 18:26:05.551   211   285 I DUSS&63[sys_p1_register_motor_er:4359]:: succ to register motor_err_act, result = 0, requester_id=0xcf500600, motor_action_id=200, surplus_id_num=40
04-06 18:26:05.595   211   285 I DUSS&63[sys_event_enter_upgrade_: 918]:: 0x7:request enter upgrading success, host_id=0xd01
04-06 18:26:05.599   211   285 I DUSS&63[sys_event_accept_upgrade: 981]:: 0x8:whole image size: 546760, path = 1, type = 8
04-06 18:26:05.599   211   285 I DUSS&63[sys_event_accept_upgrade: 988]:: 0x8: using path dji v1
04-06 18:26:05.610   211   285 I DUSS&63[sys_event_transfer_upgra:1176]:: 0x9:Received update data: seq: 0, len: 980
04-06 18:26:05.797   211   285 I DUSS&63[sys_event_transfer_upgra:1176]:: 0x9:Received update data: seq: 200, len: 980
04-06 18:26:05.976   211   285 I DUSS&63[sys_event_transfer_upgra:1176]:: 0x9:Received update data: seq: 400, len: 980
04-06 18:26:06.064   211   285 I DUSS&63[sys_event_transfer_upgra:1176]:: 0x9:Received update data: seq: 500, len: 980
04-06 18:26:06.112   211   285 I DUSS&63[sys_event_transfer_upgra:1200]:: 0x9:Received update data: seq: 557, len: 980, info->last_seq(557)
04-06 18:26:06.112   211   285 I DUSS&63[sys_event_transfer_upgra:1202]:: 0x9:info->recv_size=546840, reach the img_size 546760, attribute=0x40
04-06 18:26:06.130   211   285 I DUSS&63[sys_event_finish_upgrade:1240]:: 0xa:Receive transfer complete message.
04-06 18:26:06.130   211   285 I DUSS&63[sys_event_finish_upgrade:1304]:: 0xa:path_use=1, type_use=8, data_store=1, info->recv_size(546760), info->img_size(546760)
04-06 18:26:06.141   211   285 I DUSS&63[sys_event_finish_upgrade:1311]:: 0xa:calc md5 for /data/ftp/upgrade/data_copy.bin finished
04-06 18:26:06.141   211   285 I DUSS&63[sys_event_finish_upgrade:1354]:: 0xa:Md5sum check ok......
04-06 18:26:06.141   211   285 I DUSS&63[          sys_p1_upgrade:4549]:: P1: datacopy upgrading now ...
04-06 18:26:06.141   211   285 I DUSS&63[sys_up_save_upgrade_stat: 370]:: fileName=/cache/upgrade_status, optionName=upgrade_host, optionValue=512
04-06 18:26:06.141   211   285 I DUSS&63[sys_up_save_upgrade_stat: 374]:: file /cache/upgrade_status not exist, will create it
04-06 18:26:06.234   211  4312 I DUSS&63[sys_up_datacopy_upgradin:7152]:: datacopy upgrade thread start... retry=2, up_mode=1
04-06 18:26:06.234   211  4312 I DUSS&63[sys_up_datacopy_upgradin:7158]:: scan_system = 2
04-06 18:26:06.234   211  4312 I DUSS&63[sys_up_datacopy_upgrade_:6966]:: upgrade all datacopy modules from gnd beginsn
04-06 18:26:06.234   211  4312 I DUSS&63[sys_up_datacopy_upgrade_:6967]:: forbid all the udp packet from rc to uav and gls for upgrading...
04-06 18:26:06.249   211  4312 I DUSS&63[sys_up_datacopy_upgrade_:6976]:: upgrading uav from gnd side, need to reverse the cp role
04-06 18:26:06.249   211  4312 I DUSS&63[sys_up_datacopy_push_sta:6617]:: Push to 0x200 for module 0x0, progress: 1 total_progress 1, stop_pushing=0
04-06 18:26:06.249   211   305 I DUSS&63[sys_up_status_push_threa:1004]:: +++++++ Sending upgrade status for datacopy_stage: status=0, progress=1
04-06 18:26:06.280   211  4312 I DUSS&63[sys_up_datacopy_upgrade_:6990]:: can reach p1 uav before revert
04-06 18:26:06.296   211  4312 I DUSS&63[sys_up_datacopy_push_sta:6617]:: Push to 0x200 for module 0x0, progress: 3 total_progress 3, stop_pushing=0
04-06 18:26:06.296   211  4312 I DUSS&63[sys_send_revert_cmd_to_h:  46]:: will send revert cmd to peer hdvt, dev_type=1, to_peer=1
04-06 18:26:06.296   211   305 I DUSS&63[sys_up_status_push_threa:1004]:: +++++++ Sending upgrade status for datacopy_stage: status=0, progress=3
04-06 18:26:06.318   211  4312 I DUSS&63[sys_send_revert_cmd_to_h:  94]:: success
04-06 18:26:06.318   211  4312 I DUSS&63[sys_send_revert_cmd_to_h:  46]:: will send revert cmd to self hdvt, dev_type=1, to_peer=0
04-06 18:26:06.318   206   443 I DUSS&63[ hg_hdvt_sdr_revert_role:1935]:: received sdr revert from 0xd01
04-06 18:26:06.330   206   443 I DUSS&63[     hdvt_amt_reverse_cp:1107]:: [sys]will start to reverse cp, dev_type=1, cur_role=1
04-06 18:26:06.330   206   443 I DUSS&63[      hdvt_amt_reboot_cp: 722]:: [sys]AMT reverse cp start...
04-06 18:26:06.330   206   443 F DUSS&63[   hdvt_sdrs_ctrl_reboot:1118]:: [sys]sdr_ctrl reboot action 2, timeout 7000000
04-06 18:26:07.406   211   306 E DUSS&63[sys_p1_disable_motor_run:4285]:: set motor work status error: -1002
04-06 18:26:08.296   211   305 I DUSS&63[sys_up_status_push_threa:1004]:: +++++++ Sending upgrade status for datacopy_stage: status=0, progress=3
04-06 18:26:09.406   211   306 E DUSS&63[sys_p1_disable_motor_run:4285]:: set motor work status error: -1002
04-06 18:26:09.485   206   443 I DUSS&63[      hdvt_amt_reboot_cp: 750]:: [sys]reboot cp success, resp msg_id=0x0, payload len=0, dev_type=1, cur_role=0
04-06 18:26:09.490   206   443 I DUSS&63[ hg_hdvt_sdr_revert_role:1970]:: hdvt_amt_reverse_cp success
04-06 18:26:09.490   211  4312 I DUSS&63[sys_send_revert_cmd_to_h:  94]:: success
04-06 18:26:10.296   211   305 I DUSS&63[sys_up_status_push_threa:1004]:: +++++++ Sending upgrade status for datacopy_stage: status=0, progress=3
04-06 18:26:11.406   211   306 E DUSS&63[sys_p1_disable_motor_run:4285]:: set motor work status error: -1002
04-06 18:26:11.491   211  4312 I DUSS&63[sys_up_datacopy_push_sta:6617]:: Push to 0x200 for module 0x0, progress: 6 total_progress 6, stop_pushing=0
04-06 18:26:11.491   211   305 I DUSS&63[sys_up_status_push_threa:1004]:: +++++++ Sending upgrade status for datacopy_stage: status=0, progress=6
04-06 18:26:12.491   211  4312 E DUSS&63[sys_p1_check_tcp_connect:5381]:: can not reach peer, result=-1002, retry_count=0
04-06 18:26:13.406   211   306 E DUSS&63[sys_p1_disable_motor_run:4285]:: set motor work status error: -1002
04-06 18:26:13.491   211   305 I DUSS&63[sys_up_status_push_threa:1004]:: +++++++ Sending upgrade status for datacopy_stage: status=0, progress=6
04-06 18:26:13.491   211  4312 E DUSS&63[sys_p1_check_tcp_connect:5381]:: can not reach peer, result=-1002, retry_count=1
04-06 18:26:14.492   211  4312 E DUSS&63[sys_p1_check_tcp_connect:5381]:: can not reach peer, result=-1002, retry_count=2
04-06 18:26:14.858   211  4312 I DUSS&63[sys_up_datacopy_upgrade_:7038]:: can reach p1 peer after revert
04-06 18:26:14.858   211  4312 I DUSS&63[sys_up_datacopy_push_sta:6617]:: Push to 0x200 for module 0x0, progress: 10 total_progress 10, stop_pushing=0
04-06 18:26:14.858   211  4312 I DUSS&63[sys_p1_send_upgrade_data:5549]:: will send data to p1 on peer 0x8_0x1, path=2, type=8
04-06 18:26:14.858   211   305 I DUSS&63[sys_up_status_push_threa:1004]:: +++++++ Sending upgrade status for datacopy_stage: status=0, progress=10
04-06 18:26:15.858   211  4312 I DUSS&63[sys_upgrade_request_upgr:1794]:: Send enter upgrade mode to p1_uav...
04-06 18:26:16.642   211  4312 I DUSS&63[sys_upgrade_request_upgr:1814]:: Got enter upgrade mode ack message, len = 3.
04-06 18:26:16.642   211  4312 I DUSS&63[sys_upgrade_request_upgr:1827]:: Hw p1_uav return ok for requesting upgrade.
04-06 18:26:16.642   211  4312 I DUSS&63[sys_p1_send_upgrade_data:5596]:: ftp file size=546760
04-06 18:26:16.642   211  4312 I DUSS&63[sys_upgrade_request_acce:1976]:: p1_uav: upgrade data size = 546760
04-06 18:26:16.859   211   305 I DUSS&63[sys_up_status_push_threa:1004]:: +++++++ Sending upgrade status for datacopy_stage: status=0, progress=10
04-06 18:26:18.642   211  4312 I DUSS&63[sys_upgrade_request_acce:2018]:: Send cmd 0x8 to p1_uav, size 546760...
04-06 18:26:18.642   211  4312 I DUSS&63[sys_upgrade_request_acce:2026]:: p1_uav: wait for cmd 0x8's ack message
04-06 18:26:18.860   211   305 I DUSS&63[sys_up_status_push_threa:1004]:: +++++++ Sending upgrade status for datacopy_stage: status=0, progress=10
04-06 18:26:20.860   211   305 I DUSS&63[sys_up_status_push_threa:1004]:: +++++++ Sending upgrade status for datacopy_stage: status=0, progress=10
04-06 18:26:21.823   211   304 I DUSS&63[sys_event_pc_accept_upgr: 554]:: p1_uav: ACK size = 263 ----
04-06 18:26:21.823   211  4312 I DUSS&63[sys_upgrade_request_acce:2107]:: Ack: ftp ip_addr = 192.168.41.1
04-06 18:26:21.823   211  4312 I DUSS&63[sys_upgrade_request_acce:2108]:: Ack: ftp port    = 21
04-06 18:26:21.823   211  4312 I DUSS&63[sys_upgrade_request_acce:2109]:: Ack: file name   = /upgrade/data_copy.bin
04-06 18:26:21.823   211  4312 I DUSS&63[sys_up_datacopy_start_sm:6712]:: will start smooth pushing, from 11 to 50, step=5,interval=2, mod_id=0x0
04-06 18:26:21.823   211  4312 I DUSS&63[sys_upgrade_transfer_ftp:2145]:: execute ftp command: busybox ftpput -P 21 192.168.41.1 /upgrade/data_copy.bin /data/ftp/upgrade/data_copy.bin
04-06 18:26:22.860   211   305 I DUSS&63[sys_up_status_push_threa:1004]:: +++++++ Sending upgrade status for datacopy_stage: status=0, progress=10
04-06 18:26:23.628   211  4312 I DUSS&63[sys_upgrade_transfer_ftp:2166]:: busybox ftpput -P 21 192.168.41.1 /upgrade/data_copy.bin /data/ftp/upgrade/data_copy.bin exit status 0, return 0
04-06 18:26:23.628   211  4312 I DUSS&63[sys_upgrade_transfer_ftp:2173]:: busybox ftpput -P 21 192.168.41.1 /upgrade/data_copy.bin /data/ftp/upgrade/data_copy.bin success.
04-06 18:26:23.628   211  4312 I DUSS&63[sys_up_datacopy_stop_smo:6737]:: will stop smooth pushing, previous timer=0xb7105588
04-06 18:26:23.628   211  4312 I DUSS&63[sys_up_datacopy_stop_smo:6741]:: stop previous timer, mod_id=0x0, start_progress=11, end_progress=50
04-06 18:26:23.629   211  4312 I DUSS&63[sys_up_datacopy_push_sta:6617]:: Push to 0x200 for module 0x0, progress: 50 total_progress 50, stop_pushing=0
04-06 18:26:23.629   211  4312 I DUSS&63[sys_p1_send_upgrade_data:5654]:: finished, result=0
04-06 18:26:23.629   211  4312 I DUSS&63[sys_up_datacopy_upgrade_:7073]:: reverse cp back
04-06 18:26:23.629   211  4312 I DUSS&63[sys_send_revert_cmd_to_h:  46]:: will send revert cmd to peer hdvt, dev_type=1, to_peer=1
04-06 18:26:23.629   211   305 I DUSS&63[sys_up_status_push_threa:1004]:: +++++++ Sending upgrade status for datacopy_stage: status=0, progress=50
04-06 18:26:23.642   211  4312 I DUSS&63[sys_send_revert_cmd_to_h:  94]:: success
04-06 18:26:23.642   211  4312 I DUSS&63[sys_up_datacopy_upgrade_:7079]:: reverse local sdr back
04-06 18:26:23.642   211  4312 I DUSS&63[sys_send_revert_cmd_to_h:  46]:: will send revert cmd to self hdvt, dev_type=1, to_peer=0
04-06 18:26:23.642   206   443 I DUSS&63[ hg_hdvt_sdr_revert_role:1935]:: received sdr revert from 0xd01
04-06 18:26:23.651   206   443 I DUSS&63[     hdvt_amt_reverse_cp:1107]:: [sys]will start to reverse cp, dev_type=1, cur_role=0
04-06 18:26:23.651   206   443 I DUSS&63[      hdvt_amt_reboot_cp: 719]:: [sys]AMT reboot cp start...
04-06 18:26:23.651   206   443 F DUSS&63[   hdvt_sdrs_ctrl_reboot:1118]:: [sys]sdr_ctrl reboot action 1, timeout 7000000
04-06 18:26:25.407   211   306 E DUSS&63[sys_p1_disable_motor_run:4285]:: set motor work status error: -1002
04-06 18:26:25.629   211   305 I DUSS&63[sys_up_status_push_threa:1004]:: +++++++ Sending upgrade status for datacopy_stage: status=0, progress=50
04-06 18:26:26.789   206   443 I DUSS&63[      hdvt_amt_reboot_cp: 750]:: [sys]reboot cp success, resp msg_id=0x0, payload len=0, dev_type=1, cur_role=1
04-06 18:26:26.794   206   443 I DUSS&63[ hg_hdvt_sdr_revert_role:1970]:: hdvt_amt_reverse_cp success
04-06 18:26:26.794   211  4312 I DUSS&63[sys_send_revert_cmd_to_h:  94]:: success
04-06 18:26:27.406   211   306 E DUSS&63[sys_p1_disable_motor_run:4285]:: set motor work status error: -1002
04-06 18:26:27.630   211   305 I DUSS&63[sys_up_status_push_threa:1004]:: +++++++ Sending upgrade status for datacopy_stage: status=0, progress=50
04-06 18:26:27.795   211  4312 E DUSS&63[sys_p1_check_tcp_connect:5381]:: can not reach peer, result=-1002, retry_count=0
04-06 18:26:28.795   211  4312 E DUSS&63[sys_p1_check_tcp_connect:5381]:: can not reach peer, result=-1002, retry_count=1
04-06 18:26:29.406   211   306 E DUSS&63[sys_p1_disable_motor_run:4285]:: set motor work status error: -1002
04-06 18:26:29.630   211   305 I DUSS&63[sys_up_status_push_threa:1004]:: +++++++ Sending upgrade status for datacopy_stage: status=0, progress=50
04-06 18:26:29.795   211  4312 E DUSS&63[sys_p1_check_tcp_connect:5381]:: can not reach peer, result=-1002, retry_count=2
04-06 18:26:30.795   211  4312 E DUSS&63[sys_p1_check_tcp_connect:5381]:: can not reach peer, result=-1002, retry_count=3
04-06 18:26:31.406   211   306 E DUSS&63[sys_p1_disable_motor_run:4285]:: set motor work status error: -1002
04-06 18:26:31.631   211   305 I DUSS&63[sys_up_status_push_threa:1004]:: +++++++ Sending upgrade status for datacopy_stage: status=0, progress=50
04-06 18:26:31.796   211  4312 E DUSS&63[sys_p1_check_tcp_connect:5381]:: can not reach peer, result=-1002, retry_count=4
04-06 18:26:32.243   211  4312 I DUSS&63[sys_up_datacopy_upgrade_:7097]:: can reach p1 peer by tcp after revert back
04-06 18:26:33.631   211   305 I DUSS&63[sys_up_status_push_threa:1004]:: +++++++ Sending upgrade status for datacopy_stage: status=0, progress=50
04-06 18:26:34.243   211  4312 I DUSS&63[sys_upgrade_transfer_com:2657]:: Send transfer complete message to p1_uav, len = 17, timeout = 20000000
04-06 18:26:34.424   211  4312 I DUSS&63[sys_upgrade_transfer_com:2686]:: resp_msg->msg_buf[0] = 0xf7
04-06 18:26:34.424   211  4312 I DUSS&63[sys_upgrade_transfer_com:2711]:: need to listen hw's status. up_type=8
04-06 18:26:34.770   211  4312 I DUSS&63[ sys_upgrade_wait_finish:2490]:: datacopy stage: status 0, progress 1
04-06 18:26:34.770   211  4312 I DUSS&63[sys_up_datacopy_push_sta:6617]:: Push to 0x200 for module 0x801, progress: 1 total_progress 50, stop_pushing=0
04-06 18:26:34.770   211   305 I DUSS&63[sys_up_status_push_threa:1004]:: +++++++ Sending upgrade status for datacopy_stage: status=0, progress=50
04-06 18:26:35.767   211  4312 I DUSS&63[ sys_upgrade_wait_finish:2490]:: datacopy stage: status 0, progress 1
04-06 18:26:35.767   211  4312 I DUSS&63[sys_up_datacopy_push_sta:6617]:: Push to 0x200 for module 0x801, progress: 1 total_progress 50, stop_pushing=0
04-06 18:26:35.767   211   305 I DUSS&63[sys_up_status_push_threa:1004]:: +++++++ Sending upgrade status for datacopy_stage: status=0, progress=50
04-06 18:26:36.767   211  4312 I DUSS&63[ sys_upgrade_wait_finish:2490]:: datacopy stage: status 0, progress 7
04-06 18:26:36.767   211  4312 I DUSS&63[sys_up_datacopy_push_sta:6617]:: Push to 0x200 for module 0x801, progress: 7 total_progress 53, stop_pushing=0
04-06 18:26:36.767   211   305 I DUSS&63[sys_up_status_push_threa:1004]:: +++++++ Sending upgrade status for datacopy_stage: status=0, progress=53
04-06 18:26:37.042   211  4312 I DUSS&63[ sys_upgrade_wait_finish:2490]:: datacopy stage: status 0, progress 95
04-06 18:26:37.042   211  4312 I DUSS&63[sys_up_datacopy_push_sta:6617]:: Push to 0x200 for module 0x801, progress: 95 total_progress 97, stop_pushing=0
04-06 18:26:37.042   211   305 I DUSS&63[sys_up_status_push_threa:1004]:: +++++++ Sending upgrade status for datacopy_stage: status=0, progress=97
04-06 18:26:38.126   211   301 W DUSS&63[       tcp_async_connect: 311]:: [sys]EINPROGRESS in connect() - selecting,addr=192.168.41.3
04-06 18:26:39.043   211  4312 I DUSS&63[ sys_upgrade_wait_finish:2431]:: p1_uav: duss_osal_msgq_receive timeout
04-06 18:26:39.043   211   305 I DUSS&63[sys_up_status_push_threa:1004]:: +++++++ Sending upgrade status for datacopy_stage: status=0, progress=97
