10-10 13:33:44.913   227 13320 I DUSS&63[        sys_p1_parse_cfg: 164]:: module id: 1200
10-10 13:33:44.913   227 13320 I DUSS&63[        sys_p1_parse_cfg: 167]:: module version: 01.01.00.72
10-10 13:33:44.913   227 13320 I DUSS&63[        sys_p1_parse_cfg: 170]:: hardware version: es02
10-10 13:33:44.913   227 13320 I DUSS&63[        sys_p1_parse_cfg: 175]:: module file_name = wm220_1200_v01.01.00.72_20180515_es02.pro.fw.sig
10-10 13:33:44.913   227 13320 I DUSS&63[        sys_p1_parse_cfg: 190]:: md5: 0d033c910c37ed7c323739db04633325
10-10 13:33:44.915   227 13320 I DUSS&63[      sys_p1_add_up_file:2490]:: get hw_ver[ES02] from file /data/ftp/upgrade/upgrade/signimgs//wm220_1200_v01.01.00.72_20180515_es02.pro.fw.sig
10-10 13:33:44.915   227 13320 I DUSS&63[      sys_p1_add_up_file:2528]:: can not find hw for up file: 12:0:/data/ftp/upgrade/upgrade/signimgs//wm220_1200_v01.01.00.72_20180515_es02.pro.fw.sig
10-10 13:33:44.915   227 13320 I DUSS&63[      sys_p1_add_up_file:2535]:: this is gnd, module should be on uav or glass, go on...
10-10 13:33:44.915   227 13320 I DUSS&63[      sys_p1_add_up_file:2587]:: parse file ok, id 12, index 0, ver: 1.1.0.72
10-10 13:33:44.915   227 13320 I DUSS&63[      sys_p1_add_up_file:2589]:: sign file name: /data/ftp/upgrade/upgrade/signimgs//wm220_1200_v01.01.00.72_20180515_es02.pro.fw.sig, file_size=28448
10-10 13:33:44.915   227 13320 I DUSS&63[        sys_p1_parse_cfg: 164]:: module id: 1201
10-10 13:33:44.915   227 13320 I DUSS&63[        sys_p1_parse_cfg: 167]:: module version: 01.10.00.00
10-10 13:33:44.915   227 13320 I DUSS&63[        sys_p1_parse_cfg: 170]:: hardware version: 
10-10 13:33:44.915   227 13320 I DUSS&63[        sys_p1_parse_cfg: 175]:: module file_name = wm220_1201_v01.10.00.00_20170731.pro.fw.sig
10-10 13:33:44.915   227 13320 I DUSS&63[        sys_p1_parse_cfg: 190]:: md5: a9b1cdc88a27e45043b9d7c8ff3f746c
10-10 13:33:44.917   227 13320 I DUSS&63[      sys_p1_add_up_file:2490]:: get hw_ver[NULL] from file /data/ftp/upgrade/upgrade/signimgs//wm220_1201_v01.10.00.00_20170731.pro.fw.sig
10-10 13:33:44.917   227 13320 I DUSS&63[      sys_p1_add_up_file:2528]:: can not find hw for up file: 12:1:/data/ftp/upgrade/upgrade/signimgs//wm220_1201_v01.10.00.00_20170731.pro.fw.sig
10-10 13:33:44.917   227 13320 I DUSS&63[      sys_p1_add_up_file:2535]:: this is gnd, module should be on uav or glass, go on...
10-10 13:33:44.917   227 13320 I DUSS&63[      sys_p1_add_up_file:2587]:: parse file ok, id 12, index 1, ver: 1.10.0.0
10-10 13:33:44.917   227 13320 I DUSS&63[      sys_p1_add_up_file:2589]:: sign file name: /data/ftp/upgrade/upgrade/signimgs//wm220_1201_v01.10.00.00_20170731.pro.fw.sig, file_size=20768
10-10 13:33:44.917   227 13320 I DUSS&63[        sys_p1_parse_cfg: 164]:: module id: 1202
10-10 13:33:44.917   227 13320 I DUSS&63[        sys_p1_parse_cfg: 167]:: module version: 01.10.00.00
10-10 13:33:44.917   227 13320 I DUSS&63[        sys_p1_parse_cfg: 170]:: hardware version: 
10-10 13:33:44.917   227 13320 I DUSS&63[        sys_p1_parse_cfg: 175]:: module file_name = wm220_1202_v01.10.00.00_20170731.pro.fw.sig
10-10 13:33:44.917   227 13320 I DUSS&63[        sys_p1_parse_cfg: 190]:: md5: aee885a50cd64d2c39f2a8bd798f7c87
10-10 13:33:44.919   227 13320 I DUSS&63[      sys_p1_add_up_file:2490]:: get hw_ver[NULL] from file /data/ftp/upgrade/upgrade/signimgs//wm220_1202_v01.10.00.00_20170731.pro.fw.sig
10-10 13:33:44.919   227 13320 I DUSS&63[      sys_p1_add_up_file:2528]:: can not find hw for up file: 12:2:/data/ftp/upgrade/upgrade/signimgs//wm220_1202_v01.10.00.00_20170731.pro.fw.sig
10-10 13:33:44.919   227 13320 I DUSS&63[      sys_p1_add_up_file:2535]:: this is gnd, module should be on uav or glass, go on...
10-10 13:33:44.919   227 13320 I DUSS&63[      sys_p1_add_up_file:2587]:: parse file ok, id 12, index 2, ver: 1.10.0.0
10-10 13:33:44.919   227 13320 I DUSS&63[      sys_p1_add_up_file:2589]:: sign file name: /data/ftp/upgrade/upgrade/signimgs//wm220_1202_v01.10.00.00_20170731.pro.fw.sig, file_size=20768
10-10 13:33:44.919   227 13320 I DUSS&63[        sys_p1_parse_cfg: 164]:: module id: 1203
10-10 13:33:44.919   227 13320 I DUSS&63[        sys_p1_parse_cfg: 167]:: module version: 01.10.00.00
10-10 13:33:44.919   227 13320 I DUSS&63[        sys_p1_parse_cfg: 170]:: hardware version: 
10-10 13:33:44.919   227 13320 I DUSS&63[        sys_p1_parse_cfg: 175]:: module file_name = wm220_1203_v01.10.00.00_20170731.pro.fw.sig
10-10 13:33:44.919   227 13320 I DUSS&63[        sys_p1_parse_cfg: 190]:: md5: dc75d5b7d9d13671cfd87c1393c14299
10-10 13:33:44.920   227 13320 I DUSS&63[      sys_p1_add_up_file:2490]:: get hw_ver[NULL] from file /data/ftp/upgrade/upgrade/signimgs//wm220_1203_v01.10.00.00_20170731.pro.fw.sig
10-10 13:33:44.920   227 13320 I DUSS&63[      sys_p1_add_up_file:2528]:: can not find hw for up file: 12:3:/data/ftp/upgrade/upgrade/signimgs//wm220_1203_v01.10.00.00_20170731.pro.fw.sig
10-10 13:33:44.920   227 13320 I DUSS&63[      sys_p1_add_up_file:2535]:: this is gnd, module should be on uav or glass, go on...
10-10 13:33:44.920   227 13320 I DUSS&63[      sys_p1_add_up_file:2587]:: parse file ok, id 12, index 3, ver: 1.10.0.0
10-10 13:33:44.921   227 13320 I DUSS&63[      sys_p1_add_up_file:2589]:: sign file name: /data/ftp/upgrade/upgrade/signimgs//wm220_1203_v01.10.00.00_20170731.pro.fw.sig, file_size=20768
10-10 13:33:44.921   227 13320 I DUSS&63[        sys_p1_parse_cfg: 164]:: module id: 0802
10-10 13:33:44.921   227 13320 I DUSS&63[        sys_p1_parse_cfg: 167]:: module version: 01.01.00.02
10-10 13:33:44.921   227 13320 I DUSS&63[        sys_p1_parse_cfg: 170]:: hardware version: 
10-10 13:33:44.921   227 13320 I DUSS&63[        sys_p1_parse_cfg: 175]:: module file_name = wm220_0802_v01.01.00.02_20170729.pro.fw.sig
10-10 13:33:44.921   227 13320 I DUSS&63[        sys_p1_parse_cfg: 190]:: md5: 0af750cb7d8fad843512e2009967af8e
10-10 13:33:45.089   227 13320 I DUSS&63[      sys_p1_add_up_file:2490]:: get hw_ver[NULL] from file /data/ftp/upgrade/upgrade/signimgs//wm220_0802_v01.01.00.02_20170729.pro.fw.sig
10-10 13:33:45.089   227 13320 I DUSS&63[      sys_p1_add_up_file:2528]:: can not find hw for up file: 8:2:/data/ftp/upgrade/upgrade/signimgs//wm220_0802_v01.01.00.02_20170729.pro.fw.sig
10-10 13:33:45.089   227 13320 I DUSS&63[      sys_p1_add_up_file:2535]:: this is gnd, module should be on uav or glass, go on...
10-10 13:33:45.089   227 13320 I DUSS&63[      sys_p1_add_up_file:2587]:: parse file ok, id 8, index 2, ver: 1.1.0.2
10-10 13:33:45.089   227 13320 I DUSS&63[      sys_p1_add_up_file:2589]:: sign file name: /data/ftp/upgrade/upgrade/signimgs//wm220_0802_v01.01.00.02_20170729.pro.fw.sig, file_size=5320352
10-10 13:33:45.089   227 13320 I DUSS&63[        sys_p1_parse_cfg: 164]:: module id: 0805
10-10 13:33:45.089   227 13320 I DUSS&63[        sys_p1_parse_cfg: 167]:: module version: 01.04.00.99
10-10 13:33:45.089   227 13320 I DUSS&63[        sys_p1_parse_cfg: 170]:: hardware version: 
10-10 13:33:45.089   227 13320 I DUSS&63[        sys_p1_parse_cfg: 175]:: module file_name = wm220_0805_v01.04.00.99_20180601.pro.fw.sig
10-10 13:33:45.089   227 13320 I DUSS&63[        sys_p1_parse_cfg: 190]:: md5: 53068e476b68973b8ebb040650f68969
10-10 13:33:45.187   227 13320 I DUSS&63[      sys_p1_add_up_file:2490]:: get hw_ver[NULL] from file /data/ftp/upgrade/upgrade/signimgs//wm220_0805_v01.04.00.99_20180601.pro.fw.sig
10-10 13:33:45.187   227 13320 I DUSS&63[      sys_p1_add_up_file:2528]:: can not find hw for up file: 8:5:/data/ftp/upgrade/upgrade/signimgs//wm220_0805_v01.04.00.99_20180601.pro.fw.sig
10-10 13:33:45.187   227 13320 I DUSS&63[      sys_p1_add_up_file:2535]:: this is gnd, module should be on uav or glass, go on...
10-10 13:33:45.187   227 13320 I DUSS&63[      sys_p1_add_up_file:2587]:: parse file ok, id 8, index 5, ver: 1.4.0.99
10-10 13:33:45.188   227 13320 I DUSS&63[      sys_p1_add_up_file:2589]:: sign file name: /data/ftp/upgrade/upgrade/signimgs//wm220_0805_v01.04.00.99_20180601.pro.fw.sig, file_size=2611680
10-10 13:33:45.188   227 13320 I DUSS&63[        sys_p1_parse_cfg: 164]:: module id: 1407
10-10 13:33:45.188   227 13320 I DUSS&63[        sys_p1_parse_cfg: 167]:: module version: 47.26.02.18
10-10 13:33:45.188   227 13320 I DUSS&63[        sys_p1_parse_cfg: 170]:: hardware version: 
10-10 13:33:45.188   227 13320 I DUSS&63[        sys_p1_parse_cfg: 175]:: module file_name = wm220_1407_v47.26.02.18_20170801.pro.fw.sig
10-10 13:33:45.188   227 13320 I DUSS&63[        sys_p1_parse_cfg: 190]:: md5: f2926564352775e9b8396d477b71511d
10-10 13:33:45.328   227 13320 I DUSS&63[      sys_p1_add_up_file:2490]:: get hw_ver[NULL] from file /data/ftp/upgrade/upgrade/signimgs//wm220_1407_v47.26.02.18_20170801.pro.fw.sig
10-10 13:33:45.329   227 13320 I DUSS&63[      sys_p1_add_up_file:2587]:: parse file ok, id 14, index 7, ver: 47.26.2.18
10-10 13:33:45.329   227 13320 I DUSS&63[      sys_p1_add_up_file:2589]:: sign file name: /data/ftp/upgrade/upgrade/signimgs//wm220_1407_v47.26.02.18_20170801.pro.fw.sig, file_size=4238080
10-10 13:33:45.329   227 13320 I DUSS&63[        sys_p1_parse_cfg: 164]:: module id: 0600
10-10 13:33:45.329   227 13320 I DUSS&63[        sys_p1_parse_cfg: 167]:: module version: 00.00.01.28
10-10 13:33:45.329   227 13320 I DUSS&63[        sys_p1_parse_cfg: 170]:: hardware version: 
10-10 13:33:45.329   227 13320 I DUSS&63[        sys_p1_parse_cfg: 175]:: module file_name = wm220_0600_v00.00.01.28_20170727.pro.fw.sig
10-10 13:33:45.329   227 13320 I DUSS&63[        sys_p1_parse_cfg: 190]:: md5: fe1b38c4546c0c71ab6d10656d466b92
10-10 13:33:45.331   227 13320 I DUSS&63[      sys_p1_add_up_file:2490]:: get hw_ver[NULL] from file /data/ftp/upgrade/upgrade/signimgs//wm220_0600_v00.00.01.28_20170727.pro.fw.sig
10-10 13:33:45.331   227 13320 I DUSS&63[      sys_p1_add_up_file:2587]:: parse file ok, id 6, index 0, ver: 0.0.1.28
10-10 13:33:45.331   227 13320 I DUSS&63[      sys_p1_add_up_file:2589]:: sign file name: /data/ftp/upgrade/upgrade/signimgs//wm220_0600_v00.00.01.28_20170727.pro.fw.sig, file_size=38944
10-10 13:33:45.331   227 13320 I DUSS&63[        sys_p1_parse_cfg: 164]:: module id: 1301
10-10 13:33:45.331   227 13320 I DUSS&63[        sys_p1_parse_cfg: 167]:: module version: 01.06.00.46
10-10 13:33:45.331   227 13320 I DUSS&63[        sys_p1_parse_cfg: 170]:: hardware version: 
10-10 13:33:45.331   227 13320 I DUSS&63[        sys_p1_parse_cfg: 175]:: module file_name = wm220_1301_v01.06.00.46_20180613.pro.fw.sig
10-10 13:33:45.331   227 13320 I DUSS&63[        sys_p1_parse_cfg: 190]:: md5: 35c23ab6150c7f450a984b9af63e315a
10-10 13:33:46.175   227 13320 I DUSS&63[      sys_p1_add_up_file:2490]:: get hw_ver[NULL] from file /data/ftp/upgrade/upgrade/signimgs//wm220_1301_v01.06.00.46_20180613.pro.fw.sig
10-10 13:33:46.175   227 13320 I DUSS&63[      sys_p1_add_up_file:2587]:: parse file ok, id 13, index 1, ver: 1.6.0.46
10-10 13:33:46.175   227 13320 I DUSS&63[      sys_p1_add_up_file:2589]:: sign file name: /data/ftp/upgrade/upgrade/signimgs//wm220_1301_v01.06.00.46_20180613.pro.fw.sig, file_size=25756960
10-10 13:33:46.175   227 13320 I DUSS&63[        sys_p1_parse_cfg: 164]:: module id: 2807
10-10 13:33:46.175   227 13320 I DUSS&63[        sys_p1_parse_cfg: 167]:: module version: 34.93.04.07
10-10 13:33:46.175   227 13320 I DUSS&63[        sys_p1_parse_cfg: 170]:: hardware version: 
10-10 13:33:46.175   227 13320 I DUSS&63[        sys_p1_parse_cfg: 175]:: module file_name = wm220_2807_v34.93.04.07_20180820.pro.fw.sig
10-10 13:33:46.175   227 13320 I DUSS&63[        sys_p1_parse_cfg: 180]:: /data/ftp/upgrade/upgrade/signimgs//wm220_2807_v34.93.04.07_20180820.pro.fw.sig not exists
10-10 13:33:46.175   227 13320 I DUSS&63[   sys_p1_can_be_skipped:  73]:: Can skip for dev_id 28, dev_index 7
10-10 13:33:46.175   227 13320 I DUSS&63[        sys_p1_parse_cfg: 164]:: module id: 0601
10-10 13:33:46.175   227 13320 I DUSS&63[        sys_p1_parse_cfg: 167]:: module version: 00.00.03.06
10-10 13:33:46.175   227 13320 I DUSS&63[        sys_p1_parse_cfg: 170]:: hardware version: 
10-10 13:33:46.175   227 13320 I DUSS&63[        sys_p1_parse_cfg: 175]:: module file_name = wm220_0601_v00.00.03.06_20170528.pro.fw.sig
10-10 13:33:46.175   227 13320 I DUSS&63[        sys_p1_parse_cfg: 180]:: /data/ftp/upgrade/upgrade/signimgs//wm220_0601_v00.00.03.06_20170528.pro.fw.sig not exists
10-10 13:33:46.175   227 13320 I DUSS&63[   sys_p1_can_be_skipped:  73]:: Can skip for dev_id 6, dev_index 1
10-10 13:33:46.175   227 13320 I DUSS&63[        sys_p1_parse_cfg: 164]:: module id: 0603
10-10 13:33:46.175   227 13320 I DUSS&63[        sys_p1_parse_cfg: 167]:: module version: 00.00.06.09
10-10 13:33:46.175   227 13320 I DUSS&63[        sys_p1_parse_cfg: 170]:: hardware version: 
10-10 13:33:46.175   227 13320 I DUSS&63[        sys_p1_parse_cfg: 175]:: module file_name = wm220_0603_v00.00.06.09_20170728.pro.fw.sig
10-10 13:33:46.175   227 13320 I DUSS&63[        sys_p1_parse_cfg: 180]:: /data/ftp/upgrade/upgrade/signimgs//wm220_0603_v00.00.06.09_20170728.pro.fw.sig not exists
10-10 13:33:46.175   227 13320 I DUSS&63[   sys_p1_can_be_skipped:  73]:: Can skip for dev_id 6, dev_index 3
10-10 13:33:46.175   227 13320 I DUSS&63[        sys_p1_parse_cfg: 164]:: module id: 2801
10-10 13:33:46.175   227 13320 I DUSS&63[        sys_p1_parse_cfg: 167]:: module version: 01.04.01.29
10-10 13:33:46.175   227 13320 I DUSS&63[        sys_p1_parse_cfg: 170]:: hardware version: 
10-10 13:33:46.175   227 13320 I DUSS&63[        sys_p1_parse_cfg: 175]:: module file_name = wm220_2801_v01.04.01.29_20180903.pro.fw.sig
10-10 13:33:46.176   227 13320 I DUSS&63[        sys_p1_parse_cfg: 180]:: /data/ftp/upgrade/upgrade/signimgs//wm220_2801_v01.04.01.29_20180903.pro.fw.sig not exists
10-10 13:33:46.176   227 13320 I DUSS&63[   sys_p1_can_be_skipped:  73]:: Can skip for dev_id 28, dev_index 1
10-10 13:33:46.176   227 13320 I DUSS&63[        sys_p1_parse_cfg: 164]:: module id: 2803
10-10 13:33:46.176   227 13320 I DUSS&63[        sys_p1_parse_cfg: 167]:: module version: 00.00.03.07
10-10 13:33:46.176   227 13320 I DUSS&63[        sys_p1_parse_cfg: 170]:: hardware version: 
10-10 13:33:46.176   227 13320 I DUSS&63[        sys_p1_parse_cfg: 175]:: module file_name = wm220_2803_v00.00.03.07_20170228.pro.fw.sig
10-10 13:33:46.176   227 13320 I DUSS&63[        sys_p1_parse_cfg: 180]:: /data/ftp/upgrade/upgrade/signimgs//wm220_2803_v00.00.03.07_20170228.pro.fw.sig not exists
10-10 13:33:46.176   227 13320 I DUSS&63[   sys_p1_can_be_skipped:  73]:: Can skip for dev_id 28, dev_index 3
10-10 13:33:46.176   227 13320 I DUSS&63[        sys_p1_parse_cfg: 164]:: module id: 2803
10-10 13:33:46.176   227 13320 I DUSS&63[        sys_p1_parse_cfg: 167]:: module version: 00.00.03.08
10-10 13:33:46.176   227 13320 I DUSS&63[        sys_p1_parse_cfg: 170]:: hardware version: cd01
10-10 13:33:46.176   227 13320 I DUSS&63[        sys_p1_parse_cfg: 175]:: module file_name = wm220_2803_v00.00.03.08_20170302_cd01.pro.fw.sig
10-10 13:33:46.176   227 13320 I DUSS&63[        sys_p1_parse_cfg: 180]:: /data/ftp/upgrade/upgrade/signimgs//wm220_2803_v00.00.03.08_20170302_cd01.pro.fw.sig not exists
10-10 13:33:46.176   227 13320 I DUSS&63[   sys_p1_can_be_skipped:  73]:: Can skip for dev_id 28, dev_index 3
10-10 13:33:46.176   227 13320 I DUSS&63[        sys_p1_parse_cfg: 164]:: module id: 2803
10-10 13:33:46.176   227 13320 I DUSS&63[        sys_p1_parse_cfg: 167]:: module version: 00.00.03.08
10-10 13:33:46.176   227 13320 I DUSS&63[        sys_p1_parse_cfg: 170]:: hardware version: cd02
10-10 13:33:46.176   227 13320 I DUSS&63[        sys_p1_parse_cfg: 175]:: module file_name = wm220_2803_v00.00.03.08_20170302_cd02.pro.fw.sig
10-10 13:33:46.176   227 13320 I DUSS&63[        sys_p1_parse_cfg: 180]:: /data/ftp/upgrade/upgrade/signimgs//wm220_2803_v00.00.03.08_20170302_cd02.pro.fw.sig not exists
10-10 13:33:46.176   227 13320 I DUSS&63[   sys_p1_can_be_skipped:  73]:: Can skip for dev_id 28, dev_index 3
10-10 13:33:46.176   227 13320 I DUSS&63[        sys_p1_parse_cfg: 164]:: module id: 2803
10-10 13:33:46.176   227 13320 I DUSS&63[        sys_p1_parse_cfg: 167]:: module version: 00.00.04.08
10-10 13:33:46.176   227 13320 I DUSS&63[        sys_p1_parse_cfg: 170]:: hardware version: cd03
10-10 13:33:46.176   227 13320 I DUSS&63[        sys_p1_parse_cfg: 175]:: module file_name = wm220_2803_v00.00.04.08_20170828_cd03.pro.fw.sig
10-10 13:33:46.176   227 13320 I DUSS&63[        sys_p1_parse_cfg: 180]:: /data/ftp/upgrade/upgrade/signimgs//wm220_2803_v00.00.04.08_20170828_cd03.pro.fw.sig not exists
10-10 13:33:46.176   227 13320 I DUSS&63[   sys_p1_can_be_skipped:  73]:: Can skip for dev_id 28, dev_index 3
10-10 13:33:46.176   227 13320 I DUSS&63[        sys_p1_parse_cfg: 164]:: module id: 0905
10-10 13:33:46.176   227 13320 I DUSS&63[        sys_p1_parse_cfg: 167]:: module version: 01.00.01.07
10-10 13:33:46.176   227 13320 I DUSS&63[        sys_p1_parse_cfg: 170]:: hardware version: 
10-10 13:33:46.176   227 13320 I DUSS&63[        sys_p1_parse_cfg: 175]:: module file_name = wm220_0905_v01.00.01.07_20170929.pro.fw.sig
10-10 13:33:46.176   227 13320 I DUSS&63[        sys_p1_parse_cfg: 190]:: md5: f342cb229279439e40b9d582e3ef6073
10-10 13:33:46.285   227 13320 I DUSS&63[      sys_p1_add_up_file:2490]:: get hw_ver[NULL] from file /data/ftp/upgrade/upgrade/signimgs//wm220_0905_v01.00.01.07_20170929.pro.fw.sig
10-10 13:33:46.285   227 13320 I DUSS&63[      sys_p1_add_up_file:2528]:: can not find hw for up file: 9:5:/data/ftp/upgrade/upgrade/signimgs//wm220_0905_v01.00.01.07_20170929.pro.fw.sig
10-10 13:33:46.285   227 13320 I DUSS&63[      sys_p1_add_up_file:2535]:: this is gnd, module should be on uav or glass, go on...
10-10 13:33:46.285   227 13320 I DUSS&63[      sys_p1_add_up_file:2587]:: parse file ok, id 9, index 5, ver: 1.0.1.7
10-10 13:33:46.285   227 13320 I DUSS&63[      sys_p1_add_up_file:2589]:: sign file name: /data/ftp/upgrade/upgrade/signimgs//wm220_0905_v01.00.01.07_20170929.pro.fw.sig, file_size=3144160
10-10 13:33:46.286   227 13320 I DUSS&63[sys_p1_get_filelist_from:4030]:: dev id in cfg file: wm220, hw_str: WM220 RC
10-10 13:33:46.286   227 13320 I DUSS&63[sys_p1_get_filelist_from:4038]:: +++ p1->up_file_cnt = 23, p1_first=0
10-10 13:33:46.303   227 13320 I DUSS&63[sys_p1_get_filelist_from:4050]:: got signed cfg file: /vendor/cfg/wm220_ac_fw_v01_04_0500.cfg.sig
10-10 13:33:46.361   227 13320 I DUSS&63[       sys_p1_unsign_img:1960]:: verify results: passed to verify image /vendor/cfg/wm220_ac_fw_v01_04_0500.cfg.sig
10-10 13:33:46.362   227 13320 I DUSS&63[       sys_p1_unsign_img:1968]:: dji_verify -n 0000 -o /cache/upgrade/unsignimgs/wm330_0000_curr.xml '/vendor/cfg/wm220_ac_fw_v01_04_0500.cfg.sig' exit status 0, return 0
10-10 13:33:46.362   227 13320 I DUSS&63[       sys_p1_unsign_img:1976]:: dji_verify -n 0000 -o /cache/upgrade/unsignimgs/wm330_0000_curr.xml '/vendor/cfg/wm220_ac_fw_v01_04_0500.cfg.sig' success.
10-10 13:33:46.365   227 13320 I DUSS&63[        sys_p1_parse_cfg:  97]:: root name: dji
10-10 13:33:46.365   227 13320 I DUSS&63[        sys_p1_parse_cfg: 100]:: child name: device
10-10 13:33:46.365   227 13320 I DUSS&63[        sys_p1_parse_cfg: 106]:: get device_id wm220 from xml
10-10 13:33:46.365   227 13320 I DUSS&63[        sys_p1_parse_cfg: 116]:: formal = 01.04.0500
10-10 13:33:46.365   227 13320 I DUSS&63[        sys_p1_parse_cfg: 129]:: release version = 01.04.0500
10-10 13:33:46.365   227 13320 I DUSS&63[        sys_p1_parse_cfg: 135]:: parsed version:1.4.500
10-10 13:33:46.365   227 13320 I DUSS&63[        sys_p1_parse_cfg: 138]:: anti rool back = 3
10-10 13:33:46.365   227 13320 I DUSS&63[        sys_p1_parse_cfg: 143]:: from = 2018/09/03
10-10 13:33:46.365   227 13320 I DUSS&63[        sys_p1_parse_cfg: 150]:: expire = 2019/09/03
10-10 13:33:46.365   227 13320 I DUSS&63[     sys_p1_verify_image:4142]:: file parse result: up_file_cnt=23, uav_img_cnt=20, gnd_img_cnt=3, gls_img_cnt=0
10-10 13:33:46.365   227 13320 I DUSS&63[     sys_p1_verify_image:4194]:: ++++ id_idx = 0907, unsign_file_name /cache/upgrade/unsignimgs//wm220_0907_v47.26.02.18_20170801.pro.fw
10-10 13:33:46.427   227   315 I DUSS&63[sys_up_status_push_threa: 993]:: +++++++ Sending upgrade status for upgrading_stage, len: 11, app_host=0x200, mod_id=0x2d (13.01), status 1, progress: 0, total_progress: 7
10-10 13:33:46.848   227 13320 I DUSS&63[       sys_p1_unsign_img:1960]:: verify results: passed to verify image /data/ftp/upgrade/upgrade/signimgs//wm220_0907_v47.26.02.18_20170801.pro.fw.sig
10-10 13:33:46.849   227 13320 I DUSS&63[       sys_p1_unsign_img:1968]:: dji_verify -n 0907 -o /cache/upgrade/unsignimgs//wm220_0907_v47.26.02.18_20170801.pro.fw '/data/ftp/upgrade/upgrade/signimgs//wm220_0907_v47.26.02.18_20170801.pro.fw.sig' exit status 0, return 0
10-10 13:33:46.849   227 13320 I DUSS&63[       sys_p1_unsign_img:1976]:: dji_verify -n 0907 -o /cache/upgrade/unsignimgs//wm220_0907_v47.26.02.18_20170801.pro.fw '/data/ftp/upgrade/upgrade/signimgs//wm220_0907_v47.26.02.18_20170801.pro.fw.sig' success.
10-10 13:33:46.939   227 13320 I DUSS&63[     sys_p1_verify_image:4227]:: deleted file /cache/upgrade/unsignimgs//wm220_0907_v47.26.02.18_20170801.pro.fw on gnd
10-10 13:33:46.939   227 13320 I DUSS&63[     sys_p1_verify_image:4194]:: ++++ id_idx = 0305, unsign_file_name /cache/upgrade/unsignimgs//wm220_0305_v34.04.00.24_20170726.pro.fw
10-10 13:33:47.007   227 13320 I DUSS&63[       sys_p1_unsign_img:1960]:: verify results: passed to verify image /data/ftp/upgrade/upgrade/signimgs//wm220_0305_v34.04.00.24_20170726.pro.fw.sig
10-10 13:33:47.009   227 13320 I DUSS&63[       sys_p1_unsign_img:1968]:: dji_verify -n 0305 -o /cache/upgrade/unsignimgs//wm220_0305_v34.04.00.24_20170726.pro.fw '/data/ftp/upgrade/upgrade/signimgs//wm220_0305_v34.04.00.24_20170726.pro.fw.sig' exit status 0, return 0
10-10 13:33:47.009   227 13320 I DUSS&63[       sys_p1_unsign_img:1976]:: dji_verify -n 0305 -o /cache/upgrade/unsignimgs//wm220_0305_v34.04.00.24_20170726.pro.fw '/data/ftp/upgrade/upgrade/signimgs//wm220_0305_v34.04.00.24_20170726.pro.fw.sig' success.
10-10 13:33:47.081   227 13320 I DUSS&63[     sys_p1_verify_image:4227]:: deleted file /cache/upgrade/unsignimgs//wm220_0305_v34.04.00.24_20170726.pro.fw on gnd
10-10 13:33:47.081   227 13320 I DUSS&63[     sys_p1_verify_image:4194]:: ++++ id_idx = 0306, unsign_file_name /cache/upgrade/unsignimgs//wm220_0306_v03.02.44.07_20171116.pro.fw
10-10 13:33:47.124   227   311 W DUSS&63[       tcp_async_connect: 311]:: [sys]EINPROGRESS in connect() - selecting,addr=192.168.41.3
10-10 13:33:47.416   227 13320 I DUSS&63[       sys_p1_unsign_img:1960]:: verify results: passed to verify image /data/ftp/upgrade/upgrade/signimgs//wm220_0306_v03.02.44.07_20171116.pro.fw.sig
10-10 13:33:47.418   227 13320 I DUSS&63[       sys_p1_unsign_img:1968]:: dji_verify -n 0306 -o /cache/upgrade/unsignimgs//wm220_0306_v03.02.44.07_20171116.pro.fw '/data/ftp/upgrade/upgrade/signimgs//wm220_0306_v03.02.44.07_20171116.pro.fw.sig' exit status 0, return 0
10-10 13:33:47.418   227 13320 I DUSS&63[       sys_p1_unsign_img:1976]:: dji_verify -n 0306 -o /cache/upgrade/unsignimgs//wm220_0306_v03.02.44.07_20171116.pro.fw '/data/ftp/upgrade/upgrade/signimgs//wm220_0306_v03.02.44.07_20171116.pro.fw.sig' success.
10-10 13:33:47.426   227 14223 I DUSS&63[sys_p1_up_smooth_push_en:2962]:: smooth pushing status, start=7, end=15, step=1, cur=8, mod_id=0
10-10 13:33:47.426   227 14223 I DUSS&63[sys_p1_push_ongoing_stat:3128]:: Push to 0x200 for module 0xd01, overall upgrade progress: 8 (0:23:0), stop_pushing=0
10-10 13:33:47.426   227   315 I DUSS&63[sys_up_status_push_threa: 993]:: +++++++ Sending upgrade status for upgrading_stage, len: 11, app_host=0x200, mod_id=0x2d (13.01), status 1, progress: 0, total_progress: 8
10-10 13:33:47.487   227 13320 I DUSS&63[     sys_p1_verify_image:4227]:: deleted file /cache/upgrade/unsignimgs//wm220_0306_v03.02.44.07_20171116.pro.fw on gnd
10-10 13:33:47.487   227 13320 I DUSS&63[     sys_p1_verify_image:4194]:: ++++ id_idx = 1100, unsign_file_name /cache/upgrade/unsignimgs//wm220_1100_v01.00.07.32_20170726.pro.fw
10-10 13:33:47.548   227 13320 I DUSS&63[       sys_p1_unsign_img:1960]:: verify results: passed to verify image /data/ftp/upgrade/upgrade/signimgs//wm220_1100_v01.00.07.32_20170726.pro.fw.sig
10-10 13:33:47.549   227 13320 I DUSS&63[       sys_p1_unsign_img:1968]:: dji_verify -n 1100 -o /cache/upgrade/unsignimgs//wm220_1100_v01.00.07.32_20170726.pro.fw '/data/ftp/upgrade/upgrade/signimgs//wm220_1100_v01.00.07.32_20170726.pro.fw.sig' exit status 0, return 0
10-10 13:33:47.549   227 13320 I DUSS&63[       sys_p1_unsign_img:1976]:: dji_verify -n 1100 -o /cache/upgrade/unsignimgs//wm220_1100_v01.00.07.32_20170726.pro.fw '/data/ftp/upgrade/upgrade/signimgs//wm220_1100_v01.00.07.32_20170726.pro.fw.sig' success.
10-10 13:33:47.598   227 13320 I DUSS&63[     sys_p1_verify_image:4227]:: deleted file /cache/upgrade/unsignimgs//wm220_1100_v01.00.07.32_20170726.pro.fw on gnd
10-10 13:33:47.598   227 13320 I DUSS&63[     sys_p1_verify_image:4194]:: ++++ id_idx = 0803, unsign_file_name /cache/upgrade/unsignimgs//wm220_0803_v00.00.04.09_20170728.pro.fw
10-10 13:33:47.663   227 13320 I DUSS&63[       sys_p1_unsign_img:1960]:: verify results: passed to verify image /data/ftp/upgrade/upgrade/signimgs//wm220_0803_v00.00.04.09_20170728.pro.fw.sig
10-10 13:33:47.664   227 13320 I DUSS&63[       sys_p1_unsign_img:1968]:: dji_verify -n 0803 -o /cache/upgrade/unsignimgs//wm220_0803_v00.00.04.09_20170728.pro.fw '/data/ftp/upgrade/upgrade/signimgs//wm220_0803_v00.00.04.09_20170728.pro.fw.sig' exit status 0, return 0
10-10 13:33:47.665   227 13320 I DUSS&63[       sys_p1_unsign_img:1976]:: dji_verify -n 0803 -o /cache/upgrade/unsignimgs//wm220_0803_v00.00.04.09_20170728.pro.fw '/data/ftp/upgrade/upgrade/signimgs//wm220_0803_v00.00.04.09_20170728.pro.fw.sig' success.
10-10 13:33:47.722   227 13320 I DUSS&63[     sys_p1_verify_image:4227]:: deleted file /cache/upgrade/unsignimgs//wm220_0803_v00.00.04.09_20170728.pro.fw on gnd
10-10 13:33:47.722   227 13320 I DUSS&63[     sys_p1_verify_image:4194]:: ++++ id_idx = 0100, unsign_file_name /cache/upgrade/unsignimgs//wm220_0100_v02.08.56.68_20180122.pro.fw
10-10 13:33:48.125   227   311 W DUSS&63[       tcp_async_connect: 334]:: [sys]Timeout in select() - Cancelling, addr=192.168.41.3
10-10 13:33:49.427   227   315 I DUSS&63[sys_up_status_push_threa: 993]:: +++++++ Sending upgrade status for upgrading_stage, len: 11, app_host=0x200, mod_id=0x2d (13.01), status 1, progress: 0, total_progress: 8
10-10 13:33:50.426   227 14223 I DUSS&63[sys_p1_up_smooth_push_en:2962]:: smooth pushing status, start=7, end=15, step=1, cur=9, mod_id=0
10-10 13:33:50.426   227 14223 I DUSS&63[sys_p1_push_ongoing_stat:3128]:: Push to 0x200 for module 0xd01, overall upgrade progress: 9 (0:23:0), stop_pushing=0
10-10 13:33:50.426   227   315 I DUSS&63[sys_up_status_push_threa: 993]:: +++++++ Sending upgrade status for upgrading_stage, len: 11, app_host=0x200, mod_id=0x2d (13.01), status 1, progress: 0, total_progress: 9
10-10 13:33:50.690   227 13320 I DUSS&63[       sys_p1_unsign_img:1960]:: verify results: passed to verify image /data/ftp/upgrade/upgrade/signimgs//wm220_0100_v02.08.56.68_20180122.pro.fw.sig
10-10 13:33:50.692   227 13320 I DUSS&63[       sys_p1_unsign_img:1968]:: dji_verify -n 0100 -o /cache/upgrade/unsignimgs//wm220_0100_v02.08.56.68_20180122.pro.fw '/data/ftp/upgrade/upgrade/signimgs//wm220_0100_v02.08.56.68_20180122.pro.fw.sig' exit status 0, return 0
10-10 13:33:50.692   227 13320 I DUSS&63[       sys_p1_unsign_img:1976]:: dji_verify -n 0100 -o /cache/upgrade/unsignimgs//wm220_0100_v02.08.56.68_20180122.pro.fw '/data/ftp/upgrade/upgrade/signimgs//wm220_0100_v02.08.56.68_20180122.pro.fw.sig' success.
10-10 13:33:50.940   227 13320 I DUSS&63[     sys_p1_verify_image:4227]:: deleted file /cache/upgrade/unsignimgs//wm220_0100_v02.08.56.68_20180122.pro.fw on gnd
10-10 13:33:50.940   227 13320 I DUSS&63[     sys_p1_verify_image:4194]:: ++++ id_idx = 0100, unsign_file_name /cache/upgrade/unsignimgs//wm220_0100_v02.10.05.19_20180122_ca02.pro.fw
10-10 13:33:52.428   227   315 I DUSS&63[sys_up_status_push_threa: 993]:: +++++++ Sending upgrade status for upgrading_stage, len: 11, app_host=0x200, mod_id=0x2d (13.01), status 1, progress: 0, total_progress: 9
10-10 13:33:53.426   227 14223 I DUSS&63[sys_p1_up_smooth_push_en:2962]:: smooth pushing status, start=7, end=15, step=1, cur=10, mod_id=0
10-10 13:33:53.426   227 14223 I DUSS&63[sys_p1_push_ongoing_stat:3128]:: Push to 0x200 for module 0xd01, overall upgrade progress: 10 (0:23:0), stop_pushing=0
10-10 13:33:53.426   227   315 I DUSS&63[sys_up_status_push_threa: 993]:: +++++++ Sending upgrade status for upgrading_stage, len: 11, app_host=0x200, mod_id=0x2d (13.01), status 1, progress: 0, total_progress: 10
10-10 13:33:55.427   227   315 I DUSS&63[sys_up_status_push_threa: 993]:: +++++++ Sending upgrade status for upgrading_stage, len: 11, app_host=0x200, mod_id=0x2d (13.01), status 1, progress: 0, total_progress: 10
10-10 13:33:56.426   227 14223 I DUSS&63[sys_p1_up_smooth_push_en:2962]:: smooth pushing status, start=7, end=15, step=1, cur=11, mod_id=0
10-10 13:33:56.426   227 14223 I DUSS&63[sys_p1_push_ongoing_stat:3128]:: Push to 0x200 for module 0xd01, overall upgrade progress: 11 (0:23:0), stop_pushing=0
10-10 13:33:56.426   227   315 I DUSS&63[sys_up_status_push_threa: 993]:: +++++++ Sending upgrade status for upgrading_stage, len: 11, app_host=0x200, mod_id=0x2d (13.01), status 1, progress: 0, total_progress: 11
10-10 13:33:58.427   227   315 I DUSS&63[sys_up_status_push_threa: 993]:: +++++++ Sending upgrade status for upgrading_stage, len: 11, app_host=0x200, mod_id=0x2d (13.01), status 1, progress: 0, total_progress: 11
10-10 13:33:58.428   227 13320 I DUSS&63[       sys_p1_unsign_img:1960]:: verify results: passed to verify image /data/ftp/upgrade/upgrade/signimgs//wm220_0100_v02.10.05.19_20180122_ca02.pro.fw.sig
10-10 13:33:58.430   227 13320 I DUSS&63[       sys_p1_unsign_img:1968]:: dji_verify -n 0100 -o /cache/upgrade/unsignimgs//wm220_0100_v02.10.05.19_20180122_ca02.pro.fw '/data/ftp/upgrade/upgrade/signimgs//wm220_0100_v02.10.05.19_20180122_ca02.pro.fw.sig' exit status 0, return 0
10-10 13:33:58.430   227 13320 I DUSS&63[       sys_p1_unsign_img:1976]:: dji_verify -n 0100 -o /cache/upgrade/unsignimgs//wm220_0100_v02.10.05.19_20180122_ca02.pro.fw '/data/ftp/upgrade/upgrade/signimgs//wm220_0100_v02.10.05.19_20180122_ca02.pro.fw.sig' success.
10-10 13:33:58.581   227 13320 I DUSS&63[     sys_p1_verify_image:4227]:: deleted file /cache/upgrade/unsignimgs//wm220_0100_v02.10.05.19_20180122_ca02.pro.fw on gnd
10-10 13:33:58.581   227 13320 I DUSS&63[     sys_p1_verify_image:4194]:: ++++ id_idx = 0101, unsign_file_name /cache/upgrade/unsignimgs//wm220_0101_v02.08.56.68_20180122.pro.fw
10-10 13:33:58.677   227 13320 I DUSS&63[       sys_p1_unsign_img:1960]:: verify results: passed to verify image /data/ftp/upgrade/upgrade/signimgs//wm220_0101_v02.08.56.68_20180122.pro.fw.sig
10-10 13:33:58.679   227 13320 I DUSS&63[       sys_p1_unsign_img:1968]:: dji_verify -n 0101 -o /cache/upgrade/unsignimgs//wm220_0101_v02.08.56.68_20180122.pro.fw '/data/ftp/upgrade/upgrade/signimgs//wm220_0101_v02.08.56.68_20180122.pro.fw.sig' exit status 0, return 0
10-10 13:33:58.679   227 13320 I DUSS&63[       sys_p1_unsign_img:1976]:: dji_verify -n 0101 -o /cache/upgrade/unsignimgs//wm220_0101_v02.08.56.68_20180122.pro.fw '/data/ftp/upgrade/upgrade/signimgs//wm220_0101_v02.08.56.68_20180122.pro.fw.sig' success.
10-10 13:33:58.746   227 13320 I DUSS&63[     sys_p1_verify_image:4227]:: deleted file /cache/upgrade/unsignimgs//wm220_0101_v02.08.56.68_20180122.pro.fw on gnd
10-10 13:33:58.746   227 13320 I DUSS&63[     sys_p1_verify_image:4194]:: ++++ id_idx = 0101, unsign_file_name /cache/upgrade/unsignimgs//wm220_0101_v02.10.05.19_20180122_ca02.pro.fw
10-10 13:33:58.813   227 13320 I DUSS&63[       sys_p1_unsign_img:1960]:: verify results: passed to verify image /data/ftp/upgrade/upgrade/signimgs//wm220_0101_v02.10.05.19_20180122_ca02.pro.fw.sig
10-10 13:33:58.815   227 13320 I DUSS&63[       sys_p1_unsign_img:1968]:: dji_verify -n 0101 -o /cache/upgrade/unsignimgs//wm220_0101_v02.10.05.19_20180122_ca02.pro.fw '/data/ftp/upgrade/upgrade/signimgs//wm220_0101_v02.10.05.19_20180122_ca02.pro.fw.sig' exit status 0, return 0
10-10 13:33:58.815   227 13320 I DUSS&63[       sys_p1_unsign_img:1976]:: dji_verify -n 0101 -o /cache/upgrade/unsignimgs//wm220_0101_v02.10.05.19_20180122_ca02.pro.fw '/data/ftp/upgrade/upgrade/signimgs//wm220_0101_v02.10.05.19_20180122_ca02.pro.fw.sig' success.
10-10 13:33:58.868   227 13320 I DUSS&63[     sys_p1_verify_image:4227]:: deleted file /cache/upgrade/unsignimgs//wm220_0101_v02.10.05.19_20180122_ca02.pro.fw on gnd
10-10 13:33:58.868   227 13320 I DUSS&63[     sys_p1_verify_image:4194]:: ++++ id_idx = 0400, unsign_file_name /cache/upgrade/unsignimgs//wm220_0400_v01.50.12.10_20170809.pro.fw
10-10 13:33:58.942   227 13320 I DUSS&63[       sys_p1_unsign_img:1960]:: verify results: passed to verify image /data/ftp/upgrade/upgrade/signimgs//wm220_0400_v01.50.12.10_20170809.pro.fw.sig
10-10 13:33:58.943   227 13320 I DUSS&63[       sys_p1_unsign_img:1968]:: dji_verify -n 0400 -o /cache/upgrade/unsignimgs//wm220_0400_v01.50.12.10_20170809.pro.fw '/data/ftp/upgrade/upgrade/signimgs//wm220_0400_v01.50.12.10_20170809.pro.fw.sig' exit status 0, return 0
10-10 13:33:58.943   227 13320 I DUSS&63[       sys_p1_unsign_img:1976]:: dji_verify -n 0400 -o /cache/upgrade/unsignimgs//wm220_0400_v01.50.12.10_20170809.pro.fw '/data/ftp/upgrade/upgrade/signimgs//wm220_0400_v01.50.12.10_20170809.pro.fw.sig' success.
10-10 13:33:59.009   227 13320 I DUSS&63[     sys_p1_verify_image:4227]:: deleted file /cache/upgrade/unsignimgs//wm220_0400_v01.50.12.10_20170809.pro.fw on gnd
10-10 13:33:59.009   227 13320 I DUSS&63[     sys_p1_verify_image:4194]:: ++++ id_idx = 0804, unsign_file_name /cache/upgrade/unsignimgs//wm220_0804_v01.00.00.11_20170828.pro.fw
10-10 13:33:59.072   227 13320 I DUSS&63[       sys_p1_unsign_img:1960]:: verify results: passed to verify image /data/ftp/upgrade/upgrade/signimgs//wm220_0804_v01.00.00.11_20170828.pro.fw.sig
10-10 13:33:59.073   227 13320 I DUSS&63[       sys_p1_unsign_img:1968]:: dji_verify -n 0804 -o /cache/upgrade/unsignimgs//wm220_0804_v01.00.00.11_20170828.pro.fw '/data/ftp/upgrade/upgrade/signimgs//wm220_0804_v01.00.00.11_20170828.pro.fw.sig' exit status 0, return 0
10-10 13:33:59.073   227 13320 I DUSS&63[       sys_p1_unsign_img:1976]:: dji_verify -n 0804 -o /cache/upgrade/unsignimgs//wm220_0804_v01.00.00.11_20170828.pro.fw '/data/ftp/upgrade/upgrade/signimgs//wm220_0804_v01.00.00.11_20170828.pro.fw.sig' success.
10-10 13:33:59.148   227 13320 I DUSS&63[     sys_p1_verify_image:4227]:: deleted file /cache/upgrade/unsignimgs//wm220_0804_v01.00.00.11_20170828.pro.fw on gnd
10-10 13:33:59.148   227 13320 I DUSS&63[     sys_p1_verify_image:4194]:: ++++ id_idx = 0801, unsign_file_name /cache/upgrade/unsignimgs//wm220_0801_v01.06.00.46_20180613.pro.fw
10-10 13:33:59.426   227 14223 I DUSS&63[sys_p1_up_smooth_push_en:2962]:: smooth pushing status, start=7, end=15, step=1, cur=12, mod_id=0
10-10 13:33:59.426   227 14223 I DUSS&63[sys_p1_push_ongoing_stat:3128]:: Push to 0x200 for module 0xd01, overall upgrade progress: 12 (0:23:0), stop_pushing=0
10-10 13:33:59.426   227   315 I DUSS&63[sys_up_status_push_threa: 993]:: +++++++ Sending upgrade status for upgrading_stage, len: 11, app_host=0x200, mod_id=0x2d (13.01), status 1, progress: 0, total_progress: 12
10-10 13:34:01.427   227   315 I DUSS&63[sys_up_status_push_threa: 993]:: +++++++ Sending upgrade status for upgrading_stage, len: 11, app_host=0x200, mod_id=0x2d (13.01), status 1, progress: 0, total_progress: 12
10-10 13:34:02.426   227 14223 I DUSS&63[sys_p1_up_smooth_push_en:2962]:: smooth pushing status, start=7, end=15, step=1, cur=13, mod_id=0
10-10 13:34:02.426   227 14223 I DUSS&63[sys_p1_push_ongoing_stat:3128]:: Push to 0x200 for module 0xd01, overall upgrade progress: 13 (0:23:0), stop_pushing=0
10-10 13:34:02.426   227   315 I DUSS&63[sys_up_status_push_threa: 993]:: +++++++ Sending upgrade status for upgrading_stage, len: 11, app_host=0x200, mod_id=0x2d (13.01), status 1, progress: 0, total_progress: 13
10-10 13:34:04.426   227   315 I DUSS&63[sys_up_status_push_threa: 993]:: +++++++ Sending upgrade status for upgrading_stage, len: 11, app_host=0x200, mod_id=0x2d (13.01), status 1, progress: 0, total_progress: 13
10-10 13:34:05.426   227 14223 I DUSS&63[sys_p1_up_smooth_push_en:2962]:: smooth pushing status, start=7, end=15, step=1, cur=14, mod_id=0
10-10 13:34:05.426   227 14223 I DUSS&63[sys_p1_push_ongoing_stat:3128]:: Push to 0x200 for module 0xd01, overall upgrade progress: 14 (0:23:0), stop_pushing=0
10-10 13:34:05.426   227   315 I DUSS&63[sys_up_status_push_threa: 993]:: +++++++ Sending upgrade status for upgrading_stage, len: 11, app_host=0x200, mod_id=0x2d (13.01), status 1, progress: 0, total_progress: 14
10-10 13:34:07.304   227 13320 I DUSS&63[       sys_p1_unsign_img:1960]:: verify results: passed to verify image /data/ftp/upgrade/upgrade/signimgs//wm220_0801_v01.06.00.46_20180613.pro.fw.sig
10-10 13:34:07.305   227 13320 I DUSS&63[       sys_p1_unsign_img:1968]:: dji_verify -n 0801 -o /cache/upgrade/unsignimgs//wm220_0801_v01.06.00.46_20180613.pro.fw '/data/ftp/upgrade/upgrade/signimgs//wm220_0801_v01.06.00.46_20180613.pro.fw.sig' exit status 0, return 0
10-10 13:34:07.305   227 13320 I DUSS&63[       sys_p1_unsign_img:1976]:: dji_verify -n 0801 -o /cache/upgrade/unsignimgs//wm220_0801_v01.06.00.46_20180613.pro.fw '/data/ftp/upgrade/upgrade/signimgs//wm220_0801_v01.06.00.46_20180613.pro.fw.sig' success.
10-10 13:34:07.427   227   315 I DUSS&63[sys_up_status_push_threa: 993]:: +++++++ Sending upgrade status for upgrading_stage, len: 11, app_host=0x200, mod_id=0x2d (13.01), status 1, progress: 0, total_progress: 14
10-10 13:34:07.490   227 13320 I DUSS&63[     sys_p1_verify_image:4227]:: deleted file /cache/upgrade/unsignimgs//wm220_0801_v01.06.00.46_20180613.pro.fw on gnd
10-10 13:34:07.490   227 13320 I DUSS&63[     sys_p1_verify_image:4194]:: ++++ id_idx = 1200, unsign_file_name /cache/upgrade/unsignimgs//wm220_1200_v01.10.00.00_20170731.pro.fw
10-10 13:34:07.554   227 13320 I DUSS&63[       sys_p1_unsign_img:1960]:: verify results: passed to verify image /data/ftp/upgrade/upgrade/signimgs//wm220_1200_v01.10.00.00_20170731.pro.fw.sig
10-10 13:34:07.555   227 13320 I DUSS&63[       sys_p1_unsign_img:1968]:: dji_verify -n 1200 -o /cache/upgrade/unsignimgs//wm220_1200_v01.10.00.00_20170731.pro.fw '/data/ftp/upgrade/upgrade/signimgs//wm220_1200_v01.10.00.00_20170731.pro.fw.sig' exit status 0, return 0
10-10 13:34:07.555   227 13320 I DUSS&63[       sys_p1_unsign_img:1976]:: dji_verify -n 1200 -o /cache/upgrade/unsignimgs//wm220_1200_v01.10.00.00_20170731.pro.fw '/data/ftp/upgrade/upgrade/signimgs//wm220_1200_v01.10.00.00_20170731.pro.fw.sig' success.
10-10 13:34:07.626   227 13320 I DUSS&63[     sys_p1_verify_image:4227]:: deleted file /cache/upgrade/unsignimgs//wm220_1200_v01.10.00.00_20170731.pro.fw on gnd
10-10 13:34:07.626   227 13320 I DUSS&63[     sys_p1_verify_image:4194]:: ++++ id_idx = 1200, unsign_file_name /cache/upgrade/unsignimgs//wm220_1200_v01.01.00.72_20180515_es02.pro.fw
10-10 13:34:07.696   227 13320 I DUSS&63[       sys_p1_unsign_img:1960]:: verify results: passed to verify image /data/ftp/upgrade/upgrade/signimgs//wm220_1200_v01.01.00.72_20180515_es02.pro.fw.sig
10-10 13:34:07.697   227 13320 I DUSS&63[       sys_p1_unsign_img:1968]:: dji_verify -n 1200 -o /cache/upgrade/unsignimgs//wm220_1200_v01.01.00.72_20180515_es02.pro.fw '/data/ftp/upgrade/upgrade/signimgs//wm220_1200_v01.01.00.72_20180515_es02.pro.fw.sig' exit status 0, return 0
10-10 13:34:07.697   227 13320 I DUSS&63[       sys_p1_unsign_img:1976]:: dji_verify -n 1200 -o /cache/upgrade/unsignimgs//wm220_1200_v01.01.00.72_20180515_es02.pro.fw '/data/ftp/upgrade/upgrade/signimgs//wm220_1200_v01.01.00.72_20180515_es02.pro.fw.sig' success.
10-10 13:34:07.786   227 13320 I DUSS&63[     sys_p1_verify_image:4227]:: deleted file /cache/upgrade/unsignimgs//wm220_1200_v01.01.00.72_20180515_es02.pro.fw on gnd
10-10 13:34:07.786   227 13320 I DUSS&63[     sys_p1_verify_image:4194]:: ++++ id_idx = 1201, unsign_file_name /cache/upgrade/unsignimgs//wm220_1201_v01.10.00.00_20170731.pro.fw
10-10 13:34:07.844   227 13320 I DUSS&63[       sys_p1_unsign_img:1960]:: verify results: passed to verify image /data/ftp/upgrade/upgrade/signimgs//wm220_1201_v01.10.00.00_20170731.pro.fw.sig
10-10 13:34:07.845   227 13320 I DUSS&63[       sys_p1_unsign_img:1968]:: dji_verify -n 1201 -o /cache/upgrade/unsignimgs//wm220_1201_v01.10.00.00_20170731.pro.fw '/data/ftp/upgrade/upgrade/signimgs//wm220_1201_v01.10.00.00_20170731.pro.fw.sig' exit status 0, return 0
10-10 13:34:07.845   227 13320 I DUSS&63[       sys_p1_unsign_img:1976]:: dji_verify -n 1201 -o /cache/upgrade/unsignimgs//wm220_1201_v01.10.00.00_20170731.pro.fw '/data/ftp/upgrade/upgrade/signimgs//wm220_1201_v01.10.00.00_20170731.pro.fw.sig' success.
10-10 13:34:07.907   227 13320 I DUSS&63[     sys_p1_verify_image:4227]:: deleted file /cache/upgrade/unsignimgs//wm220_1201_v01.10.00.00_20170731.pro.fw on gnd
10-10 13:34:07.907   227 13320 I DUSS&63[     sys_p1_verify_image:4194]:: ++++ id_idx = 1202, unsign_file_name /cache/upgrade/unsignimgs//wm220_1202_v01.10.00.00_20170731.pro.fw
10-10 13:34:07.964   227 13320 I DUSS&63[       sys_p1_unsign_img:1960]:: verify results: passed to verify image /data/ftp/upgrade/upgrade/signimgs//wm220_1202_v01.10.00.00_20170731.pro.fw.sig
10-10 13:34:07.965   227 13320 I DUSS&63[       sys_p1_unsign_img:1968]:: dji_verify -n 1202 -o /cache/upgrade/unsignimgs//wm220_1202_v01.10.00.00_20170731.pro.fw '/data/ftp/upgrade/upgrade/signimgs//wm220_1202_v01.10.00.00_20170731.pro.fw.sig' exit status 0, return 0
10-10 13:34:07.965   227 13320 I DUSS&63[       sys_p1_unsign_img:1976]:: dji_verify -n 1202 -o /cache/upgrade/unsignimgs//wm220_1202_v01.10.00.00_20170731.pro.fw '/data/ftp/upgrade/upgrade/signimgs//wm220_1202_v01.10.00.00_20170731.pro.fw.sig' success.
10-10 13:34:08.030   227 13320 I DUSS&63[     sys_p1_verify_image:4227]:: deleted file /cache/upgrade/unsignimgs//wm220_1202_v01.10.00.00_20170731.pro.fw on gnd
10-10 13:34:08.030   227 13320 I DUSS&63[     sys_p1_verify_image:4194]:: ++++ id_idx = 1203, unsign_file_name /cache/upgrade/unsignimgs//wm220_1203_v01.10.00.00_20170731.pro.fw
10-10 13:34:08.091   227 13320 I DUSS&63[       sys_p1_unsign_img:1960]:: verify results: passed to verify image /data/ftp/upgrade/upgrade/signimgs//wm220_1203_v01.10.00.00_20170731.pro.fw.sig
10-10 13:34:08.092   227 13320 I DUSS&63[       sys_p1_unsign_img:1968]:: dji_verify -n 1203 -o /cache/upgrade/unsignimgs//wm220_1203_v01.10.00.00_20170731.pro.fw '/data/ftp/upgrade/upgrade/signimgs//wm220_1203_v01.10.00.00_20170731.pro.fw.sig' exit status 0, return 0
10-10 13:34:08.092   227 13320 I DUSS&63[       sys_p1_unsign_img:1976]:: dji_verify -n 1203 -o /cache/upgrade/unsignimgs//wm220_1203_v01.10.00.00_20170731.pro.fw '/data/ftp/upgrade/upgrade/signimgs//wm220_1203_v01.10.00.00_20170731.pro.fw.sig' success.
10-10 13:34:08.146   227 13320 I DUSS&63[     sys_p1_verify_image:4227]:: deleted file /cache/upgrade/unsignimgs//wm220_1203_v01.10.00.00_20170731.pro.fw on gnd
10-10 13:34:08.146   227 13320 I DUSS&63[     sys_p1_verify_image:4194]:: ++++ id_idx = 0802, unsign_file_name /cache/upgrade/unsignimgs//wm220_0802_v01.01.00.02_20170729.pro.fw
10-10 13:34:08.426   227 14223 I DUSS&63[sys_p1_up_smooth_push_en:2962]:: smooth pushing status, start=7, end=15, step=1, cur=15, mod_id=0
10-10 13:34:08.426   227 14223 I DUSS&63[sys_p1_push_ongoing_stat:3128]:: Push to 0x200 for module 0xd01, overall upgrade progress: 15 (0:23:0), stop_pushing=0
10-10 13:34:08.426   227   315 I DUSS&63[sys_up_status_push_threa: 993]:: +++++++ Sending upgrade status for upgrading_stage, len: 11, app_host=0x200, mod_id=0x2d (13.01), status 1, progress: 0, total_progress: 15
10-10 13:34:09.212   227 13320 I DUSS&63[       sys_p1_unsign_img:1960]:: verify results: passed to verify image /data/ftp/upgrade/upgrade/signimgs//wm220_0802_v01.01.00.02_20170729.pro.fw.sig
10-10 13:34:09.213   227 13320 I DUSS&63[       sys_p1_unsign_img:1968]:: dji_verify -n 0802 -o /cache/upgrade/unsignimgs//wm220_0802_v01.01.00.02_20170729.pro.fw '/data/ftp/upgrade/upgrade/signimgs//wm220_0802_v01.01.00.02_20170729.pro.fw.sig' exit status 0, return 0
10-10 13:34:09.213   227 13320 I DUSS&63[       sys_p1_unsign_img:1976]:: dji_verify -n 0802 -o /cache/upgrade/unsignimgs//wm220_0802_v01.01.00.02_20170729.pro.fw '/data/ftp/upgrade/upgrade/signimgs//wm220_0802_v01.01.00.02_20170729.pro.fw.sig' success.
10-10 13:34:09.661   227 13320 I DUSS&63[     sys_p1_verify_image:4227]:: deleted file /cache/upgrade/unsignimgs//wm220_0802_v01.01.00.02_20170729.pro.fw on gnd
10-10 13:34:09.661   227 13320 I DUSS&63[     sys_p1_verify_image:4194]:: ++++ id_idx = 0805, unsign_file_name /cache/upgrade/unsignimgs//wm220_0805_v01.04.00.99_20180601.pro.fw
10-10 13:34:10.211   227 13320 I DUSS&63[       sys_p1_unsign_img:1960]:: verify results: passed to verify image /data/ftp/upgrade/upgrade/signimgs//wm220_0805_v01.04.00.99_20180601.pro.fw.sig
10-10 13:34:10.212   227 13320 I DUSS&63[       sys_p1_unsign_img:1968]:: dji_verify -n 0805 -o /cache/upgrade/unsignimgs//wm220_0805_v01.04.00.99_20180601.pro.fw '/data/ftp/upgrade/upgrade/signimgs//wm220_0805_v01.04.00.99_20180601.pro.fw.sig' exit status 0, return 0
10-10 13:34:10.212   227 13320 I DUSS&63[       sys_p1_unsign_img:1976]:: dji_verify -n 0805 -o /cache/upgrade/unsignimgs//wm220_0805_v01.04.00.99_20180601.pro.fw '/data/ftp/upgrade/upgrade/signimgs//wm220_0805_v01.04.00.99_20180601.pro.fw.sig' success.
10-10 13:34:10.281   227 13320 I DUSS&63[     sys_p1_verify_image:4227]:: deleted file /cache/upgrade/unsignimgs//wm220_0805_v01.04.00.99_20180601.pro.fw on gnd
10-10 13:34:10.281   227 13320 I DUSS&63[     sys_p1_verify_image:4194]:: ++++ id_idx = 1407, unsign_file_name /cache/upgrade/unsignimgs//wm220_1407_v47.26.02.18_20170801.pro.fw
10-10 13:34:10.427   227   315 I DUSS&63[sys_up_status_push_threa: 993]:: +++++++ Sending upgrade status for upgrading_stage, len: 11, app_host=0x200, mod_id=0x2d (13.01), status 1, progress: 0, total_progress: 15
10-10 13:34:10.799   227 13320 I DUSS&63[       sys_p1_unsign_img:1960]:: verify results: passed to verify image /data/ftp/upgrade/upgrade/signimgs//wm220_1407_v47.26.02.18_20170801.pro.fw.sig
10-10 13:34:10.801   227 13320 I DUSS&63[       sys_p1_unsign_img:1968]:: dji_verify -n 1407 -o /cache/upgrade/unsignimgs//wm220_1407_v47.26.02.18_20170801.pro.fw '/data/ftp/upgrade/upgrade/signimgs//wm220_1407_v47.26.02.18_20170801.pro.fw.sig' exit status 0, return 0
10-10 13:34:10.801   227 13320 I DUSS&63[       sys_p1_unsign_img:1976]:: dji_verify -n 1407 -o /cache/upgrade/unsignimgs//wm220_1407_v47.26.02.18_20170801.pro.fw '/data/ftp/upgrade/upgrade/signimgs//wm220_1407_v47.26.02.18_20170801.pro.fw.sig' success.
10-10 13:34:10.801   227 13320 I DUSS&63[     sys_p1_verify_image:4194]:: ++++ id_idx = 0600, unsign_file_name /cache/upgrade/unsignimgs//wm220_0600_v00.00.01.28_20170727.pro.fw
10-10 13:34:10.867   227 13320 I DUSS&63[       sys_p1_unsign_img:1960]:: verify results: passed to verify image /data/ftp/upgrade/upgrade/signimgs//wm220_0600_v00.00.01.28_20170727.pro.fw.sig
10-10 13:34:10.868   227 13320 I DUSS&63[       sys_p1_unsign_img:1968]:: dji_verify -n 0600 -o /cache/upgrade/unsignimgs//wm220_0600_v00.00.01.28_20170727.pro.fw '/data/ftp/upgrade/upgrade/signimgs//wm220_0600_v00.00.01.28_20170727.pro.fw.sig' exit status 0, return 0
10-10 13:34:10.868   227 13320 I DUSS&63[       sys_p1_unsign_img:1976]:: dji_verify -n 0600 -o /cache/upgrade/unsignimgs//wm220_0600_v00.00.01.28_20170727.pro.fw '/data/ftp/upgrade/upgrade/signimgs//wm220_0600_v00.00.01.28_20170727.pro.fw.sig' success.
10-10 13:34:10.868   227 13320 I DUSS&63[     sys_p1_verify_image:4194]:: ++++ id_idx = 1301, unsign_file_name /cache/upgrade/unsignimgs//wm220_1301_v01.06.00.46_20180613.pro.fw
10-10 13:34:11.426   227 14223 I DUSS&63[sys_p1_up_smooth_push_en:2962]:: smooth pushing status, start=7, end=15, step=1, cur=15, mod_id=0
10-10 13:34:11.426   227 14223 I DUSS&63[sys_p1_push_ongoing_stat:3128]:: Push to 0x200 for module 0xd01, overall upgrade progress: 15 (0:23:0), stop_pushing=0
10-10 13:34:11.426   227   315 I DUSS&63[sys_up_status_push_threa: 993]:: +++++++ Sending upgrade status for upgrading_stage, len: 11, app_host=0x200, mod_id=0x2d (13.01), status 1, progress: 0, total_progress: 15
10-10 13:34:13.427   227   315 I DUSS&63[sys_up_status_push_threa: 993]:: +++++++ Sending upgrade status for upgrading_stage, len: 11, app_host=0x200, mod_id=0x2d (13.01), status 1, progress: 0, total_progress: 15
10-10 13:34:14.426   227 14223 I DUSS&63[sys_p1_up_smooth_push_en:2962]:: smooth pushing status, start=7, end=15, step=1, cur=15, mod_id=0
10-10 13:34:14.426   227 14223 I DUSS&63[sys_p1_push_ongoing_stat:3128]:: Push to 0x200 for module 0xd01, overall upgrade progress: 15 (0:23:0), stop_pushing=0
10-10 13:34:14.426   227   315 I DUSS&63[sys_up_status_push_threa: 993]:: +++++++ Sending upgrade status for upgrading_stage, len: 11, app_host=0x200, mod_id=0x2d (13.01), status 1, progress: 0, total_progress: 15
10-10 13:34:15.974   227 13320 I DUSS&63[       sys_p1_unsign_img:1960]:: verify results: passed to verify image /data/ftp/upgrade/upgrade/signimgs//wm220_1301_v01.06.00.46_20180613.pro.fw.sig
