01-01 00:00:13.150   230   230 I DUSS&63[sys_p1_check_compability: 301]:: after check *comptbl = 0, p1_first=0
01-01 00:00:13.150   230   230 I DUSS&63[        sys_version_scan: 207]:: found system compatible with the large package
01-01 00:00:13.150   230   230 I DUSS&63[            sys_mainloop: 279]:: version scan done.
01-01 00:00:23.243   622   622 I DUSS&63[      wl_prot_tcp_create: 404]:: [sys]open_type=0, local_port=0, remote_ip=192.168.41.1, remote_port=22352, l_ctx=0xb7200070 
01-01 00:00:23.244   622   622 I DUSS&63[      wl_prot_tcp_create: 467]:: [sys]first connect failed, err=Network is unreachable
01-01 00:00:23.244   622   622 I DUSS&63[      wl_prot_tcp_create: 500]:: [sys]create tcp channel success, l_ctx=0xb7200070
01-01 00:00:23.244   622  1156 I DUSS&63[      tcp_connect_thread: 139]:: [sys]start to connect, fd=49
01-01 00:00:23.244   622  1156 I DUSS&63[      tcp_connect_thread: 143]:: [sys]WL TCP State change to connecting
01-01 00:00:24.244   622  1156 W DUSS&63[       tcp_async_connect: 311]:: [sys]EINPROGRESS in connect() - selecting,addr=192.168.41.1
01-01 00:00:24.828   230   318 W DUSS&63[       tcp_async_connect: 311]:: [sys]EINPROGRESS in connect() - selecting,addr=192.168.41.1
01-01 00:00:24.829   230   320 W DUSS&63[       tcp_async_connect: 311]:: [sys]EINPROGRESS in connect() - selecting,addr=192.168.41.3
01-01 00:00:25.246   622  1156 W DUSS&63[       tcp_async_connect: 334]:: [sys]Timeout in select() - Cancelling, addr=192.168.41.1
01-01 00:00:25.829   230   318 W DUSS&63[       tcp_async_connect: 334]:: [sys]Timeout in select() - Cancelling, addr=192.168.41.1
01-01 00:00:25.830   230   320 W DUSS&63[       tcp_async_connect: 334]:: [sys]Timeout in select() - Cancelling, addr=192.168.41.3
01-01 00:01:03.048   230   310 I DUSS&63[        sys_event_reboot:1415]:: receive reboot from 0x600, this_host=0xd01
01-01 00:01:03.048   230   310 I DUSS&63[        sys_event_reboot:1421]:: Get reboot callback. .
01-01 00:01:03.048   230   310 I DUSS&63[           sys_p1_reboot:5026]:: Request power/boot 2 after 2000 ms from 0x600
01-01 00:01:05.090   230   310 I DUSS&63[           sys_p1_reboot:5103]:: going to reboot/poweroff/powersave... reboot_type 2 reboot_mode 0
===/data/dji/log is already a link===
===/data/dji/blackbox is already a link===


!!!new file start!!!

01-01 00:00:03.517   230   230 I DUSS&63[                    main: 670]:: dji_sys run as dev_type 1, duss_sketch_initialize done...
01-01 00:00:03.522   230   230 I DUSS&63[sys_load_config_from_jso: 154]:: Get the hw_str WM220 RC
01-01 00:00:03.522   230   230 W DUSS&63[sys_load_config_from_jso: 160]:: Can't find platform:system_init domain! Call default routing...
01-01 00:00:03.522   230   230 I DUSS&63[         sys_load_config: 501]:: platform dev_info: WM220 1860RC
01-01 00:00:03.549   230   230 I DUSS&63[sys_check_boot_mode_norm: 346]:: Set system mode to NORMAL.
01-01 00:00:03.576   230   230 I DUSS&63[sys_up_load_general_stat: 203]:: get option_value wm220 for package_id
01-01 00:00:03.576   230   230 I DUSS&63[sys_up_load_general_stat: 204]:: updated package_str wm220
01-01 00:00:03.576   230   230 I DUSS&63[sys_up_load_general_stat: 211]:: get package_ver 1.4.500
01-01 00:00:03.576   230   230 I DUSS&63[sys_up_load_general_stat: 211]:: 
01-01 00:00:03.576   230   230 I DUSS&63[sys_up_load_general_stat: 215]:: updated package_ver 1.4.500
01-01 00:00:03.576   230   230 I DUSS&63[sys_up_load_general_stat: 222]:: get package_uav_cnt 20
01-01 00:00:03.576   230   230 I DUSS&63[sys_up_load_general_stat: 222]:: 
01-01 00:00:03.576   230   230 I DUSS&63[sys_up_load_general_stat: 224]:: updated package_uav_cnt 20
01-01 00:00:03.576   230   230 I DUSS&63[sys_up_load_general_stat: 231]:: get package_gnd_cnt 3
01-01 00:00:03.576   230   230 I DUSS&63[sys_up_load_general_stat: 231]:: 
01-01 00:00:03.576   230   230 I DUSS&63[sys_up_load_general_stat: 233]:: updated package_gnd_cnt 3
01-01 00:00:03.576   230   230 I DUSS&63[sys_up_load_general_stat: 240]:: get package_gls_cnt 0
01-01 00:00:03.576   230   230 I DUSS&63[sys_up_load_general_stat: 240]:: 
01-01 00:00:03.576   230   230 I DUSS&63[sys_up_load_general_stat: 242]:: updated package_gls_cnt 0
01-01 00:00:03.576   230   230 W DUSS&63[sys_up_load_general_stat: 251]:: can not get option_value for wm22x_type, use wm220 by default
01-01 00:00:03.576   230   230 I DUSS&63[sys_up_load_upgrade_stat: 275]:: file /cache/upgrade_status not exist, return directly
01-01 00:00:03.582   230   230 I DUSS&63[sys_upgrade_check_status:5266]:: didn't save upgrade_retry in last boot
01-01 00:00:03.582   230   230 I DUSS&63[sys_upgrade_check_status:5292]:: non need to push upgrade status, set upgrade status to idle.
01-01 00:00:03.698   230   230 I DUSS&63[            sys_pre_init: 547]:: this is production board
01-01 00:00:03.732   230   230 I DUSS&63[      wl_prot_tcp_create: 404]:: [sys]open_type=0, local_port=0, remote_ip=192.168.41.1, remote_port=22350, l_ctx=0xb71d6df8 
01-01 00:00:03.733   230   230 I DUSS&63[      wl_prot_tcp_create: 467]:: [sys]first connect failed, err=Network is unreachable
01-01 00:00:03.733   230   230 I DUSS&63[      wl_prot_tcp_create: 500]:: [sys]create tcp channel success, l_ctx=0xb71d6df8
01-01 00:00:03.733   230   316 I DUSS&63[      tcp_connect_thread: 139]:: [sys]start to connect, fd=17
01-01 00:00:03.733   230   316 I DUSS&63[      tcp_connect_thread: 143]:: [sys]WL TCP State change to connecting
01-01 00:00:03.734   230   230 I DUSS&63[      wl_prot_tcp_create: 404]:: [sys]open_type=0, local_port=0, remote_ip=192.168.41.3, remote_port=22351, l_ctx=0xb71d7f98 
01-01 00:00:03.734   230   230 I DUSS&63[      wl_prot_tcp_create: 467]:: [sys]first connect failed, err=Network is unreachable
01-01 00:00:03.734   230   230 I DUSS&63[      wl_prot_tcp_create: 500]:: [sys]create tcp channel success, l_ctx=0xb71d7f98
01-01 00:00:03.734   230   318 I DUSS&63[      tcp_connect_thread: 139]:: [sys]start to connect, fd=18
01-01 00:00:03.734   230   318 I DUSS&63[      tcp_connect_thread: 143]:: [sys]WL TCP State change to connecting
01-01 00:00:03.735   230   230 I DUSS&63[        sys_events_start:  96]:: aging_test_mode=0, system_mode=0
01-01 00:00:03.736   230   322 I DUSS&63[sys_up_status_push_threa: 863]:: pushing thread start, stop_pushing=1, push_status=0
01-01 00:00:03.736   230   230 I DUSS&63[       sys_check_pc_conn: 313]:: For pc connection, usb state is DISCONNECTED
01-01 00:00:03.736   230   230 I DUSS&63[           sys_post_init: 578]:: conn_pc=0 when init
01-01 00:00:03.737   230   230 E DUSS&63[sys_event_pc_through_rc_:1198]:: Find route item to pc by wl channel fail: -1001
01-01 00:00:03.737   230   230 I DUSS&63[sys_flight_data_do_first: 637]:: gnd, no need to check whether to send nfz.db to uav anymore
01-01 00:00:03.747   230   230 I DUSS&63[        sys_version_scan: 130]:: Got signed cfg file /vendor/cfg/wm220_ac_fw_v01_04_0500.cfg.sig
01-01 00:00:03.799   230   230 I DUSS&63[        sys_version_scan: 157]:: unsign the backup cfg file.
01-01 00:00:03.847   230   230 I DUSS&63[       sys_p1_unsign_img:1960]:: verify results: passed to verify image /vendor/cfg/wm220_ac_fw_v01_04_0500.cfg.sig
01-01 00:00:03.848   230   230 I DUSS&63[       sys_p1_unsign_img:1968]:: dji_verify -n 0000 -o /tmp/wm330_0000.xml '/vendor/cfg/wm220_ac_fw_v01_04_0500.cfg.sig' exit status 0, return 0
01-01 00:00:03.848   230   230 I DUSS&63[       sys_p1_unsign_img:1976]:: dji_verify -n 0000 -o /tmp/wm330_0000.xml '/vendor/cfg/wm220_ac_fw_v01_04_0500.cfg.sig' success.
01-01 00:00:03.848   230   230 I DUSS&63[        sys_version_scan: 167]:: check the system compability..
01-01 00:00:03.848   230   230 I DUSS&63[  need_check_compability:  89]:: will send revert SYS_SELF_DEF_CMD_NEED_CHK_COMP to id=8, index=1
01-01 00:00:03.848   230   230 I DUSS&63[  need_check_compability: 109]:: dev_type=1, dev_id=wm220, pack_ver=1.4.500
01-01 00:00:05.629   230   324 E DUSS&63[find_and_kill_all_udhcpd: 457]:: pid 180's cmdline: busybox udhcpd
01-01 00:00:05.629   230   324 E DUSS&63[find_and_kill_all_udhcpd: 460]:: execute busybox kill 180
01-01 00:00:05.637   230   324 E DUSS&63[find_and_kill_all_udhcpd: 457]:: pid 181's cmdline: busybox tcpsvd
01-01 00:00:05.638   230   324 I DUSS&63[ handle_dji_device_event: 284]:: kill udhcpd service (busybox)
01-01 00:00:05.850   230   230 E DUSS&63[  need_check_compability: 118]:: can not get response from 0x801, result=-1002, retry_count=0
01-01 00:00:06.023   225   225 I DUSS&63[      wl_prot_tcp_create: 404]:: [sys]open_type=0, local_port=0, remote_ip=192.168.41.1, remote_port=22352, l_ctx=0xb71d9050 
01-01 00:00:06.023   225   225 I DUSS&63[      wl_prot_tcp_create: 467]:: [sys]first connect failed, err=Network is unreachable
01-01 00:00:06.023   225   225 I DUSS&63[      wl_prot_tcp_create: 500]:: [sys]create tcp channel success, l_ctx=0xb71d9050
01-01 00:00:06.023   225   450 I DUSS&63[      tcp_connect_thread: 139]:: [sys]start to connect, fd=49
01-01 00:00:06.023   225   450 I DUSS&63[      tcp_connect_thread: 143]:: [sys]WL TCP State change to connecting
01-01 00:00:06.734   230   316 W DUSS&63[       tcp_async_connect: 311]:: [sys]EINPROGRESS in connect() - selecting,addr=192.168.41.1
01-01 00:00:06.735   230   318 W DUSS&63[       tcp_async_connect: 311]:: [sys]EINPROGRESS in connect() - selecting,addr=192.168.41.3
01-01 00:00:07.023   225   450 W DUSS&63[       tcp_async_connect: 311]:: [sys]EINPROGRESS in connect() - selecting,addr=192.168.41.1
01-01 00:00:07.735   230   316 W DUSS&63[       tcp_async_connect: 334]:: [sys]Timeout in select() - Cancelling, addr=192.168.41.1
01-01 00:00:07.736   230   318 W DUSS&63[       tcp_async_connect: 334]:: [sys]Timeout in select() - Cancelling, addr=192.168.41.3
01-01 00:00:07.949   230   230 E DUSS&63[  need_check_compability: 118]:: can not get response from 0x801, result=-1002, retry_count=1
01-01 00:00:07.949   230   230 I DUSS&63[sys_need_check_compabili: 167]:: on gnd, *add_uav=0
01-01 00:00:07.949   230   230 I DUSS&63[sys_need_check_compabili: 172]:: no gls images for last package, set add_gls to 0
01-01 00:00:07.952   230   230 I DUSS&63[sys_p1_check_compability: 239]:: get device_id wm220 from xml
01-01 00:00:07.952   230   230 I DUSS&63[sys_p1_check_compability: 253]:: get last updated package version  Major=1, minor=4, build=500
01-01 00:00:07.953   230   230 I DUSS&63[        sys_p1_check_ver:2608]:: check version for wm220_0907_v47.26.02.18_20170801.pro.fw.sig
01-01 00:00:07.953   230   230 I DUSS&63[        sys_p1_check_ver:2655]:: skip module dev_id=0x9, dev_index=0x7 on dev 0, current gnd: add_uav=0, add_gls=0
01-01 00:00:07.953   230   230 E DUSS&63[sys_p1_check_compability: 281]:: check version for file wm220_0907_v47.26.02.18_20170801.pro.fw.sig error
01-01 00:00:07.953   230   230 I DUSS&63[        sys_p1_check_ver:2608]:: check version for wm220_0305_v34.04.00.24_20170726.pro.fw.sig
01-01 00:00:07.953   230   230 I DUSS&63[        sys_p1_check_ver:2655]:: skip module dev_id=0x3, dev_index=0x5 on dev 0, current gnd: add_uav=0, add_gls=0
01-01 00:00:07.953   230   230 E DUSS&63[sys_p1_check_compability: 281]:: check version for file wm220_0305_v34.04.00.24_20170726.pro.fw.sig error
01-01 00:00:07.954   230   230 I DUSS&63[        sys_p1_check_ver:2608]:: check version for wm220_0306_v03.02.44.07_20171116.pro.fw.sig
01-01 00:00:07.954   230   230 I DUSS&63[        sys_p1_check_ver:2655]:: skip module dev_id=0x3, dev_index=0x6 on dev 0, current gnd: add_uav=0, add_gls=0
01-01 00:00:07.954   230   230 E DUSS&63[sys_p1_check_compability: 281]:: check version for file wm220_0306_v03.02.44.07_20171116.pro.fw.sig error
01-01 00:00:07.954   230   230 I DUSS&63[        sys_p1_check_ver:2608]:: check version for wm220_1100_v01.00.07.32_20170726.pro.fw.sig
01-01 00:00:07.954   230   230 I DUSS&63[        sys_p1_check_ver:2655]:: skip module dev_id=0xb, dev_index=0x0 on dev 0, current gnd: add_uav=0, add_gls=0
01-01 00:00:07.954   230   230 E DUSS&63[sys_p1_check_compability: 281]:: check version for file wm220_1100_v01.00.07.32_20170726.pro.fw.sig error
01-01 00:00:07.954   230   230 I DUSS&63[        sys_p1_check_ver:2608]:: check version for wm220_0803_v00.00.04.09_20170728.pro.fw.sig
01-01 00:00:07.954   230   230 I DUSS&63[        sys_p1_check_ver:2655]:: skip module dev_id=0x8, dev_index=0x3 on dev 0, current gnd: add_uav=0, add_gls=0
01-01 00:00:07.954   230   230 E DUSS&63[sys_p1_check_compability: 281]:: check version for file wm220_0803_v00.00.04.09_20170728.pro.fw.sig error
01-01 00:00:07.954   230   230 I DUSS&63[        sys_p1_check_ver:2608]:: check version for wm220_0100_v02.08.56.68_20180122.pro.fw.sig
01-01 00:00:07.954   230   230 I DUSS&63[        sys_p1_check_ver:2655]:: skip module dev_id=0x1, dev_index=0x0 on dev 0, current gnd: add_uav=0, add_gls=0
01-01 00:00:07.954   230   230 E DUSS&63[sys_p1_check_compability: 281]:: check version for file wm220_0100_v02.08.56.68_20180122.pro.fw.sig error
01-01 00:00:07.954   230   230 I DUSS&63[        sys_p1_check_ver:2608]:: check version for wm220_0100_v02.10.05.19_20180122_ca02.pro.fw.sig
01-01 00:00:07.954   230   230 I DUSS&63[        sys_p1_check_ver:2655]:: skip module dev_id=0x1, dev_index=0x0 on dev 0, current gnd: add_uav=0, add_gls=0
01-01 00:00:07.954   230   230 E DUSS&63[sys_p1_check_compability: 281]:: check version for file wm220_0100_v02.10.05.19_20180122_ca02.pro.fw.sig error
01-01 00:00:07.954   230   230 I DUSS&63[        sys_p1_check_ver:2608]:: check version for wm220_0101_v02.08.56.68_20180122.pro.fw.sig
01-01 00:00:07.955   230   230 I DUSS&63[        sys_p1_check_ver:2655]:: skip module dev_id=0x1, dev_index=0x1 on dev 0, current gnd: add_uav=0, add_gls=0
01-01 00:00:07.955   230   230 E DUSS&63[sys_p1_check_compability: 281]:: check version for file wm220_0101_v02.08.56.68_20180122.pro.fw.sig error
01-01 00:00:07.955   230   230 I DUSS&63[        sys_p1_check_ver:2608]:: check version for wm220_0101_v02.10.05.19_20180122_ca02.pro.fw.sig
01-01 00:00:07.955   230   230 I DUSS&63[        sys_p1_check_ver:2655]:: skip module dev_id=0x1, dev_index=0x1 on dev 0, current gnd: add_uav=0, add_gls=0
01-01 00:00:07.955   230   230 E DUSS&63[sys_p1_check_compability: 281]:: check version for file wm220_0101_v02.10.05.19_20180122_ca02.pro.fw.sig error
01-01 00:00:07.955   230   230 I DUSS&63[        sys_p1_check_ver:2608]:: check version for wm220_0400_v01.50.12.10_20170809.pro.fw.sig
01-01 00:00:07.955   230   230 I DUSS&63[        sys_p1_check_ver:2655]:: skip module dev_id=0x4, dev_index=0x0 on dev 0, current gnd: add_uav=0, add_gls=0
01-01 00:00:07.955   230   230 E DUSS&63[sys_p1_check_compability: 281]:: check version for file wm220_0400_v01.50.12.10_20170809.pro.fw.sig error
01-01 00:00:07.955   230   230 I DUSS&63[        sys_p1_check_ver:2608]:: check version for wm220_0804_v01.00.00.11_20170828.pro.fw.sig
01-01 00:00:07.955   230   230 I DUSS&63[        sys_p1_check_ver:2655]:: skip module dev_id=0x8, dev_index=0x4 on dev 0, current gnd: add_uav=0, add_gls=0
01-01 00:00:07.955   230   230 E DUSS&63[sys_p1_check_compability: 281]:: check version for file wm220_0804_v01.00.00.11_20170828.pro.fw.sig error
01-01 00:00:07.955   230   230 I DUSS&63[        sys_p1_check_ver:2608]:: check version for wm220_0801_v01.06.00.46_20180613.pro.fw.sig
01-01 00:00:07.955   230   230 I DUSS&63[        sys_p1_check_ver:2655]:: skip module dev_id=0x8, dev_index=0x1 on dev 0, current gnd: add_uav=0, add_gls=0
01-01 00:00:07.955   230   230 E DUSS&63[sys_p1_check_compability: 281]:: check version for file wm220_0801_v01.06.00.46_20180613.pro.fw.sig error
01-01 00:00:07.955   230   230 I DUSS&63[        sys_p1_check_ver:2608]:: check version for wm220_1200_v01.10.00.00_20170731.pro.fw.sig
01-01 00:00:07.955   230   230 I DUSS&63[        sys_p1_check_ver:2655]:: skip module dev_id=0xc, dev_index=0x0 on dev 0, current gnd: add_uav=0, add_gls=0
01-01 00:00:07.955   230   230 E DUSS&63[sys_p1_check_compability: 281]:: check version for file wm220_1200_v01.10.00.00_20170731.pro.fw.sig error
01-01 00:00:07.955   230   230 I DUSS&63[        sys_p1_check_ver:2608]:: check version for wm220_1200_v01.01.00.72_20180515_es02.pro.fw.sig
01-01 00:00:07.955   230   230 I DUSS&63[        sys_p1_check_ver:2655]:: skip module dev_id=0xc, dev_index=0x0 on dev 0, current gnd: add_uav=0, add_gls=0
01-01 00:00:07.955   230   230 E DUSS&63[sys_p1_check_compability: 281]:: check version for file wm220_1200_v01.01.00.72_20180515_es02.pro.fw.sig error
01-01 00:00:07.956   230   230 I DUSS&63[        sys_p1_check_ver:2608]:: check version for wm220_1201_v01.10.00.00_20170731.pro.fw.sig
01-01 00:00:07.956   230   230 I DUSS&63[        sys_p1_check_ver:2655]:: skip module dev_id=0xc, dev_index=0x1 on dev 0, current gnd: add_uav=0, add_gls=0
01-01 00:00:07.956   230   230 E DUSS&63[sys_p1_check_compability: 281]:: check version for file wm220_1201_v01.10.00.00_20170731.pro.fw.sig error
01-01 00:00:07.956   230   230 I DUSS&63[        sys_p1_check_ver:2608]:: check version for wm220_1202_v01.10.00.00_20170731.pro.fw.sig
01-01 00:00:07.956   230   230 I DUSS&63[        sys_p1_check_ver:2655]:: skip module dev_id=0xc, dev_index=0x2 on dev 0, current gnd: add_uav=0, add_gls=0
01-01 00:00:07.956   230   230 E DUSS&63[sys_p1_check_compability: 281]:: check version for file wm220_1202_v01.10.00.00_20170731.pro.fw.sig error
01-01 00:00:07.956   230   230 I DUSS&63[        sys_p1_check_ver:2608]:: check version for wm220_1203_v01.10.00.00_20170731.pro.fw.sig
01-01 00:00:07.956   230   230 I DUSS&63[        sys_p1_check_ver:2655]:: skip module dev_id=0xc, dev_index=0x3 on dev 0, current gnd: add_uav=0, add_gls=0
01-01 00:00:07.956   230   230 E DUSS&63[sys_p1_check_compability: 281]:: check version for file wm220_1203_v01.10.00.00_20170731.pro.fw.sig error
01-01 00:00:07.956   230   230 I DUSS&63[        sys_p1_check_ver:2608]:: check version for wm220_0802_v01.01.00.02_20170729.pro.fw.sig
01-01 00:00:07.956   230   230 I DUSS&63[        sys_p1_check_ver:2655]:: skip module dev_id=0x8, dev_index=0x2 on dev 0, current gnd: add_uav=0, add_gls=0
01-01 00:00:07.956   230   230 E DUSS&63[sys_p1_check_compability: 281]:: check version for file wm220_0802_v01.01.00.02_20170729.pro.fw.sig error
01-01 00:00:07.956   230   230 I DUSS&63[        sys_p1_check_ver:2608]:: check version for wm220_0805_v01.04.00.99_20180601.pro.fw.sig
01-01 00:00:07.956   230   230 I DUSS&63[        sys_p1_check_ver:2655]:: skip module dev_id=0x8, dev_index=0x5 on dev 0, current gnd: add_uav=0, add_gls=0
01-01 00:00:07.956   230   230 E DUSS&63[sys_p1_check_compability: 281]:: check version for file wm220_0805_v01.04.00.99_20180601.pro.fw.sig error
01-01 00:00:07.956   230   230 I DUSS&63[        sys_p1_check_ver:2608]:: check version for wm220_1407_v47.26.02.18_20170801.pro.fw.sig
01-01 00:00:07.956   230   304 I DUSS&63[   sys_event_dev_ver_get: 258]:: from 0xa03, this_host=0xe07, dev_type=1, hw_str=WM220 RC
01-01 00:00:07.989   230   230 I DUSS&63[        sys_p1_check_ver:2723]:: 14:7: Same version.
01-01 00:00:07.990   230   230 I DUSS&63[        sys_p1_check_ver:2608]:: check version for wm220_0600_v00.00.01.28_20170727.pro.fw.sig
01-01 00:00:08.001   230   230 I DUSS&63[        sys_p1_check_ver:2723]:: 6:0: Same version.
01-01 00:00:08.001   230   230 I DUSS&63[        sys_p1_check_ver:2608]:: check version for wm220_1301_v01.06.00.46_20180613.pro.fw.sig
01-01 00:00:08.001   230   297 I DUSS&63[   sys_event_dev_ver_get: 258]:: from 0xa03, this_host=0xd01, dev_type=1, hw_str=WM220 RC
01-01 00:00:08.014   230   230 I DUSS&63[        sys_p1_check_ver:2723]:: 13:1: Same version.
01-01 00:00:08.014   230   230 I DUSS&63[sys_p1_check_compability: 274]:: /data/upgrade/backup//wm220_2807_v34.93.04.07_20180820.pro.fw.sig not exist!
01-01 00:00:08.014   230   230 I DUSS&63[        sys_p1_check_ver:2608]:: check version for wm220_2807_v34.93.04.07_20180820.pro.fw.sig
01-01 00:00:08.014   230   230 I DUSS&63[        sys_p1_check_ver:2655]:: skip module dev_id=0x1c, dev_index=0x7 on dev 2, current gnd: add_uav=0, add_gls=0
01-01 00:00:08.014   230   230 E DUSS&63[sys_p1_check_compability: 281]:: check version for file wm220_2807_v34.93.04.07_20180820.pro.fw.sig error
01-01 00:00:08.014   230   230 I DUSS&63[sys_p1_check_compability: 274]:: /data/upgrade/backup//wm220_0601_v00.00.03.06_20170528.pro.fw.sig not exist!
01-01 00:00:08.014   230   230 I DUSS&63[        sys_p1_check_ver:2608]:: check version for wm220_0601_v00.00.03.06_20170528.pro.fw.sig
01-01 00:00:08.014   230   230 I DUSS&63[        sys_p1_check_ver:2655]:: skip module dev_id=0x6, dev_index=0x1 on dev 2, current gnd: add_uav=0, add_gls=0
01-01 00:00:08.014   230   230 E DUSS&63[sys_p1_check_compability: 281]:: check version for file wm220_0601_v00.00.03.06_20170528.pro.fw.sig error
01-01 00:00:08.014   230   230 I DUSS&63[sys_p1_check_compability: 274]:: /data/upgrade/backup//wm220_0603_v00.00.06.09_20170728.pro.fw.sig not exist!
01-01 00:00:08.014   230   230 I DUSS&63[        sys_p1_check_ver:2608]:: check version for wm220_0603_v00.00.06.09_20170728.pro.fw.sig
01-01 00:00:08.014   230   230 I DUSS&63[        sys_p1_check_ver:2655]:: skip module dev_id=0x6, dev_index=0x3 on dev 2, current gnd: add_uav=0, add_gls=0
01-01 00:00:08.014   230   230 E DUSS&63[sys_p1_check_compability: 281]:: check version for file wm220_0603_v00.00.06.09_20170728.pro.fw.sig error
01-01 00:00:08.014   230   230 I DUSS&63[sys_p1_check_compability: 274]:: /data/upgrade/backup//wm220_2801_v01.04.01.29_20180903.pro.fw.sig not exist!
01-01 00:00:08.014   230   230 I DUSS&63[        sys_p1_check_ver:2608]:: check version for wm220_2801_v01.04.01.29_20180903.pro.fw.sig
01-01 00:00:08.014   230   230 I DUSS&63[        sys_p1_check_ver:2655]:: skip module dev_id=0x1c, dev_index=0x1 on dev 2, current gnd: add_uav=0, add_gls=0
01-01 00:00:08.015   230   230 E DUSS&63[sys_p1_check_compability: 281]:: check version for file wm220_2801_v01.04.01.29_20180903.pro.fw.sig error
01-01 00:00:08.015   230   230 I DUSS&63[sys_p1_check_compability: 274]:: /data/upgrade/backup//wm220_2803_v00.00.03.07_20170228.pro.fw.sig not exist!
01-01 00:00:08.015   230   230 I DUSS&63[        sys_p1_check_ver:2608]:: check version for wm220_2803_v00.00.03.07_20170228.pro.fw.sig
01-01 00:00:08.015   230   230 I DUSS&63[        sys_p1_check_ver:2655]:: skip module dev_id=0x1c, dev_index=0x3 on dev 2, current gnd: add_uav=0, add_gls=0
01-01 00:00:08.015   230   230 E DUSS&63[sys_p1_check_compability: 281]:: check version for file wm220_2803_v00.00.03.07_20170228.pro.fw.sig error
01-01 00:00:08.015   230   230 I DUSS&63[sys_p1_check_compability: 274]:: /data/upgrade/backup//wm220_2803_v00.00.03.08_20170302_cd01.pro.fw.sig not exist!
01-01 00:00:08.015   230   230 I DUSS&63[        sys_p1_check_ver:2608]:: check version for wm220_2803_v00.00.03.08_20170302_cd01.pro.fw.sig
01-01 00:00:08.015   230   230 I DUSS&63[        sys_p1_check_ver:2655]:: skip module dev_id=0x1c, dev_index=0x3 on dev 2, current gnd: add_uav=0, add_gls=0
01-01 00:00:08.015   230   230 E DUSS&63[sys_p1_check_compability: 281]:: check version for file wm220_2803_v00.00.03.08_20170302_cd01.pro.fw.sig error
01-01 00:00:08.015   230   230 I DUSS&63[sys_p1_check_compability: 274]:: /data/upgrade/backup//wm220_2803_v00.00.03.08_20170302_cd02.pro.fw.sig not exist!
01-01 00:00:08.015   230   230 I DUSS&63[        sys_p1_check_ver:2608]:: check version for wm220_2803_v00.00.03.08_20170302_cd02.pro.fw.sig
01-01 00:00:08.015   230   230 I DUSS&63[        sys_p1_check_ver:2655]:: skip module dev_id=0x1c, dev_index=0x3 on dev 2, current gnd: add_uav=0, add_gls=0
01-01 00:00:08.015   230   230 E DUSS&63[sys_p1_check_compability: 281]:: check version for file wm220_2803_v00.00.03.08_20170302_cd02.pro.fw.sig error
01-01 00:00:08.015   230   230 I DUSS&63[sys_p1_check_compability: 274]:: /data/upgrade/backup//wm220_2803_v00.00.04.08_20170828_cd03.pro.fw.sig not exist!
01-01 00:00:08.015   230   230 I DUSS&63[        sys_p1_check_ver:2608]:: check version for wm220_2803_v00.00.04.08_20170828_cd03.pro.fw.sig
01-01 00:00:08.015   230   230 I DUSS&63[        sys_p1_check_ver:2655]:: skip module dev_id=0x1c, dev_index=0x3 on dev 2, current gnd: add_uav=0, add_gls=0
01-01 00:00:08.015   230   230 E DUSS&63[sys_p1_check_compability: 281]:: check version for file wm220_2803_v00.00.04.08_20170828_cd03.pro.fw.sig error
01-01 00:00:08.015   230   230 I DUSS&63[        sys_p1_check_ver:2608]:: check version for wm220_0905_v01.00.01.07_20170929.pro.fw.sig
01-01 00:00:08.015   230   230 I DUSS&63[        sys_p1_check_ver:2629]:: skip module for datacopy, dev_id=0x9, dev_index=0x5 
01-01 00:00:08.015   230   230 E DUSS&63[sys_p1_check_compability: 281]:: check version for file wm220_0905_v01.00.01.07_20170929.pro.fw.sig error
01-01 00:00:08.015   230   230 I DUSS&63[sys_p1_check_compability: 301]:: after check *comptbl = 0, p1_first=0
01-01 00:00:08.016   230   230 I DUSS&63[        sys_version_scan: 207]:: found system compatible with the large package
01-01 00:00:08.016   230   230 I DUSS&63[            sys_mainloop: 279]:: version scan done.
01-01 00:00:08.025   225   450 W DUSS&63[       tcp_async_connect: 334]:: [sys]Timeout in select() - Cancelling, addr=192.168.41.1
01-01 00:00:10.177   230   297 I DUSS&63[sys_event_query_device_i:4939]:: CMD_QUERY_DEVICE_INFO WM220 1860RC Jun 13 2018|22:38:27
01-01 00:00:10.189   230   313 I DUSS&63[   sys_event_dev_ver_get: 290]:: DUSS_MB_HOST_ALL ver WM220 RC Ver.A, package ver 1.4.500, Production=1
01-01 00:00:10.230   230   297 I DUSS&63[ sys_common_get_cfg_file:1355]:: +++request file from 0x200: req type 1, off 0, len -1
01-01 00:00:10.230   230   297 I DUSS&63[           _get_cfg_file:1285]:: +++request cfg file /data/upgrade/wm330_0000.cfg.sig
01-01 00:00:10.232   230   297 I DUSS&63[ sys_common_get_cfg_file:1389]:: get cfg/log file from 0x200: req type 1, off 0, len 980; ack aclen 980, leftlen 5548, ret=0
01-01 00:00:10.236   230   297 I DUSS&63[ sys_common_get_cfg_file:1389]:: get cfg/log file from 0x200: req type 1, off 980, len 980; ack aclen 980, leftlen 4568, ret=0
01-01 00:00:10.241   230   297 I DUSS&63[ sys_common_get_cfg_file:1389]:: get cfg/log file from 0x200: req type 1, off 1960, len 980; ack aclen 980, leftlen 3588, ret=0
01-01 00:00:10.246   230   297 I DUSS&63[ sys_common_get_cfg_file:1389]:: get cfg/log file from 0x200: req type 1, off 2940, len 980; ack aclen 980, leftlen 2608, ret=0
01-01 00:00:10.249   230   297 I DUSS&63[ sys_common_get_cfg_file:1389]:: get cfg/log file from 0x200: req type 1, off 3920, len 980; ack aclen 980, leftlen 1628, ret=0
01-01 00:00:10.252   230   297 I DUSS&63[ sys_common_get_cfg_file:1389]:: get cfg/log file from 0x200: req type 1, off 4900, len 980; ack aclen 980, leftlen 648, ret=0
01-01 00:00:10.255   230   297 I DUSS&63[ sys_common_get_cfg_file:1389]:: get cfg/log file from 0x200: req type 1, off 5880, len 980; ack aclen 648, leftlen 0, ret=0
01-01 00:00:10.715   230   297 I DUSS&63[sys_event_query_device_i:4939]:: CMD_QUERY_DEVICE_INFO WM220 1860RC Jun 13 2018|22:38:27
01-01 00:00:10.727   230   313 I DUSS&63[   sys_event_dev_ver_get: 290]:: DUSS_MB_HOST_ALL ver WM220 RC Ver.A, package ver 1.4.500, Production=1
01-01 00:00:10.988   230   313 I DUSS&63[   sys_event_dev_ver_get: 290]:: DUSS_MB_HOST_ALL ver WM220 RC Ver.A, package ver 1.4.500, Production=1
01-01 00:00:11.792   230   313 I DUSS&63[   sys_event_dev_ver_get: 290]:: DUSS_MB_HOST_ALL ver WM220 RC Ver.A, package ver 1.4.500, Production=1
01-30 18:37:19.007   230   297 F DUSS&63[      sys_event_set_date: 101]:: Got sys_event_set_date message: 2019.01.30-18:37:19, result 0
01-30 18:37:39.523   230   297 I DUSS&63[sys_event_query_device_i:4939]:: CMD_QUERY_DEVICE_INFO WM220 1860RC Jun 13 2018|22:38:27
01-30 18:37:39.536   230   313 I DUSS&63[   sys_event_dev_ver_get: 290]:: DUSS_MB_HOST_ALL ver WM220 RC Ver.A, package ver 1.4.500, Production=1
01-30 18:37:39.713   230   297 I DUSS&63[sys_event_query_device_i:4939]:: CMD_QUERY_DEVICE_INFO WM220 1860RC Jun 13 2018|22:38:27
01-30 18:37:39.728   230   297 I DUSS&63[ sys_common_get_cfg_file:1355]:: +++request file from 0x200: req type 1, off 0, len -1
01-30 18:37:39.728   230   297 I DUSS&63[           _get_cfg_file:1285]:: +++request cfg file /data/upgrade/wm330_0000.cfg.sig
01-30 18:37:39.728   230   313 I DUSS&63[   sys_event_dev_ver_get: 290]:: DUSS_MB_HOST_ALL ver WM220 RC Ver.A, package ver 1.4.500, Production=1
01-30 18:37:39.729   230   297 I DUSS&63[ sys_common_get_cfg_file:1389]:: get cfg/log file from 0x200: req type 1, off 0, len 980; ack aclen 980, leftlen 5548, ret=0
01-30 18:37:40.665   230   297 I DUSS&63[sys_event_query_device_i:4939]:: CMD_QUERY_DEVICE_INFO WM220 1860RC Jun 13 2018|22:38:27
01-30 18:37:40.666   230   297 I DUSS&63[ sys_common_get_cfg_file:1355]:: +++request file from 0x200: req type 1, off 0, len -1
01-30 18:37:40.666   230   297 I DUSS&63[           _get_cfg_file:1285]:: +++request cfg file /data/upgrade/wm330_0000.cfg.sig
01-30 18:37:40.667   230   297 I DUSS&63[ sys_common_get_cfg_file:1389]:: get cfg/log file from 0x200: req type 1, off 0, len 980; ack aclen 980, leftlen 5548, ret=0
01-30 18:37:40.678   230   313 I DUSS&63[   sys_event_dev_ver_get: 290]:: DUSS_MB_HOST_ALL ver WM220 RC Ver.A, package ver 1.4.500, Production=1
01-30 18:37:41.672   230   297 I DUSS&63[sys_event_query_device_i:4939]:: CMD_QUERY_DEVICE_INFO WM220 1860RC Jun 13 2018|22:38:27
01-30 18:37:41.675   230   297 I DUSS&63[ sys_common_get_cfg_file:1355]:: +++request file from 0x200: req type 1, off 0, len -1
01-30 18:37:41.675   230   297 I DUSS&63[           _get_cfg_file:1285]:: +++request cfg file /data/upgrade/wm330_0000.cfg.sig
01-30 18:37:41.676   230   297 I DUSS&63[ sys_common_get_cfg_file:1389]:: get cfg/log file from 0x200: req type 1, off 0, len 980; ack aclen 980, leftlen 5548, ret=0
01-30 18:37:41.677   230   313 I DUSS&63[   sys_event_dev_ver_get: 290]:: DUSS_MB_HOST_ALL ver WM220 RC Ver.A, package ver 1.4.500, Production=1
01-30 18:37:42.769   230   297 I DUSS&63[sys_event_query_device_i:4939]:: CMD_QUERY_DEVICE_INFO WM220 1860RC Jun 13 2018|22:38:27
01-30 18:37:42.776   230   313 I DUSS&63[   sys_event_dev_ver_get: 290]:: DUSS_MB_HOST_ALL ver WM220 RC Ver.A, package ver 1.4.500, Production=1
01-30 18:37:42.778   230   297 I DUSS&63[ sys_common_get_cfg_file:1355]:: +++request file from 0x200: req type 1, off 0, len -1
01-30 18:37:42.778   230   297 I DUSS&63[           _get_cfg_file:1285]:: +++request cfg file /data/upgrade/wm330_0000.cfg.sig
01-30 18:37:42.779   230   297 I DUSS&63[ sys_common_get_cfg_file:1389]:: get cfg/log file from 0x200: req type 1, off 0, len 980; ack aclen 980, leftlen 5548, ret=0
01-30 18:37:43.779   230   297 I DUSS&63[sys_event_query_device_i:4939]:: CMD_QUERY_DEVICE_INFO WM220 1860RC Jun 13 2018|22:38:27
01-30 18:37:43.782   230   297 I DUSS&63[ sys_common_get_cfg_file:1355]:: +++request file from 0x200: req type 1, off 0, len -1
01-30 18:37:43.782   230   297 I DUSS&63[           _get_cfg_file:1285]:: +++request cfg file /data/upgrade/wm330_0000.cfg.sig
01-30 18:37:43.783   230   297 I DUSS&63[ sys_common_get_cfg_file:1389]:: get cfg/log file from 0x200: req type 1, off 0, len 980; ack aclen 980, leftlen 5548, ret=0
01-30 18:37:43.787   230   313 I DUSS&63[   sys_event_dev_ver_get: 290]:: DUSS_MB_HOST_ALL ver WM220 RC Ver.A, package ver 1.4.500, Production=1
01-30 18:37:44.879   230   297 I DUSS&63[sys_event_query_device_i:4939]:: CMD_QUERY_DEVICE_INFO WM220 1860RC Jun 13 2018|22:38:27
01-30 18:37:44.880   230   297 I DUSS&63[ sys_common_get_cfg_file:1355]:: +++request file from 0x200: req type 1, off 0, len -1
01-30 18:37:44.880   230   297 I DUSS&63[           _get_cfg_file:1285]:: +++request cfg file /data/upgrade/wm330_0000.cfg.sig
01-30 18:37:44.881   230   297 I DUSS&63[ sys_common_get_cfg_file:1389]:: get cfg/log file from 0x200: req type 1, off 0, len 980; ack aclen 980, leftlen 5548, ret=0
01-30 18:37:44.886   230   313 I DUSS&63[   sys_event_dev_ver_get: 290]:: DUSS_MB_HOST_ALL ver WM220 RC Ver.A, package ver 1.4.500, Production=1
01-30 18:37:45.974   230   297 I DUSS&63[ sys_common_get_cfg_file:1355]:: +++request file from 0x200: req type 1, off 0, len -1
01-30 18:37:45.974   230   297 I DUSS&63[           _get_cfg_file:1285]:: +++request cfg file /data/upgrade/wm330_0000.cfg.sig
01-30 18:37:45.975   230   297 I DUSS&63[ sys_common_get_cfg_file:1389]:: get cfg/log file from 0x200: req type 1, off 0, len 980; ack aclen 980, leftlen 5548, ret=0
01-30 18:37:45.986   230   313 I DUSS&63[   sys_event_dev_ver_get: 290]:: DUSS_MB_HOST_ALL ver WM220 RC Ver.A, package ver 1.4.500, Production=1
01-30 18:37:46.734   230   316 W DUSS&63[       tcp_async_connect: 311]:: [sys]EINPROGRESS in connect() - selecting,addr=192.168.41.1
01-30 18:37:46.734   230   318 W DUSS&63[       tcp_async_connect: 311]:: [sys]EINPROGRESS in connect() - selecting,addr=192.168.41.3
01-30 18:37:47.023   225   450 W DUSS&63[       tcp_async_connect: 311]:: [sys]EINPROGRESS in connect() - selecting,addr=192.168.41.1
01-30 18:37:47.087   230   313 I DUSS&63[   sys_event_dev_ver_get: 290]:: DUSS_MB_HOST_ALL ver WM220 RC Ver.A, package ver 1.4.500, Production=1
01-30 18:37:47.735   230   316 W DUSS&63[       tcp_async_connect: 334]:: [sys]Timeout in select() - Cancelling, addr=192.168.41.1
01-30 18:37:47.735   230   318 W DUSS&63[       tcp_async_connect: 334]:: [sys]Timeout in select() - Cancelling, addr=192.168.41.3
01-30 18:37:48.024   225   450 W DUSS&63[       tcp_async_connect: 334]:: [sys]Timeout in select() - Cancelling, addr=192.168.41.1
01-30 18:37:48.086   230   313 I DUSS&63[   sys_event_dev_ver_get: 290]:: DUSS_MB_HOST_ALL ver WM220 RC Ver.A, package ver 1.4.500, Production=1
01-30 18:37:49.176   230   313 I DUSS&63[   sys_event_dev_ver_get: 290]:: DUSS_MB_HOST_ALL ver WM220 RC Ver.A, package ver 1.4.500, Production=1
01-30 18:37:50.007   230   297 F DUSS&63[      sys_event_set_date: 101]:: Got sys_event_set_date message: 2019.01.30-18:37:50, result 0
01-30 18:37:50.551   230   313 I DUSS&63[   sys_event_dev_ver_get: 290]:: DUSS_MB_HOST_ALL ver WM220 RC Ver.A, package ver 1.4.500, Production=1
01-30 18:37:51.648   230   313 I DUSS&63[   sys_event_dev_ver_get: 290]:: DUSS_MB_HOST_ALL ver WM220 RC Ver.A, package ver 1.4.500, Production=1
01-30 18:37:57.885   230   297 I DUSS&63[sys_event_query_device_i:4939]:: CMD_QUERY_DEVICE_INFO WM220 1860RC Jun 13 2018|22:38:27
01-30 18:37:57.897   230   313 I DUSS&63[   sys_event_dev_ver_get: 290]:: DUSS_MB_HOST_ALL ver WM220 RC Ver.A, package ver 1.4.500, Production=1
01-30 18:38:28.096   230   316 W DUSS&63[       tcp_async_connect: 311]:: [sys]EINPROGRESS in connect() - selecting,addr=192.168.41.1
01-30 18:38:28.097   230   318 W DUSS&63[       tcp_async_connect: 311]:: [sys]EINPROGRESS in connect() - selecting,addr=192.168.41.3
01-30 18:38:28.385   225   450 W DUSS&63[       tcp_async_connect: 311]:: [sys]EINPROGRESS in connect() - selecting,addr=192.168.41.1
01-30 18:38:29.097   230   316 W DUSS&63[       tcp_async_connect: 334]:: [sys]Timeout in select() - Cancelling, addr=192.168.41.1
01-30 18:38:29.098   230   318 W DUSS&63[       tcp_async_connect: 334]:: [sys]Timeout in select() - Cancelling, addr=192.168.41.3
01-30 18:38:29.386   225   450 W DUSS&63[       tcp_async_connect: 334]:: [sys]Timeout in select() - Cancelling, addr=192.168.41.1
01-30 18:39:09.102   230   316 W DUSS&63[       tcp_async_connect: 311]:: [sys]EINPROGRESS in connect() - selecting,addr=192.168.41.1
01-30 18:39:09.102   230   318 W DUSS&63[       tcp_async_connect: 311]:: [sys]EINPROGRESS in connect() - selecting,addr=192.168.41.3
01-30 18:39:09.391   225   450 W DUSS&63[       tcp_async_connect: 311]:: [sys]EINPROGRESS in connect() - selecting,addr=192.168.41.1
01-30 18:39:10.103   230   318 W DUSS&63[       tcp_async_connect: 334]:: [sys]Timeout in select() - Cancelling, addr=192.168.41.3
01-30 18:39:10.103   230   316 W DUSS&63[       tcp_async_connect: 334]:: [sys]Timeout in select() - Cancelling, addr=192.168.41.1
01-30 18:39:10.392   225   450 W DUSS&63[       tcp_async_connect: 334]:: [sys]Timeout in select() - Cancelling, addr=192.168.41.1
01-30 18:39:50.108   230   316 W DUSS&63[       tcp_async_connect: 311]:: [sys]EINPROGRESS in connect() - selecting,addr=192.168.41.1
01-30 18:39:50.109   230   318 W DUSS&63[       tcp_async_connect: 311]:: [sys]EINPROGRESS in connect() - selecting,addr=192.168.41.3
01-30 18:39:50.396   225   450 W DUSS&63[       tcp_async_connect: 311]:: [sys]EINPROGRESS in connect() - selecting,addr=192.168.41.1
01-30 18:39:51.109   230   316 W DUSS&63[       tcp_async_connect: 334]:: [sys]Timeout in select() - Cancelling, addr=192.168.41.1
01-30 18:39:51.110   230   318 W DUSS&63[       tcp_async_connect: 334]:: [sys]Timeout in select() - Cancelling, addr=192.168.41.3
01-30 18:39:51.397   225   450 W DUSS&63[       tcp_async_connect: 334]:: [sys]Timeout in select() - Cancelling, addr=192.168.41.1
01-30 18:40:00.807   230   297 I DUSS&63[sys_event_query_device_i:4939]:: CMD_QUERY_DEVICE_INFO WM220 1860RC Jun 13 2018|22:38:27
01-30 18:40:00.819   230   313 I DUSS&63[   sys_event_dev_ver_get: 290]:: DUSS_MB_HOST_ALL ver WM220 RC Ver.A, package ver 1.4.500, Production=1
01-30 18:40:31.114   230   316 W DUSS&63[       tcp_async_connect: 311]:: [sys]EINPROGRESS in connect() - selecting,addr=192.168.41.1
01-30 18:40:31.116   230   318 W DUSS&63[       tcp_async_connect: 311]:: [sys]EINPROGRESS in connect() - selecting,addr=192.168.41.3
01-30 18:40:31.402   225   450 W DUSS&63[       tcp_async_connect: 311]:: [sys]EINPROGRESS in connect() - selecting,addr=192.168.41.1
01-30 18:40:32.115   230   316 W DUSS&63[       tcp_async_connect: 334]:: [sys]Timeout in select() - Cancelling, addr=192.168.41.1
01-30 18:40:32.117   230   318 W DUSS&63[       tcp_async_connect: 334]:: [sys]Timeout in select() - Cancelling, addr=192.168.41.3
01-30 18:40:32.403   225   450 W DUSS&63[       tcp_async_connect: 334]:: [sys]Timeout in select() - Cancelling, addr=192.168.41.1
01-30 18:40:38.780   230   297 I DUSS&63[        sys_event_reboot:1415]:: receive reboot from 0x600, this_host=0xd01
01-30 18:40:38.780   230   297 I DUSS&63[        sys_event_reboot:1421]:: Get reboot callback. .
01-30 18:40:38.780   230   297 I DUSS&63[           sys_p1_reboot:5026]:: Request power/boot 2 after 2000 ms from 0x600
01-30 18:40:40.817   230   297 I DUSS&63[           sys_p1_reboot:5103]:: going to reboot/poweroff/powersave... reboot_type 2 reboot_mode 0
===/data/dji/log is already a link===
===/data/dji/blackbox is already a link===


!!!new file start!!!

01-01 00:00:03.483   227   227 I DUSS&63[                    main: 670]:: dji_sys run as dev_type 1, duss_sketch_initialize done...
01-01 00:00:03.489   227   227 I DUSS&63[sys_load_config_from_jso: 154]:: Get the hw_str WM220 RC
01-01 00:00:03.489   227   227 W DUSS&63[sys_load_config_from_jso: 160]:: Can't find platform:system_init domain! Call default routing...
01-01 00:00:03.492   227   227 I DUSS&63[         sys_load_config: 501]:: platform dev_info: WM220 1860RC
01-01 00:00:03.517   227   227 I DUSS&63[sys_check_boot_mode_norm: 346]:: Set system mode to NORMAL.
01-01 00:00:03.552   227   227 I DUSS&63[sys_up_load_general_stat: 203]:: get option_value wm220 for package_id
01-01 00:00:03.553   227   227 I DUSS&63[sys_up_load_general_stat: 204]:: updated package_str wm220
01-01 00:00:03.553   227   227 I DUSS&63[sys_up_load_general_stat: 211]:: get package_ver 1.4.500
01-01 00:00:03.553   227   227 I DUSS&63[sys_up_load_general_stat: 211]:: 
01-01 00:00:03.553   227   227 I DUSS&63[sys_up_load_general_stat: 215]:: updated package_ver 1.4.500
01-01 00:00:03.553   227   227 I DUSS&63[sys_up_load_general_stat: 222]:: get package_uav_cnt 20
01-01 00:00:03.553   227   227 I DUSS&63[sys_up_load_general_stat: 222]:: 
01-01 00:00:03.553   227   227 I DUSS&63[sys_up_load_general_stat: 224]:: updated package_uav_cnt 20
01-01 00:00:03.553   227   227 I DUSS&63[sys_up_load_general_stat: 231]:: get package_gnd_cnt 3
01-01 00:00:03.553   227   227 I DUSS&63[sys_up_load_general_stat: 231]:: 
01-01 00:00:03.553   227   227 I DUSS&63[sys_up_load_general_stat: 233]:: updated package_gnd_cnt 3
01-01 00:00:03.553   227   227 I DUSS&63[sys_up_load_general_stat: 240]:: get package_gls_cnt 0
01-01 00:00:03.553   227   227 I DUSS&63[sys_up_load_general_stat: 240]:: 
01-01 00:00:03.553   227   227 I DUSS&63[sys_up_load_general_stat: 242]:: updated package_gls_cnt 0
01-01 00:00:03.553   227   227 W DUSS&63[sys_up_load_general_stat: 251]:: can not get option_value for wm22x_type, use wm220 by default
01-01 00:00:03.553   227   227 I DUSS&63[sys_up_load_upgrade_stat: 275]:: file /cache/upgrade_status not exist, return directly
01-01 00:00:03.560   227   227 I DUSS&63[sys_upgrade_check_status:5266]:: didn't save upgrade_retry in last boot
01-01 00:00:03.560   227   227 I DUSS&63[sys_upgrade_check_status:5292]:: non need to push upgrade status, set upgrade status to idle.
01-01 00:00:03.672   227   227 I DUSS&63[            sys_pre_init: 547]:: this is production board
01-01 00:00:03.713   227   227 I DUSS&63[      wl_prot_tcp_create: 404]:: [sys]open_type=0, local_port=0, remote_ip=192.168.41.1, remote_port=22350, l_ctx=0xb7137e20 
01-01 00:00:03.713   227   227 I DUSS&63[      wl_prot_tcp_create: 467]:: [sys]first connect failed, err=Network is unreachable
01-01 00:00:03.713   227   227 I DUSS&63[      wl_prot_tcp_create: 500]:: [sys]create tcp channel success, l_ctx=0xb7137e20
01-01 00:00:03.713   227   316 I DUSS&63[      tcp_connect_thread: 139]:: [sys]start to connect, fd=17
01-01 00:00:03.713   227   316 I DUSS&63[      tcp_connect_thread: 143]:: [sys]WL TCP State change to connecting
01-01 00:00:03.713   227   227 I DUSS&63[      wl_prot_tcp_create: 404]:: [sys]open_type=0, local_port=0, remote_ip=192.168.41.3, remote_port=22351, l_ctx=0xb7138fc0 
01-01 00:00:03.713   227   227 I DUSS&63[      wl_prot_tcp_create: 467]:: [sys]first connect failed, err=Network is unreachable
01-01 00:00:03.713   227   227 I DUSS&63[      wl_prot_tcp_create: 500]:: [sys]create tcp channel success, l_ctx=0xb7138fc0
01-01 00:00:03.713   227   318 I DUSS&63[      tcp_connect_thread: 139]:: [sys]start to connect, fd=18
01-01 00:00:03.713   227   318 I DUSS&63[      tcp_connect_thread: 143]:: [sys]WL TCP State change to connecting
01-01 00:00:03.714   227   227 I DUSS&63[        sys_events_start:  96]:: aging_test_mode=0, system_mode=0
01-01 00:00:03.715   227   322 I DUSS&63[sys_up_status_push_threa: 863]:: pushing thread start, stop_pushing=1, push_status=0
01-01 00:00:03.715   227   227 I DUSS&63[       sys_check_pc_conn: 313]:: For pc connection, usb state is DISCONNECTED
01-01 00:00:03.715   227   227 I DUSS&63[           sys_post_init: 578]:: conn_pc=0 when init
01-01 00:00:03.715   227   227 E DUSS&63[sys_event_pc_through_rc_:1198]:: Find route item to pc by wl channel fail: -1001
01-01 00:00:03.715   227   227 I DUSS&63[sys_flight_data_do_first: 637]:: gnd, no need to check whether to send nfz.db to uav anymore
01-01 00:00:03.726   227   227 I DUSS&63[        sys_version_scan: 130]:: Got signed cfg file /vendor/cfg/wm220_ac_fw_v01_04_0500.cfg.sig
01-01 00:00:03.804   227   227 I DUSS&63[        sys_version_scan: 157]:: unsign the backup cfg file.
01-01 00:00:03.852   227   227 I DUSS&63[       sys_p1_unsign_img:1960]:: verify results: passed to verify image /vendor/cfg/wm220_ac_fw_v01_04_0500.cfg.sig
01-01 00:00:03.853   227   227 I DUSS&63[       sys_p1_unsign_img:1968]:: dji_verify -n 0000 -o /tmp/wm330_0000.xml '/vendor/cfg/wm220_ac_fw_v01_04_0500.cfg.sig' exit status 0, return 0
01-01 00:00:03.853   227   227 I DUSS&63[       sys_p1_unsign_img:1976]:: dji_verify -n 0000 -o /tmp/wm330_0000.xml '/vendor/cfg/wm220_ac_fw_v01_04_0500.cfg.sig' success.
01-01 00:00:03.853   227   227 I DUSS&63[        sys_version_scan: 167]:: check the system compability..
01-01 00:00:03.854   227   227 I DUSS&63[  need_check_compability:  89]:: will send revert SYS_SELF_DEF_CMD_NEED_CHK_COMP to id=8, index=1
01-01 00:00:03.854   227   227 I DUSS&63[  need_check_compability: 109]:: dev_type=1, dev_id=wm220, pack_ver=1.4.500
01-01 00:00:05.633   227   324 E DUSS&63[find_and_kill_all_udhcpd: 457]:: pid 180's cmdline: busybox udhcpd
01-01 00:00:05.633   227   324 E DUSS&63[find_and_kill_all_udhcpd: 460]:: execute busybox kill 180
01-01 00:00:05.641   227   324 E DUSS&63[find_and_kill_all_udhcpd: 457]:: pid 181's cmdline: busybox tcpsvd
01-01 00:00:05.642   227   324 I DUSS&63[ handle_dji_device_event: 284]:: kill udhcpd service (busybox)
01-01 00:00:05.854   227   227 E DUSS&63[  need_check_compability: 118]:: can not get response from 0x801, result=-1002, retry_count=0
01-01 00:00:05.912   225   225 I DUSS&63[      wl_prot_tcp_create: 404]:: [sys]open_type=0, local_port=0, remote_ip=192.168.41.1, remote_port=22352, l_ctx=0xb71a5050 
01-01 00:00:05.912   225   225 I DUSS&63[      wl_prot_tcp_create: 467]:: [sys]first connect failed, err=Network is unreachable
01-01 00:00:05.912   225   225 I DUSS&63[      wl_prot_tcp_create: 500]:: [sys]create tcp channel success, l_ctx=0xb71a5050
01-01 00:00:05.912   225   451 I DUSS&63[      tcp_connect_thread: 139]:: [sys]start to connect, fd=49
01-01 00:00:05.912   225   451 I DUSS&63[      tcp_connect_thread: 143]:: [sys]WL TCP State change to connecting
01-01 00:00:06.714   227   316 W DUSS&63[       tcp_async_connect: 311]:: [sys]EINPROGRESS in connect() - selecting,addr=192.168.41.1
01-01 00:00:06.714   227   318 W DUSS&63[       tcp_async_connect: 311]:: [sys]EINPROGRESS in connect() - selecting,addr=192.168.41.3
01-01 00:00:06.912   225   451 W DUSS&63[       tcp_async_connect: 311]:: [sys]EINPROGRESS in connect() - selecting,addr=192.168.41.1
01-01 00:00:07.715   227   316 W DUSS&63[       tcp_async_connect: 334]:: [sys]Timeout in select() - Cancelling, addr=192.168.41.1
01-01 00:00:07.715   227   318 W DUSS&63[       tcp_async_connect: 334]:: [sys]Timeout in select() - Cancelling, addr=192.168.41.3
01-01 00:00:07.913   225   451 W DUSS&63[       tcp_async_connect: 334]:: [sys]Timeout in select() - Cancelling, addr=192.168.41.1
01-01 00:00:07.956   227   227 E DUSS&63[  need_check_compability: 118]:: can not get response from 0x801, result=-1002, retry_count=1
01-01 00:00:07.956   227   227 I DUSS&63[sys_need_check_compabili: 167]:: on gnd, *add_uav=0
01-01 00:00:07.956   227   227 I DUSS&63[sys_need_check_compabili: 172]:: no gls images for last package, set add_gls to 0
01-01 00:00:07.958   227   227 I DUSS&63[sys_p1_check_compability: 239]:: get device_id wm220 from xml
01-01 00:00:07.959   227   227 I DUSS&63[sys_p1_check_compability: 253]:: get last updated package version  Major=1, minor=4, build=500
01-01 00:00:07.959   227   227 I DUSS&63[        sys_p1_check_ver:2608]:: check version for wm220_0907_v47.26.02.18_20170801.pro.fw.sig
01-01 00:00:07.959   227   227 I DUSS&63[        sys_p1_check_ver:2655]:: skip module dev_id=0x9, dev_index=0x7 on dev 0, current gnd: add_uav=0, add_gls=0
01-01 00:00:07.959   227   227 E DUSS&63[sys_p1_check_compability: 281]:: check version for file wm220_0907_v47.26.02.18_20170801.pro.fw.sig error
01-01 00:00:07.960   227   227 I DUSS&63[        sys_p1_check_ver:2608]:: check version for wm220_0305_v34.04.00.24_20170726.pro.fw.sig
01-01 00:00:07.960   227   227 I DUSS&63[        sys_p1_check_ver:2655]:: skip module dev_id=0x3, dev_index=0x5 on dev 0, current gnd: add_uav=0, add_gls=0
01-01 00:00:07.960   227   227 E DUSS&63[sys_p1_check_compability: 281]:: check version for file wm220_0305_v34.04.00.24_20170726.pro.fw.sig error
01-01 00:00:07.960   227   227 I DUSS&63[        sys_p1_check_ver:2608]:: check version for wm220_0306_v03.02.44.07_20171116.pro.fw.sig
01-01 00:00:07.960   227   227 I DUSS&63[        sys_p1_check_ver:2655]:: skip module dev_id=0x3, dev_index=0x6 on dev 0, current gnd: add_uav=0, add_gls=0
01-01 00:00:07.960   227   227 E DUSS&63[sys_p1_check_compability: 281]:: check version for file wm220_0306_v03.02.44.07_20171116.pro.fw.sig error
01-01 00:00:07.960   227   227 I DUSS&63[        sys_p1_check_ver:2608]:: check version for wm220_1100_v01.00.07.32_20170726.pro.fw.sig
01-01 00:00:07.960   227   227 I DUSS&63[        sys_p1_check_ver:2655]:: skip module dev_id=0xb, dev_index=0x0 on dev 0, current gnd: add_uav=0, add_gls=0
01-01 00:00:07.960   227   227 E DUSS&63[sys_p1_check_compability: 281]:: check version for file wm220_1100_v01.00.07.32_20170726.pro.fw.sig error
01-01 00:00:07.960   227   227 I DUSS&63[        sys_p1_check_ver:2608]:: check version for wm220_0803_v00.00.04.09_20170728.pro.fw.sig
01-01 00:00:07.960   227   227 I DUSS&63[        sys_p1_check_ver:2655]:: skip module dev_id=0x8, dev_index=0x3 on dev 0, current gnd: add_uav=0, add_gls=0
01-01 00:00:07.960   227   227 E DUSS&63[sys_p1_check_compability: 281]:: check version for file wm220_0803_v00.00.04.09_20170728.pro.fw.sig error
01-01 00:00:07.960   227   227 I DUSS&63[        sys_p1_check_ver:2608]:: check version for wm220_0100_v02.08.56.68_20180122.pro.fw.sig
01-01 00:00:07.960   227   227 I DUSS&63[        sys_p1_check_ver:2655]:: skip module dev_id=0x1, dev_index=0x0 on dev 0, current gnd: add_uav=0, add_gls=0
01-01 00:00:07.960   227   227 E DUSS&63[sys_p1_check_compability: 281]:: check version for file wm220_0100_v02.08.56.68_20180122.pro.fw.sig error
01-01 00:00:07.960   227   227 I DUSS&63[        sys_p1_check_ver:2608]:: check version for wm220_0100_v02.10.05.19_20180122_ca02.pro.fw.sig
01-01 00:00:07.960   227   227 I DUSS&63[        sys_p1_check_ver:2655]:: skip module dev_id=0x1, dev_index=0x0 on dev 0, current gnd: add_uav=0, add_gls=0
01-01 00:00:07.960   227   227 E DUSS&63[sys_p1_check_compability: 281]:: check version for file wm220_0100_v02.10.05.19_20180122_ca02.pro.fw.sig error
