01-01 00:00:13.035   216   216 I DUSS&63[        sys_p1_check_ver:2524]:: skip module dev_id=0xc, dev_index=0x3 on dev 0, current gnd: add_uav=0, add_gls=0
01-01 00:00:13.035   216   216 E DUSS&63[sys_p1_check_compability: 234]:: check version for file wm220_1203_v01.10.00.00_20170731.pro.fw.sig error
01-01 00:00:13.035   216   216 I DUSS&63[        sys_p1_check_ver:2477]:: check version for wm220_0802_v01.01.00.02_20170729.pro.fw.sig
01-01 00:00:13.035   216   216 I DUSS&63[        sys_p1_check_ver:2524]:: skip module dev_id=0x8, dev_index=0x2 on dev 0, current gnd: add_uav=0, add_gls=0
01-01 00:00:13.035   216   216 E DUSS&63[sys_p1_check_compability: 234]:: check version for file wm220_0802_v01.01.00.02_20170729.pro.fw.sig error
01-01 00:00:13.035   216   216 I DUSS&63[        sys_p1_check_ver:2477]:: check version for wm220_0805_v01.03.00.99_20171121.pro.fw.sig
01-01 00:00:13.035   216   216 I DUSS&63[        sys_p1_check_ver:2524]:: skip module dev_id=0x8, dev_index=0x5 on dev 0, current gnd: add_uav=0, add_gls=0
01-01 00:00:13.035   216   216 E DUSS&63[sys_p1_check_compability: 234]:: check version for file wm220_0805_v01.03.00.99_20171121.pro.fw.sig error
01-01 00:00:13.035   216   216 I DUSS&63[        sys_p1_check_ver:2477]:: check version for wm220_1407_v47.26.02.18_20170801.pro.fw.sig
01-01 00:00:13.035   216   294 I DUSS&63[   sys_event_dev_ver_get: 257]:: from 0xa03, this_host=0xe07, dev_type=1, hw_str=WM220 RC
01-01 00:00:13.064   216   216 I DUSS&63[        sys_p1_check_ver:2592]:: 14:7: Same version.
01-01 00:00:13.064   216   216 I DUSS&63[        sys_p1_check_ver:2477]:: check version for wm220_0600_v00.00.01.28_20170727.pro.fw.sig
01-01 00:00:13.078   216   216 I DUSS&63[        sys_p1_check_ver:2592]:: 6:0: Same version.
01-01 00:00:13.078   216   216 I DUSS&63[        sys_p1_check_ver:2477]:: check version for wm220_1301_v01.06.00.35_20171228.pro.fw.sig
01-01 00:00:13.078   216   287 I DUSS&63[   sys_event_dev_ver_get: 257]:: from 0xa03, this_host=0xd01, dev_type=1, hw_str=WM220 RC
01-01 00:00:13.090   216   216 I DUSS&63[        sys_p1_check_ver:2592]:: 13:1: Same version.
01-01 00:00:13.090   216   216 I DUSS&63[        sys_p1_check_ver:2477]:: check version for wm220_2807_v47.26.02.18_20170801.pro.fw.sig
01-01 00:00:13.090   216   216 I DUSS&63[        sys_p1_check_ver:2524]:: skip module dev_id=0x1c, dev_index=0x7 on dev 2, current gnd: add_uav=0, add_gls=0
01-01 00:00:13.090   216   216 E DUSS&63[sys_p1_check_compability: 234]:: check version for file wm220_2807_v47.26.02.18_20170801.pro.fw.sig error
01-01 00:00:13.090   216   216 I DUSS&63[        sys_p1_check_ver:2477]:: check version for wm220_0601_v00.00.03.06_20170528.pro.fw.sig
01-01 00:00:13.090   216   216 I DUSS&63[        sys_p1_check_ver:2524]:: skip module dev_id=0x6, dev_index=0x1 on dev 2, current gnd: add_uav=0, add_gls=0
01-01 00:00:13.090   216   216 E DUSS&63[sys_p1_check_compability: 234]:: check version for file wm220_0601_v00.00.03.06_20170528.pro.fw.sig error
01-01 00:00:13.090   216   216 I DUSS&63[        sys_p1_check_ver:2477]:: check version for wm220_0603_v00.00.06.09_20170728.pro.fw.sig
01-01 00:00:13.090   216   216 I DUSS&63[        sys_p1_check_ver:2524]:: skip module dev_id=0x6, dev_index=0x3 on dev 2, current gnd: add_uav=0, add_gls=0
01-01 00:00:13.090   216   216 E DUSS&63[sys_p1_check_compability: 234]:: check version for file wm220_0603_v00.00.06.09_20170728.pro.fw.sig error
01-01 00:00:13.090   216   216 I DUSS&63[        sys_p1_check_ver:2477]:: check version for wm220_2801_v01.03.01.71_20180207.pro.fw.sig
01-01 00:00:13.090   216   216 I DUSS&63[        sys_p1_check_ver:2524]:: skip module dev_id=0x1c, dev_index=0x1 on dev 2, current gnd: add_uav=0, add_gls=0
01-01 00:00:13.090   216   216 E DUSS&63[sys_p1_check_compability: 234]:: check version for file wm220_2801_v01.03.01.71_20180207.pro.fw.sig error
01-01 00:00:13.090   216   216 I DUSS&63[        sys_p1_check_ver:2477]:: check version for wm220_2803_v00.00.03.08_20170302_cd02.pro.fw.sig
01-01 00:00:13.090   216   216 I DUSS&63[        sys_p1_check_ver:2524]:: skip module dev_id=0x1c, dev_index=0x3 on dev 2, current gnd: add_uav=0, add_gls=0
01-01 00:00:13.090   216   216 E DUSS&63[sys_p1_check_compability: 234]:: check version for file wm220_2803_v00.00.03.08_20170302_cd02.pro.fw.sig error
01-01 00:00:13.090   216   216 I DUSS&63[        sys_p1_check_ver:2477]:: check version for wm220_2803_v00.00.03.08_20170302_cd01.pro.fw.sig
01-01 00:00:13.091   216   216 I DUSS&63[        sys_p1_check_ver:2524]:: skip module dev_id=0x1c, dev_index=0x3 on dev 2, current gnd: add_uav=0, add_gls=0
01-01 00:00:13.091   216   216 E DUSS&63[sys_p1_check_compability: 234]:: check version for file wm220_2803_v00.00.03.08_20170302_cd01.pro.fw.sig error
01-01 00:00:13.091   216   216 I DUSS&63[        sys_p1_check_ver:2477]:: check version for wm220_2803_v00.00.04.08_20170828_cd03.pro.fw.sig
01-01 00:00:13.091   216   216 I DUSS&63[        sys_p1_check_ver:2524]:: skip module dev_id=0x1c, dev_index=0x3 on dev 2, current gnd: add_uav=0, add_gls=0
01-01 00:00:13.091   216   216 E DUSS&63[sys_p1_check_compability: 234]:: check version for file wm220_2803_v00.00.04.08_20170828_cd03.pro.fw.sig error
01-01 00:00:13.091   216   216 I DUSS&63[        sys_p1_check_ver:2477]:: check version for wm220_0905_v01.00.01.07_20170929.pro.fw.sig
01-01 00:00:13.091   216   216 I DUSS&63[        sys_p1_check_ver:2498]:: skip module for datacopy, dev_id=0x9, dev_index=0x5 
01-01 00:00:13.091   216   216 E DUSS&63[sys_p1_check_compability: 234]:: check version for file wm220_0905_v01.00.01.07_20170929.pro.fw.sig error
01-01 00:00:13.091   216   216 I DUSS&63[sys_p1_check_compability: 252]:: after check *comptbl = 0, p1_first=0
01-01 00:00:13.091   216   216 I DUSS&63[        sys_version_scan: 194]:: found system compatible with the large package
01-01 00:00:13.091   216   216 I DUSS&63[            sys_mainloop: 266]:: version scan done.
01-01 00:00:44.503   216   287 I DUSS&63[sys_event_query_device_i:4792]:: CMD_QUERY_DEVICE_INFO WM220 1860RC Dec 28 2017|16:11:56
01-01 00:00:44.516   216   304 I DUSS&63[   sys_event_dev_ver_get: 289]:: DUSS_MB_HOST_ALL ver WM220 RC Ver.A, package ver 1.4.300, Production=1
01-01 00:00:44.703   216   287 I DUSS&63[sys_event_query_device_i:4792]:: CMD_QUERY_DEVICE_INFO WM220 1860RC Dec 28 2017|16:11:56
01-01 00:00:44.714   216   304 I DUSS&63[   sys_event_dev_ver_get: 289]:: DUSS_MB_HOST_ALL ver WM220 RC Ver.A, package ver 1.4.300, Production=1
01-01 00:00:45.331   216   287 I DUSS&63[ sys_common_get_cfg_file:1340]:: +++request file from 0x200: req type 1, off 0, len -1
01-01 00:00:45.331   216   287 I DUSS&63[           _get_cfg_file:1270]:: +++request cfg file /data/upgrade/wm330_0000.cfg.sig
01-01 00:00:45.334   216   287 I DUSS&63[ sys_common_get_cfg_file:1374]:: get cfg/log file from 0x200: req type 1, off 0, len 980; ack aclen 980, leftlen 5356, ret=0
01-01 00:00:46.184   216   287 I DUSS&63[ sys_common_get_cfg_file:1374]:: get cfg/log file from 0x200: req type 1, off 980, len 980; ack aclen 980, leftlen 4376, ret=0
01-01 00:00:46.330   216   287 I DUSS&63[ sys_common_get_cfg_file:1374]:: get cfg/log file from 0x200: req type 1, off 1960, len 980; ack aclen 980, leftlen 3396, ret=0
01-01 00:00:46.381   216   287 I DUSS&63[ sys_common_get_cfg_file:1374]:: get cfg/log file from 0x200: req type 1, off 2940, len 980; ack aclen 980, leftlen 2416, ret=0
01-01 00:00:46.384   216   287 I DUSS&63[ sys_common_get_cfg_file:1374]:: get cfg/log file from 0x200: req type 1, off 3920, len 980; ack aclen 980, leftlen 1436, ret=0
01-01 00:00:46.416   216   287 I DUSS&63[ sys_common_get_cfg_file:1374]:: get cfg/log file from 0x200: req type 1, off 4900, len 980; ack aclen 980, leftlen 456, ret=0
01-01 00:00:46.429   216   287 I DUSS&63[ sys_common_get_cfg_file:1374]:: get cfg/log file from 0x200: req type 1, off 5880, len 980; ack aclen 456, leftlen 0, ret=0
01-01 00:00:46.477   216   287 I DUSS&63[ sys_common_get_cfg_file:1340]:: +++request file from 0x200: req type 1, off 0, len -1
01-01 00:00:46.477   216   287 I DUSS&63[           _get_cfg_file:1270]:: +++request cfg file /data/upgrade/wm330_0000.cfg.sig
01-01 00:00:46.478   216   287 I DUSS&63[ sys_common_get_cfg_file:1374]:: get cfg/log file from 0x200: req type 1, off 0, len 980; ack aclen 980, leftlen 5356, ret=0
01-01 00:00:46.514   216   287 I DUSS&63[ sys_common_get_cfg_file:1374]:: get cfg/log file from 0x200: req type 1, off 980, len 980; ack aclen 980, leftlen 4376, ret=0
01-01 00:00:46.517   216   287 I DUSS&63[ sys_common_get_cfg_file:1374]:: get cfg/log file from 0x200: req type 1, off 1960, len 980; ack aclen 980, leftlen 3396, ret=0
01-01 00:00:46.520   216   287 I DUSS&63[ sys_common_get_cfg_file:1374]:: get cfg/log file from 0x200: req type 1, off 2940, len 980; ack aclen 980, leftlen 2416, ret=0
01-01 00:00:46.525   216   287 I DUSS&63[ sys_common_get_cfg_file:1374]:: get cfg/log file from 0x200: req type 1, off 3920, len 980; ack aclen 980, leftlen 1436, ret=0
01-01 00:00:46.529   216   287 I DUSS&63[ sys_common_get_cfg_file:1374]:: get cfg/log file from 0x200: req type 1, off 4900, len 980; ack aclen 980, leftlen 456, ret=0
01-01 00:00:46.530   216   287 I DUSS&63[ sys_common_get_cfg_file:1374]:: get cfg/log file from 0x200: req type 1, off 5880, len 980; ack aclen 456, leftlen 0, ret=0
01-01 00:00:48.631   216   287 I DUSS&63[ sys_common_get_cfg_file:1340]:: +++request file from 0x200: req type 1, off 0, len -1
01-01 00:00:48.632   216   287 I DUSS&63[           _get_cfg_file:1270]:: +++request cfg file /data/upgrade/wm330_0000.cfg.sig
01-01 00:00:48.632   216   287 I DUSS&63[ sys_common_get_cfg_file:1374]:: get cfg/log file from 0x200: req type 1, off 0, len 980; ack aclen 980, leftlen 5356, ret=0
01-01 00:00:48.655   216   287 I DUSS&63[ sys_common_get_cfg_file:1374]:: get cfg/log file from 0x200: req type 1, off 980, len 980; ack aclen 980, leftlen 4376, ret=0
01-01 00:00:48.693   216   306 W DUSS&63[       tcp_async_connect: 311]:: [sys]EINPROGRESS in connect() - selecting,addr=192.168.41.1
01-01 00:00:48.693   216   308 W DUSS&63[       tcp_async_connect: 311]:: [sys]EINPROGRESS in connect() - selecting,addr=192.168.41.3
01-01 00:00:48.740   216   287 I DUSS&63[ sys_common_get_cfg_file:1374]:: get cfg/log file from 0x200: req type 1, off 1960, len 980; ack aclen 980, leftlen 3396, ret=0
01-01 00:00:48.782   216   287 I DUSS&63[ sys_common_get_cfg_file:1374]:: get cfg/log file from 0x200: req type 1, off 2940, len 980; ack aclen 980, leftlen 2416, ret=0
01-01 00:00:48.788   216   287 I DUSS&63[ sys_common_get_cfg_file:1374]:: get cfg/log file from 0x200: req type 1, off 3920, len 980; ack aclen 980, leftlen 1436, ret=0
01-01 00:00:48.793   216   287 I DUSS&63[ sys_common_get_cfg_file:1374]:: get cfg/log file from 0x200: req type 1, off 4900, len 980; ack aclen 980, leftlen 456, ret=0
01-01 00:00:48.796   216   287 I DUSS&63[ sys_common_get_cfg_file:1374]:: get cfg/log file from 0x200: req type 1, off 5880, len 980; ack aclen 456, leftlen 0, ret=0
01-01 00:00:48.900   214   440 W DUSS&63[       tcp_async_connect: 311]:: [sys]EINPROGRESS in connect() - selecting,addr=192.168.41.1
01-01 00:00:49.694   216   308 W DUSS&63[       tcp_async_connect: 334]:: [sys]Timeout in select() - Cancelling, addr=192.168.41.3
01-01 00:00:49.694   216   306 W DUSS&63[       tcp_async_connect: 334]:: [sys]Timeout in select() - Cancelling, addr=192.168.41.1
01-01 00:00:49.901   214   440 W DUSS&63[       tcp_async_connect: 334]:: [sys]Timeout in select() - Cancelling, addr=192.168.41.1
04-08 16:36:45.007   216   287 F DUSS&63[      sys_event_set_date: 101]:: Got sys_event_set_date message: 2018.04.08-16:36:45, result 0
04-08 16:36:55.636   216   287 I DUSS&63[sys_event_self_define_cm: 457]:: check compability from 0x801, this_host=0xd01
04-08 16:36:55.637   216   287 I DUSS&63[   sys_check_compability: 207]:: from 0x801, this_host=0xd01, dev_type=1
04-08 16:36:55.637   216   287 I DUSS&63[   sys_check_compability: 210]:: package_str=wm220, package_ver=1.4.300
04-08 16:36:55.637   216   287 I DUSS&63[   sys_check_compability: 212]:: peer_str=wm220, peer_ver=1.4.300
04-08 16:36:55.637   216   287 I DUSS&63[   sys_check_compability: 219]:: package_uav_cnt=20, package_gls_cnt=7
04-08 16:36:55.637   216   287 I DUSS&63[   sys_check_compability: 261]:: the same product, and self version is the same or older than peer
04-08 16:36:57.734   216   287 I DUSS&63[sys_event_self_define_cm: 457]:: check compability from 0x801, this_host=0xd01
04-08 16:36:57.734   216   287 I DUSS&63[   sys_check_compability: 207]:: from 0x801, this_host=0xd01, dev_type=1
04-08 16:36:57.734   216   287 I DUSS&63[   sys_check_compability: 210]:: package_str=wm220, package_ver=1.4.300
04-08 16:36:57.734   216   287 I DUSS&63[   sys_check_compability: 212]:: peer_str=wm220, peer_ver=1.4.300
04-08 16:36:57.734   216   287 I DUSS&63[   sys_check_compability: 219]:: package_uav_cnt=20, package_gls_cnt=7
04-08 16:36:57.734   216   287 I DUSS&63[   sys_check_compability: 261]:: the same product, and self version is the same or older than peer
04-08 16:37:03.147   216   306 I DUSS&63[       tcp_async_connect: 375]:: [sys]connect to 192.168.41.1 success
04-08 16:37:03.147   216   306 I DUSS&63[      tcp_connect_thread: 152]:: [sys]connected to 192.168.41.1
04-08 16:37:03.147   216   306 I DUSS&63[      tcp_connect_thread: 160]:: [sys]WL TCP State change to connected
04-08 16:37:03.354   214   440 I DUSS&63[       tcp_async_connect: 375]:: [sys]connect to 192.168.41.1 success
04-08 16:37:03.354   214   440 I DUSS&63[      tcp_connect_thread: 152]:: [sys]connected to 192.168.41.1
04-08 16:37:03.354   214   440 I DUSS&63[      tcp_connect_thread: 160]:: [sys]WL TCP State change to connected
04-08 16:37:20.149   216   308 W DUSS&63[       tcp_async_connect: 311]:: [sys]EINPROGRESS in connect() - selecting,addr=192.168.41.3
04-08 16:37:21.150   216   308 W DUSS&63[       tcp_async_connect: 334]:: [sys]Timeout in select() - Cancelling, addr=192.168.41.3
04-08 16:38:01.154   216   308 W DUSS&63[       tcp_async_connect: 311]:: [sys]EINPROGRESS in connect() - selecting,addr=192.168.41.3
04-08 16:38:02.155   216   308 W DUSS&63[       tcp_async_connect: 334]:: [sys]Timeout in select() - Cancelling, addr=192.168.41.3
04-08 16:38:42.160   216   308 W DUSS&63[       tcp_async_connect: 311]:: [sys]EINPROGRESS in connect() - selecting,addr=192.168.41.3
04-08 16:38:43.161   216   308 W DUSS&63[       tcp_async_connect: 334]:: [sys]Timeout in select() - Cancelling, addr=192.168.41.3
04-08 16:39:23.166   216   308 W DUSS&63[       tcp_async_connect: 311]:: [sys]EINPROGRESS in connect() - selecting,addr=192.168.41.3
04-08 16:39:24.167   216   308 W DUSS&63[       tcp_async_connect: 334]:: [sys]Timeout in select() - Cancelling, addr=192.168.41.3
04-08 16:40:04.171   216   308 W DUSS&63[       tcp_async_connect: 311]:: [sys]EINPROGRESS in connect() - selecting,addr=192.168.41.3
04-08 16:40:05.172   216   308 W DUSS&63[       tcp_async_connect: 334]:: [sys]Timeout in select() - Cancelling, addr=192.168.41.3
04-08 16:40:45.177   216   308 W DUSS&63[       tcp_async_connect: 311]:: [sys]EINPROGRESS in connect() - selecting,addr=192.168.41.3
04-08 16:40:46.178   216   308 W DUSS&63[       tcp_async_connect: 334]:: [sys]Timeout in select() - Cancelling, addr=192.168.41.3
04-08 16:41:26.183   216   308 W DUSS&63[       tcp_async_connect: 311]:: [sys]EINPROGRESS in connect() - selecting,addr=192.168.41.3
04-08 16:41:27.184   216   308 W DUSS&63[       tcp_async_connect: 334]:: [sys]Timeout in select() - Cancelling, addr=192.168.41.3
04-08 16:42:07.196   216   308 W DUSS&63[       tcp_async_connect: 311]:: [sys]EINPROGRESS in connect() - selecting,addr=192.168.41.3
04-08 16:42:08.197   216   308 W DUSS&63[       tcp_async_connect: 334]:: [sys]Timeout in select() - Cancelling, addr=192.168.41.3
04-08 16:42:48.201   216   308 W DUSS&63[       tcp_async_connect: 311]:: [sys]EINPROGRESS in connect() - selecting,addr=192.168.41.3
04-08 16:42:49.202   216   308 W DUSS&63[       tcp_async_connect: 334]:: [sys]Timeout in select() - Cancelling, addr=192.168.41.3
04-08 16:43:29.207   216   308 W DUSS&63[       tcp_async_connect: 311]:: [sys]EINPROGRESS in connect() - selecting,addr=192.168.41.3
04-08 16:43:30.208   216   308 W DUSS&63[       tcp_async_connect: 334]:: [sys]Timeout in select() - Cancelling, addr=192.168.41.3
04-08 16:44:10.212   216   308 W DUSS&63[       tcp_async_connect: 311]:: [sys]EINPROGRESS in connect() - selecting,addr=192.168.41.3
04-08 16:44:11.213   216   308 W DUSS&63[       tcp_async_connect: 334]:: [sys]Timeout in select() - Cancelling, addr=192.168.41.3
04-08 16:44:51.218   216   308 W DUSS&63[       tcp_async_connect: 311]:: [sys]EINPROGRESS in connect() - selecting,addr=192.168.41.3
04-08 16:44:52.219   216   308 W DUSS&63[       tcp_async_connect: 334]:: [sys]Timeout in select() - Cancelling, addr=192.168.41.3
04-08 16:45:32.224   216   308 W DUSS&63[       tcp_async_connect: 311]:: [sys]EINPROGRESS in connect() - selecting,addr=192.168.41.3
04-08 16:45:33.225   216   308 W DUSS&63[       tcp_async_connect: 334]:: [sys]Timeout in select() - Cancelling, addr=192.168.41.3
04-08 16:46:13.229   216   308 W DUSS&63[       tcp_async_connect: 311]:: [sys]EINPROGRESS in connect() - selecting,addr=192.168.41.3
04-08 16:46:14.230   216   308 W DUSS&63[       tcp_async_connect: 334]:: [sys]Timeout in select() - Cancelling, addr=192.168.41.3
04-08 16:46:54.236   216   308 W DUSS&63[       tcp_async_connect: 311]:: [sys]EINPROGRESS in connect() - selecting,addr=192.168.41.3
04-08 16:46:55.237   216   308 W DUSS&63[       tcp_async_connect: 334]:: [sys]Timeout in select() - Cancelling, addr=192.168.41.3
04-08 16:47:35.242   216   308 W DUSS&63[       tcp_async_connect: 311]:: [sys]EINPROGRESS in connect() - selecting,addr=192.168.41.3
04-08 16:47:36.243   216   308 W DUSS&63[       tcp_async_connect: 334]:: [sys]Timeout in select() - Cancelling, addr=192.168.41.3
04-08 16:48:16.247   216   308 W DUSS&63[       tcp_async_connect: 311]:: [sys]EINPROGRESS in connect() - selecting,addr=192.168.41.3
04-08 16:48:17.248   216   308 W DUSS&63[       tcp_async_connect: 334]:: [sys]Timeout in select() - Cancelling, addr=192.168.41.3
04-08 16:48:57.253   216   308 W DUSS&63[       tcp_async_connect: 311]:: [sys]EINPROGRESS in connect() - selecting,addr=192.168.41.3
04-08 16:48:58.254   216   308 W DUSS&63[       tcp_async_connect: 334]:: [sys]Timeout in select() - Cancelling, addr=192.168.41.3
04-08 16:49:38.259   216   308 W DUSS&63[       tcp_async_connect: 311]:: [sys]EINPROGRESS in connect() - selecting,addr=192.168.41.3
04-08 16:49:39.260   216   308 W DUSS&63[       tcp_async_connect: 334]:: [sys]Timeout in select() - Cancelling, addr=192.168.41.3
04-08 16:50:19.264   216   308 W DUSS&63[       tcp_async_connect: 311]:: [sys]EINPROGRESS in connect() - selecting,addr=192.168.41.3
04-08 16:50:20.265   216   308 W DUSS&63[       tcp_async_connect: 334]:: [sys]Timeout in select() - Cancelling, addr=192.168.41.3
04-08 16:51:00.271   216   308 W DUSS&63[       tcp_async_connect: 311]:: [sys]EINPROGRESS in connect() - selecting,addr=192.168.41.3
04-08 16:51:01.272   216   308 W DUSS&63[       tcp_async_connect: 334]:: [sys]Timeout in select() - Cancelling, addr=192.168.41.3
04-08 16:51:41.278   216   308 W DUSS&63[       tcp_async_connect: 311]:: [sys]EINPROGRESS in connect() - selecting,addr=192.168.41.3
04-08 16:51:42.279   216   308 W DUSS&63[       tcp_async_connect: 334]:: [sys]Timeout in select() - Cancelling, addr=192.168.41.3
04-08 16:52:22.291   216   308 W DUSS&63[       tcp_async_connect: 311]:: [sys]EINPROGRESS in connect() - selecting,addr=192.168.41.3
04-08 16:52:23.292   216   308 W DUSS&63[       tcp_async_connect: 334]:: [sys]Timeout in select() - Cancelling, addr=192.168.41.3
04-08 16:53:03.298   216   308 W DUSS&63[       tcp_async_connect: 311]:: [sys]EINPROGRESS in connect() - selecting,addr=192.168.41.3
04-08 16:53:04.299   216   308 W DUSS&63[       tcp_async_connect: 334]:: [sys]Timeout in select() - Cancelling, addr=192.168.41.3
04-08 16:53:44.304   216   308 W DUSS&63[       tcp_async_connect: 311]:: [sys]EINPROGRESS in connect() - selecting,addr=192.168.41.3
04-08 16:53:45.304   216   308 W DUSS&63[       tcp_async_connect: 334]:: [sys]Timeout in select() - Cancelling, addr=192.168.41.3
04-08 16:54:25.311   216   308 W DUSS&63[       tcp_async_connect: 311]:: [sys]EINPROGRESS in connect() - selecting,addr=192.168.41.3
04-08 16:54:26.312   216   308 W DUSS&63[       tcp_async_connect: 334]:: [sys]Timeout in select() - Cancelling, addr=192.168.41.3
04-08 16:55:06.320   216   308 W DUSS&63[       tcp_async_connect: 311]:: [sys]EINPROGRESS in connect() - selecting,addr=192.168.41.3
04-08 16:55:07.321   216   308 W DUSS&63[       tcp_async_connect: 334]:: [sys]Timeout in select() - Cancelling, addr=192.168.41.3
04-08 16:55:47.327   216   308 W DUSS&63[       tcp_async_connect: 311]:: [sys]EINPROGRESS in connect() - selecting,addr=192.168.41.3
04-08 16:55:48.328   216   308 W DUSS&63[       tcp_async_connect: 334]:: [sys]Timeout in select() - Cancelling, addr=192.168.41.3
04-08 16:56:28.333   216   308 W DUSS&63[       tcp_async_connect: 311]:: [sys]EINPROGRESS in connect() - selecting,addr=192.168.41.3
04-08 16:56:29.334   216   308 W DUSS&63[       tcp_async_connect: 334]:: [sys]Timeout in select() - Cancelling, addr=192.168.41.3
04-08 16:57:09.341   216   308 W DUSS&63[       tcp_async_connect: 311]:: [sys]EINPROGRESS in connect() - selecting,addr=192.168.41.3
04-08 16:57:10.342   216   308 W DUSS&63[       tcp_async_connect: 334]:: [sys]Timeout in select() - Cancelling, addr=192.168.41.3
04-08 16:57:50.347   216   308 W DUSS&63[       tcp_async_connect: 311]:: [sys]EINPROGRESS in connect() - selecting,addr=192.168.41.3
04-08 16:57:51.348   216   308 W DUSS&63[       tcp_async_connect: 334]:: [sys]Timeout in select() - Cancelling, addr=192.168.41.3
04-08 16:58:31.354   216   308 W DUSS&63[       tcp_async_connect: 311]:: [sys]EINPROGRESS in connect() - selecting,addr=192.168.41.3
04-08 16:58:32.355   216   308 W DUSS&63[       tcp_async_connect: 334]:: [sys]Timeout in select() - Cancelling, addr=192.168.41.3
04-08 16:59:12.359   216   308 W DUSS&63[       tcp_async_connect: 311]:: [sys]EINPROGRESS in connect() - selecting,addr=192.168.41.3
04-08 16:59:13.360   216   308 W DUSS&63[       tcp_async_connect: 334]:: [sys]Timeout in select() - Cancelling, addr=192.168.41.3
04-08 16:59:53.364   216   308 W DUSS&63[       tcp_async_connect: 311]:: [sys]EINPROGRESS in connect() - selecting,addr=192.168.41.3
04-08 16:59:54.365   216   308 W DUSS&63[       tcp_async_connect: 334]:: [sys]Timeout in select() - Cancelling, addr=192.168.41.3
04-08 17:00:34.371   216   308 W DUSS&63[       tcp_async_connect: 311]:: [sys]EINPROGRESS in connect() - selecting,addr=192.168.41.3
04-08 17:00:35.372   216   308 W DUSS&63[       tcp_async_connect: 334]:: [sys]Timeout in select() - Cancelling, addr=192.168.41.3
04-08 17:00:52.452   214   441 E DUSS&63[        wl_prot_tcp_recv: 749]:: [sys]WL TCP State change to disconnect, cur_fd=49, addr=192.168.41.1
04-08 17:00:52.453   214   441 I DUSS&63[           tcp_reconnect: 193]:: [sys]new socket fd 89, need connect
04-08 17:00:52.453   214   441 W DUSS&63[       tcp_async_connect: 311]:: [sys]EINPROGRESS in connect() - selecting,addr=192.168.41.1
04-08 17:00:52.658   214   441 E DUSS&63[       tcp_async_connect: 328]:: [sys]Error in delayed connection() - Connection refused
04-08 17:00:52.658   214   441 E DUSS&63[           tcp_reconnect: 197]:: [sys]first connect failed, err=Operation now in progress, will try later
04-08 17:00:52.658   214   441 I DUSS&63[           tcp_reconnect: 201]:: [sys]before join the old connect task
04-08 17:00:52.658   214   441 I DUSS&63[           tcp_reconnect: 206]:: [sys]success joined the connect task
04-08 17:00:52.659   214 27092 I DUSS&63[      tcp_connect_thread: 139]:: [sys]start to connect, fd=89
04-08 17:00:52.659   214 27092 I DUSS&63[      tcp_connect_thread: 143]:: [sys]WL TCP State change to connecting
04-08 17:00:54.659   214 27092 W DUSS&63[       tcp_async_connect: 311]:: [sys]EINPROGRESS in connect() - selecting,addr=192.168.41.1
04-08 17:00:55.659   214 27092 W DUSS&63[       tcp_async_connect: 334]:: [sys]Timeout in select() - Cancelling, addr=192.168.41.1
04-08 17:01:05.536   216   287 I DUSS&63[        sys_event_reboot:1401]:: receive reboot from 0x600, this_host=0xd01
04-08 17:01:05.536   216   287 I DUSS&63[        sys_event_reboot:1407]:: Get reboot callback. .
04-08 17:01:05.536   216   287 I DUSS&63[           sys_p1_reboot:4879]:: Request power/boot 2 after 2000 ms from 0x600
                                                                                                                                            ===/data/dji/log is already a link===
===/data/dji/blackbox is already a link===


!!!new file start!!!

01-01 00:00:04.446   210   210 I DUSS&63[                    main: 657]:: dji_sys run as dev_type 1, duss_sketch_initialize done...
01-01 00:00:04.452   210   210 I DUSS&63[sys_load_config_from_jso: 154]:: Get the hw_str WM220 RC
01-01 00:00:04.452   210   210 W DUSS&63[sys_load_config_from_jso: 160]:: Can't find platform:system_init domain! Call default routing...
01-01 00:00:04.452   210   210 I DUSS&63[         sys_load_config: 488]:: platform dev_info: WM220 1860RC
01-01 00:00:04.472   210   210 I DUSS&63[sys_check_boot_mode_norm: 333]:: Set system mode to NORMAL.
01-01 00:00:04.509   210   210 I DUSS&63[sys_up_load_general_stat: 203]:: get option_value wm220 for package_id
01-01 00:00:04.509   210   210 I DUSS&63[sys_up_load_general_stat: 204]:: updated package_str wm220
01-01 00:00:04.509   210   210 I DUSS&63[sys_up_load_general_stat: 211]:: get package_ver 1.4.300
01-01 00:00:04.509   210   210 I DUSS&63[sys_up_load_general_stat: 211]:: 
01-01 00:00:04.509   210   210 I DUSS&63[sys_up_load_general_stat: 215]:: updated package_ver 1.4.300
01-01 00:00:04.509   210   210 I DUSS&63[sys_up_load_general_stat: 222]:: get package_uav_cnt 20
01-01 00:00:04.509   210   210 I DUSS&63[sys_up_load_general_stat: 222]:: 
01-01 00:00:04.509   210   210 I DUSS&63[sys_up_load_general_stat: 224]:: updated package_uav_cnt 20
01-01 00:00:04.509   210   210 I DUSS&63[sys_up_load_general_stat: 231]:: get package_gnd_cnt 3
01-01 00:00:04.509   210   210 I DUSS&63[sys_up_load_general_stat: 231]:: 
01-01 00:00:04.509   210   210 I DUSS&63[sys_up_load_general_stat: 233]:: updated package_gnd_cnt 3
01-01 00:00:04.509   210   210 I DUSS&63[sys_up_load_general_stat: 240]:: get package_gls_cnt 7
01-01 00:00:04.509   210   210 I DUSS&63[sys_up_load_general_stat: 240]:: 
01-01 00:00:04.509   210   210 I DUSS&63[sys_up_load_general_stat: 242]:: updated package_gls_cnt 7
01-01 00:00:04.509   210   210 W DUSS&63[sys_up_load_general_stat: 251]:: can not get option_value for wm22x_type, use wm220 by default
01-01 00:00:04.509   210   210 I DUSS&63[sys_up_load_upgrade_stat: 275]:: file /cache/upgrade_status not exist, return directly
01-01 00:00:04.516   210   210 I DUSS&63[sys_upgrade_check_status:5119]:: didn't save upgrade_retry in last boot
01-01 00:00:04.516   210   210 I DUSS&63[sys_upgrade_check_status:5145]:: non need to push upgrade status, set upgrade status to idle.
01-01 00:00:04.642   210   210 I DUSS&63[            sys_pre_init: 534]:: this is production board
01-01 00:00:04.670   210   210 I DUSS&63[      wl_prot_tcp_create: 404]:: [sys]open_type=0, local_port=0, remote_ip=192.168.41.1, remote_port=22350, l_ctx=0xb71a6df8 
01-01 00:00:04.671   210   210 I DUSS&63[      wl_prot_tcp_create: 467]:: [sys]first connect failed, err=Network is unreachable
01-01 00:00:04.671   210   210 I DUSS&63[      wl_prot_tcp_create: 500]:: [sys]create tcp channel success, l_ctx=0xb71a6df8
01-01 00:00:04.672   210   296 I DUSS&63[      tcp_connect_thread: 139]:: [sys]start to connect, fd=17
01-01 00:00:04.672   210   210 I DUSS&63[      wl_prot_tcp_create: 404]:: [sys]open_type=0, local_port=0, remote_ip=192.168.41.3, remote_port=22351, l_ctx=0xb71a7f98 
01-01 00:00:04.672   210   210 I DUSS&63[      wl_prot_tcp_create: 467]:: [sys]first connect failed, err=Network is unreachable
01-01 00:00:04.672   210   210 I DUSS&63[      wl_prot_tcp_create: 500]:: [sys]create tcp channel success, l_ctx=0xb71a7f98
01-01 00:00:04.672   210   296 I DUSS&63[      tcp_connect_thread: 143]:: [sys]WL TCP State change to connecting
01-01 00:00:04.673   210   299 I DUSS&63[      tcp_connect_thread: 139]:: [sys]start to connect, fd=18
01-01 00:00:04.673   210   210 I DUSS&63[        sys_events_start:  96]:: aging_test_mode=0, system_mode=0
01-01 00:00:04.673   210   303 I DUSS&63[sys_up_status_push_threa: 863]:: pushing thread start, stop_pushing=1, push_status=0
01-01 00:00:04.673   210   210 I DUSS&63[       sys_check_pc_conn: 300]:: For pc connection, usb state is DISCONNECTED
01-01 00:00:04.673   210   210 I DUSS&63[           sys_post_init: 565]:: conn_pc=0 when init
01-01 00:00:04.673   210   210 E DUSS&63[sys_event_pc_through_rc_:1196]:: Find route item to pc by wl channel fail: -1001
01-01 00:00:04.674   210   299 I DUSS&63[      tcp_connect_thread: 143]:: [sys]WL TCP State change to connecting
01-01 00:00:04.674   210   210 I DUSS&63[sys_flight_data_do_first: 627]:: gnd, need to check whether to send nfz.db to uav
01-01 00:00:04.675   210   210 I DUSS&63[sys_flight_data_send_to_: 519]:: nfz already sent before already exist, return directly!
01-01 00:00:04.684   210   210 I DUSS&63[        sys_version_scan: 130]:: Got signed cfg file /data/upgrade/backup/01.04.0300.cfg.sig
01-01 00:00:04.771   210   210 I DUSS&63[        sys_version_scan: 144]:: unsign the backup cfg file.
01-01 00:00:04.825   210   210 I DUSS&63[       sys_p1_unsign_img:1829]:: verify results: passed to verify image /data/upgrade/backup/01.04.0300.cfg.sig
01-01 00:00:04.826   210   210 I DUSS&63[       sys_p1_unsign_img:1837]:: dji_verify -n 0000 -o /tmp/wm330_0000.xml /data/upgrade/backup/01.04.0300.cfg.sig exit status 0, return 0
01-01 00:00:04.826   210   210 I DUSS&63[       sys_p1_unsign_img:1845]:: dji_verify -n 0000 -o /tmp/wm330_0000.xml /data/upgrade/backup/01.04.0300.cfg.sig success.
01-01 00:00:04.826   210   210 I DUSS&63[        sys_version_scan: 154]:: check the system compability..
01-01 00:00:04.826   210   210 I DUSS&63[  need_check_compability:  89]:: will send revert SYS_SELF_DEF_CMD_NEED_CHK_COMP to id=8, index=1
01-01 00:00:04.826   210   210 I DUSS&63[  need_check_compability: 109]:: dev_type=1, dev_id=wm220, pack_ver=1.4.300
01-01 00:00:06.625   210   305 E DUSS&63[find_and_kill_all_udhcpd: 457]:: pid 169's cmdline: busybox udhcpd
01-01 00:00:06.626   210   305 E DUSS&63[find_and_kill_all_udhcpd: 460]:: execute busybox kill 169
01-01 00:00:06.634   210   305 E DUSS&63[find_and_kill_all_udhcpd: 457]:: pid 170's cmdline: busybox tcpsvd
01-01 00:00:06.634   210   305 I DUSS&63[ handle_dji_device_event: 284]:: kill udhcpd service (busybox)
01-01 00:00:06.827   210   210 E DUSS&63[  need_check_compability: 118]:: can not get response from 0x801, result=-1002, retry_count=0
01-01 00:00:07.059   207   207 I DUSS&63[      wl_prot_tcp_create: 404]:: [sys]open_type=0, local_port=0, remote_ip=192.168.41.1, remote_port=22352, l_ctx=0xb71bf050 
01-01 00:00:07.060   207   207 I DUSS&63[      wl_prot_tcp_create: 467]:: [sys]first connect failed, err=Network is unreachable
01-01 00:00:07.060   207   207 I DUSS&63[      wl_prot_tcp_create: 500]:: [sys]create tcp channel success, l_ctx=0xb71bf050
01-01 00:00:07.060   207   440 I DUSS&63[      tcp_connect_thread: 139]:: [sys]start to connect, fd=49
01-01 00:00:07.060   207   440 I DUSS&63[      tcp_connect_thread: 143]:: [sys]WL TCP State change to connecting
01-01 00:00:08.060   207   440 W DUSS&63[       tcp_async_connect: 311]:: [sys]EINPROGRESS in connect() - selecting,addr=192.168.41.1
01-01 00:00:08.673   210   296 W DUSS&63[       tcp_async_connect: 311]:: [sys]EINPROGRESS in connect() - selecting,addr=192.168.41.1
01-01 00:00:08.674   210   299 W DUSS&63[       tcp_async_connect: 311]:: [sys]EINPROGRESS in connect() - selecting,addr=192.168.41.3
01-01 00:00:08.927   210   210 E DUSS&63[  need_check_compability: 118]:: can not get response from 0x801, result=-1002, retry_count=1
01-01 00:00:08.927   210   210 I DUSS&63[sys_need_check_compabili: 167]:: on gnd, *add_uav=0
01-01 00:00:08.927   210   210 I DUSS&63[  need_check_compability:  89]:: will send revert SYS_SELF_DEF_CMD_NEED_CHK_COMP to id=28, index=1
01-01 00:00:08.927   210   210 I DUSS&63[  need_check_compability: 109]:: dev_type=1, dev_id=wm220, pack_ver=1.4.300
01-01 00:00:09.061   207   440 W DUSS&63[       tcp_async_connect: 334]:: [sys]Timeout in select() - Cancelling, addr=192.168.41.1
01-01 00:00:09.674   210   296 W DUSS&63[       tcp_async_connect: 334]:: [sys]Timeout in select() - Cancelling, addr=192.168.41.1
01-01 00:00:09.675   210   299 W DUSS&63[       tcp_async_connect: 334]:: [sys]Timeout in select() - Cancelling, addr=192.168.41.3
01-01 00:00:10.927   210   210 E DUSS&63[  need_check_compability: 118]:: can not get response from 0x1c01, result=-1002, retry_count=0
01-01 00:00:13.027   210   210 E DUSS&63[  need_check_compability: 118]:: can not get response from 0x1c01, result=-1002, retry_count=1
01-01 00:00:13.027   210   210 I DUSS&63[sys_need_check_compabili: 177]:: on gnd, *add_gls=0
01-01 00:00:13.030   210   210 I DUSS&63[sys_p1_check_compability: 196]:: get device_id wm220 from xml
01-01 00:00:13.030   210   210 I DUSS&63[sys_p1_check_compability: 210]:: get last updated package version  Major=1, minor=4, build=300
01-01 00:00:13.030   210   210 I DUSS&63[        sys_p1_check_ver:2477]:: check version for wm220_0907_v47.26.02.18_20170801.pro.fw.sig
01-01 00:00:13.030   210   210 I DUSS&63[        sys_p1_check_ver:2524]:: skip module dev_id=0x9, dev_index=0x7 on dev 0, current gnd: add_uav=0, add_gls=0
01-01 00:00:13.030   210   210 E DUSS&63[sys_p1_check_compability: 234]:: check version for file wm220_0907_v47.26.02.18_20170801.pro.fw.sig error
01-01 00:00:13.030   210   210 I DUSS&63[        sys_p1_check_ver:2477]:: check version for wm220_0305_v34.04.00.24_20170726.pro.fw.sig
01-01 00:00:13.030   210   210 I DUSS&63[        sys_p1_check_ver:2524]:: skip module dev_id=0x3, dev_index=0x5 on dev 0, current gnd: add_uav=0, add_gls=0
01-01 00:00:13.030   210   210 E DUSS&63[sys_p1_check_compability: 234]:: check version for file wm220_0305_v34.04.00.24_20170726.pro.fw.sig error
01-01 00:00:13.030   210   210 I DUSS&63[        sys_p1_check_ver:2477]:: check version for wm220_0306_v03.02.44.07_20171116.pro.fw.sig
01-01 00:00:13.030   210   210 I DUSS&63[        sys_p1_check_ver:2524]:: skip module dev_id=0x3, dev_index=0x6 on dev 0, current gnd: add_uav=0, add_gls=0
01-01 00:00:13.030   210   210 E DUSS&63[sys_p1_check_compability: 234]:: check version for file wm220_0306_v03.02.44.07_20171116.pro.fw.sig error
01-01 00:00:13.030   210   210 I DUSS&63[        sys_p1_check_ver:2477]:: check version for wm220_1100_v01.00.07.32_20170726.pro.fw.sig
01-01 00:00:13.030   210   210 I DUSS&63[        sys_p1_check_ver:2524]:: skip module dev_id=0xb, dev_index=0x0 on dev 0, current gnd: add_uav=0, add_gls=0
01-01 00:00:13.030   210   210 E DUSS&63[sys_p1_check_compability: 234]:: check version for file wm220_1100_v01.00.07.32_20170726.pro.fw.sig error
01-01 00:00:13.030   210   210 I DUSS&63[        sys_p1_check_ver:2477]:: check version for wm220_0803_v00.00.04.09_20170728.pro.fw.sig
01-01 00:00:13.030   210   210 I DUSS&63[        sys_p1_check_ver:2524]:: skip module dev_id=0x8, dev_index=0x3 on dev 0, current gnd: add_uav=0, add_gls=0
01-01 00:00:13.030   210   210 E DUSS&63[sys_p1_check_compability: 234]:: check version for file wm220_0803_v00.00.04.09_20170728.pro.fw.sig error
01-01 00:00:13.031   210   210 I DUSS&63[        sys_p1_check_ver:2477]:: check version for wm220_0100_v02.08.56.68_20180122.pro.fw.sig
01-01 00:00:13.031   210   210 I DUSS&63[        sys_p1_check_ver:2524]:: skip module dev_id=0x1, dev_index=0x0 on dev 0, current gnd: add_uav=0, add_gls=0
01-01 00:00:13.031   210   210 E DUSS&63[sys_p1_check_compability: 234]:: check version for file wm220_0100_v02.08.56.68_20180122.pro.fw.sig error
01-01 00:00:13.031   210   210 I DUSS&63[        sys_p1_check_ver:2477]:: check version for wm220_0100_v02.10.05.19_20180122_ca02.pro.fw.sig
01-01 00:00:13.031   210   210 I DUSS&63[        sys_p1_check_ver:2524]:: skip module dev_id=0x1, dev_index=0x0 on dev 0, current gnd: add_uav=0, add_gls=0
01-01 00:00:13.031   210   210 E DUSS&63[sys_p1_check_compability: 234]:: check version for file wm220_0100_v02.10.05.19_20180122_ca02.pro.fw.sig error
01-01 00:00:13.031   210   210 I DUSS&63[        sys_p1_check_ver:2477]:: check version for wm220_0101_v02.10.05.19_20180122_ca02.pro.fw.sig
01-01 00:00:13.031   210   210 I DUSS&63[        sys_p1_check_ver:2524]:: skip module dev_id=0x1, dev_index=0x1 on dev 0, current gnd: add_uav=0, add_gls=0
01-01 00:00:13.031   210   210 E DUSS&63[sys_p1_check_compability: 234]:: check version for file wm220_0101_v02.10.05.19_20180122_ca02.pro.fw.sig error
01-01 00:00:13.031   210   210 I DUSS&63[        sys_p1_check_ver:2477]:: check version for wm220_0101_v02.08.56.68_20180122.pro.fw.sig
01-01 00:00:13.031   210   210 I DUSS&63[        sys_p1_check_ver:2524]:: skip module dev_id=0x1, dev_index=0x1 on dev 0, current gnd: add_uav=0, add_gls=0
01-01 00:00:13.031   210   210 E DUSS&63[sys_p1_check_compability: 234]:: check version for file wm220_0101_v02.08.56.68_20180122.pro.fw.sig error
01-01 00:00:13.031   210   210 I DUSS&63[        sys_p1_check_ver:2477]:: check version for wm220_0400_v01.50.12.10_20170809.pro.fw.sig
01-01 00:00:13.031   210   210 I DUSS&63[        sys_p1_check_ver:2524]:: skip module dev_id=0x4, dev_index=0x0 on dev 0, current gnd: add_uav=0, add_gls=0
01-01 00:00:13.031   210   210 E DUSS&63[sys_p1_check_compability: 234]:: check version for file wm220_0400_v01.50.12.10_20170809.pro.fw.sig error
01-01 00:00:13.031   210   210 I DUSS&63[        sys_p1_check_ver:2477]:: check version for wm220_0804_v01.00.00.11_20170828.pro.fw.sig
01-01 00:00:13.031   210   210 I DUSS&63[        sys_p1_check_ver:2524]:: skip module dev_id=0x8, dev_index=0x4 on dev 0, current gnd: add_uav=0, add_gls=0
01-01 00:00:13.031   210   210 E DUSS&63[sys_p1_check_compability: 234]:: check version for file wm220_0804_v01.00.00.11_20170828.pro.fw.sig error
01-01 00:00:13.031   210   210 I DUSS&63[        sys_p1_check_ver:2477]:: check version for wm220_0801_v01.06.00.35_20171228.pro.fw.sig
01-01 00:00:13.031   210   210 I DUSS&63[        sys_p1_check_ver:2524]:: skip module dev_id=0x8, dev_index=0x1 on dev 0, current gnd: add_uav=0, add_gls=0
01-01 00:00:13.031   210   210 E DUSS&63[sys_p1_check_compability: 234]:: check version for file wm220_0801_v01.06.00.35_20171228.pro.fw.sig error
01-01 00:00:13.031   210   210 I DUSS&63[        sys_p1_check_ver:2477]:: check version for wm220_1200_v01.01.00.71_20171122_es02.pro.fw.sig
01-01 00:00:13.031   210   210 I DUSS&63[        sys_p1_check_ver:2524]:: skip module dev_id=0xc, dev_index=0x0 on dev 0, current gnd: add_uav=0, add_gls=0
01-01 00:00:13.031   210   210 E DUSS&63[sys_p1_check_compability: 234]:: check version for file wm220_1200_v01.01.00.71_20171122_es02.pro.fw.sig error
01-01 00:00:13.031   210   210 I DUSS&63[        sys_p1_check_ver:2477]:: check version for wm220_1200_v01.10.00.00_20170731.pro.fw.sig
01-01 00:00:13.031   210   210 I DUSS&63[        sys_p1_check_ver:2524]:: skip module dev_id=0xc, dev_index=0x0 on dev 0, current gnd: add_uav=0, add_gls=0
01-01 00:00:13.031   210   210 E DUSS&63[sys_p1_check_compability: 234]:: check version for file wm220_1200_v01.10.00.00_20170731.pro.fw.sig error
01-01 00:00:13.031   210   210 I DUSS&63[        sys_p1_check_ver:2477]:: check version for wm220_1201_v01.10.00.00_20170731.pro.fw.sig
01-01 00:00:13.031   210   210 I DUSS&63[        sys_p1_check_ver:2524]:: skip module dev_id=0xc, dev_index=0x1 on dev 0, current gnd: add_uav=0, add_gls=0
01-01 00:00:13.031   210   210 E DUSS&63[sys_p1_check_compability: 234]:: check version for file wm220_1201_v01.10.00.00_20170731.pro.fw.sig error
01-01 00:00:13.031   210   210 I DUSS&63[        sys_p1_check_ver:2477]:: check version for wm220_1202_v01.10.00.00_20170731.pro.fw.sig
01-01 00:00:13.031   210   210 I DUSS&63[        sys_p1_check_ver:2524]:: skip module dev_id=0xc, dev_index=0x2 on dev 0, current gnd: add_uav=0, add_gls=0
01-01 00:00:13.031   210   210 E DUSS&63[sys_p1_check_compability: 234]:: check version for file wm220_1202_v01.10.00.00_20170731.pro.fw.sig error
01-01 00:00:13.031   210   210 I DUSS&63[        sys_p1_check_ver:2477]:: check version for wm220_1203_v01.10.00.00_20170731.pro.fw.sig
01-01 00:00:13.031   210   210 I DUSS&63[        sys_p1_check_ver:2524]:: skip module dev_id=0xc, dev_index=0x3 on dev 0, current gnd: add_uav=0, add_gls=0
01-01 00:00:13.031   210   210 E DUSS&63[sys_p1_check_compability: 234]:: check version for file wm220_1203_v01.10.00.00_20170731.pro.fw.sig error
01-01 00:00:13.031   210   210 I DUSS&63[        sys_p1_check_ver:2477]:: check version for wm220_0802_v01.01.00.02_20170729.pro.fw.sig
01-01 00:00:13.031   210   210 I DUSS&63[        sys_p1_check_ver:2524]:: skip module dev_id=0x8, dev_index=0x2 on dev 0, current gnd: add_uav=0, add_gls=0
01-01 00:00:13.031   210   210 E DUSS&63[sys_p1_check_compability: 234]:: check version for file wm220_0802_v01.01.00.02_20170729.pro.fw.sig error
01-01 00:00:13.031   210   210 I DUSS&63[        sys_p1_check_ver:2477]:: check version for wm220_0805_v01.03.00.99_20171121.pro.fw.sig
01-01 00:00:13.031   210   210 I DUSS&63[        sys_p1_check_ver:2524]:: skip module dev_id=0x8, dev_index=0x5 on dev 0, current gnd: add_uav=0, add_gls=0
01-01 00:00:13.031   210   210 E DUSS&63[sys_p1_check_compability: 234]:: check version for file wm220_0805_v01.03.00.99_20171121.pro.fw.sig error
01-01 00:00:13.032   210   210 I DUSS&63[        sys_p1_check_ver:2477]:: check version for wm220_1407_v47.26.02.18_20170801.pro.fw.sig
01-01 00:00:13.032   210   287 I DUSS&63[   sys_event_dev_ver_get: 257]:: from 0xa03, this_host=0xe07, dev_type=1, hw_str=WM220 RC
01-01 00:00:13.060   210   210 I DUSS&63[        sys_p1_check_ver:2592]:: 14:7: Same version.
01-01 00:00:13.060   210   210 I DUSS&63[        sys_p1_check_ver:2477]:: check version for wm220_0600_v00.00.01.28_20170727.pro.fw.sig
01-01 00:00:13.073   210   210 I DUSS&63[        sys_p1_check_ver:2592]:: 6:0: Same version.
01-01 00:00:13.073   210   210 I DUSS&63[        sys_p1_check_ver:2477]:: check version for wm220_1301_v01.06.00.35_20171228.pro.fw.sig
01-01 00:00:13.073   210   285 I DUSS&63[   sys_event_dev_ver_get: 257]:: from 0xa03, this_host=0xd01, dev_type=1, hw_str=WM220 RC
01-01 00:00:13.085   210   210 I DUSS&63[        sys_p1_check_ver:2592]:: 13:1: Same version.
01-01 00:00:13.085   210   210 I DUSS&63[        sys_p1_check_ver:2477]:: check version for wm220_2807_v47.26.02.18_20170801.pro.fw.sig
01-01 00:00:13.085   210   210 I DUSS&63[        sys_p1_check_ver:2524]:: skip module dev_id=0x1c, dev_index=0x7 on dev 2, current gnd: add_uav=0, add_gls=0
01-01 00:00:13.085   210   210 E DUSS&63[sys_p1_check_compability: 234]:: check version for file wm220_2807_v47.26.02.18_20170801.pro.fw.sig error
01-01 00:00:13.085   210   210 I DUSS&63[        sys_p1_check_ver:2477]:: check version for wm220_0601_v00.00.03.06_20170528.pro.fw.sig
01-01 00:00:13.085   210   210 I DUSS&63[        sys_p1_check_ver:2524]:: skip module dev_id=0x6, dev_index=0x1 on dev 2, current gnd: add_uav=0, add_gls=0
01-01 00:00:13.085   210   210 E DUSS&63[sys_p1_check_compability: 234]:: check version for file wm220_0601_v00.00.03.06_20170528.pro.fw.sig error
01-01 00:00:13.085   210   210 I DUSS&63[        sys_p1_check_ver:2477]:: check version for wm220_0603_v00.00.06.09_20170728.pro.fw.sig
01-01 00:00:13.085   210   210 I DUSS&63[        sys_p1_check_ver:2524]:: skip module dev_id=0x6, dev_index=0x3 on dev 2, current gnd: add_uav=0, add_gls=0
01-01 00:00:13.085   210   210 E DUSS&63[sys_p1_check_compability: 234]:: check version for file wm220_0603_v00.00.06.09_20170728.pro.fw.sig error
01-01 00:00:13.085   210   210 I DUSS&63[        sys_p1_check_ver:2477]:: check version for wm220_2801_v01.03.01.71_20180207.pro.fw.sig
01-01 00:00:13.085   210   210 I DUSS&63[        sys_p1_check_ver:2524]:: skip module dev_id=0x1c, dev_index=0x1 on dev 2, current gnd: add_uav=0, add_gls=0
01-01 00:00:13.085   210   210 E DUSS&63[sys_p1_check_compability: 234]:: check version for file wm220_2801_v01.03.01.71_20180207.pro.fw.sig error
01-01 00:00:13.085   210   210 I DUSS&63[        sys_p1_check_ver:2477]:: check version for wm220_2803_v00.00.03.08_20170302_cd02.pro.fw.sig
01-01 00:00:13.085   210   210 I DUSS&63[        sys_p1_check_ver:2524]:: skip module dev_id=0x1c, dev_index=0x3 on dev 2, current gnd: add_uav=0, add_gls=0
01-01 00:00:13.085   210   210 E DUSS&63[sys_p1_check_compability: 234]:: check version for file wm220_2803_v00.00.03.08_20170302_cd02.pro.fw.sig error
01-01 00:00:13.085   210   210 I DUSS&63[        sys_p1_check_ver:2477]:: check version for wm220_2803_v00.00.03.08_20170302_cd01.pro.fw.sig
01-01 00:00:13.085   210   210 I DUSS&63[        sys_p1_check_ver:2524]:: skip module dev_id=0x1c, dev_index=0x3 on dev 2, current gnd: add_uav=0, add_gls=0
01-01 00:00:13.085   210   210 E DUSS&63[sys_p1_check_compability: 234]:: check version for file wm220_2803_v00.00.03.08_20170302_cd01.pro.fw.sig error
01-01 00:00:13.085   210   210 I DUSS&63[        sys_p1_check_ver:2477]:: check version for wm220_2803_v00.00.04.08_20170828_cd03.pro.fw.sig
01-01 00:00:13.085   210   210 I DUSS&63[        sys_p1_check_ver:2524]:: skip module dev_id=0x1c, dev_index=0x3 on dev 2, current gnd: add_uav=0, add_gls=0
01-01 00:00:13.086   210   210 E DUSS&63[sys_p1_check_compability: 234]:: check version for file wm220_2803_v00.00.04.08_20170828_cd03.pro.fw.sig error
01-01 00:00:13.086   210   210 I DUSS&63[        sys_p1_check_ver:2477]:: check version for wm220_0905_v01.00.01.07_20170929.pro.fw.sig
01-01 00:00:13.086   210   210 I DUSS&63[        sys_p1_check_ver:2498]:: skip module for datacopy, dev_id=0x9, dev_index=0x5 
01-01 00:00:13.086   210   210 E DUSS&63[sys_p1_check_compability: 234]:: check version for file wm220_0905_v01.00.01.07_20170929.pro.fw.sig error
01-01 00:00:13.086   210   210 I DUSS&63[sys_p1_check_compability: 252]:: after check *comptbl = 0, p1_first=0
01-01 00:00:13.086   210   210 I DUSS&63[        sys_version_scan: 194]:: found system compatible with the large package
01-01 00:00:13.086   210   210 I DUSS&63[            sys_mainloop: 266]:: version scan done.
01-01 00:00:19.271   210   285 I DUSS&63[sys_event_query_device_i:4792]:: CMD_QUERY_DEVICE_INFO WM220 1860RC Dec 28 2017|16:11:56
01-01 00:00:19.283   210   293 I DUSS&63[   sys_event_dev_ver_get: 289]:: DUSS_MB_HOST_ALL ver WM220 RC Ver.A, package ver 1.4.300, Production=1
01-01 00:00:19.727   210   285 I DUSS&63[sys_event_query_device_i:4792]:: CMD_QUERY_DEVICE_INFO WM220 1860RC Dec 28 2017|16:11:56
01-01 00:00:19.739   210   293 I DUSS&63[   sys_event_dev_ver_get: 289]:: DUSS_MB_HOST_ALL ver WM220 RC Ver.A, package ver 1.4.300, Production=1
01-01 00:00:20.084   210   285 I DUSS&63[ sys_common_get_cfg_file:1340]:: +++request file from 0x200: req type 1, off 0, len -1
01-01 00:00:20.084   210   285 I DUSS&63[           _get_cfg_file:1270]:: +++request cfg file /data/upgrade/wm330_0000.cfg.sig
01-01 00:00:20.085   210   285 I DUSS&63[ sys_common_get_cfg_file:1374]:: get cfg/log file from 0x200: req type 1, off 0, len 980; ack aclen 980, leftlen 5356, ret=0
01-01 00:00:20.748   210   285 I DUSS&63[ sys_common_get_cfg_file:1374]:: get cfg/log file from 0x200: req type 1, off 980, len 980; ack aclen 980, leftlen 4376, ret=0
01-01 00:00:20.778   210   285 I DUSS&63[ sys_common_get_cfg_file:1374]:: get cfg/log file from 0x200: req type 1, off 1960, len 980; ack aclen 980, leftlen 3396, ret=0
01-01 00:00:20.783   210   285 I DUSS&63[ sys_common_get_cfg_file:1374]:: get cfg/log file from 0x200: req type 1, off 2940, len 980; ack aclen 980, leftlen 2416, ret=0
01-01 00:00:20.910   210   285 I DUSS&63[ sys_common_get_cfg_file:1374]:: get cfg/log file from 0x200: req type 1, off 3920, len 980; ack aclen 980, leftlen 1436, ret=0
01-01 00:00:21.009   210   285 I DUSS&63[ sys_common_get_cfg_file:1374]:: get cfg/log file from 0x200: req type 1, off 4900, len 980; ack aclen 980, leftlen 456, ret=0
01-01 00:00:21.054   210   285 I DUSS&63[ sys_common_get_cfg_file:1374]:: get cfg/log file from 0x200: req type 1, off 5880, len 980; ack aclen 456, leftlen 0, ret=0
01-01 00:00:21.132   210   285 I DUSS&63[ sys_common_get_cfg_file:1340]:: +++request file from 0x200: req type 1, off 0, len -1
01-01 00:00:21.132   210   285 I DUSS&63[           _get_cfg_file:1270]:: +++request cfg file /data/upgrade/wm330_0000.cfg.sig
01-01 00:00:21.133   210   285 I DUSS&63[ sys_common_get_cfg_file:1374]:: get cfg/log file from 0x200: req type 1, off 0, len 980; ack aclen 980, leftlen 5356, ret=0
01-01 00:00:21.142   210   285 I DUSS&63[ sys_common_get_cfg_file:1374]:: get cfg/log file from 0x200: req type 1, off 980, len 980; ack aclen 980, leftlen 4376, ret=0
01-01 00:00:21.146   210   285 I DUSS&63[ sys_common_get_cfg_file:1374]:: get cfg/log file from 0x200: req type 1, off 1960, len 980; ack aclen 980, leftlen 3396, ret=0
01-01 00:00:21.148   210   285 I DUSS&63[ sys_common_get_cfg_file:1374]:: get cfg/log file from 0x200: req type 1, off 2940, len 980; ack aclen 980, leftlen 2416, ret=0
