10-10 13:32:28.807   227   299 I DUSS&63[sys_event_transfer_upgra:1190]:: 0x9:Received update data: seq: 128600, len: 980
10-10 13:32:29.052   227   299 I DUSS&63[sys_event_transfer_upgra:1190]:: 0x9:Received update data: seq: 128700, len: 980
10-10 13:32:29.382   227   299 I DUSS&63[sys_event_transfer_upgra:1190]:: 0x9:Received update data: seq: 128800, len: 980
10-10 13:32:29.625   227   299 I DUSS&63[sys_event_transfer_upgra:1190]:: 0x9:Received update data: seq: 128900, len: 980
10-10 13:32:29.887   227   299 I DUSS&63[sys_event_transfer_upgra:1190]:: 0x9:Received update data: seq: 129000, len: 980
10-10 13:32:30.122   227   299 I DUSS&63[sys_event_transfer_upgra:1190]:: 0x9:Received update data: seq: 129100, len: 980
10-10 13:32:30.366   227   299 I DUSS&63[sys_event_transfer_upgra:1190]:: 0x9:Received update data: seq: 129200, len: 980
10-10 13:32:30.622   227   299 I DUSS&63[sys_event_transfer_upgra:1190]:: 0x9:Received update data: seq: 129300, len: 980
10-10 13:32:30.871   227   299 I DUSS&63[sys_event_transfer_upgra:1190]:: 0x9:Received update data: seq: 129400, len: 980
10-10 13:32:31.114   227   299 I DUSS&63[sys_event_transfer_upgra:1190]:: 0x9:Received update data: seq: 129500, len: 980
10-10 13:32:31.354   227   299 I DUSS&63[sys_event_transfer_upgra:1190]:: 0x9:Received update data: seq: 129600, len: 980
10-10 13:32:31.599   227   299 I DUSS&63[sys_event_transfer_upgra:1190]:: 0x9:Received update data: seq: 129700, len: 980
10-10 13:32:31.846   227   299 I DUSS&63[sys_event_transfer_upgra:1190]:: 0x9:Received update data: seq: 129800, len: 980
10-10 13:32:32.094   227   299 I DUSS&63[sys_event_transfer_upgra:1190]:: 0x9:Received update data: seq: 129900, len: 980
10-10 13:32:32.346   227   299 I DUSS&63[sys_event_transfer_upgra:1190]:: 0x9:Received update data: seq: 130000, len: 980
10-10 13:32:32.582   227   299 I DUSS&63[sys_event_transfer_upgra:1190]:: 0x9:Received update data: seq: 130100, len: 980
10-10 13:32:32.830   227   299 I DUSS&63[sys_event_transfer_upgra:1190]:: 0x9:Received update data: seq: 130200, len: 980
10-10 13:32:33.080   227   299 I DUSS&63[sys_event_transfer_upgra:1190]:: 0x9:Received update data: seq: 130300, len: 980
10-10 13:32:33.326   227   299 I DUSS&63[sys_event_transfer_upgra:1190]:: 0x9:Received update data: seq: 130400, len: 980
10-10 13:32:33.574   227   299 I DUSS&63[sys_event_transfer_upgra:1190]:: 0x9:Received update data: seq: 130500, len: 980
10-10 13:32:33.822   227   299 I DUSS&63[sys_event_transfer_upgra:1190]:: 0x9:Received update data: seq: 130600, len: 980
10-10 13:32:34.061   227   299 I DUSS&63[sys_event_transfer_upgra:1190]:: 0x9:Received update data: seq: 130700, len: 980
10-10 13:32:34.309   227   299 I DUSS&63[sys_event_transfer_upgra:1190]:: 0x9:Received update data: seq: 130800, len: 980
10-10 13:32:34.548   227   299 I DUSS&63[sys_event_transfer_upgra:1190]:: 0x9:Received update data: seq: 130900, len: 980
10-10 13:32:34.865   227   299 I DUSS&63[sys_event_transfer_upgra:1190]:: 0x9:Received update data: seq: 131000, len: 980
10-10 13:32:35.031   227   299 I DUSS&63[sys_event_transfer_upgra:1190]:: 0x9:Received update data: seq: 131100, len: 980
10-10 13:32:35.279   227   299 I DUSS&63[sys_event_transfer_upgra:1190]:: 0x9:Received update data: seq: 131200, len: 980
10-10 13:32:35.518   227   299 I DUSS&63[sys_event_transfer_upgra:1190]:: 0x9:Received update data: seq: 131300, len: 980
10-10 13:32:35.766   227   299 I DUSS&63[sys_event_transfer_upgra:1190]:: 0x9:Received update data: seq: 131400, len: 980
10-10 13:32:36.015   227   299 I DUSS&63[sys_event_transfer_upgra:1190]:: 0x9:Received update data: seq: 131500, len: 980
10-10 13:32:36.263   227   299 I DUSS&63[sys_event_transfer_upgra:1190]:: 0x9:Received update data: seq: 131600, len: 980
10-10 13:32:36.512   227   299 I DUSS&63[sys_event_transfer_upgra:1190]:: 0x9:Received update data: seq: 131700, len: 980
10-10 13:32:36.753   227   299 I DUSS&63[sys_event_transfer_upgra:1190]:: 0x9:Received update data: seq: 131800, len: 980
10-10 13:32:36.991   227   299 I DUSS&63[sys_event_transfer_upgra:1190]:: 0x9:Received update data: seq: 131900, len: 980
10-10 13:32:37.238   227   299 I DUSS&63[sys_event_transfer_upgra:1190]:: 0x9:Received update data: seq: 132000, len: 980
10-10 13:32:37.497   227   299 I DUSS&63[sys_event_transfer_upgra:1190]:: 0x9:Received update data: seq: 132100, len: 980
10-10 13:32:37.742   227   299 I DUSS&63[sys_event_transfer_upgra:1190]:: 0x9:Received update data: seq: 132200, len: 980
10-10 13:32:37.985   227   299 I DUSS&63[sys_event_transfer_upgra:1190]:: 0x9:Received update data: seq: 132300, len: 980
10-10 13:32:38.224   227   299 I DUSS&63[sys_event_transfer_upgra:1190]:: 0x9:Received update data: seq: 132400, len: 980
10-10 13:32:38.468   227   299 I DUSS&63[sys_event_transfer_upgra:1190]:: 0x9:Received update data: seq: 132500, len: 980
10-10 13:32:38.732   227   299 I DUSS&63[sys_event_transfer_upgra:1190]:: 0x9:Received update data: seq: 132600, len: 980
10-10 13:32:38.984   227   299 I DUSS&63[sys_event_transfer_upgra:1190]:: 0x9:Received update data: seq: 132700, len: 980
10-10 13:32:39.228   227   299 I DUSS&63[sys_event_transfer_upgra:1190]:: 0x9:Received update data: seq: 132800, len: 980
10-10 13:32:39.466   227   299 I DUSS&63[sys_event_transfer_upgra:1190]:: 0x9:Received update data: seq: 132900, len: 980
10-10 13:32:39.717   227   299 I DUSS&63[sys_event_transfer_upgra:1190]:: 0x9:Received update data: seq: 133000, len: 980
10-10 13:32:39.964   227   299 I DUSS&63[sys_event_transfer_upgra:1190]:: 0x9:Received update data: seq: 133100, len: 980
10-10 13:32:40.211   227   299 I DUSS&63[sys_event_transfer_upgra:1190]:: 0x9:Received update data: seq: 133200, len: 980
10-10 13:32:40.460   227   299 I DUSS&63[sys_event_transfer_upgra:1190]:: 0x9:Received update data: seq: 133300, len: 980
10-10 13:32:40.717   227   299 I DUSS&63[sys_event_transfer_upgra:1190]:: 0x9:Received update data: seq: 133400, len: 980
10-10 13:32:40.958   227   299 I DUSS&63[sys_event_transfer_upgra:1190]:: 0x9:Received update data: seq: 133500, len: 980
10-10 13:32:41.211   227   299 I DUSS&63[sys_event_transfer_upgra:1190]:: 0x9:Received update data: seq: 133600, len: 980
10-10 13:32:41.440   227   299 I DUSS&63[sys_event_transfer_upgra:1190]:: 0x9:Received update data: seq: 133700, len: 980
10-10 13:32:41.690   227   299 I DUSS&63[sys_event_transfer_upgra:1190]:: 0x9:Received update data: seq: 133800, len: 980
10-10 13:32:41.937   227   299 I DUSS&63[sys_event_transfer_upgra:1190]:: 0x9:Received update data: seq: 133900, len: 980
10-10 13:32:42.187   227   299 I DUSS&63[sys_event_transfer_upgra:1190]:: 0x9:Received update data: seq: 134000, len: 980
10-10 13:32:42.428   227   299 I DUSS&63[sys_event_transfer_upgra:1190]:: 0x9:Received update data: seq: 134100, len: 980
10-10 13:32:42.665   227   299 I DUSS&63[sys_event_transfer_upgra:1190]:: 0x9:Received update data: seq: 134200, len: 980
10-10 13:32:42.909   227   299 I DUSS&63[sys_event_transfer_upgra:1190]:: 0x9:Received update data: seq: 134300, len: 980
10-10 13:32:43.152   227   299 I DUSS&63[sys_event_transfer_upgra:1190]:: 0x9:Received update data: seq: 134400, len: 980
10-10 13:32:43.400   227   299 I DUSS&63[sys_event_transfer_upgra:1190]:: 0x9:Received update data: seq: 134500, len: 980
10-10 13:32:43.646   227   299 I DUSS&63[sys_event_transfer_upgra:1190]:: 0x9:Received update data: seq: 134600, len: 980
10-10 13:32:43.886   227   299 I DUSS&63[sys_event_transfer_upgra:1190]:: 0x9:Received update data: seq: 134700, len: 980
10-10 13:32:44.129   227   299 I DUSS&63[sys_event_transfer_upgra:1190]:: 0x9:Received update data: seq: 134800, len: 980
10-10 13:32:44.379   227   299 I DUSS&63[sys_event_transfer_upgra:1190]:: 0x9:Received update data: seq: 134900, len: 980
10-10 13:32:44.625   227   299 I DUSS&63[sys_event_transfer_upgra:1190]:: 0x9:Received update data: seq: 135000, len: 980
10-10 13:32:44.869   227   299 I DUSS&63[sys_event_transfer_upgra:1190]:: 0x9:Received update data: seq: 135100, len: 980
10-10 13:32:45.109   227   299 I DUSS&63[sys_event_transfer_upgra:1190]:: 0x9:Received update data: seq: 135200, len: 980
10-10 13:32:45.350   227   299 I DUSS&63[sys_event_transfer_upgra:1190]:: 0x9:Received update data: seq: 135300, len: 980
10-10 13:32:45.609   227   299 I DUSS&63[sys_event_transfer_upgra:1190]:: 0x9:Received update data: seq: 135400, len: 980
10-10 13:32:45.844   227   299 I DUSS&63[sys_event_transfer_upgra:1190]:: 0x9:Received update data: seq: 135500, len: 980
10-10 13:32:46.090   227   299 I DUSS&63[sys_event_transfer_upgra:1190]:: 0x9:Received update data: seq: 135600, len: 980
10-10 13:32:46.338   227   299 I DUSS&63[sys_event_transfer_upgra:1190]:: 0x9:Received update data: seq: 135700, len: 980
10-10 13:32:46.599   227   299 I DUSS&63[sys_event_transfer_upgra:1190]:: 0x9:Received update data: seq: 135800, len: 980
10-10 13:32:46.843   227   299 I DUSS&63[sys_event_transfer_upgra:1190]:: 0x9:Received update data: seq: 135900, len: 980
10-10 13:32:47.093   227   299 I DUSS&63[sys_event_transfer_upgra:1190]:: 0x9:Received update data: seq: 136000, len: 980
10-10 13:32:47.339   227   299 I DUSS&63[sys_event_transfer_upgra:1190]:: 0x9:Received update data: seq: 136100, len: 980
10-10 13:32:47.592   227   299 I DUSS&63[sys_event_transfer_upgra:1190]:: 0x9:Received update data: seq: 136200, len: 980
10-10 13:32:47.828   227   299 I DUSS&63[sys_event_transfer_upgra:1190]:: 0x9:Received update data: seq: 136300, len: 980
10-10 13:32:48.071   227   299 I DUSS&63[sys_event_transfer_upgra:1190]:: 0x9:Received update data: seq: 136400, len: 980
10-10 13:32:48.310   227   299 I DUSS&63[sys_event_transfer_upgra:1190]:: 0x9:Received update data: seq: 136500, len: 980
10-10 13:32:48.558   227   299 I DUSS&63[sys_event_transfer_upgra:1190]:: 0x9:Received update data: seq: 136600, len: 980
10-10 13:32:48.802   227   299 I DUSS&63[sys_event_transfer_upgra:1190]:: 0x9:Received update data: seq: 136700, len: 980
10-10 13:32:49.043   227   299 I DUSS&63[sys_event_transfer_upgra:1190]:: 0x9:Received update data: seq: 136800, len: 980
10-10 13:32:49.302   227   299 I DUSS&63[sys_event_transfer_upgra:1190]:: 0x9:Received update data: seq: 136900, len: 980
10-10 13:32:49.549   227   299 I DUSS&63[sys_event_transfer_upgra:1190]:: 0x9:Received update data: seq: 137000, len: 980
10-10 13:32:49.800   227   299 I DUSS&63[sys_event_transfer_upgra:1190]:: 0x9:Received update data: seq: 137100, len: 980
10-10 13:32:50.038   227   299 I DUSS&63[sys_event_transfer_upgra:1190]:: 0x9:Received update data: seq: 137200, len: 980
10-10 13:32:50.283   227   299 I DUSS&63[sys_event_transfer_upgra:1190]:: 0x9:Received update data: seq: 137300, len: 980
10-10 13:32:50.533   227   299 I DUSS&63[sys_event_transfer_upgra:1190]:: 0x9:Received update data: seq: 137400, len: 980
10-10 13:32:50.781   227   299 I DUSS&63[sys_event_transfer_upgra:1190]:: 0x9:Received update data: seq: 137500, len: 980
10-10 13:32:51.033   227   299 I DUSS&63[sys_event_transfer_upgra:1190]:: 0x9:Received update data: seq: 137600, len: 980
10-10 13:32:51.407   227   299 I DUSS&63[sys_event_transfer_upgra:1190]:: 0x9:Received update data: seq: 137700, len: 980
10-10 13:32:51.883   227   299 I DUSS&63[sys_event_transfer_upgra:1190]:: 0x9:Received update data: seq: 137800, len: 980
10-10 13:32:51.972   227   299 I DUSS&63[sys_event_transfer_upgra:1190]:: 0x9:Received update data: seq: 137900, len: 980
10-10 13:32:51.978   227   316 E DUSS&63[sys_p1_disable_motor_run:4432]:: set motor work status error: -1002
10-10 13:32:52.490   227   299 I DUSS&63[sys_event_transfer_upgra:1190]:: 0x9:Received update data: seq: 138000, len: 980
10-10 13:32:52.576   227   299 I DUSS&63[sys_event_transfer_upgra:1190]:: 0x9:Received update data: seq: 138100, len: 980
10-10 13:32:52.736   227   299 I DUSS&63[sys_event_transfer_upgra:1190]:: 0x9:Received update data: seq: 138200, len: 980
10-10 13:32:52.835   227   299 I DUSS&63[sys_event_transfer_upgra:1190]:: 0x9:Received update data: seq: 138300, len: 980
10-10 13:32:52.999   227   299 I DUSS&63[sys_event_transfer_upgra:1190]:: 0x9:Received update data: seq: 138400, len: 980
10-10 13:32:53.232   227   299 I DUSS&63[sys_event_transfer_upgra:1190]:: 0x9:Received update data: seq: 138500, len: 980
10-10 13:32:53.467   227   299 I DUSS&63[sys_event_transfer_upgra:1190]:: 0x9:Received update data: seq: 138600, len: 980
10-10 13:32:53.711   227   299 I DUSS&63[sys_event_transfer_upgra:1190]:: 0x9:Received update data: seq: 138700, len: 980
10-10 13:32:53.967   227   299 I DUSS&63[sys_event_transfer_upgra:1190]:: 0x9:Received update data: seq: 138800, len: 980
10-10 13:32:54.212   227   299 I DUSS&63[sys_event_transfer_upgra:1190]:: 0x9:Received update data: seq: 138900, len: 980
10-10 13:32:54.453   227   299 I DUSS&63[sys_event_transfer_upgra:1190]:: 0x9:Received update data: seq: 139000, len: 980
10-10 13:32:54.695   227   299 I DUSS&63[sys_event_transfer_upgra:1190]:: 0x9:Received update data: seq: 139100, len: 980
10-10 13:32:54.938   227   299 I DUSS&63[sys_event_transfer_upgra:1190]:: 0x9:Received update data: seq: 139200, len: 980
10-10 13:32:55.181   227   299 I DUSS&63[sys_event_transfer_upgra:1190]:: 0x9:Received update data: seq: 139300, len: 980
10-10 13:32:55.432   227   299 I DUSS&63[sys_event_transfer_upgra:1190]:: 0x9:Received update data: seq: 139400, len: 980
10-10 13:32:55.681   227   299 I DUSS&63[sys_event_transfer_upgra:1190]:: 0x9:Received update data: seq: 139500, len: 980
10-10 13:32:55.933   227   299 I DUSS&63[sys_event_transfer_upgra:1190]:: 0x9:Received update data: seq: 139600, len: 980
10-10 13:32:56.156   227   299 I DUSS&63[sys_event_transfer_upgra:1190]:: 0x9:Received update data: seq: 139700, len: 980
10-10 13:32:56.403   227   299 I DUSS&63[sys_event_transfer_upgra:1190]:: 0x9:Received update data: seq: 139800, len: 980
10-10 13:32:56.653   227   299 I DUSS&63[sys_event_transfer_upgra:1190]:: 0x9:Received update data: seq: 139900, len: 980
10-10 13:32:56.891   227   299 I DUSS&63[sys_event_transfer_upgra:1190]:: 0x9:Received update data: seq: 140000, len: 980
10-10 13:32:57.136   227   299 I DUSS&63[sys_event_transfer_upgra:1190]:: 0x9:Received update data: seq: 140100, len: 980
10-10 13:32:57.384   227   299 I DUSS&63[sys_event_transfer_upgra:1190]:: 0x9:Received update data: seq: 140200, len: 980
10-10 13:32:57.630   227   299 I DUSS&63[sys_event_transfer_upgra:1190]:: 0x9:Received update data: seq: 140300, len: 980
10-10 13:32:57.875   227   299 I DUSS&63[sys_event_transfer_upgra:1190]:: 0x9:Received update data: seq: 140400, len: 980
10-10 13:32:58.116   227   299 I DUSS&63[sys_event_transfer_upgra:1190]:: 0x9:Received update data: seq: 140500, len: 980
10-10 13:32:58.353   227   299 I DUSS&63[sys_event_transfer_upgra:1190]:: 0x9:Received update data: seq: 140600, len: 980
10-10 13:32:58.599   227   299 I DUSS&63[sys_event_transfer_upgra:1190]:: 0x9:Received update data: seq: 140700, len: 980
10-10 13:32:58.834   227   299 I DUSS&63[sys_event_transfer_upgra:1190]:: 0x9:Received update data: seq: 140800, len: 980
10-10 13:32:59.080   227   299 I DUSS&63[sys_event_transfer_upgra:1190]:: 0x9:Received update data: seq: 140900, len: 980
10-10 13:32:59.324   227   299 I DUSS&63[sys_event_transfer_upgra:1190]:: 0x9:Received update data: seq: 141000, len: 980
10-10 13:32:59.576   227   299 I DUSS&63[sys_event_transfer_upgra:1190]:: 0x9:Received update data: seq: 141100, len: 980
10-10 13:32:59.822   227   299 I DUSS&63[sys_event_transfer_upgra:1190]:: 0x9:Received update data: seq: 141200, len: 980
10-10 13:33:00.065   227   299 I DUSS&63[sys_event_transfer_upgra:1190]:: 0x9:Received update data: seq: 141300, len: 980
10-10 13:33:00.311   227   299 I DUSS&63[sys_event_transfer_upgra:1190]:: 0x9:Received update data: seq: 141400, len: 980
10-10 13:33:00.556   227   299 I DUSS&63[sys_event_transfer_upgra:1190]:: 0x9:Received update data: seq: 141500, len: 980
10-10 13:33:00.799   227   299 I DUSS&63[sys_event_transfer_upgra:1190]:: 0x9:Received update data: seq: 141600, len: 980
10-10 13:33:01.047   227   299 I DUSS&63[sys_event_transfer_upgra:1190]:: 0x9:Received update data: seq: 141700, len: 980
10-10 13:33:01.289   227   299 I DUSS&63[sys_event_transfer_upgra:1190]:: 0x9:Received update data: seq: 141800, len: 980
10-10 13:33:01.542   227   299 I DUSS&63[sys_event_transfer_upgra:1190]:: 0x9:Received update data: seq: 141900, len: 980
10-10 13:33:01.794   227   299 I DUSS&63[sys_event_transfer_upgra:1190]:: 0x9:Received update data: seq: 142000, len: 980
10-10 13:33:02.032   227   299 I DUSS&63[sys_event_transfer_upgra:1190]:: 0x9:Received update data: seq: 142100, len: 980
10-10 13:33:02.284   227   299 I DUSS&63[sys_event_transfer_upgra:1190]:: 0x9:Received update data: seq: 142200, len: 980
10-10 13:33:02.527   227   299 I DUSS&63[sys_event_transfer_upgra:1190]:: 0x9:Received update data: seq: 142300, len: 980
10-10 13:33:02.765   227   299 I DUSS&63[sys_event_transfer_upgra:1190]:: 0x9:Received update data: seq: 142400, len: 980
10-10 13:33:03.039   227   299 I DUSS&63[sys_event_transfer_upgra:1190]:: 0x9:Received update data: seq: 142500, len: 980
10-10 13:33:03.258   227   299 I DUSS&63[sys_event_transfer_upgra:1190]:: 0x9:Received update data: seq: 142600, len: 980
10-10 13:33:03.503   227   299 I DUSS&63[sys_event_transfer_upgra:1190]:: 0x9:Received update data: seq: 142700, len: 980
10-10 13:33:03.753   227   299 I DUSS&63[sys_event_transfer_upgra:1190]:: 0x9:Received update data: seq: 142800, len: 980
10-10 13:33:04.004   227   299 I DUSS&63[sys_event_transfer_upgra:1190]:: 0x9:Received update data: seq: 142900, len: 980
10-10 13:33:04.257   227   299 I DUSS&63[sys_event_transfer_upgra:1190]:: 0x9:Received update data: seq: 143000, len: 980
10-10 13:33:04.500   227   299 I DUSS&63[sys_event_transfer_upgra:1190]:: 0x9:Received update data: seq: 143100, len: 980
10-10 13:33:04.770   227   299 I DUSS&63[sys_event_transfer_upgra:1190]:: 0x9:Received update data: seq: 143200, len: 980
10-10 13:33:05.009   227   299 I DUSS&63[sys_event_transfer_upgra:1190]:: 0x9:Received update data: seq: 143300, len: 980
10-10 13:33:05.256   227   299 I DUSS&63[sys_event_transfer_upgra:1190]:: 0x9:Received update data: seq: 143400, len: 980
10-10 13:33:05.499   227   299 I DUSS&63[sys_event_transfer_upgra:1190]:: 0x9:Received update data: seq: 143500, len: 980
10-10 13:33:05.737   227   299 I DUSS&63[sys_event_transfer_upgra:1190]:: 0x9:Received update data: seq: 143600, len: 980
10-10 13:33:05.975   227   299 I DUSS&63[sys_event_transfer_upgra:1190]:: 0x9:Received update data: seq: 143700, len: 980
10-10 13:33:06.118   227   311 W DUSS&63[       tcp_async_connect: 311]:: [sys]EINPROGRESS in connect() - selecting,addr=192.168.41.3
10-10 13:33:06.220   227   299 I DUSS&63[sys_event_transfer_upgra:1190]:: 0x9:Received update data: seq: 143800, len: 980
10-10 13:33:06.473   227   299 I DUSS&63[sys_event_transfer_upgra:1190]:: 0x9:Received update data: seq: 143900, len: 980
10-10 13:33:06.712   227   299 I DUSS&63[sys_event_transfer_upgra:1190]:: 0x9:Received update data: seq: 144000, len: 980
10-10 13:33:06.962   227   299 I DUSS&63[sys_event_transfer_upgra:1190]:: 0x9:Received update data: seq: 144100, len: 980
10-10 13:33:07.119   227   311 W DUSS&63[       tcp_async_connect: 334]:: [sys]Timeout in select() - Cancelling, addr=192.168.41.3
10-10 13:33:07.208   227   299 I DUSS&63[sys_event_transfer_upgra:1190]:: 0x9:Received update data: seq: 144200, len: 980
10-10 13:33:07.463   227   299 I DUSS&63[sys_event_transfer_upgra:1190]:: 0x9:Received update data: seq: 144300, len: 980
10-10 13:33:07.714   227   299 I DUSS&63[sys_event_transfer_upgra:1190]:: 0x9:Received update data: seq: 144400, len: 980
10-10 13:33:07.859   227   299 I DUSS&63[sys_event_transfer_upgra:1214]:: 0x9:Received update data: seq: 144441, len: 460, info->last_seq(144441)
10-10 13:33:07.859   227   299 I DUSS&63[sys_event_transfer_upgra:1216]:: 0x9:info->recv_size=141552640, reach the img_size 141552640, attribute=0x40
10-10 13:33:07.957   227   299 I DUSS&63[sys_event_finish_upgrade:1254]:: 0xa:Receive transfer complete message.
10-10 13:33:07.958   227   299 I DUSS&63[sys_event_finish_upgrade:1318]:: 0xa:path_use=1, type_use=4, data_store=1, info->recv_size(141552640), info->img_size(141552640)
10-10 13:33:13.241   227   299 I DUSS&63[sys_event_finish_upgrade:1330]:: 0xa:calc md5 for /data/ftp/upgrade/dji_system.bin finished
10-10 13:33:13.241   227   299 I DUSS&63[sys_event_finish_upgrade:1368]:: 0xa:Md5sum check ok......
10-10 13:33:13.244   227   299 I DUSS&63[          sys_p1_upgrade:4716]:: P1: update all uav/gnd system now ...
10-10 13:33:13.244   227   299 I DUSS&63[sys_up_save_upgrade_stat: 370]:: fileName=/cache/upgrade_status, optionName=upgrade_host, optionValue=512
10-10 13:33:13.245   227   299 I DUSS&63[sys_up_save_upgrade_stat: 374]:: file /cache/upgrade_status not exist, will create it
10-10 13:33:13.343   227 13320 I DUSS&63[    sys_up_sec_up_thread:1479]:: upgrade thread start... retry=2, up_mode=1
10-10 13:33:13.343   227 13320 I DUSS&63[sys_p1_push_ongoing_stat:3128]:: Push to 0x200 for module 0xd01, overall upgrade progress: 1 (0:0:0), stop_pushing=0
10-10 13:33:13.343   227 13320 I DUSS&63[sys_p1_up_start_smooth_p:3008]:: will start smooth pushing, from 1 to 7, step=1,interval=2, mod_id=0x0, is_local_progress=0
10-10 13:33:13.343   227   315 I DUSS&63[sys_up_status_push_threa: 993]:: +++++++ Sending upgrade status for upgrading_stage, len: 11, app_host=0x200, mod_id=0x2d (13.01), status 1, progress: 0, total_progress: 1
10-10 13:33:13.449   227 13320 I DUSS&63[sys_p1_check_and_copy_an:1096]:: /vendor/cfg already exist
10-10 13:33:13.449   227 13320 I DUSS&63[    sys_up_sec_up_thread:1549]:: Start to extract firmware
10-10 13:33:15.343   227 13321 I DUSS&63[sys_p1_up_smooth_push_en:2962]:: smooth pushing status, start=1, end=7, step=1, cur=1, mod_id=0
10-10 13:33:15.343   227 13321 I DUSS&63[sys_p1_push_ongoing_stat:3128]:: Push to 0x200 for module 0xd01, overall upgrade progress: 1 (0:0:0), stop_pushing=0
10-10 13:33:15.343   227   315 I DUSS&63[sys_up_status_push_threa: 993]:: +++++++ Sending upgrade status for upgrading_stage, len: 11, app_host=0x200, mod_id=0x2d (13.01), status 1, progress: 0, total_progress: 1
10-10 13:33:17.343   227 13321 I DUSS&63[sys_p1_up_smooth_push_en:2962]:: smooth pushing status, start=1, end=7, step=1, cur=2, mod_id=0
10-10 13:33:17.343   227 13321 I DUSS&63[sys_p1_push_ongoing_stat:3128]:: Push to 0x200 for module 0xd01, overall upgrade progress: 2 (0:0:0), stop_pushing=0
10-10 13:33:17.343   227   315 I DUSS&63[sys_up_status_push_threa: 993]:: +++++++ Sending upgrade status for upgrading_stage, len: 11, app_host=0x200, mod_id=0x2d (13.01), status 1, progress: 0, total_progress: 2
10-10 13:33:19.343   227 13321 I DUSS&63[sys_p1_up_smooth_push_en:2962]:: smooth pushing status, start=1, end=7, step=1, cur=3, mod_id=0
10-10 13:33:19.343   227 13321 I DUSS&63[sys_p1_push_ongoing_stat:3128]:: Push to 0x200 for module 0xd01, overall upgrade progress: 3 (0:0:0), stop_pushing=0
10-10 13:33:19.344   227   315 I DUSS&63[sys_up_status_push_threa: 993]:: +++++++ Sending upgrade status for upgrading_stage, len: 11, app_host=0x200, mod_id=0x2d (13.01), status 1, progress: 0, total_progress: 3
10-10 13:33:21.343   227 13321 I DUSS&63[sys_p1_up_smooth_push_en:2962]:: smooth pushing status, start=1, end=7, step=1, cur=4, mod_id=0
10-10 13:33:21.343   227 13321 I DUSS&63[sys_p1_push_ongoing_stat:3128]:: Push to 0x200 for module 0xd01, overall upgrade progress: 4 (0:0:0), stop_pushing=0
10-10 13:33:21.343   227   315 I DUSS&63[sys_up_status_push_threa: 993]:: +++++++ Sending upgrade status for upgrading_stage, len: 11, app_host=0x200, mod_id=0x2d (13.01), status 1, progress: 0, total_progress: 4
10-10 13:33:23.343   227 13321 I DUSS&63[sys_p1_up_smooth_push_en:2962]:: smooth pushing status, start=1, end=7, step=1, cur=5, mod_id=0
10-10 13:33:23.343   227 13321 I DUSS&63[sys_p1_push_ongoing_stat:3128]:: Push to 0x200 for module 0xd01, overall upgrade progress: 5 (0:0:0), stop_pushing=0
10-10 13:33:23.343   227   315 I DUSS&63[sys_up_status_push_threa: 993]:: +++++++ Sending upgrade status for upgrading_stage, len: 11, app_host=0x200, mod_id=0x2d (13.01), status 1, progress: 0, total_progress: 5
10-10 13:33:25.343   227 13321 I DUSS&63[sys_p1_up_smooth_push_en:2962]:: smooth pushing status, start=1, end=7, step=1, cur=6, mod_id=0
10-10 13:33:25.343   227 13321 I DUSS&63[sys_p1_push_ongoing_stat:3128]:: Push to 0x200 for module 0xd01, overall upgrade progress: 6 (0:0:0), stop_pushing=0
10-10 13:33:25.343   227   315 I DUSS&63[sys_up_status_push_threa: 993]:: +++++++ Sending upgrade status for upgrading_stage, len: 11, app_host=0x200, mod_id=0x2d (13.01), status 1, progress: 0, total_progress: 6
10-10 13:33:27.343   227 13321 I DUSS&63[sys_p1_up_smooth_push_en:2962]:: smooth pushing status, start=1, end=7, step=1, cur=7, mod_id=0
10-10 13:33:27.343   227 13321 I DUSS&63[sys_p1_push_ongoing_stat:3128]:: Push to 0x200 for module 0xd01, overall upgrade progress: 7 (0:0:0), stop_pushing=0
10-10 13:33:27.343   227   315 I DUSS&63[sys_up_status_push_threa: 993]:: +++++++ Sending upgrade status for upgrading_stage, len: 11, app_host=0x200, mod_id=0x2d (13.01), status 1, progress: 0, total_progress: 7
10-10 13:33:29.343   227 13321 I DUSS&63[sys_p1_up_smooth_push_en:2962]:: smooth pushing status, start=1, end=7, step=1, cur=7, mod_id=0
10-10 13:33:29.343   227 13321 I DUSS&63[sys_p1_push_ongoing_stat:3128]:: Push to 0x200 for module 0xd01, overall upgrade progress: 7 (0:0:0), stop_pushing=0
10-10 13:33:29.343   227   315 I DUSS&63[sys_up_status_push_threa: 993]:: +++++++ Sending upgrade status for upgrading_stage, len: 11, app_host=0x200, mod_id=0x2d (13.01), status 1, progress: 0, total_progress: 7
10-10 13:33:31.343   227 13321 I DUSS&63[sys_p1_up_smooth_push_en:2962]:: smooth pushing status, start=1, end=7, step=1, cur=7, mod_id=0
10-10 13:33:31.343   227 13321 I DUSS&63[sys_p1_push_ongoing_stat:3128]:: Push to 0x200 for module 0xd01, overall upgrade progress: 7 (0:0:0), stop_pushing=0
10-10 13:33:31.343   227   315 I DUSS&63[sys_up_status_push_threa: 993]:: +++++++ Sending upgrade status for upgrading_stage, len: 11, app_host=0x200, mod_id=0x2d (13.01), status 1, progress: 0, total_progress: 7
10-10 13:33:33.343   227 13321 I DUSS&63[sys_p1_up_smooth_push_en:2962]:: smooth pushing status, start=1, end=7, step=1, cur=7, mod_id=0
10-10 13:33:33.343   227 13321 I DUSS&63[sys_p1_push_ongoing_stat:3128]:: Push to 0x200 for module 0xd01, overall upgrade progress: 7 (0:0:0), stop_pushing=0
10-10 13:33:33.343   227   315 I DUSS&63[sys_up_status_push_threa: 993]:: +++++++ Sending upgrade status for upgrading_stage, len: 11, app_host=0x200, mod_id=0x2d (13.01), status 1, progress: 0, total_progress: 7
10-10 13:33:35.343   227 13321 I DUSS&63[sys_p1_up_smooth_push_en:2962]:: smooth pushing status, start=1, end=7, step=1, cur=7, mod_id=0
10-10 13:33:35.343   227 13321 I DUSS&63[sys_p1_push_ongoing_stat:3128]:: Push to 0x200 for module 0xd01, overall upgrade progress: 7 (0:0:0), stop_pushing=0
10-10 13:33:35.343   227   315 I DUSS&63[sys_up_status_push_threa: 993]:: +++++++ Sending upgrade status for upgrading_stage, len: 11, app_host=0x200, mod_id=0x2d (13.01), status 1, progress: 0, total_progress: 7
10-10 13:33:37.343   227 13321 I DUSS&63[sys_p1_up_smooth_push_en:2962]:: smooth pushing status, start=1, end=7, step=1, cur=7, mod_id=0
10-10 13:33:37.343   227 13321 I DUSS&63[sys_p1_push_ongoing_stat:3128]:: Push to 0x200 for module 0xd01, overall upgrade progress: 7 (0:0:0), stop_pushing=0
10-10 13:33:37.343   227   315 I DUSS&63[sys_up_status_push_threa: 993]:: +++++++ Sending upgrade status for upgrading_stage, len: 11, app_host=0x200, mod_id=0x2d (13.01), status 1, progress: 0, total_progress: 7
10-10 13:33:39.343   227 13321 I DUSS&63[sys_p1_up_smooth_push_en:2962]:: smooth pushing status, start=1, end=7, step=1, cur=7, mod_id=0
10-10 13:33:39.343   227 13321 I DUSS&63[sys_p1_push_ongoing_stat:3128]:: Push to 0x200 for module 0xd01, overall upgrade progress: 7 (0:0:0), stop_pushing=0
10-10 13:33:39.344   227   315 I DUSS&63[sys_up_status_push_threa: 993]:: +++++++ Sending upgrade status for upgrading_stage, len: 11, app_host=0x200, mod_id=0x2d (13.01), status 1, progress: 0, total_progress: 7
10-10 13:33:41.343   227 13321 I DUSS&63[sys_p1_up_smooth_push_en:2962]:: smooth pushing status, start=1, end=7, step=1, cur=7, mod_id=0
10-10 13:33:41.343   227 13321 I DUSS&63[sys_p1_push_ongoing_stat:3128]:: Push to 0x200 for module 0xd01, overall upgrade progress: 7 (0:0:0), stop_pushing=0
10-10 13:33:41.343   227   315 I DUSS&63[sys_up_status_push_threa: 993]:: +++++++ Sending upgrade status for upgrading_stage, len: 11, app_host=0x200, mod_id=0x2d (13.01), status 1, progress: 0, total_progress: 7
10-10 13:33:41.393   227 13320 I DUSS&63[    sys_up_sec_up_thread:1566]:: Finish to extract firmware
10-10 13:33:41.393   227 13320 I DUSS&63[sys_p1_up_stop_smooth_pu:3035]:: will stop smooth pushing, previous timer=0xb71084f8
10-10 13:33:41.393   227 13320 I DUSS&63[sys_p1_up_stop_smooth_pu:3039]:: stop previous timer, mod_id=0x0, start_progress=1, end_progress=7
10-10 13:33:41.394   227 13320 I DUSS&63[sys_p1_push_ongoing_stat:3128]:: Push to 0x200 for module 0xd01, overall upgrade progress: 7 (0:0:0), stop_pushing=0
10-10 13:33:41.394   227   315 I DUSS&63[sys_up_status_push_threa: 993]:: +++++++ Sending upgrade status for upgrading_stage, len: 11, app_host=0x200, mod_id=0x2d (13.01), status 1, progress: 0, total_progress: 7
10-10 13:33:41.414   227 13320 I DUSS&63[    sys_up_sec_up_thread:1583]:: remove old files in temp
10-10 13:33:41.426   227 13320 I DUSS&63[    sys_up_sec_up_thread:1600]:: successfully copied config from sign to temp
10-10 13:33:41.426   227 13320 I DUSS&63[    sys_up_sec_up_thread:1607]:: scan_system = 2
10-10 13:33:41.426   227 13320 I DUSS&63[sys_p1_up_start_smooth_p:3008]:: will start smooth pushing, from 7 to 15, step=1,interval=3, mod_id=0x0, is_local_progress=0
10-10 13:33:41.470   227 13320 I DUSS&63[sys_p1_get_filelist_from:3984]:: got signed cfg file: /data/ftp/upgrade/upgrade/signimgs/wm220_ac_fw_v01_04_0500.cfg.sig
10-10 13:33:41.472   227 13320 I DUSS&63[sys_p1_get_filelist_from:4003]:: Got signed cfg file /data/ftp/upgrade/upgrade/signimgs/wm220_ac_fw_v01_04_0500.cfg.sig
10-10 13:33:41.578   227 13320 I DUSS&63[       sys_p1_unsign_img:1960]:: verify results: passed to verify image /data/ftp/upgrade/upgrade/signimgs/wm220_ac_fw_v01_04_0500.cfg.sig
10-10 13:33:41.579   227 13320 I DUSS&63[       sys_p1_unsign_img:1968]:: dji_verify -n 0000 -o /cache/upgrade/unsignimgs/wm330_0000.xml '/data/ftp/upgrade/upgrade/signimgs/wm220_ac_fw_v01_04_0500.cfg.sig' exit status 0, return 0
10-10 13:33:41.579   227 13320 I DUSS&63[       sys_p1_unsign_img:1976]:: dji_verify -n 0000 -o /cache/upgrade/unsignimgs/wm330_0000.xml '/data/ftp/upgrade/upgrade/signimgs/wm220_ac_fw_v01_04_0500.cfg.sig' success.
10-10 13:33:41.579   227 13320 I DUSS&63[sys_p1_get_filelist_from:4015]:: succeed to unsign cfg file.
10-10 13:33:41.582   227 13320 I DUSS&63[        sys_p1_parse_cfg:  97]:: root name: dji
10-10 13:33:41.582   227 13320 I DUSS&63[        sys_p1_parse_cfg: 100]:: child name: device
10-10 13:33:41.582   227 13320 I DUSS&63[        sys_p1_parse_cfg: 106]:: get device_id wm220 from xml
10-10 13:33:41.582   227 13320 I DUSS&63[        sys_p1_parse_cfg: 116]:: formal = 01.04.0500
10-10 13:33:41.582   227 13320 I DUSS&63[        sys_p1_parse_cfg: 129]:: release version = 01.04.0500
10-10 13:33:41.582   227 13320 I DUSS&63[        sys_p1_parse_cfg: 135]:: parsed version:1.4.500
10-10 13:33:41.582   227 13320 I DUSS&63[        sys_p1_parse_cfg: 138]:: anti rool back = 3
10-10 13:33:41.582   227 13320 I DUSS&63[        sys_p1_parse_cfg: 143]:: from = 2018/09/03
10-10 13:33:41.582   227 13320 I DUSS&63[        sys_p1_parse_cfg: 150]:: expire = 2019/09/03
10-10 13:33:41.582   227 13320 I DUSS&63[        sys_p1_parse_cfg: 164]:: module id: 0907
10-10 13:33:41.582   227 13320 I DUSS&63[        sys_p1_parse_cfg: 167]:: module version: 47.26.02.18
10-10 13:33:41.582   227 13320 I DUSS&63[        sys_p1_parse_cfg: 170]:: hardware version: 
10-10 13:33:41.582   227 13320 I DUSS&63[        sys_p1_parse_cfg: 175]:: module file_name = wm220_0907_v47.26.02.18_20170801.pro.fw.sig
10-10 13:33:41.582   227 13320 I DUSS&63[        sys_p1_parse_cfg: 190]:: md5: 2fccb452a1bdc5445819daa8788feae8
10-10 13:33:41.777   227 13320 I DUSS&63[      sys_p1_add_up_file:2490]:: get hw_ver[NULL] from file /data/ftp/upgrade/upgrade/signimgs//wm220_0907_v47.26.02.18_20170801.pro.fw.sig
10-10 13:33:41.777   227 13320 I DUSS&63[      sys_p1_add_up_file:2528]:: can not find hw for up file: 9:7:/data/ftp/upgrade/upgrade/signimgs//wm220_0907_v47.26.02.18_20170801.pro.fw.sig
10-10 13:33:41.777   227 13320 I DUSS&63[      sys_p1_add_up_file:2535]:: this is gnd, module should be on uav or glass, go on...
10-10 13:33:41.777   227 13320 I DUSS&63[      sys_p1_add_up_file:2587]:: parse file ok, id 9, index 7, ver: 47.26.2.18
10-10 13:33:41.777   227 13320 I DUSS&63[      sys_p1_add_up_file:2589]:: sign file name: /data/ftp/upgrade/upgrade/signimgs//wm220_0907_v47.26.02.18_20170801.pro.fw.sig, file_size=4238080
10-10 13:33:41.777   227 13320 I DUSS&63[        sys_p1_parse_cfg: 164]:: module id: 0305
10-10 13:33:41.777   227 13320 I DUSS&63[        sys_p1_parse_cfg: 167]:: module version: 34.04.00.24
10-10 13:33:41.777   227 13320 I DUSS&63[        sys_p1_parse_cfg: 170]:: hardware version: 
10-10 13:33:41.777   227 13320 I DUSS&63[        sys_p1_parse_cfg: 175]:: module file_name = wm220_0305_v34.04.00.24_20170726.pro.fw.sig
10-10 13:33:41.777   227 13320 I DUSS&63[        sys_p1_parse_cfg: 190]:: md5: fcde0f3bc310c78e5c13f1e2239e185e
10-10 13:33:41.781   227 13320 I DUSS&63[      sys_p1_add_up_file:2490]:: get hw_ver[NULL] from file /data/ftp/upgrade/upgrade/signimgs//wm220_0305_v34.04.00.24_20170726.pro.fw.sig
10-10 13:33:41.781   227 13320 I DUSS&63[      sys_p1_add_up_file:2528]:: can not find hw for up file: 3:5:/data/ftp/upgrade/upgrade/signimgs//wm220_0305_v34.04.00.24_20170726.pro.fw.sig
10-10 13:33:41.781   227 13320 I DUSS&63[      sys_p1_add_up_file:2535]:: this is gnd, module should be on uav or glass, go on...
10-10 13:33:41.781   227 13320 I DUSS&63[      sys_p1_add_up_file:2587]:: parse file ok, id 3, index 5, ver: 34.4.0.24
10-10 13:33:41.781   227 13320 I DUSS&63[      sys_p1_add_up_file:2589]:: sign file name: /data/ftp/upgrade/upgrade/signimgs//wm220_0305_v34.04.00.24_20170726.pro.fw.sig, file_size=55072
10-10 13:33:41.781   227 13320 I DUSS&63[        sys_p1_parse_cfg: 164]:: module id: 0306
10-10 13:33:41.781   227 13320 I DUSS&63[        sys_p1_parse_cfg: 167]:: module version: 03.02.44.07
10-10 13:33:41.781   227 13320 I DUSS&63[        sys_p1_parse_cfg: 170]:: hardware version: 
10-10 13:33:41.781   227 13320 I DUSS&63[        sys_p1_parse_cfg: 175]:: module file_name = wm220_0306_v03.02.44.07_20171116.pro.fw.sig
10-10 13:33:41.781   227 13320 I DUSS&63[        sys_p1_parse_cfg: 190]:: md5: cd6bb6a75a38d4933315dafc2007c49c
10-10 13:33:41.827   227 13320 I DUSS&63[      sys_p1_add_up_file:2490]:: get hw_ver[NULL] from file /data/ftp/upgrade/upgrade/signimgs//wm220_0306_v03.02.44.07_20171116.pro.fw.sig
10-10 13:33:41.827   227 13320 I DUSS&63[      sys_p1_add_up_file:2528]:: can not find hw for up file: 3:6:/data/ftp/upgrade/upgrade/signimgs//wm220_0306_v03.02.44.07_20171116.pro.fw.sig
10-10 13:33:41.827   227 13320 I DUSS&63[      sys_p1_add_up_file:2535]:: this is gnd, module should be on uav or glass, go on...
10-10 13:33:41.827   227 13320 I DUSS&63[      sys_p1_add_up_file:2587]:: parse file ok, id 3, index 6, ver: 3.2.44.7
10-10 13:33:41.827   227 13320 I DUSS&63[      sys_p1_add_up_file:2589]:: sign file name: /data/ftp/upgrade/upgrade/signimgs//wm220_0306_v03.02.44.07_20171116.pro.fw.sig, file_size=1484064
10-10 13:33:41.827   227 13320 I DUSS&63[        sys_p1_parse_cfg: 164]:: module id: 1100
10-10 13:33:41.827   227 13320 I DUSS&63[        sys_p1_parse_cfg: 167]:: module version: 01.00.07.32
10-10 13:33:41.827   227 13320 I DUSS&63[        sys_p1_parse_cfg: 170]:: hardware version: 
10-10 13:33:41.827   227 13320 I DUSS&63[        sys_p1_parse_cfg: 175]:: module file_name = wm220_1100_v01.00.07.32_20170726.pro.fw.sig
10-10 13:33:41.827   227 13320 I DUSS&63[        sys_p1_parse_cfg: 190]:: md5: 48bd8efd1030a9eb9b842deef20ead53
10-10 13:33:41.830   227 13320 I DUSS&63[      sys_p1_add_up_file:2490]:: get hw_ver[NULL] from file /data/ftp/upgrade/upgrade/signimgs//wm220_1100_v01.00.07.32_20170726.pro.fw.sig
10-10 13:33:41.830   227 13320 I DUSS&63[      sys_p1_add_up_file:2528]:: can not find hw for up file: 11:0:/data/ftp/upgrade/upgrade/signimgs//wm220_1100_v01.00.07.32_20170726.pro.fw.sig
10-10 13:33:41.830   227 13320 I DUSS&63[      sys_p1_add_up_file:2535]:: this is gnd, module should be on uav or glass, go on...
10-10 13:33:41.830   227 13320 I DUSS&63[      sys_p1_add_up_file:2587]:: parse file ok, id 11, index 0, ver: 1.0.7.32
10-10 13:33:41.830   227 13320 I DUSS&63[      sys_p1_add_up_file:2589]:: sign file name: /data/ftp/upgrade/upgrade/signimgs//wm220_1100_v01.00.07.32_20170726.pro.fw.sig, file_size=28416
10-10 13:33:41.830   227 13320 I DUSS&63[        sys_p1_parse_cfg: 164]:: module id: 0803
10-10 13:33:41.830   227 13320 I DUSS&63[        sys_p1_parse_cfg: 167]:: module version: 00.00.04.09
10-10 13:33:41.830   227 13320 I DUSS&63[        sys_p1_parse_cfg: 170]:: hardware version: 
10-10 13:33:41.830   227 13320 I DUSS&63[        sys_p1_parse_cfg: 175]:: module file_name = wm220_0803_v00.00.04.09_20170728.pro.fw.sig
10-10 13:33:41.831   227 13320 I DUSS&63[        sys_p1_parse_cfg: 190]:: md5: 38f057ddbcde756afad14909e316941b
10-10 13:33:41.833   227 13320 I DUSS&63[      sys_p1_add_up_file:2490]:: get hw_ver[NULL] from file /data/ftp/upgrade/upgrade/signimgs//wm220_0803_v00.00.04.09_20170728.pro.fw.sig
10-10 13:33:41.833   227 13320 I DUSS&63[      sys_p1_add_up_file:2528]:: can not find hw for up file: 8:3:/data/ftp/upgrade/upgrade/signimgs//wm220_0803_v00.00.04.09_20170728.pro.fw.sig
10-10 13:33:41.833   227 13320 I DUSS&63[      sys_p1_add_up_file:2535]:: this is gnd, module should be on uav or glass, go on...
10-10 13:33:41.833   227 13320 I DUSS&63[      sys_p1_add_up_file:2587]:: parse file ok, id 8, index 3, ver: 0.0.4.9
10-10 13:33:41.833   227 13320 I DUSS&63[      sys_p1_add_up_file:2589]:: sign file name: /data/ftp/upgrade/upgrade/signimgs//wm220_0803_v00.00.04.09_20170728.pro.fw.sig, file_size=43488
10-10 13:33:41.833   227 13320 I DUSS&63[        sys_p1_parse_cfg: 164]:: module id: 0100
10-10 13:33:41.833   227 13320 I DUSS&63[        sys_p1_parse_cfg: 167]:: module version: 02.08.56.68
10-10 13:33:41.833   227 13320 I DUSS&63[        sys_p1_parse_cfg: 170]:: hardware version: 
10-10 13:33:41.833   227 13320 I DUSS&63[        sys_p1_parse_cfg: 175]:: module file_name = wm220_0100_v02.08.56.68_20180122.pro.fw.sig
10-10 13:33:41.834   227 13320 I DUSS&63[        sys_p1_parse_cfg: 190]:: md5: f42846c19ad293defdf166d8acd9c7d5
10-10 13:33:42.287   227 13320 I DUSS&63[      sys_p1_add_up_file:2490]:: get hw_ver[NULL] from file /data/ftp/upgrade/upgrade/signimgs//wm220_0100_v02.08.56.68_20180122.pro.fw.sig
10-10 13:33:42.287   227 13320 I DUSS&63[      sys_p1_add_up_file:2528]:: can not find hw for up file: 1:0:/data/ftp/upgrade/upgrade/signimgs//wm220_0100_v02.08.56.68_20180122.pro.fw.sig
10-10 13:33:42.287   227 13320 I DUSS&63[      sys_p1_add_up_file:2535]:: this is gnd, module should be on uav or glass, go on...
10-10 13:33:42.287   227 13320 I DUSS&63[      sys_p1_add_up_file:2587]:: parse file ok, id 1, index 0, ver: 2.8.56.68
10-10 13:33:42.287   227 13320 I DUSS&63[      sys_p1_add_up_file:2589]:: sign file name: /data/ftp/upgrade/upgrade/signimgs//wm220_0100_v02.08.56.68_20180122.pro.fw.sig, file_size=15220416
10-10 13:33:42.287   227 13320 I DUSS&63[        sys_p1_parse_cfg: 164]:: module id: 0100
10-10 13:33:42.287   227 13320 I DUSS&63[        sys_p1_parse_cfg: 167]:: module version: 02.10.05.19
10-10 13:33:42.287   227 13320 I DUSS&63[        sys_p1_parse_cfg: 170]:: hardware version: ca02
10-10 13:33:42.287   227 13320 I DUSS&63[        sys_p1_parse_cfg: 175]:: module file_name = wm220_0100_v02.10.05.19_20180122_ca02.pro.fw.sig
10-10 13:33:42.287   227 13320 I DUSS&63[        sys_p1_parse_cfg: 190]:: md5: 515e0fa3ce6c16013b02d2d9f812c263
10-10 13:33:43.395   227   315 I DUSS&63[sys_up_status_push_threa: 993]:: +++++++ Sending upgrade status for upgrading_stage, len: 11, app_host=0x200, mod_id=0x2d (13.01), status 1, progress: 0, total_progress: 7
10-10 13:33:43.546   227 13320 I DUSS&63[      sys_p1_add_up_file:2490]:: get hw_ver[CA02] from file /data/ftp/upgrade/upgrade/signimgs//wm220_0100_v02.10.05.19_20180122_ca02.pro.fw.sig
10-10 13:33:43.546   227 13320 I DUSS&63[      sys_p1_add_up_file:2528]:: can not find hw for up file: 1:0:/data/ftp/upgrade/upgrade/signimgs//wm220_0100_v02.10.05.19_20180122_ca02.pro.fw.sig
10-10 13:33:43.546   227 13320 I DUSS&63[      sys_p1_add_up_file:2535]:: this is gnd, module should be on uav or glass, go on...
10-10 13:33:43.546   227 13320 I DUSS&63[      sys_p1_add_up_file:2587]:: parse file ok, id 1, index 0, ver: 2.10.5.19
10-10 13:33:43.546   227 13320 I DUSS&63[      sys_p1_add_up_file:2589]:: sign file name: /data/ftp/upgrade/upgrade/signimgs//wm220_0100_v02.10.05.19_20180122_ca02.pro.fw.sig, file_size=37802624
10-10 13:33:43.546   227 13320 I DUSS&63[        sys_p1_parse_cfg: 164]:: module id: 0101
10-10 13:33:43.546   227 13320 I DUSS&63[        sys_p1_parse_cfg: 167]:: module version: 02.08.56.68
10-10 13:33:43.547   227 13320 I DUSS&63[        sys_p1_parse_cfg: 170]:: hardware version: 
10-10 13:33:43.547   227 13320 I DUSS&63[        sys_p1_parse_cfg: 175]:: module file_name = wm220_0101_v02.08.56.68_20180122.pro.fw.sig
10-10 13:33:43.547   227 13320 I DUSS&63[        sys_p1_parse_cfg: 190]:: md5: e7edffce5c40df2a4108cf0f48795d6f
10-10 13:33:43.557   227 13320 I DUSS&63[      sys_p1_add_up_file:2490]:: get hw_ver[NULL] from file /data/ftp/upgrade/upgrade/signimgs//wm220_0101_v02.08.56.68_20180122.pro.fw.sig
10-10 13:33:43.557   227 13320 I DUSS&63[      sys_p1_add_up_file:2528]:: can not find hw for up file: 1:1:/data/ftp/upgrade/upgrade/signimgs//wm220_0101_v02.08.56.68_20180122.pro.fw.sig
10-10 13:33:43.557   227 13320 I DUSS&63[      sys_p1_add_up_file:2535]:: this is gnd, module should be on uav or glass, go on...
10-10 13:33:43.557   227 13320 I DUSS&63[      sys_p1_add_up_file:2587]:: parse file ok, id 1, index 1, ver: 2.8.56.68
10-10 13:33:43.557   227 13320 I DUSS&63[      sys_p1_add_up_file:2589]:: sign file name: /data/ftp/upgrade/upgrade/signimgs//wm220_0101_v02.08.56.68_20180122.pro.fw.sig, file_size=196608
10-10 13:33:43.557   227 13320 I DUSS&63[        sys_p1_parse_cfg: 164]:: module id: 0101
10-10 13:33:43.557   227 13320 I DUSS&63[        sys_p1_parse_cfg: 167]:: module version: 02.10.05.19
10-10 13:33:43.557   227 13320 I DUSS&63[        sys_p1_parse_cfg: 170]:: hardware version: ca02
10-10 13:33:43.557   227 13320 I DUSS&63[        sys_p1_parse_cfg: 175]:: module file_name = wm220_0101_v02.10.05.19_20180122_ca02.pro.fw.sig
10-10 13:33:43.557   227 13320 I DUSS&63[        sys_p1_parse_cfg: 190]:: md5: 4045a7e415a522de5be5ad34fc97a735
10-10 13:33:43.561   227 13320 I DUSS&63[      sys_p1_add_up_file:2490]:: get hw_ver[CA02] from file /data/ftp/upgrade/upgrade/signimgs//wm220_0101_v02.10.05.19_20180122_ca02.pro.fw.sig
10-10 13:33:43.561   227 13320 I DUSS&63[      sys_p1_add_up_file:2528]:: can not find hw for up file: 1:1:/data/ftp/upgrade/upgrade/signimgs//wm220_0101_v02.10.05.19_20180122_ca02.pro.fw.sig
10-10 13:33:43.561   227 13320 I DUSS&63[      sys_p1_add_up_file:2535]:: this is gnd, module should be on uav or glass, go on...
10-10 13:33:43.561   227 13320 I DUSS&63[      sys_p1_add_up_file:2587]:: parse file ok, id 1, index 1, ver: 2.10.5.19
10-10 13:33:43.561   227 13320 I DUSS&63[      sys_p1_add_up_file:2589]:: sign file name: /data/ftp/upgrade/upgrade/signimgs//wm220_0101_v02.10.05.19_20180122_ca02.pro.fw.sig, file_size=60128
10-10 13:33:43.562   227 13320 I DUSS&63[        sys_p1_parse_cfg: 164]:: module id: 0400
10-10 13:33:43.562   227 13320 I DUSS&63[        sys_p1_parse_cfg: 167]:: module version: 01.50.12.10
10-10 13:33:43.562   227 13320 I DUSS&63[        sys_p1_parse_cfg: 170]:: hardware version: 
10-10 13:33:43.562   227 13320 I DUSS&63[        sys_p1_parse_cfg: 175]:: module file_name = wm220_0400_v01.50.12.10_20170809.pro.fw.sig
10-10 13:33:43.562   227 13320 I DUSS&63[        sys_p1_parse_cfg: 190]:: md5: d545e46f3e28d8d6e79c75df2467a2a5
10-10 13:33:43.566   227 13320 I DUSS&63[      sys_p1_add_up_file:2490]:: get hw_ver[NULL] from file /data/ftp/upgrade/upgrade/signimgs//wm220_0400_v01.50.12.10_20170809.pro.fw.sig
10-10 13:33:43.566   227 13320 I DUSS&63[      sys_p1_add_up_file:2528]:: can not find hw for up file: 4:0:/data/ftp/upgrade/upgrade/signimgs//wm220_0400_v01.50.12.10_20170809.pro.fw.sig
10-10 13:33:43.566   227 13320 I DUSS&63[      sys_p1_add_up_file:2535]:: this is gnd, module should be on uav or glass, go on...
10-10 13:33:43.566   227 13320 I DUSS&63[      sys_p1_add_up_file:2587]:: parse file ok, id 4, index 0, ver: 1.50.12.10
10-10 13:33:43.566   227 13320 I DUSS&63[      sys_p1_add_up_file:2589]:: sign file name: /data/ftp/upgrade/upgrade/signimgs//wm220_0400_v01.50.12.10_20170809.pro.fw.sig, file_size=93824
10-10 13:33:43.566   227 13320 I DUSS&63[        sys_p1_parse_cfg: 164]:: module id: 0804
10-10 13:33:43.566   227 13320 I DUSS&63[        sys_p1_parse_cfg: 167]:: module version: 01.00.00.11
10-10 13:33:43.566   227 13320 I DUSS&63[        sys_p1_parse_cfg: 170]:: hardware version: 
10-10 13:33:43.566   227 13320 I DUSS&63[        sys_p1_parse_cfg: 175]:: module file_name = wm220_0804_v01.00.00.11_20170828.pro.fw.sig
10-10 13:33:43.566   227 13320 I DUSS&63[        sys_p1_parse_cfg: 190]:: md5: 6327375e0b9bb51a0ab9eff3254e01e1
10-10 13:33:43.568   227 13320 I DUSS&63[      sys_p1_add_up_file:2490]:: get hw_ver[NULL] from file /data/ftp/upgrade/upgrade/signimgs//wm220_0804_v01.00.00.11_20170828.pro.fw.sig
10-10 13:33:43.568   227 13320 I DUSS&63[      sys_p1_add_up_file:2528]:: can not find hw for up file: 8:4:/data/ftp/upgrade/upgrade/signimgs//wm220_0804_v01.00.00.11_20170828.pro.fw.sig
10-10 13:33:43.568   227 13320 I DUSS&63[      sys_p1_add_up_file:2535]:: this is gnd, module should be on uav or glass, go on...
10-10 13:33:43.568   227 13320 I DUSS&63[      sys_p1_add_up_file:2587]:: parse file ok, id 8, index 4, ver: 1.0.0.11
10-10 13:33:43.569   227 13320 I DUSS&63[      sys_p1_add_up_file:2589]:: sign file name: /data/ftp/upgrade/upgrade/signimgs//wm220_0804_v01.00.00.11_20170828.pro.fw.sig, file_size=27392
10-10 13:33:43.569   227 13320 I DUSS&63[        sys_p1_parse_cfg: 164]:: module id: 0801
10-10 13:33:43.569   227 13320 I DUSS&63[        sys_p1_parse_cfg: 167]:: module version: 01.06.00.46
10-10 13:33:43.569   227 13320 I DUSS&63[        sys_p1_parse_cfg: 170]:: hardware version: 
10-10 13:33:43.569   227 13320 I DUSS&63[        sys_p1_parse_cfg: 175]:: module file_name = wm220_0801_v01.06.00.46_20180613.pro.fw.sig
10-10 13:33:43.569   227 13320 I DUSS&63[        sys_p1_parse_cfg: 190]:: md5: 55da751e4962296b9e77f0276e433697
10-10 13:33:44.426   227 14223 I DUSS&63[sys_p1_up_smooth_push_en:2962]:: smooth pushing status, start=7, end=15, step=1, cur=7, mod_id=0
10-10 13:33:44.426   227 14223 I DUSS&63[sys_p1_push_ongoing_stat:3128]:: Push to 0x200 for module 0xd01, overall upgrade progress: 7 (0:0:0), stop_pushing=0
10-10 13:33:44.426   227   315 I DUSS&63[sys_up_status_push_threa: 993]:: +++++++ Sending upgrade status for upgrading_stage, len: 11, app_host=0x200, mod_id=0x2d (13.01), status 1, progress: 0, total_progress: 7
10-10 13:33:44.911   227 13320 I DUSS&63[      sys_p1_add_up_file:2490]:: get hw_ver[NULL] from file /data/ftp/upgrade/upgrade/signimgs//wm220_0801_v01.06.00.46_20180613.pro.fw.sig
10-10 13:33:44.911   227 13320 I DUSS&63[      sys_p1_add_up_file:2587]:: parse file ok, id 8, index 1, ver: 1.6.0.46
10-10 13:33:44.911   227 13320 I DUSS&63[      sys_p1_add_up_file:2589]:: sign file name: /data/ftp/upgrade/upgrade/signimgs//wm220_0801_v01.06.00.46_20180613.pro.fw.sig, file_size=41055648
10-10 13:33:44.912   227 13320 I DUSS&63[        sys_p1_parse_cfg: 164]:: module id: 1200
10-10 13:33:44.912   227 13320 I DUSS&63[        sys_p1_parse_cfg: 167]:: module version: 01.10.00.00
10-10 13:33:44.912   227 13320 I DUSS&63[        sys_p1_parse_cfg: 170]:: hardware version: 
10-10 13:33:44.912   227 13320 I DUSS&63[        sys_p1_parse_cfg: 175]:: module file_name = wm220_1200_v01.10.00.00_20170731.pro.fw.sig
10-10 13:33:44.912   227 13320 I DUSS&63[        sys_p1_parse_cfg: 190]:: md5: a3601124669f32090e73d8be8954cb35
10-10 13:33:44.913   227 13320 I DUSS&63[      sys_p1_add_up_file:2490]:: get hw_ver[NULL] from file /data/ftp/upgrade/upgrade/signimgs//wm220_1200_v01.10.00.00_20170731.pro.fw.sig
10-10 13:33:44.913   227 13320 I DUSS&63[      sys_p1_add_up_file:2528]:: can not find hw for up file: 12:0:/data/ftp/upgrade/upgrade/signimgs//wm220_1200_v01.10.00.00_20170731.pro.fw.sig
10-10 13:33:44.913   227 13320 I DUSS&63[      sys_p1_add_up_file:2535]:: this is gnd, module should be on uav or glass, go on...
10-10 13:33:44.913   227 13320 I DUSS&63[      sys_p1_add_up_file:2587]:: parse file ok, id 12, index 0, ver: 1.10.0.0
10-10 13:33:44.913   227 13320 I DUSS&63[      sys_p1_add_up_file:2589]:: sign file name: /data/ftp/upgrade/upgrade/signimgs//wm220_1200_v01.10.00.00_20170731.pro.fw.sig, file_size=20768
