10-10 12:50:26.433   227   299 I DUSS&63[ sys_common_get_cfg_file:1389]:: get cfg/log file from 0x200: req type 1, off 1960, len 980; ack aclen 980, leftlen 3588, ret=0
10-10 12:50:26.439   227   299 I DUSS&63[ sys_common_get_cfg_file:1389]:: get cfg/log file from 0x200: req type 1, off 2940, len 980; ack aclen 980, leftlen 2608, ret=0
10-10 12:50:26.442   227   299 I DUSS&63[ sys_common_get_cfg_file:1389]:: get cfg/log file from 0x200: req type 1, off 3920, len 980; ack aclen 980, leftlen 1628, ret=0
10-10 12:50:26.446   227   299 I DUSS&63[ sys_common_get_cfg_file:1389]:: get cfg/log file from 0x200: req type 1, off 4900, len 980; ack aclen 980, leftlen 648, ret=0
10-10 12:50:26.452   227   299 I DUSS&63[ sys_common_get_cfg_file:1389]:: get cfg/log file from 0x200: req type 1, off 5880, len 980; ack aclen 648, leftlen 0, ret=0
10-10 12:50:27.294   227   299 I DUSS&63[sys_event_self_define_cm: 457]:: check compability from 0x801, this_host=0xd01
10-10 12:50:27.294   227   299 I DUSS&63[   sys_check_compability: 207]:: from 0x801, this_host=0xd01, dev_type=1
10-10 12:50:27.294   227   299 I DUSS&63[   sys_check_compability: 210]:: package_str=wm220, package_ver=1.4.500
10-10 12:50:27.294   227   299 I DUSS&63[   sys_check_compability: 212]:: peer_str=wm220, peer_ver=1.4.400
10-10 12:50:27.294   227   299 I DUSS&63[   sys_check_compability: 219]:: package_uav_cnt=20, package_gls_cnt=0
10-10 12:50:27.294   227   299 I DUSS&63[   sys_check_compability: 257]:: the same product, and self version is newer than peer
10-10 12:50:28.817   227   299 I DUSS&63[ sys_common_get_cfg_file:1355]:: +++request file from 0x200: req type 1, off 0, len -1
10-10 12:50:28.817   227   299 I DUSS&63[           _get_cfg_file:1285]:: +++request cfg file /data/upgrade/wm330_0000.cfg.sig
10-10 12:50:28.818   227   299 I DUSS&63[ sys_common_get_cfg_file:1389]:: get cfg/log file from 0x200: req type 1, off 0, len 980; ack aclen 980, leftlen 5548, ret=0
10-10 12:50:28.823   227   299 I DUSS&63[ sys_common_get_cfg_file:1389]:: get cfg/log file from 0x200: req type 1, off 980, len 980; ack aclen 980, leftlen 4568, ret=0
10-10 12:50:28.873   227   299 I DUSS&63[ sys_common_get_cfg_file:1389]:: get cfg/log file from 0x200: req type 1, off 1960, len 980; ack aclen 980, leftlen 3588, ret=0
10-10 12:50:28.923   227   299 I DUSS&63[ sys_common_get_cfg_file:1389]:: get cfg/log file from 0x200: req type 1, off 2940, len 980; ack aclen 980, leftlen 2608, ret=0
10-10 12:50:28.929   227   299 I DUSS&63[ sys_common_get_cfg_file:1389]:: get cfg/log file from 0x200: req type 1, off 3920, len 980; ack aclen 980, leftlen 1628, ret=0
10-10 12:50:28.935   227   299 I DUSS&63[ sys_common_get_cfg_file:1389]:: get cfg/log file from 0x200: req type 1, off 4900, len 980; ack aclen 980, leftlen 648, ret=0
10-10 12:50:28.940   227   299 I DUSS&63[ sys_common_get_cfg_file:1389]:: get cfg/log file from 0x200: req type 1, off 5880, len 980; ack aclen 648, leftlen 0, ret=0
10-10 12:50:29.379   227   299 I DUSS&63[sys_event_self_define_cm: 457]:: check compability from 0x801, this_host=0xd01
10-10 12:50:29.379   227   299 I DUSS&63[   sys_check_compability: 207]:: from 0x801, this_host=0xd01, dev_type=1
10-10 12:50:29.379   227   299 I DUSS&63[   sys_check_compability: 210]:: package_str=wm220, package_ver=1.4.500
10-10 12:50:29.379   227   299 I DUSS&63[   sys_check_compability: 212]:: peer_str=wm220, peer_ver=1.4.400
10-10 12:50:29.379   227   299 I DUSS&63[   sys_check_compability: 219]:: package_uav_cnt=20, package_gls_cnt=0
10-10 12:50:29.379   227   299 I DUSS&63[   sys_check_compability: 257]:: the same product, and self version is newer than peer
10-10 12:50:30.008   227   299 F DUSS&63[      sys_event_set_date: 101]:: Got sys_event_set_date message: 2018.10.10-12:50:30, result 0
10-10 12:50:30.010   227   299 F DUSS&63[      sys_event_set_date: 101]:: Got sys_event_set_date message: 2018.10.10-12:50:30, result 0
10-10 12:50:32.687   222   451 I DUSS&63[       tcp_async_connect: 375]:: [sys]connect to 192.168.41.1 success
10-10 12:50:32.687   222   451 I DUSS&63[      tcp_connect_thread: 152]:: [sys]connected to 192.168.41.1
10-10 12:50:32.687   222   451 I DUSS&63[      tcp_connect_thread: 160]:: [sys]WL TCP State change to connected
10-10 12:50:33.437   227   309 I DUSS&63[       tcp_async_connect: 375]:: [sys]connect to 192.168.41.1 success
10-10 12:50:33.438   227   309 I DUSS&63[      tcp_connect_thread: 152]:: [sys]connected to 192.168.41.1
10-10 12:50:33.438   227   309 I DUSS&63[      tcp_connect_thread: 160]:: [sys]WL TCP State change to connected
10-10 12:50:42.439   227   311 W DUSS&63[       tcp_async_connect: 311]:: [sys]EINPROGRESS in connect() - selecting,addr=192.168.41.3
10-10 12:50:43.440   227   311 W DUSS&63[       tcp_async_connect: 334]:: [sys]Timeout in select() - Cancelling, addr=192.168.41.3
10-10 12:50:45.881   227   299 I DUSS&63[ sys_common_get_cfg_file:1355]:: +++request file from 0x200: req type 1, off 0, len -1
10-10 12:50:45.881   227   299 I DUSS&63[           _get_cfg_file:1285]:: +++request cfg file /data/upgrade/wm330_0000.cfg.sig
10-10 12:50:45.882   227   299 I DUSS&63[ sys_common_get_cfg_file:1389]:: get cfg/log file from 0x200: req type 1, off 0, len 980; ack aclen 980, leftlen 5548, ret=0
10-10 12:50:45.886   227   299 I DUSS&63[ sys_common_get_cfg_file:1389]:: get cfg/log file from 0x200: req type 1, off 980, len 980; ack aclen 980, leftlen 4568, ret=0
10-10 12:50:45.890   227   299 I DUSS&63[ sys_common_get_cfg_file:1389]:: get cfg/log file from 0x200: req type 1, off 1960, len 980; ack aclen 980, leftlen 3588, ret=0
10-10 12:50:45.895   227   299 I DUSS&63[ sys_common_get_cfg_file:1389]:: get cfg/log file from 0x200: req type 1, off 2940, len 980; ack aclen 980, leftlen 2608, ret=0
10-10 12:50:45.902   227   299 I DUSS&63[ sys_common_get_cfg_file:1389]:: get cfg/log file from 0x200: req type 1, off 3920, len 980; ack aclen 980, leftlen 1628, ret=0
10-10 12:50:45.905   227   299 I DUSS&63[ sys_common_get_cfg_file:1389]:: get cfg/log file from 0x200: req type 1, off 4900, len 980; ack aclen 980, leftlen 648, ret=0
10-10 12:50:45.908   227   299 I DUSS&63[ sys_common_get_cfg_file:1389]:: get cfg/log file from 0x200: req type 1, off 5880, len 980; ack aclen 648, leftlen 0, ret=0
10-10 12:51:23.445   227   311 W DUSS&63[       tcp_async_connect: 311]:: [sys]EINPROGRESS in connect() - selecting,addr=192.168.41.3
10-10 12:51:24.446   227   311 W DUSS&63[       tcp_async_connect: 334]:: [sys]Timeout in select() - Cancelling, addr=192.168.41.3
10-10 12:52:04.450   227   311 W DUSS&63[       tcp_async_connect: 311]:: [sys]EINPROGRESS in connect() - selecting,addr=192.168.41.3
10-10 12:52:05.451   227   311 W DUSS&63[       tcp_async_connect: 334]:: [sys]Timeout in select() - Cancelling, addr=192.168.41.3
10-10 12:52:45.458   227   311 W DUSS&63[       tcp_async_connect: 311]:: [sys]EINPROGRESS in connect() - selecting,addr=192.168.41.3
10-10 12:52:46.459   227   311 W DUSS&63[       tcp_async_connect: 334]:: [sys]Timeout in select() - Cancelling, addr=192.168.41.3
10-10 12:53:26.464   227   311 W DUSS&63[       tcp_async_connect: 311]:: [sys]EINPROGRESS in connect() - selecting,addr=192.168.41.3
10-10 12:53:27.465   227   311 W DUSS&63[       tcp_async_connect: 334]:: [sys]Timeout in select() - Cancelling, addr=192.168.41.3
10-10 12:54:07.469   227   311 W DUSS&63[       tcp_async_connect: 311]:: [sys]EINPROGRESS in connect() - selecting,addr=192.168.41.3
10-10 12:54:08.470   227   311 W DUSS&63[       tcp_async_connect: 334]:: [sys]Timeout in select() - Cancelling, addr=192.168.41.3
10-10 12:54:48.475   227   311 W DUSS&63[       tcp_async_connect: 311]:: [sys]EINPROGRESS in connect() - selecting,addr=192.168.41.3
10-10 12:54:49.477   227   311 W DUSS&63[       tcp_async_connect: 334]:: [sys]Timeout in select() - Cancelling, addr=192.168.41.3
10-10 12:55:29.481   227   311 W DUSS&63[       tcp_async_connect: 311]:: [sys]EINPROGRESS in connect() - selecting,addr=192.168.41.3
10-10 12:55:30.483   227   311 W DUSS&63[       tcp_async_connect: 334]:: [sys]Timeout in select() - Cancelling, addr=192.168.41.3
10-10 12:56:10.488   227   311 W DUSS&63[       tcp_async_connect: 311]:: [sys]EINPROGRESS in connect() - selecting,addr=192.168.41.3
10-10 12:56:11.489   227   311 W DUSS&63[       tcp_async_connect: 334]:: [sys]Timeout in select() - Cancelling, addr=192.168.41.3
10-10 12:56:51.500   227   311 W DUSS&63[       tcp_async_connect: 311]:: [sys]EINPROGRESS in connect() - selecting,addr=192.168.41.3
10-10 12:56:52.501   227   311 W DUSS&63[       tcp_async_connect: 334]:: [sys]Timeout in select() - Cancelling, addr=192.168.41.3
10-10 12:57:32.507   227   311 W DUSS&63[       tcp_async_connect: 311]:: [sys]EINPROGRESS in connect() - selecting,addr=192.168.41.3
10-10 12:57:33.508   227   311 W DUSS&63[       tcp_async_connect: 334]:: [sys]Timeout in select() - Cancelling, addr=192.168.41.3
10-10 12:58:13.512   227   311 W DUSS&63[       tcp_async_connect: 311]:: [sys]EINPROGRESS in connect() - selecting,addr=192.168.41.3
10-10 12:58:14.513   227   311 W DUSS&63[       tcp_async_connect: 334]:: [sys]Timeout in select() - Cancelling, addr=192.168.41.3
10-10 12:58:54.518   227   311 W DUSS&63[       tcp_async_connect: 311]:: [sys]EINPROGRESS in connect() - selecting,addr=192.168.41.3
10-10 12:58:55.519   227   311 W DUSS&63[       tcp_async_connect: 334]:: [sys]Timeout in select() - Cancelling, addr=192.168.41.3
10-10 12:59:35.524   227   311 W DUSS&63[       tcp_async_connect: 311]:: [sys]EINPROGRESS in connect() - selecting,addr=192.168.41.3
10-10 12:59:36.525   227   311 W DUSS&63[       tcp_async_connect: 334]:: [sys]Timeout in select() - Cancelling, addr=192.168.41.3
10-10 13:00:16.529   227   311 W DUSS&63[       tcp_async_connect: 311]:: [sys]EINPROGRESS in connect() - selecting,addr=192.168.41.3
10-10 13:00:17.530   227   311 W DUSS&63[       tcp_async_connect: 334]:: [sys]Timeout in select() - Cancelling, addr=192.168.41.3
10-10 13:00:57.535   227   311 W DUSS&63[       tcp_async_connect: 311]:: [sys]EINPROGRESS in connect() - selecting,addr=192.168.41.3
10-10 13:00:58.536   227   311 W DUSS&63[       tcp_async_connect: 334]:: [sys]Timeout in select() - Cancelling, addr=192.168.41.3
10-10 13:01:38.540   227   311 W DUSS&63[       tcp_async_connect: 311]:: [sys]EINPROGRESS in connect() - selecting,addr=192.168.41.3
10-10 13:01:39.541   227   311 W DUSS&63[       tcp_async_connect: 334]:: [sys]Timeout in select() - Cancelling, addr=192.168.41.3
10-10 13:02:19.545   227   311 W DUSS&63[       tcp_async_connect: 311]:: [sys]EINPROGRESS in connect() - selecting,addr=192.168.41.3
10-10 13:02:20.546   227   311 W DUSS&63[       tcp_async_connect: 334]:: [sys]Timeout in select() - Cancelling, addr=192.168.41.3
10-10 13:03:00.550   227   311 W DUSS&63[       tcp_async_connect: 311]:: [sys]EINPROGRESS in connect() - selecting,addr=192.168.41.3
10-10 13:03:01.552   227   311 W DUSS&63[       tcp_async_connect: 334]:: [sys]Timeout in select() - Cancelling, addr=192.168.41.3
10-10 13:03:41.556   227   311 W DUSS&63[       tcp_async_connect: 311]:: [sys]EINPROGRESS in connect() - selecting,addr=192.168.41.3
10-10 13:03:42.557   227   311 W DUSS&63[       tcp_async_connect: 334]:: [sys]Timeout in select() - Cancelling, addr=192.168.41.3
10-10 13:04:22.561   227   311 W DUSS&63[       tcp_async_connect: 311]:: [sys]EINPROGRESS in connect() - selecting,addr=192.168.41.3
10-10 13:04:23.562   227   311 W DUSS&63[       tcp_async_connect: 334]:: [sys]Timeout in select() - Cancelling, addr=192.168.41.3
10-10 13:05:03.567   227   311 W DUSS&63[       tcp_async_connect: 311]:: [sys]EINPROGRESS in connect() - selecting,addr=192.168.41.3
10-10 13:05:04.568   227   311 W DUSS&63[       tcp_async_connect: 334]:: [sys]Timeout in select() - Cancelling, addr=192.168.41.3
10-10 13:05:44.573   227   311 W DUSS&63[       tcp_async_connect: 311]:: [sys]EINPROGRESS in connect() - selecting,addr=192.168.41.3
10-10 13:05:45.574   227   311 W DUSS&63[       tcp_async_connect: 334]:: [sys]Timeout in select() - Cancelling, addr=192.168.41.3
10-10 13:05:59.074   222   452 E DUSS&63[        wl_prot_tcp_recv: 749]:: [sys]WL TCP State change to disconnect, cur_fd=49, addr=192.168.41.1
10-10 13:05:59.074   222   452 I DUSS&63[           tcp_reconnect: 193]:: [sys]new socket fd 89, need connect
10-10 13:05:59.074   222   452 W DUSS&63[       tcp_async_connect: 311]:: [sys]EINPROGRESS in connect() - selecting,addr=192.168.41.1
10-10 13:05:59.224   222   452 E DUSS&63[       tcp_async_connect: 328]:: [sys]Error in delayed connection() - Connection refused
10-10 13:05:59.224   222   452 E DUSS&63[           tcp_reconnect: 197]:: [sys]first connect failed, err=Operation now in progress, will try later
10-10 13:05:59.224   222   452 I DUSS&63[           tcp_reconnect: 201]:: [sys]before join the old connect task
10-10 13:05:59.224   222   452 I DUSS&63[           tcp_reconnect: 206]:: [sys]success joined the connect task
10-10 13:05:59.224   222 14251 I DUSS&63[      tcp_connect_thread: 139]:: [sys]start to connect, fd=89
10-10 13:05:59.224   222 14251 I DUSS&63[      tcp_connect_thread: 143]:: [sys]WL TCP State change to connecting
10-10 13:06:01.225   222 14251 W DUSS&63[       tcp_async_connect: 311]:: [sys]EINPROGRESS in connect() - selecting,addr=192.168.41.1
10-10 13:06:02.225   222 14251 W DUSS&63[       tcp_async_connect: 334]:: [sys]Timeout in select() - Cancelling, addr=192.168.41.1
10-10 13:06:02.559   227   299 I DUSS&63[ sys_common_get_cfg_file:1355]:: +++request file from 0x200: req type 1, off 0, len -1
10-10 13:06:02.559   227   299 I DUSS&63[           _get_cfg_file:1285]:: +++request cfg file /data/upgrade/wm330_0000.cfg.sig
10-10 13:06:02.560   227   299 I DUSS&63[ sys_common_get_cfg_file:1389]:: get cfg/log file from 0x200: req type 1, off 0, len 980; ack aclen 980, leftlen 5548, ret=0
10-10 13:06:02.611   227   299 I DUSS&63[ sys_common_get_cfg_file:1389]:: get cfg/log file from 0x200: req type 1, off 980, len 980; ack aclen 980, leftlen 4568, ret=0
10-10 13:06:02.613   227   299 I DUSS&63[ sys_common_get_cfg_file:1389]:: get cfg/log file from 0x200: req type 1, off 1960, len 980; ack aclen 980, leftlen 3588, ret=0
10-10 13:06:02.616   227   299 I DUSS&63[ sys_common_get_cfg_file:1389]:: get cfg/log file from 0x200: req type 1, off 2940, len 980; ack aclen 980, leftlen 2608, ret=0
10-10 13:06:02.622   227   299 I DUSS&63[ sys_common_get_cfg_file:1389]:: get cfg/log file from 0x200: req type 1, off 3920, len 980; ack aclen 980, leftlen 1628, ret=0
10-10 13:06:02.626   227   299 I DUSS&63[ sys_common_get_cfg_file:1389]:: get cfg/log file from 0x200: req type 1, off 4900, len 980; ack aclen 980, leftlen 648, ret=0
10-10 13:06:02.629   227   299 I DUSS&63[ sys_common_get_cfg_file:1389]:: get cfg/log file from 0x200: req type 1, off 5880, len 980; ack aclen 648, leftlen 0, ret=0
10-10 13:06:25.579   227   311 W DUSS&63[       tcp_async_connect: 311]:: [sys]EINPROGRESS in connect() - selecting,addr=192.168.41.3
10-10 13:06:26.580   227   311 W DUSS&63[       tcp_async_connect: 334]:: [sys]Timeout in select() - Cancelling, addr=192.168.41.3
10-10 13:06:42.228   222 14251 W DUSS&63[       tcp_async_connect: 311]:: [sys]EINPROGRESS in connect() - selecting,addr=192.168.41.1
10-10 13:06:43.228   222 14251 W DUSS&63[       tcp_async_connect: 334]:: [sys]Timeout in select() - Cancelling, addr=192.168.41.1
10-10 13:06:53.008   227   299 F DUSS&63[      sys_event_set_date: 101]:: Got sys_event_set_date message: 2018.10.10-13:06:53, result 0
10-10 13:06:53.295   227   299 I DUSS&63[ sys_common_get_cfg_file:1355]:: +++request file from 0x200: req type 1, off 0, len -1
10-10 13:06:53.295   227   299 I DUSS&63[           _get_cfg_file:1285]:: +++request cfg file /data/upgrade/wm330_0000.cfg.sig
10-10 13:06:53.296   227   299 I DUSS&63[ sys_common_get_cfg_file:1389]:: get cfg/log file from 0x200: req type 1, off 0, len 980; ack aclen 980, leftlen 5548, ret=0
10-10 13:06:53.300   227   299 I DUSS&63[ sys_common_get_cfg_file:1389]:: get cfg/log file from 0x200: req type 1, off 980, len 980; ack aclen 980, leftlen 4568, ret=0
10-10 13:06:53.303   227   299 I DUSS&63[ sys_common_get_cfg_file:1389]:: get cfg/log file from 0x200: req type 1, off 1960, len 980; ack aclen 980, leftlen 3588, ret=0
10-10 13:06:53.307   227   299 I DUSS&63[ sys_common_get_cfg_file:1389]:: get cfg/log file from 0x200: req type 1, off 2940, len 980; ack aclen 980, leftlen 2608, ret=0
10-10 13:06:53.313   227   299 I DUSS&63[ sys_common_get_cfg_file:1389]:: get cfg/log file from 0x200: req type 1, off 3920, len 980; ack aclen 980, leftlen 1628, ret=0
10-10 13:06:53.317   227   299 I DUSS&63[ sys_common_get_cfg_file:1389]:: get cfg/log file from 0x200: req type 1, off 4900, len 980; ack aclen 980, leftlen 648, ret=0
10-10 13:06:53.320   227   299 I DUSS&63[ sys_common_get_cfg_file:1389]:: get cfg/log file from 0x200: req type 1, off 5880, len 980; ack aclen 648, leftlen 0, ret=0
10-10 13:06:53.747   227   299 I DUSS&63[sys_event_self_define_cm: 457]:: check compability from 0x801, this_host=0xd01
10-10 13:06:53.747   227   299 I DUSS&63[   sys_check_compability: 207]:: from 0x801, this_host=0xd01, dev_type=1
10-10 13:06:53.747   227   299 I DUSS&63[   sys_check_compability: 210]:: package_str=wm220, package_ver=1.4.500
10-10 13:06:53.747   227   299 I DUSS&63[   sys_check_compability: 212]:: peer_str=wm220, peer_ver=1.4.400
10-10 13:06:53.747   227   299 I DUSS&63[   sys_check_compability: 219]:: package_uav_cnt=20, package_gls_cnt=0
10-10 13:06:53.747   227   299 I DUSS&63[   sys_check_compability: 257]:: the same product, and self version is newer than peer
10-10 13:06:53.894   227   310 E DUSS&63[        wl_prot_tcp_recv: 749]:: [sys]WL TCP State change to disconnect, cur_fd=17, addr=192.168.41.1
10-10 13:06:53.894   227   310 I DUSS&63[           tcp_reconnect: 193]:: [sys]new socket fd 20, need connect
10-10 13:06:53.895   227   310 W DUSS&63[       tcp_async_connect: 311]:: [sys]EINPROGRESS in connect() - selecting,addr=192.168.41.1
10-10 13:06:53.924   227   310 I DUSS&63[       tcp_async_connect: 375]:: [sys]connect to 192.168.41.1 success
10-10 13:06:53.924   227   310 I DUSS&63[           tcp_reconnect: 229]:: [sys]WL TCP State change to connected
10-10 13:06:59.295   222 14251 I DUSS&63[       tcp_async_connect: 375]:: [sys]connect to 192.168.41.1 success
10-10 13:06:59.295   222 14251 I DUSS&63[      tcp_connect_thread: 152]:: [sys]connected to 192.168.41.1
10-10 13:06:59.295   222 14251 I DUSS&63[      tcp_connect_thread: 160]:: [sys]WL TCP State change to connected
10-10 13:07:07.650   227   311 W DUSS&63[       tcp_async_connect: 311]:: [sys]EINPROGRESS in connect() - selecting,addr=192.168.41.3
10-10 13:07:08.654   227   311 W DUSS&63[       tcp_async_connect: 334]:: [sys]Timeout in select() - Cancelling, addr=192.168.41.3
10-10 13:07:48.668   227   311 W DUSS&63[       tcp_async_connect: 311]:: [sys]EINPROGRESS in connect() - selecting,addr=192.168.41.3
10-10 13:07:49.669   227   311 W DUSS&63[       tcp_async_connect: 334]:: [sys]Timeout in select() - Cancelling, addr=192.168.41.3
10-10 13:08:29.673   227   311 W DUSS&63[       tcp_async_connect: 311]:: [sys]EINPROGRESS in connect() - selecting,addr=192.168.41.3
10-10 13:08:30.674   227   311 W DUSS&63[       tcp_async_connect: 334]:: [sys]Timeout in select() - Cancelling, addr=192.168.41.3
10-10 13:09:10.678   227   311 W DUSS&63[       tcp_async_connect: 311]:: [sys]EINPROGRESS in connect() - selecting,addr=192.168.41.3
10-10 13:09:11.679   227   311 W DUSS&63[       tcp_async_connect: 334]:: [sys]Timeout in select() - Cancelling, addr=192.168.41.3
10-10 13:09:51.685   227   311 W DUSS&63[       tcp_async_connect: 311]:: [sys]EINPROGRESS in connect() - selecting,addr=192.168.41.3
10-10 13:09:52.686   227   311 W DUSS&63[       tcp_async_connect: 334]:: [sys]Timeout in select() - Cancelling, addr=192.168.41.3
10-10 13:10:32.690   227   311 W DUSS&63[       tcp_async_connect: 311]:: [sys]EINPROGRESS in connect() - selecting,addr=192.168.41.3
10-10 13:10:33.691   227   311 W DUSS&63[       tcp_async_connect: 334]:: [sys]Timeout in select() - Cancelling, addr=192.168.41.3
10-10 13:11:13.696   227   311 W DUSS&63[       tcp_async_connect: 311]:: [sys]EINPROGRESS in connect() - selecting,addr=192.168.41.3
10-10 13:11:14.697   227   311 W DUSS&63[       tcp_async_connect: 334]:: [sys]Timeout in select() - Cancelling, addr=192.168.41.3
10-10 13:11:54.702   227   311 W DUSS&63[       tcp_async_connect: 311]:: [sys]EINPROGRESS in connect() - selecting,addr=192.168.41.3
10-10 13:11:55.703   227   311 W DUSS&63[       tcp_async_connect: 334]:: [sys]Timeout in select() - Cancelling, addr=192.168.41.3
10-10 13:12:35.708   227   311 W DUSS&63[       tcp_async_connect: 311]:: [sys]EINPROGRESS in connect() - selecting,addr=192.168.41.3
10-10 13:12:36.709   227   311 W DUSS&63[       tcp_async_connect: 334]:: [sys]Timeout in select() - Cancelling, addr=192.168.41.3
10-10 13:13:16.714   227   311 W DUSS&63[       tcp_async_connect: 311]:: [sys]EINPROGRESS in connect() - selecting,addr=192.168.41.3
10-10 13:13:17.715   227   311 W DUSS&63[       tcp_async_connect: 334]:: [sys]Timeout in select() - Cancelling, addr=192.168.41.3
10-10 13:13:57.720   227   311 W DUSS&63[       tcp_async_connect: 311]:: [sys]EINPROGRESS in connect() - selecting,addr=192.168.41.3
10-10 13:13:58.721   227   311 W DUSS&63[       tcp_async_connect: 334]:: [sys]Timeout in select() - Cancelling, addr=192.168.41.3
10-10 13:14:38.726   227   311 W DUSS&63[       tcp_async_connect: 311]:: [sys]EINPROGRESS in connect() - selecting,addr=192.168.41.3
10-10 13:14:39.727   227   311 W DUSS&63[       tcp_async_connect: 334]:: [sys]Timeout in select() - Cancelling, addr=192.168.41.3
10-10 13:15:19.732   227   311 W DUSS&63[       tcp_async_connect: 311]:: [sys]EINPROGRESS in connect() - selecting,addr=192.168.41.3
10-10 13:15:20.733   227   311 W DUSS&63[       tcp_async_connect: 334]:: [sys]Timeout in select() - Cancelling, addr=192.168.41.3
10-10 13:15:43.558   227   299 I DUSS&63[ sys_common_get_cfg_file:1355]:: +++request file from 0x200: req type 1, off 0, len -1
10-10 13:15:43.558   227   299 I DUSS&63[           _get_cfg_file:1285]:: +++request cfg file /data/upgrade/wm330_0000.cfg.sig
10-10 13:15:43.559   227   299 I DUSS&63[ sys_common_get_cfg_file:1389]:: get cfg/log file from 0x200: req type 1, off 0, len 980; ack aclen 980, leftlen 5548, ret=0
10-10 13:15:43.609   227   299 I DUSS&63[ sys_common_get_cfg_file:1389]:: get cfg/log file from 0x200: req type 1, off 980, len 980; ack aclen 980, leftlen 4568, ret=0
10-10 13:15:43.611   227   299 I DUSS&63[ sys_common_get_cfg_file:1389]:: get cfg/log file from 0x200: req type 1, off 1960, len 980; ack aclen 980, leftlen 3588, ret=0
10-10 13:15:43.613   227   299 I DUSS&63[ sys_common_get_cfg_file:1389]:: get cfg/log file from 0x200: req type 1, off 2940, len 980; ack aclen 980, leftlen 2608, ret=0
10-10 13:15:43.616   227   299 I DUSS&63[ sys_common_get_cfg_file:1389]:: get cfg/log file from 0x200: req type 1, off 3920, len 980; ack aclen 980, leftlen 1628, ret=0
10-10 13:15:43.619   227   299 I DUSS&63[ sys_common_get_cfg_file:1389]:: get cfg/log file from 0x200: req type 1, off 4900, len 980; ack aclen 980, leftlen 648, ret=0
10-10 13:15:43.623   227   299 I DUSS&63[ sys_common_get_cfg_file:1389]:: get cfg/log file from 0x200: req type 1, off 5880, len 980; ack aclen 648, leftlen 0, ret=0
10-10 13:15:52.637   227   299 I DUSS&63[ sys_common_get_cfg_file:1355]:: +++request file from 0x200: req type 1, off 0, len -1
10-10 13:15:52.637   227   299 I DUSS&63[           _get_cfg_file:1285]:: +++request cfg file /data/upgrade/wm330_0000.cfg.sig
10-10 13:15:52.638   227   299 I DUSS&63[ sys_common_get_cfg_file:1389]:: get cfg/log file from 0x200: req type 1, off 0, len 980; ack aclen 980, leftlen 5548, ret=0
10-10 13:15:52.688   227   299 I DUSS&63[ sys_common_get_cfg_file:1389]:: get cfg/log file from 0x200: req type 1, off 980, len 980; ack aclen 980, leftlen 4568, ret=0
10-10 13:15:52.694   227   299 I DUSS&63[ sys_common_get_cfg_file:1389]:: get cfg/log file from 0x200: req type 1, off 1960, len 980; ack aclen 980, leftlen 3588, ret=0
10-10 13:15:52.744   227   299 I DUSS&63[ sys_common_get_cfg_file:1389]:: get cfg/log file from 0x200: req type 1, off 2940, len 980; ack aclen 980, leftlen 2608, ret=0
10-10 13:15:52.747   227   299 I DUSS&63[ sys_common_get_cfg_file:1389]:: get cfg/log file from 0x200: req type 1, off 3920, len 980; ack aclen 980, leftlen 1628, ret=0
10-10 13:15:52.750   227   299 I DUSS&63[ sys_common_get_cfg_file:1389]:: get cfg/log file from 0x200: req type 1, off 4900, len 980; ack aclen 980, leftlen 648, ret=0
10-10 13:15:52.756   227   299 I DUSS&63[ sys_common_get_cfg_file:1389]:: get cfg/log file from 0x200: req type 1, off 5880, len 980; ack aclen 648, leftlen 0, ret=0
10-10 13:15:59.009   227   299 F DUSS&63[      sys_event_set_date: 101]:: Got sys_event_set_date message: 2018.10.10-13:15:59, result 0
10-10 13:16:01.399   227   311 W DUSS&63[       tcp_async_connect: 311]:: [sys]EINPROGRESS in connect() - selecting,addr=192.168.41.3
10-10 13:16:02.400   227   311 W DUSS&63[       tcp_async_connect: 334]:: [sys]Timeout in select() - Cancelling, addr=192.168.41.3
10-10 13:16:15.769   227   299 I DUSS&63[ sys_common_get_cfg_file:1355]:: +++request file from 0x200: req type 1, off 0, len -1
10-10 13:16:15.769   227   299 I DUSS&63[           _get_cfg_file:1285]:: +++request cfg file /data/upgrade/wm330_0000.cfg.sig
10-10 13:16:15.770   227   299 I DUSS&63[ sys_common_get_cfg_file:1389]:: get cfg/log file from 0x200: req type 1, off 0, len 980; ack aclen 980, leftlen 5548, ret=0
10-10 13:16:15.775   227   299 I DUSS&63[ sys_common_get_cfg_file:1389]:: get cfg/log file from 0x200: req type 1, off 980, len 980; ack aclen 980, leftlen 4568, ret=0
10-10 13:16:15.780   227   299 I DUSS&63[ sys_common_get_cfg_file:1389]:: get cfg/log file from 0x200: req type 1, off 1960, len 980; ack aclen 980, leftlen 3588, ret=0
10-10 13:16:15.783   227   299 I DUSS&63[ sys_common_get_cfg_file:1389]:: get cfg/log file from 0x200: req type 1, off 2940, len 980; ack aclen 980, leftlen 2608, ret=0
10-10 13:16:15.790   227   299 I DUSS&63[ sys_common_get_cfg_file:1389]:: get cfg/log file from 0x200: req type 1, off 3920, len 980; ack aclen 980, leftlen 1628, ret=0
10-10 13:16:15.795   227   299 I DUSS&63[ sys_common_get_cfg_file:1389]:: get cfg/log file from 0x200: req type 1, off 4900, len 980; ack aclen 980, leftlen 648, ret=0
10-10 13:16:15.798   227   299 I DUSS&63[ sys_common_get_cfg_file:1389]:: get cfg/log file from 0x200: req type 1, off 5880, len 980; ack aclen 648, leftlen 0, ret=0
10-10 13:16:26.008   227   299 F DUSS&63[      sys_event_set_date: 101]:: Got sys_event_set_date message: 2018.10.10-13:16:26, result 0
10-10 13:16:42.083   227   311 W DUSS&63[       tcp_async_connect: 311]:: [sys]EINPROGRESS in connect() - selecting,addr=192.168.41.3
10-10 13:16:43.084   227   311 W DUSS&63[       tcp_async_connect: 334]:: [sys]Timeout in select() - Cancelling, addr=192.168.41.3
10-10 13:17:23.088   227   311 W DUSS&63[       tcp_async_connect: 311]:: [sys]EINPROGRESS in connect() - selecting,addr=192.168.41.3
10-10 13:17:24.089   227   311 W DUSS&63[       tcp_async_connect: 334]:: [sys]Timeout in select() - Cancelling, addr=192.168.41.3
10-10 13:18:04.093   227   311 W DUSS&63[       tcp_async_connect: 311]:: [sys]EINPROGRESS in connect() - selecting,addr=192.168.41.3
10-10 13:18:05.094   227   311 W DUSS&63[       tcp_async_connect: 334]:: [sys]Timeout in select() - Cancelling, addr=192.168.41.3
10-10 13:18:45.098   227   311 W DUSS&63[       tcp_async_connect: 311]:: [sys]EINPROGRESS in connect() - selecting,addr=192.168.41.3
10-10 13:18:46.100   227   311 W DUSS&63[       tcp_async_connect: 334]:: [sys]Timeout in select() - Cancelling, addr=192.168.41.3
10-10 13:19:26.113   227   311 W DUSS&63[       tcp_async_connect: 311]:: [sys]EINPROGRESS in connect() - selecting,addr=192.168.41.3
10-10 13:19:27.114   227   311 W DUSS&63[       tcp_async_connect: 334]:: [sys]Timeout in select() - Cancelling, addr=192.168.41.3
10-10 13:20:07.119   227   311 W DUSS&63[       tcp_async_connect: 311]:: [sys]EINPROGRESS in connect() - selecting,addr=192.168.41.3
10-10 13:20:08.120   227   311 W DUSS&63[       tcp_async_connect: 334]:: [sys]Timeout in select() - Cancelling, addr=192.168.41.3
10-10 13:20:48.127   227   311 W DUSS&63[       tcp_async_connect: 311]:: [sys]EINPROGRESS in connect() - selecting,addr=192.168.41.3
10-10 13:20:49.128   227   311 W DUSS&63[       tcp_async_connect: 334]:: [sys]Timeout in select() - Cancelling, addr=192.168.41.3
10-10 13:21:29.133   227   311 W DUSS&63[       tcp_async_connect: 311]:: [sys]EINPROGRESS in connect() - selecting,addr=192.168.41.3
10-10 13:21:30.133   227   311 W DUSS&63[       tcp_async_connect: 334]:: [sys]Timeout in select() - Cancelling, addr=192.168.41.3
10-10 13:22:10.138   227   311 W DUSS&63[       tcp_async_connect: 311]:: [sys]EINPROGRESS in connect() - selecting,addr=192.168.41.3
10-10 13:22:11.139   227   311 W DUSS&63[       tcp_async_connect: 334]:: [sys]Timeout in select() - Cancelling, addr=192.168.41.3
10-10 13:22:51.144   227   311 W DUSS&63[       tcp_async_connect: 311]:: [sys]EINPROGRESS in connect() - selecting,addr=192.168.41.3
10-10 13:22:52.145   227   311 W DUSS&63[       tcp_async_connect: 334]:: [sys]Timeout in select() - Cancelling, addr=192.168.41.3
10-10 13:23:32.151   227   311 W DUSS&63[       tcp_async_connect: 311]:: [sys]EINPROGRESS in connect() - selecting,addr=192.168.41.3
10-10 13:23:33.152   227   311 W DUSS&63[       tcp_async_connect: 334]:: [sys]Timeout in select() - Cancelling, addr=192.168.41.3
10-10 13:24:13.156   227   311 W DUSS&63[       tcp_async_connect: 311]:: [sys]EINPROGRESS in connect() - selecting,addr=192.168.41.3
10-10 13:24:14.157   227   311 W DUSS&63[       tcp_async_connect: 334]:: [sys]Timeout in select() - Cancelling, addr=192.168.41.3
10-10 13:24:54.161   227   311 W DUSS&63[       tcp_async_connect: 311]:: [sys]EINPROGRESS in connect() - selecting,addr=192.168.41.3
10-10 13:24:55.162   227   311 W DUSS&63[       tcp_async_connect: 334]:: [sys]Timeout in select() - Cancelling, addr=192.168.41.3
10-10 13:25:35.166   227   311 W DUSS&63[       tcp_async_connect: 311]:: [sys]EINPROGRESS in connect() - selecting,addr=192.168.41.3
10-10 13:25:36.167   227   311 W DUSS&63[       tcp_async_connect: 334]:: [sys]Timeout in select() - Cancelling, addr=192.168.41.3
10-10 13:26:02.281   222   452 E DUSS&63[        wl_prot_tcp_recv: 749]:: [sys]WL TCP State change to disconnect, cur_fd=89, addr=192.168.41.1
10-10 13:26:02.281   222   452 I DUSS&63[           tcp_reconnect: 193]:: [sys]new socket fd 104, need connect
10-10 13:26:02.282   222   452 W DUSS&63[       tcp_async_connect: 311]:: [sys]EINPROGRESS in connect() - selecting,addr=192.168.41.1
10-10 13:26:02.337   222   452 E DUSS&63[       tcp_async_connect: 328]:: [sys]Error in delayed connection() - Connection refused
10-10 13:26:02.337   222   452 E DUSS&63[           tcp_reconnect: 197]:: [sys]first connect failed, err=Operation now in progress, will try later
10-10 13:26:02.337   222   452 I DUSS&63[           tcp_reconnect: 201]:: [sys]before join the old connect task
10-10 13:26:02.337   222   452 I DUSS&63[           tcp_reconnect: 206]:: [sys]success joined the connect task
10-10 13:26:02.337   222 29138 I DUSS&63[      tcp_connect_thread: 139]:: [sys]start to connect, fd=104
10-10 13:26:02.337   222 29138 I DUSS&63[      tcp_connect_thread: 143]:: [sys]WL TCP State change to connecting
10-10 13:26:04.338   222 29138 W DUSS&63[       tcp_async_connect: 311]:: [sys]EINPROGRESS in connect() - selecting,addr=192.168.41.1
10-10 13:26:05.338   222 29138 W DUSS&63[       tcp_async_connect: 334]:: [sys]Timeout in select() - Cancelling, addr=192.168.41.1
10-10 13:26:05.922   227   299 I DUSS&63[ sys_common_get_cfg_file:1355]:: +++request file from 0x200: req type 1, off 0, len -1
10-10 13:26:05.922   227   299 I DUSS&63[           _get_cfg_file:1285]:: +++request cfg file /data/upgrade/wm330_0000.cfg.sig
10-10 13:26:05.923   227   299 I DUSS&63[ sys_common_get_cfg_file:1389]:: get cfg/log file from 0x200: req type 1, off 0, len 980; ack aclen 980, leftlen 5548, ret=0
10-10 13:26:05.927   227   299 I DUSS&63[ sys_common_get_cfg_file:1389]:: get cfg/log file from 0x200: req type 1, off 980, len 980; ack aclen 980, leftlen 4568, ret=0
10-10 13:26:05.929   227   299 I DUSS&63[ sys_common_get_cfg_file:1389]:: get cfg/log file from 0x200: req type 1, off 1960, len 980; ack aclen 980, leftlen 3588, ret=0
10-10 13:26:05.935   227   299 I DUSS&63[ sys_common_get_cfg_file:1389]:: get cfg/log file from 0x200: req type 1, off 2940, len 980; ack aclen 980, leftlen 2608, ret=0
10-10 13:26:05.938   227   299 I DUSS&63[ sys_common_get_cfg_file:1389]:: get cfg/log file from 0x200: req type 1, off 3920, len 980; ack aclen 980, leftlen 1628, ret=0
10-10 13:26:05.941   227   299 I DUSS&63[ sys_common_get_cfg_file:1389]:: get cfg/log file from 0x200: req type 1, off 4900, len 980; ack aclen 980, leftlen 648, ret=0
10-10 13:26:05.944   227   299 I DUSS&63[ sys_common_get_cfg_file:1389]:: get cfg/log file from 0x200: req type 1, off 5880, len 980; ack aclen 648, leftlen 0, ret=0
10-10 13:26:16.171   227   311 W DUSS&63[       tcp_async_connect: 311]:: [sys]EINPROGRESS in connect() - selecting,addr=192.168.41.3
10-10 13:26:17.172   227   311 W DUSS&63[       tcp_async_connect: 334]:: [sys]Timeout in select() - Cancelling, addr=192.168.41.3
10-10 13:26:34.340   222 29138 I DUSS&63[       tcp_async_connect: 375]:: [sys]connect to 192.168.41.1 success
10-10 13:26:34.340   222 29138 I DUSS&63[      tcp_connect_thread: 152]:: [sys]connected to 192.168.41.1
10-10 13:26:34.340   222 29138 I DUSS&63[      tcp_connect_thread: 160]:: [sys]WL TCP State change to connected
10-10 13:26:35.009   227   299 F DUSS&63[      sys_event_set_date: 101]:: Got sys_event_set_date message: 2018.10.10-13:26:35, result 0
10-10 13:26:35.219   227   299 I DUSS&63[ sys_common_get_cfg_file:1355]:: +++request file from 0x200: req type 1, off 0, len -1
10-10 13:26:35.219   227   299 I DUSS&63[           _get_cfg_file:1285]:: +++request cfg file /data/upgrade/wm330_0000.cfg.sig
10-10 13:26:35.220   227   299 I DUSS&63[ sys_common_get_cfg_file:1389]:: get cfg/log file from 0x200: req type 1, off 0, len 980; ack aclen 980, leftlen 5548, ret=0
10-10 13:26:35.270   227   299 I DUSS&63[ sys_common_get_cfg_file:1389]:: get cfg/log file from 0x200: req type 1, off 980, len 980; ack aclen 980, leftlen 4568, ret=0
10-10 13:26:35.273   227   299 I DUSS&63[ sys_common_get_cfg_file:1389]:: get cfg/log file from 0x200: req type 1, off 1960, len 980; ack aclen 980, leftlen 3588, ret=0
10-10 13:26:35.280   227   299 I DUSS&63[ sys_common_get_cfg_file:1389]:: get cfg/log file from 0x200: req type 1, off 2940, len 980; ack aclen 980, leftlen 2608, ret=0
10-10 13:26:35.282   227   299 I DUSS&63[ sys_common_get_cfg_file:1389]:: get cfg/log file from 0x200: req type 1, off 3920, len 980; ack aclen 980, leftlen 1628, ret=0
10-10 13:26:35.290   227   299 I DUSS&63[ sys_common_get_cfg_file:1389]:: get cfg/log file from 0x200: req type 1, off 4900, len 980; ack aclen 980, leftlen 648, ret=0
10-10 13:26:35.294   227   299 I DUSS&63[ sys_common_get_cfg_file:1389]:: get cfg/log file from 0x200: req type 1, off 5880, len 980; ack aclen 648, leftlen 0, ret=0
10-10 13:26:35.363   227   299 I DUSS&63[sys_event_self_define_cm: 457]:: check compability from 0x801, this_host=0xd01
10-10 13:26:35.363   227   299 I DUSS&63[   sys_check_compability: 207]:: from 0x801, this_host=0xd01, dev_type=1
10-10 13:26:35.363   227   299 I DUSS&63[   sys_check_compability: 210]:: package_str=wm220, package_ver=1.4.500
10-10 13:26:35.363   227   299 I DUSS&63[   sys_check_compability: 212]:: peer_str=wm220, peer_ver=1.4.400
10-10 13:26:35.363   227   299 I DUSS&63[   sys_check_compability: 219]:: package_uav_cnt=20, package_gls_cnt=0
10-10 13:26:35.363   227   299 I DUSS&63[   sys_check_compability: 257]:: the same product, and self version is newer than peer
10-10 13:26:35.548   227   310 E DUSS&63[        wl_prot_tcp_recv: 749]:: [sys]WL TCP State change to disconnect, cur_fd=20, addr=192.168.41.1
10-10 13:26:35.549   227   310 I DUSS&63[           tcp_reconnect: 193]:: [sys]new socket fd 17, need connect
10-10 13:26:35.549   227   310 W DUSS&63[       tcp_async_connect: 311]:: [sys]EINPROGRESS in connect() - selecting,addr=192.168.41.1
10-10 13:26:35.578   227   310 I DUSS&63[       tcp_async_connect: 375]:: [sys]connect to 192.168.41.1 success
10-10 13:26:35.578   227   310 I DUSS&63[           tcp_reconnect: 229]:: [sys]WL TCP State change to connected
10-10 13:26:37.460   227   299 I DUSS&63[sys_event_self_define_cm: 457]:: check compability from 0x801, this_host=0xd01
10-10 13:26:37.460   227   299 I DUSS&63[   sys_check_compability: 207]:: from 0x801, this_host=0xd01, dev_type=1
10-10 13:26:37.460   227   299 I DUSS&63[   sys_check_compability: 210]:: package_str=wm220, package_ver=1.4.500
10-10 13:26:37.460   227   299 I DUSS&63[   sys_check_compability: 212]:: peer_str=wm220, peer_ver=1.4.400
10-10 13:26:37.460   227   299 I DUSS&63[   sys_check_compability: 219]:: package_uav_cnt=20, package_gls_cnt=0
10-10 13:26:37.460   227   299 I DUSS&63[   sys_check_compability: 257]:: the same product, and self version is newer than peer
10-10 13:26:47.930   227   299 I DUSS&63[sys_event_enter_upgrade_: 857]:: 0x7:received cmd to request enter upgrade mode, peer_id=0x200, this_host=0xd01
10-10 13:26:47.930   227   299 I DUSS&63[sys_up_cleanup_last_reso:  85]:: cleanup last upgrading resources: sys_info=0xb6f2e8b8
10-10 13:26:48.071   227   299 I DUSS&63[sys_p1_check_and_copy_an:1096]:: /vendor/cfg already exist
10-10 13:26:48.109   227   299 I DUSS&63[ sys_up_del_full_package:1133]:: deleted /data/ftp/upgrade/dji_system.bin
10-10 13:26:48.153   227   299 I DUSS&63[sys_up_free_some_disk_sp: 104]:: free disk space of data
10-10 13:26:48.246   227   299 I DUSS&63[     sys_p1_self_up_init:4763]:: up_package_type=0, uav_bat=100, gnd_bat=49, gls_bat=0, uav_product_type=1, gnd_product_type=1
10-10 13:26:48.246   227   299 I DUSS&63[sys_p1_check_uav_fly_sta:4387]:: motor is still, upgrade is ok.
10-10 13:26:48.292   227   299 I DUSS&63[sys_p1_register_motor_er:4506]:: succ to register motor_err_act, result = 0, requester_id=0x68d28200, motor_action_id=200, surplus_id_num=40
10-10 13:26:48.327   227   299 I DUSS&63[sys_event_enter_upgrade_: 921]:: 0x7:request enter upgrading success, host_id=0xd01
10-10 13:26:53.332   227   299 I DUSS&63[sys_event_accept_upgrade: 995]:: 0x8:whole image size: 141552640, path = 1, type = 4
10-10 13:26:53.332   227   299 I DUSS&63[sys_event_accept_upgrade:1002]:: 0x8: using path dji v1
10-10 13:26:53.384   227   299 I DUSS&63[sys_event_transfer_upgra:1190]:: 0x9:Received update data: seq: 0, len: 980
10-10 13:26:53.693   227   299 I DUSS&63[sys_event_transfer_upgra:1190]:: 0x9:Received update data: seq: 100, len: 980
10-10 13:26:54.014   227   299 I DUSS&63[sys_event_transfer_upgra:1190]:: 0x9:Received update data: seq: 200, len: 980
10-10 13:26:54.314   227   299 I DUSS&63[sys_event_transfer_upgra:1190]:: 0x9:Received update data: seq: 300, len: 980
10-10 13:26:54.583   227   299 I DUSS&63[sys_event_transfer_upgra:1190]:: 0x9:Received update data: seq: 400, len: 980
10-10 13:26:54.842   227   299 I DUSS&63[sys_event_transfer_upgra:1190]:: 0x9:Received update data: seq: 500, len: 980
10-10 13:26:55.204   227   299 I DUSS&63[sys_event_transfer_upgra:1190]:: 0x9:Received update data: seq: 600, len: 980
10-10 13:26:55.468   227   299 I DUSS&63[sys_event_transfer_upgra:1190]:: 0x9:Received update data: seq: 700, len: 980
10-10 13:26:55.734   227   299 I DUSS&63[sys_event_transfer_upgra:1190]:: 0x9:Received update data: seq: 800, len: 980
10-10 13:26:56.015   227   299 I DUSS&63[sys_event_transfer_upgra:1190]:: 0x9:Received update data: seq: 900, len: 980
10-10 13:26:56.310   227   299 I DUSS&63[sys_event_transfer_upgra:1190]:: 0x9:Received update data: seq: 1000, len: 980
10-10 13:26:56.582   227   299 I DUSS&63[sys_event_transfer_upgra:1190]:: 0x9:Received update data: seq: 1100, len: 980
10-10 13:26:56.855   227   299 I DUSS&63[sys_event_transfer_upgra:1190]:: 0x9:Received update data: seq: 1200, len: 980
10-10 13:26:57.041   227   311 W DUSS&63[       tcp_async_connect: 311]:: [sys]EINPROGRESS in connect() - selecting,addr=192.168.41.3
10-10 13:26:57.107   227   299 I DUSS&63[sys_event_transfer_upgra:1190]:: 0x9:Received update data: seq: 1300, len: 980
10-10 13:26:57.355   227   299 I DUSS&63[sys_event_transfer_upgra:1190]:: 0x9:Received update data: seq: 1400, len: 980
10-10 13:26:57.607   227   299 I DUSS&63[sys_event_transfer_upgra:1190]:: 0x9:Received update data: seq: 1500, len: 980
10-10 13:26:57.867   227   299 I DUSS&63[sys_event_transfer_upgra:1190]:: 0x9:Received update data: seq: 1600, len: 980
10-10 13:26:58.042   227   311 W DUSS&63[       tcp_async_connect: 334]:: [sys]Timeout in select() - Cancelling, addr=192.168.41.3
10-10 13:26:58.126   227   299 I DUSS&63[sys_event_transfer_upgra:1190]:: 0x9:Received update data: seq: 1700, len: 980
10-10 13:26:58.393   227   299 I DUSS&63[sys_event_transfer_upgra:1190]:: 0x9:Received update data: seq: 1800, len: 980
10-10 13:26:58.658   227   299 I DUSS&63[sys_event_transfer_upgra:1190]:: 0x9:Received update data: seq: 1900, len: 980
10-10 13:26:58.978   227   299 I DUSS&63[sys_event_transfer_upgra:1190]:: 0x9:Received update data: seq: 2000, len: 980
10-10 13:26:59.335   227   299 I DUSS&63[sys_event_transfer_upgra:1190]:: 0x9:Received update data: seq: 2100, len: 980
10-10 13:26:59.626   227   299 I DUSS&63[sys_event_transfer_upgra:1190]:: 0x9:Received update data: seq: 2200, len: 980
10-10 13:26:59.874   227   299 I DUSS&63[sys_event_transfer_upgra:1190]:: 0x9:Received update data: seq: 2300, len: 980
10-10 13:27:00.140   227   299 I DUSS&63[sys_event_transfer_upgra:1190]:: 0x9:Received update data: seq: 2400, len: 980
10-10 13:27:00.437   227   299 I DUSS&63[sys_event_transfer_upgra:1190]:: 0x9:Received update data: seq: 2500, len: 980
10-10 13:27:00.695   227   299 I DUSS&63[sys_event_transfer_upgra:1190]:: 0x9:Received update data: seq: 2600, len: 980
10-10 13:27:00.953   227   299 I DUSS&63[sys_event_transfer_upgra:1190]:: 0x9:Received update data: seq: 2700, len: 980
10-10 13:27:01.203   227   299 I DUSS&63[sys_event_transfer_upgra:1190]:: 0x9:Received update data: seq: 2800, len: 980
10-10 13:27:01.608   227   299 I DUSS&63[sys_event_transfer_upgra:1190]:: 0x9:Received update data: seq: 2900, len: 980
10-10 13:27:01.887   227   299 I DUSS&63[sys_event_transfer_upgra:1190]:: 0x9:Received update data: seq: 3000, len: 980
10-10 13:27:02.154   227   299 I DUSS&63[sys_event_transfer_upgra:1190]:: 0x9:Received update data: seq: 3100, len: 980
10-10 13:27:02.418   227   299 I DUSS&63[sys_event_transfer_upgra:1190]:: 0x9:Received update data: seq: 3200, len: 980
10-10 13:27:02.691   227   299 I DUSS&63[sys_event_transfer_upgra:1190]:: 0x9:Received update data: seq: 3300, len: 980
10-10 13:27:02.978   227   299 I DUSS&63[sys_event_transfer_upgra:1190]:: 0x9:Received update data: seq: 3400, len: 980
10-10 13:27:03.217   227   299 I DUSS&63[sys_event_transfer_upgra:1190]:: 0x9:Received update data: seq: 3500, len: 980
10-10 13:27:03.476   227   299 I DUSS&63[sys_event_transfer_upgra:1190]:: 0x9:Received update data: seq: 3600, len: 980
10-10 13:27:03.729   227   299 I DUSS&63[sys_event_transfer_upgra:1190]:: 0x9:Received update data: seq: 3700, len: 980
10-10 13:27:03.982   227   299 I DUSS&63[sys_event_transfer_upgra:1190]:: 0x9:Received update data: seq: 3800, len: 980
10-10 13:27:04.251   227   299 I DUSS&63[sys_event_transfer_upgra:1190]:: 0x9:Received update data: seq: 3900, len: 980
10-10 13:27:04.540   227   299 I DUSS&63[sys_event_transfer_upgra:1190]:: 0x9:Received update data: seq: 4000, len: 980
10-10 13:27:04.840   227   299 I DUSS&63[sys_event_transfer_upgra:1190]:: 0x9:Received update data: seq: 4100, len: 980
10-10 13:27:05.114   227   299 I DUSS&63[sys_event_transfer_upgra:1190]:: 0x9:Received update data: seq: 4200, len: 980
10-10 13:27:05.381   227   299 I DUSS&63[sys_event_transfer_upgra:1190]:: 0x9:Received update data: seq: 4300, len: 980
10-10 13:27:05.747   227   299 I DUSS&63[sys_event_transfer_upgra:1190]:: 0x9:Received update data: seq: 4400, len: 980
10-10 13:27:06.005   227   299 I DUSS&63[sys_event_transfer_upgra:1190]:: 0x9:Received update data: seq: 4500, len: 980
10-10 13:27:06.269   227   299 I DUSS&63[sys_event_transfer_upgra:1190]:: 0x9:Received update data: seq: 4600, len: 980
10-10 13:27:06.526   227   299 I DUSS&63[sys_event_transfer_upgra:1190]:: 0x9:Received update data: seq: 4700, len: 980
10-10 13:27:06.782   227   299 I DUSS&63[sys_event_transfer_upgra:1190]:: 0x9:Received update data: seq: 4800, len: 980
10-10 13:27:07.040   227   299 I DUSS&63[sys_event_transfer_upgra:1190]:: 0x9:Received update data: seq: 4900, len: 980
10-10 13:27:07.307   227   299 I DUSS&63[sys_event_transfer_upgra:1190]:: 0x9:Received update data: seq: 5000, len: 980
10-10 13:27:07.582   227   299 I DUSS&63[sys_event_transfer_upgra:1190]:: 0x9:Received update data: seq: 5100, len: 980
10-10 13:27:07.850   227   299 I DUSS&63[sys_event_transfer_upgra:1190]:: 0x9:Received update data: seq: 5200, len: 980
10-10 13:27:08.111   227   299 I DUSS&63[sys_event_transfer_upgra:1190]:: 0x9:Received update data: seq: 5300, len: 980
10-10 13:27:08.374   227   299 I DUSS&63[sys_event_transfer_upgra:1190]:: 0x9:Received update data: seq: 5400, len: 980
10-10 13:27:08.642   227   299 I DUSS&63[sys_event_transfer_upgra:1190]:: 0x9:Received update data: seq: 5500, len: 980
10-10 13:27:09.440   227   299 I DUSS&63[sys_event_transfer_upgra:1190]:: 0x9:Received update data: seq: 5700, len: 980
10-10 13:27:09.543   227   299 I DUSS&63[sys_event_transfer_upgra:1190]:: 0x9:Received update data: seq: 5800, len: 980
10-10 13:27:09.695   227   299 I DUSS&63[sys_event_transfer_upgra:1190]:: 0x9:Received update data: seq: 5900, len: 980
10-10 13:27:09.961   227   299 I DUSS&63[sys_event_transfer_upgra:1190]:: 0x9:Received update data: seq: 6000, len: 980
10-10 13:27:10.235   227   299 I DUSS&63[sys_event_transfer_upgra:1190]:: 0x9:Received update data: seq: 6100, len: 980
10-10 13:27:10.505   227   299 I DUSS&63[sys_event_transfer_upgra:1190]:: 0x9:Received update data: seq: 6200, len: 980
10-10 13:27:10.774   227   299 I DUSS&63[sys_event_transfer_upgra:1190]:: 0x9:Received update data: seq: 6300, len: 980
10-10 13:27:11.026   227   299 I DUSS&63[sys_event_transfer_upgra:1190]:: 0x9:Received update data: seq: 6400, len: 980
10-10 13:27:11.294   227   299 I DUSS&63[sys_event_transfer_upgra:1190]:: 0x9:Received update data: seq: 6500, len: 980
10-10 13:27:11.579   227   299 I DUSS&63[sys_event_transfer_upgra:1190]:: 0x9:Received update data: seq: 6600, len: 980
10-10 13:27:11.845   227   299 I DUSS&63[sys_event_transfer_upgra:1190]:: 0x9:Received update data: seq: 6700, len: 980
10-10 13:27:12.117   227   299 I DUSS&63[sys_event_transfer_upgra:1190]:: 0x9:Received update data: seq: 6800, len: 980
10-10 13:27:12.362   227   299 I DUSS&63[sys_event_transfer_upgra:1190]:: 0x9:Received update data: seq: 6900, len: 980
10-10 13:27:12.616   227   299 I DUSS&63[sys_event_transfer_upgra:1190]:: 0x9:Received update data: seq: 7000, len: 980
10-10 13:27:12.896   227   299 I DUSS&63[sys_event_transfer_upgra:1190]:: 0x9:Received update data: seq: 7100, len: 980
10-10 13:27:13.151   227   299 I DUSS&63[sys_event_transfer_upgra:1190]:: 0x9:Received update data: seq: 7200, len: 980
10-10 13:27:13.412   227   299 I DUSS&63[sys_event_transfer_upgra:1190]:: 0x9:Received update data: seq: 7300, len: 980
10-10 13:27:13.710   227   299 I DUSS&63[sys_event_transfer_upgra:1190]:: 0x9:Received update data: seq: 7400, len: 980
10-10 13:27:13.964   227   299 I DUSS&63[sys_event_transfer_upgra:1190]:: 0x9:Received update data: seq: 7500, len: 980
10-10 13:27:13.979   227   316 E DUSS&63[sys_p1_disable_motor_run:4432]:: set motor work status error: -1002
10-10 13:27:14.253   227   299 I DUSS&63[sys_event_transfer_upgra:1190]:: 0x9:Received update data: seq: 7600, len: 980
10-10 13:27:14.512   227   299 I DUSS&63[sys_event_transfer_upgra:1190]:: 0x9:Received update data: seq: 7700, len: 980
10-10 13:27:14.771   227   299 I DUSS&63[sys_event_transfer_upgra:1190]:: 0x9:Received update data: seq: 7800, len: 980
10-10 13:27:15.027   227   299 I DUSS&63[sys_event_transfer_upgra:1190]:: 0x9:Received update data: seq: 7900, len: 980
10-10 13:27:15.288   227   299 I DUSS&63[sys_event_transfer_upgra:1190]:: 0x9:Received update data: seq: 8000, len: 980
10-10 13:27:15.590   227   299 I DUSS&63[sys_event_transfer_upgra:1190]:: 0x9:Received update data: seq: 8100, len: 980
10-10 13:27:15.862   227   299 I DUSS&63[sys_event_transfer_upgra:1190]:: 0x9:Received update data: seq: 8200, len: 980
10-10 13:27:16.120   227   299 I DUSS&63[sys_event_transfer_upgra:1190]:: 0x9:Received update data: seq: 8300, len: 980
10-10 13:27:16.386   227   299 I DUSS&63[sys_event_transfer_upgra:1190]:: 0x9:Received update data: seq: 8400, len: 980
10-10 13:27:16.645   227   299 I DUSS&63[sys_event_transfer_upgra:1190]:: 0x9:Received update data: seq: 8500, len: 980
10-10 13:27:16.937   227   299 I DUSS&63[sys_event_transfer_upgra:1190]:: 0x9:Received update data: seq: 8600, len: 980
10-10 13:27:17.221   227   299 I DUSS&63[sys_event_transfer_upgra:1190]:: 0x9:Received update data: seq: 8700, len: 980
10-10 13:27:17.490   227   299 I DUSS&63[sys_event_transfer_upgra:1190]:: 0x9:Received update data: seq: 8800, len: 980
