08-19 10:15:23.574   220   306 W DUSS&63[       tcp_async_connect: 334]:: [sys]Timeout in select() - Cancelling, addr=192.168.41.3
08-19 10:16:03.582   220   306 W DUSS&63[       tcp_async_connect: 311]:: [sys]EINPROGRESS in connect() - selecting,addr=192.168.41.3
08-19 10:16:04.584   220   306 W DUSS&63[       tcp_async_connect: 334]:: [sys]Timeout in select() - Cancelling, addr=192.168.41.3
08-19 10:16:44.590   220   306 W DUSS&63[       tcp_async_connect: 311]:: [sys]EINPROGRESS in connect() - selecting,addr=192.168.41.3
08-19 10:16:45.591   220   306 W DUSS&63[       tcp_async_connect: 334]:: [sys]Timeout in select() - Cancelling, addr=192.168.41.3
08-19 10:17:25.595   220   306 W DUSS&63[       tcp_async_connect: 311]:: [sys]EINPROGRESS in connect() - selecting,addr=192.168.41.3
08-19 10:17:26.596   220   306 W DUSS&63[       tcp_async_connect: 334]:: [sys]Timeout in select() - Cancelling, addr=192.168.41.3
08-19 10:18:06.603   220   306 W DUSS&63[       tcp_async_connect: 311]:: [sys]EINPROGRESS in connect() - selecting,addr=192.168.41.3
08-19 10:18:07.604   220   306 W DUSS&63[       tcp_async_connect: 334]:: [sys]Timeout in select() - Cancelling, addr=192.168.41.3
08-19 10:18:47.609   220   306 W DUSS&63[       tcp_async_connect: 311]:: [sys]EINPROGRESS in connect() - selecting,addr=192.168.41.3
08-19 10:18:48.610   220   306 W DUSS&63[       tcp_async_connect: 334]:: [sys]Timeout in select() - Cancelling, addr=192.168.41.3
08-19 10:19:28.615   220   306 W DUSS&63[       tcp_async_connect: 311]:: [sys]EINPROGRESS in connect() - selecting,addr=192.168.41.3
08-19 10:19:29.616   220   306 W DUSS&63[       tcp_async_connect: 334]:: [sys]Timeout in select() - Cancelling, addr=192.168.41.3
08-19 10:20:09.622   220   306 W DUSS&63[       tcp_async_connect: 311]:: [sys]EINPROGRESS in connect() - selecting,addr=192.168.41.3
08-19 10:20:10.623   220   306 W DUSS&63[       tcp_async_connect: 334]:: [sys]Timeout in select() - Cancelling, addr=192.168.41.3
08-19 10:20:18.022   218   451 E DUSS&63[        wl_prot_tcp_recv: 749]:: [sys]WL TCP State change to disconnect, cur_fd=49, addr=192.168.41.1
08-19 10:20:18.022   218   451 I DUSS&63[           tcp_reconnect: 193]:: [sys]new socket fd 89, need connect
08-19 10:20:18.022   218   451 W DUSS&63[       tcp_async_connect: 311]:: [sys]EINPROGRESS in connect() - selecting,addr=192.168.41.1
08-19 10:20:18.132   218   451 E DUSS&63[       tcp_async_connect: 328]:: [sys]Error in delayed connection() - Connection refused
08-19 10:20:18.132   218   451 E DUSS&63[           tcp_reconnect: 197]:: [sys]first connect failed, err=Operation now in progress, will try later
08-19 10:20:18.132   218   451 I DUSS&63[           tcp_reconnect: 201]:: [sys]before join the old connect task
08-19 10:20:18.132   218   451 I DUSS&63[           tcp_reconnect: 206]:: [sys]success joined the connect task
08-19 10:20:18.132   218  7104 I DUSS&63[      tcp_connect_thread: 139]:: [sys]start to connect, fd=89
08-19 10:20:18.132   218  7104 I DUSS&63[      tcp_connect_thread: 143]:: [sys]WL TCP State change to connecting
08-19 10:20:20.132   218  7104 W DUSS&63[       tcp_async_connect: 311]:: [sys]EINPROGRESS in connect() - selecting,addr=192.168.41.1
08-19 10:20:21.132   218  7104 W DUSS&63[       tcp_async_connect: 334]:: [sys]Timeout in select() - Cancelling, addr=192.168.41.1
08-19 10:20:21.677   220   295 I DUSS&63[ sys_common_get_cfg_file:1355]:: +++request file from 0x200: req type 1, off 0, len -1
08-19 10:20:21.683   220   295 I DUSS&63[           _get_cfg_file:1285]:: +++request cfg file /data/upgrade/wm330_0000.cfg.sig
08-19 10:20:21.683   220   295 I DUSS&63[ sys_common_get_cfg_file:1389]:: get cfg/log file from 0x200: req type 1, off 0, len 980; ack aclen 980, leftlen 5548, ret=0
08-19 10:20:21.728   220   295 I DUSS&63[ sys_common_get_cfg_file:1389]:: get cfg/log file from 0x200: req type 1, off 980, len 980; ack aclen 980, leftlen 4568, ret=0
08-19 10:20:21.731   220   295 I DUSS&63[ sys_common_get_cfg_file:1389]:: get cfg/log file from 0x200: req type 1, off 1960, len 980; ack aclen 980, leftlen 3588, ret=0
08-19 10:20:21.734   220   295 I DUSS&63[ sys_common_get_cfg_file:1389]:: get cfg/log file from 0x200: req type 1, off 2940, len 980; ack aclen 980, leftlen 2608, ret=0
08-19 10:20:21.737   220   295 I DUSS&63[ sys_common_get_cfg_file:1389]:: get cfg/log file from 0x200: req type 1, off 3920, len 980; ack aclen 980, leftlen 1628, ret=0
08-19 10:20:21.740   220   295 I DUSS&63[ sys_common_get_cfg_file:1389]:: get cfg/log file from 0x200: req type 1, off 4900, len 980; ack aclen 980, leftlen 648, ret=0
08-19 10:20:21.742   220   295 I DUSS&63[ sys_common_get_cfg_file:1389]:: get cfg/log file from 0x200: req type 1, off 5880, len 980; ack aclen 648, leftlen 0, ret=0
08-19 10:20:50.631   220   306 W DUSS&63[       tcp_async_connect: 311]:: [sys]EINPROGRESS in connect() - selecting,addr=192.168.41.3
08-19 10:20:51.632   220   306 W DUSS&63[       tcp_async_connect: 334]:: [sys]Timeout in select() - Cancelling, addr=192.168.41.3
08-19 10:20:54.134   218  7104 I DUSS&63[       tcp_async_connect: 375]:: [sys]connect to 192.168.41.1 success
08-19 10:20:54.134   218  7104 I DUSS&63[      tcp_connect_thread: 152]:: [sys]connected to 192.168.41.1
08-19 10:20:54.134   218  7104 I DUSS&63[      tcp_connect_thread: 160]:: [sys]WL TCP State change to connected
08-19 10:20:54.360   220   295 I DUSS&63[sys_event_self_define_cm: 457]:: check compability from 0x801, this_host=0xd01
08-19 10:20:54.360   220   295 I DUSS&63[   sys_check_compability: 207]:: from 0x801, this_host=0xd01, dev_type=1
08-19 10:20:54.360   220   295 I DUSS&63[   sys_check_compability: 210]:: package_str=wm220, package_ver=1.4.400
08-19 10:20:54.360   220   295 I DUSS&63[   sys_check_compability: 212]:: peer_str=wm220, peer_ver=1.4.400
08-19 10:20:54.360   220   295 I DUSS&63[   sys_check_compability: 219]:: package_uav_cnt=20, package_gls_cnt=0
08-19 10:20:54.360   220   295 I DUSS&63[   sys_check_compability: 261]:: the same product, and self version is the same or older than peer
08-19 10:20:54.553   220   305 E DUSS&63[        wl_prot_tcp_recv: 749]:: [sys]WL TCP State change to disconnect, cur_fd=17, addr=192.168.41.1
08-19 10:20:54.553   220   305 I DUSS&63[           tcp_reconnect: 193]:: [sys]new socket fd 20, need connect
08-19 10:20:54.553   220   305 W DUSS&63[       tcp_async_connect: 311]:: [sys]EINPROGRESS in connect() - selecting,addr=192.168.41.1
08-19 10:20:54.633   220   305 I DUSS&63[       tcp_async_connect: 375]:: [sys]connect to 192.168.41.1 success
08-19 10:20:54.633   220   305 I DUSS&63[           tcp_reconnect: 229]:: [sys]WL TCP State change to connected
08-19 10:20:54.812   220   295 I DUSS&63[ sys_common_get_cfg_file:1355]:: +++request file from 0x200: req type 1, off 0, len -1
08-19 10:20:54.812   220   295 I DUSS&63[           _get_cfg_file:1285]:: +++request cfg file /data/upgrade/wm330_0000.cfg.sig
08-19 10:20:54.813   220   295 I DUSS&63[ sys_common_get_cfg_file:1389]:: get cfg/log file from 0x200: req type 1, off 0, len 980; ack aclen 980, leftlen 5548, ret=0
08-19 10:20:54.817   220   295 I DUSS&63[ sys_common_get_cfg_file:1389]:: get cfg/log file from 0x200: req type 1, off 980, len 980; ack aclen 980, leftlen 4568, ret=0
08-19 10:20:54.820   220   295 I DUSS&63[ sys_common_get_cfg_file:1389]:: get cfg/log file from 0x200: req type 1, off 1960, len 980; ack aclen 980, leftlen 3588, ret=0
08-19 10:20:54.823   220   295 I DUSS&63[ sys_common_get_cfg_file:1389]:: get cfg/log file from 0x200: req type 1, off 2940, len 980; ack aclen 980, leftlen 2608, ret=0
08-19 10:20:54.831   220   295 I DUSS&63[ sys_common_get_cfg_file:1389]:: get cfg/log file from 0x200: req type 1, off 3920, len 980; ack aclen 980, leftlen 1628, ret=0
08-19 10:20:54.837   220   295 I DUSS&63[ sys_common_get_cfg_file:1389]:: get cfg/log file from 0x200: req type 1, off 4900, len 980; ack aclen 980, leftlen 648, ret=0
08-19 10:20:54.840   220   295 I DUSS&63[ sys_common_get_cfg_file:1389]:: get cfg/log file from 0x200: req type 1, off 5880, len 980; ack aclen 648, leftlen 0, ret=0
08-19 10:20:56.468   220   295 I DUSS&63[sys_event_self_define_cm: 457]:: check compability from 0x801, this_host=0xd01
08-19 10:20:56.468   220   295 I DUSS&63[   sys_check_compability: 207]:: from 0x801, this_host=0xd01, dev_type=1
08-19 10:20:56.468   220   295 I DUSS&63[   sys_check_compability: 210]:: package_str=wm220, package_ver=1.4.400
08-19 10:20:56.468   220   295 I DUSS&63[   sys_check_compability: 212]:: peer_str=wm220, peer_ver=1.4.400
08-19 10:20:56.468   220   295 I DUSS&63[   sys_check_compability: 219]:: package_uav_cnt=20, package_gls_cnt=0
08-19 10:20:56.468   220   295 I DUSS&63[   sys_check_compability: 261]:: the same product, and self version is the same or older than peer
08-19 10:21:31.636   220   306 W DUSS&63[       tcp_async_connect: 311]:: [sys]EINPROGRESS in connect() - selecting,addr=192.168.41.3
08-19 10:21:32.637   220   306 W DUSS&63[       tcp_async_connect: 334]:: [sys]Timeout in select() - Cancelling, addr=192.168.41.3
08-19 10:22:12.644   220   306 W DUSS&63[       tcp_async_connect: 311]:: [sys]EINPROGRESS in connect() - selecting,addr=192.168.41.3
08-19 10:22:13.645   220   306 W DUSS&63[       tcp_async_connect: 334]:: [sys]Timeout in select() - Cancelling, addr=192.168.41.3
08-19 10:22:53.656   220   306 W DUSS&63[       tcp_async_connect: 311]:: [sys]EINPROGRESS in connect() - selecting,addr=192.168.41.3
08-19 10:22:54.657   220   306 W DUSS&63[       tcp_async_connect: 334]:: [sys]Timeout in select() - Cancelling, addr=192.168.41.3
08-19 10:23:34.662   220   306 W DUSS&63[       tcp_async_connect: 311]:: [sys]EINPROGRESS in connect() - selecting,addr=192.168.41.3
08-19 10:23:35.663   220   306 W DUSS&63[       tcp_async_connect: 334]:: [sys]Timeout in select() - Cancelling, addr=192.168.41.3
08-19 10:24:15.670   220   306 W DUSS&63[       tcp_async_connect: 311]:: [sys]EINPROGRESS in connect() - selecting,addr=192.168.41.3
08-19 10:24:16.671   220   306 W DUSS&63[       tcp_async_connect: 334]:: [sys]Timeout in select() - Cancelling, addr=192.168.41.3
08-19 10:24:56.679   220   306 W DUSS&63[       tcp_async_connect: 311]:: [sys]EINPROGRESS in connect() - selecting,addr=192.168.41.3
08-19 10:24:57.680   220   306 W DUSS&63[       tcp_async_connect: 334]:: [sys]Timeout in select() - Cancelling, addr=192.168.41.3
08-19 10:25:37.686   220   306 W DUSS&63[       tcp_async_connect: 311]:: [sys]EINPROGRESS in connect() - selecting,addr=192.168.41.3
08-19 10:25:38.687   220   306 W DUSS&63[       tcp_async_connect: 334]:: [sys]Timeout in select() - Cancelling, addr=192.168.41.3
08-19 10:26:18.691   220   306 W DUSS&63[       tcp_async_connect: 311]:: [sys]EINPROGRESS in connect() - selecting,addr=192.168.41.3
08-19 10:26:19.692   220   306 W DUSS&63[       tcp_async_connect: 334]:: [sys]Timeout in select() - Cancelling, addr=192.168.41.3
08-19 10:26:59.697   220   306 W DUSS&63[       tcp_async_connect: 311]:: [sys]EINPROGRESS in connect() - selecting,addr=192.168.41.3
08-19 10:27:00.697   220   306 W DUSS&63[       tcp_async_connect: 334]:: [sys]Timeout in select() - Cancelling, addr=192.168.41.3
08-19 10:27:40.703   220   306 W DUSS&63[       tcp_async_connect: 311]:: [sys]EINPROGRESS in connect() - selecting,addr=192.168.41.3
08-19 10:27:41.704   220   306 W DUSS&63[       tcp_async_connect: 334]:: [sys]Timeout in select() - Cancelling, addr=192.168.41.3
08-19 10:28:21.710   220   306 W DUSS&63[       tcp_async_connect: 311]:: [sys]EINPROGRESS in connect() - selecting,addr=192.168.41.3
08-19 10:28:22.711   220   306 W DUSS&63[       tcp_async_connect: 334]:: [sys]Timeout in select() - Cancelling, addr=192.168.41.3
08-19 10:29:02.719   220   306 W DUSS&63[       tcp_async_connect: 311]:: [sys]EINPROGRESS in connect() - selecting,addr=192.168.41.3
08-19 10:29:03.720   220   306 W DUSS&63[       tcp_async_connect: 334]:: [sys]Timeout in select() - Cancelling, addr=192.168.41.3
08-19 10:29:43.725   220   306 W DUSS&63[       tcp_async_connect: 311]:: [sys]EINPROGRESS in connect() - selecting,addr=192.168.41.3
08-19 10:29:44.726   220   306 W DUSS&63[       tcp_async_connect: 334]:: [sys]Timeout in select() - Cancelling, addr=192.168.41.3
08-19 10:30:24.730   220   306 W DUSS&63[       tcp_async_connect: 311]:: [sys]EINPROGRESS in connect() - selecting,addr=192.168.41.3
08-19 10:30:25.731   220   306 W DUSS&63[       tcp_async_connect: 334]:: [sys]Timeout in select() - Cancelling, addr=192.168.41.3
08-19 10:31:05.740   220   306 W DUSS&63[       tcp_async_connect: 311]:: [sys]EINPROGRESS in connect() - selecting,addr=192.168.41.3
08-19 10:31:06.741   220   306 W DUSS&63[       tcp_async_connect: 334]:: [sys]Timeout in select() - Cancelling, addr=192.168.41.3
08-19 10:31:46.747   220   306 W DUSS&63[       tcp_async_connect: 311]:: [sys]EINPROGRESS in connect() - selecting,addr=192.168.41.3
08-19 10:31:47.748   220   306 W DUSS&63[       tcp_async_connect: 334]:: [sys]Timeout in select() - Cancelling, addr=192.168.41.3
08-19 10:32:27.762   220   306 W DUSS&63[       tcp_async_connect: 311]:: [sys]EINPROGRESS in connect() - selecting,addr=192.168.41.3
08-19 10:32:28.763   220   306 W DUSS&63[       tcp_async_connect: 334]:: [sys]Timeout in select() - Cancelling, addr=192.168.41.3
08-19 10:33:08.768   220   306 W DUSS&63[       tcp_async_connect: 311]:: [sys]EINPROGRESS in connect() - selecting,addr=192.168.41.3
08-19 10:33:09.769   220   306 W DUSS&63[       tcp_async_connect: 334]:: [sys]Timeout in select() - Cancelling, addr=192.168.41.3
08-19 10:33:49.774   220   306 W DUSS&63[       tcp_async_connect: 311]:: [sys]EINPROGRESS in connect() - selecting,addr=192.168.41.3
08-19 10:33:50.775   220   306 W DUSS&63[       tcp_async_connect: 334]:: [sys]Timeout in select() - Cancelling, addr=192.168.41.3
08-19 10:34:30.780   220   306 W DUSS&63[       tcp_async_connect: 311]:: [sys]EINPROGRESS in connect() - selecting,addr=192.168.41.3
08-19 10:34:31.781   220   306 W DUSS&63[       tcp_async_connect: 334]:: [sys]Timeout in select() - Cancelling, addr=192.168.41.3
08-19 10:35:11.787   220   306 W DUSS&63[       tcp_async_connect: 311]:: [sys]EINPROGRESS in connect() - selecting,addr=192.168.41.3
08-19 10:35:12.789   220   306 W DUSS&63[       tcp_async_connect: 334]:: [sys]Timeout in select() - Cancelling, addr=192.168.41.3
08-19 10:35:52.798   220   306 W DUSS&63[       tcp_async_connect: 311]:: [sys]EINPROGRESS in connect() - selecting,addr=192.168.41.3
08-19 10:35:53.799   220   306 W DUSS&63[       tcp_async_connect: 334]:: [sys]Timeout in select() - Cancelling, addr=192.168.41.3
08-19 10:36:33.804   220   306 W DUSS&63[       tcp_async_connect: 311]:: [sys]EINPROGRESS in connect() - selecting,addr=192.168.41.3
08-19 10:36:34.805   220   306 W DUSS&63[       tcp_async_connect: 334]:: [sys]Timeout in select() - Cancelling, addr=192.168.41.3
08-19 10:37:14.810   220   306 W DUSS&63[       tcp_async_connect: 311]:: [sys]EINPROGRESS in connect() - selecting,addr=192.168.41.3
08-19 10:37:15.811   220   306 W DUSS&63[       tcp_async_connect: 334]:: [sys]Timeout in select() - Cancelling, addr=192.168.41.3
08-19 10:37:55.817   220   306 W DUSS&63[       tcp_async_connect: 311]:: [sys]EINPROGRESS in connect() - selecting,addr=192.168.41.3
08-19 10:37:56.818   220   306 W DUSS&63[       tcp_async_connect: 334]:: [sys]Timeout in select() - Cancelling, addr=192.168.41.3
08-19 10:38:36.823   220   306 W DUSS&63[       tcp_async_connect: 311]:: [sys]EINPROGRESS in connect() - selecting,addr=192.168.41.3
08-19 10:38:37.824   220   306 W DUSS&63[       tcp_async_connect: 334]:: [sys]Timeout in select() - Cancelling, addr=192.168.41.3
08-19 10:39:17.829   220   306 W DUSS&63[       tcp_async_connect: 311]:: [sys]EINPROGRESS in connect() - selecting,addr=192.168.41.3
08-19 10:39:18.830   220   306 W DUSS&63[       tcp_async_connect: 334]:: [sys]Timeout in select() - Cancelling, addr=192.168.41.3
08-19 10:39:58.837   220   306 W DUSS&63[       tcp_async_connect: 311]:: [sys]EINPROGRESS in connect() - selecting,addr=192.168.41.3
08-19 10:39:59.838   220   306 W DUSS&63[       tcp_async_connect: 334]:: [sys]Timeout in select() - Cancelling, addr=192.168.41.3
08-19 10:40:39.846   220   306 W DUSS&63[       tcp_async_connect: 311]:: [sys]EINPROGRESS in connect() - selecting,addr=192.168.41.3
08-19 10:40:40.847   220   306 W DUSS&63[       tcp_async_connect: 334]:: [sys]Timeout in select() - Cancelling, addr=192.168.41.3
08-19 10:41:20.860   220   306 W DUSS&63[       tcp_async_connect: 311]:: [sys]EINPROGRESS in connect() - selecting,addr=192.168.41.3
08-19 10:41:21.861   220   306 W DUSS&63[       tcp_async_connect: 334]:: [sys]Timeout in select() - Cancelling, addr=192.168.41.3
08-19 10:42:01.866   220   306 W DUSS&63[       tcp_async_connect: 311]:: [sys]EINPROGRESS in connect() - selecting,addr=192.168.41.3
08-19 10:42:02.867   220   306 W DUSS&63[       tcp_async_connect: 334]:: [sys]Timeout in select() - Cancelling, addr=192.168.41.3
08-19 10:42:42.872   220   306 W DUSS&63[       tcp_async_connect: 311]:: [sys]EINPROGRESS in connect() - selecting,addr=192.168.41.3
08-19 10:42:43.873   220   306 W DUSS&63[       tcp_async_connect: 334]:: [sys]Timeout in select() - Cancelling, addr=192.168.41.3
08-19 10:42:53.380   218   451 E DUSS&63[        wl_prot_tcp_recv: 749]:: [sys]WL TCP State change to disconnect, cur_fd=89, addr=192.168.41.1
08-19 10:42:53.380   218   451 I DUSS&63[           tcp_reconnect: 193]:: [sys]new socket fd 94, need connect
08-19 10:42:53.380   218   451 W DUSS&63[       tcp_async_connect: 311]:: [sys]EINPROGRESS in connect() - selecting,addr=192.168.41.1
08-19 10:42:53.403   218   451 E DUSS&63[       tcp_async_connect: 328]:: [sys]Error in delayed connection() - Connection refused
08-19 10:42:53.403   218   451 E DUSS&63[           tcp_reconnect: 197]:: [sys]first connect failed, err=Operation now in progress, will try later
08-19 10:42:53.403   218   451 I DUSS&63[           tcp_reconnect: 201]:: [sys]before join the old connect task
08-19 10:42:53.403   218   451 I DUSS&63[           tcp_reconnect: 206]:: [sys]success joined the connect task
08-19 10:42:53.403   218 27751 I DUSS&63[      tcp_connect_thread: 139]:: [sys]start to connect, fd=94
08-19 10:42:53.403   218 27751 I DUSS&63[      tcp_connect_thread: 143]:: [sys]WL TCP State change to connecting
08-19 10:42:55.403   218 27751 W DUSS&63[       tcp_async_connect: 311]:: [sys]EINPROGRESS in connect() - selecting,addr=192.168.41.1
08-19 10:42:56.403   218 27751 W DUSS&63[       tcp_async_connect: 334]:: [sys]Timeout in select() - Cancelling, addr=192.168.41.1
08-19 10:42:57.974   220   295 I DUSS&63[ sys_common_get_cfg_file:1355]:: +++request file from 0x200: req type 1, off 0, len -1
08-19 10:42:57.974   220   295 I DUSS&63[           _get_cfg_file:1285]:: +++request cfg file /data/upgrade/wm330_0000.cfg.sig
08-19 10:42:57.975   220   295 I DUSS&63[ sys_common_get_cfg_file:1389]:: get cfg/log file from 0x200: req type 1, off 0, len 980; ack aclen 980, leftlen 5548, ret=0
08-19 10:42:58.025   220   295 I DUSS&63[ sys_common_get_cfg_file:1389]:: get cfg/log file from 0x200: req type 1, off 980, len 980; ack aclen 980, leftlen 4568, ret=0
08-19 10:42:58.027   220   295 I DUSS&63[ sys_common_get_cfg_file:1389]:: get cfg/log file from 0x200: req type 1, off 1960, len 980; ack aclen 980, leftlen 3588, ret=0
08-19 10:42:58.030   220   295 I DUSS&63[ sys_common_get_cfg_file:1389]:: get cfg/log file from 0x200: req type 1, off 2940, len 980; ack aclen 980, leftlen 2608, ret=0
08-19 10:42:58.035   220   295 I DUSS&63[ sys_common_get_cfg_file:1389]:: get cfg/log file from 0x200: req type 1, off 3920, len 980; ack aclen 980, leftlen 1628, ret=0
08-19 10:42:58.037   220   295 I DUSS&63[ sys_common_get_cfg_file:1389]:: get cfg/log file from 0x200: req type 1, off 4900, len 980; ack aclen 980, leftlen 648, ret=0
08-19 10:42:58.039   220   295 I DUSS&63[ sys_common_get_cfg_file:1389]:: get cfg/log file from 0x200: req type 1, off 5880, len 980; ack aclen 648, leftlen 0, ret=0
08-19 10:43:23.877   220   306 W DUSS&63[       tcp_async_connect: 311]:: [sys]EINPROGRESS in connect() - selecting,addr=192.168.41.3
08-19 10:43:24.878   220   306 W DUSS&63[       tcp_async_connect: 334]:: [sys]Timeout in select() - Cancelling, addr=192.168.41.3
08-19 10:43:28.202   220   295 I DUSS&63[sys_event_self_define_cm: 457]:: check compability from 0x801, this_host=0xd01
08-19 10:43:28.202   220   295 I DUSS&63[   sys_check_compability: 207]:: from 0x801, this_host=0xd01, dev_type=1
08-19 10:43:28.202   220   295 I DUSS&63[   sys_check_compability: 210]:: package_str=wm220, package_ver=1.4.400
08-19 10:43:28.202   220   295 I DUSS&63[   sys_check_compability: 212]:: peer_str=wm220, peer_ver=1.4.400
08-19 10:43:28.202   220   295 I DUSS&63[   sys_check_compability: 219]:: package_uav_cnt=20, package_gls_cnt=0
08-19 10:43:28.202   220   295 I DUSS&63[   sys_check_compability: 261]:: the same product, and self version is the same or older than peer
08-19 10:43:28.233   220   305 E DUSS&63[        wl_prot_tcp_recv: 749]:: [sys]WL TCP State change to disconnect, cur_fd=20, addr=192.168.41.1
08-19 10:43:28.233   220   305 I DUSS&63[           tcp_reconnect: 193]:: [sys]new socket fd 17, need connect
08-19 10:43:28.234   220   305 W DUSS&63[       tcp_async_connect: 311]:: [sys]EINPROGRESS in connect() - selecting,addr=192.168.41.1
08-19 10:43:28.269   220   305 I DUSS&63[       tcp_async_connect: 375]:: [sys]connect to 192.168.41.1 success
08-19 10:43:28.269   220   305 I DUSS&63[           tcp_reconnect: 229]:: [sys]WL TCP State change to connected
08-19 10:43:29.078   220   295 I DUSS&63[ sys_common_get_cfg_file:1355]:: +++request file from 0x200: req type 1, off 0, len -1
08-19 10:43:29.078   220   295 I DUSS&63[           _get_cfg_file:1285]:: +++request cfg file /data/upgrade/wm330_0000.cfg.sig
08-19 10:43:29.079   220   295 I DUSS&63[ sys_common_get_cfg_file:1389]:: get cfg/log file from 0x200: req type 1, off 0, len 980; ack aclen 980, leftlen 5548, ret=0
08-19 10:43:29.092   220   295 I DUSS&63[ sys_common_get_cfg_file:1389]:: get cfg/log file from 0x200: req type 1, off 980, len 980; ack aclen 980, leftlen 4568, ret=0
08-19 10:43:29.142   220   295 I DUSS&63[ sys_common_get_cfg_file:1389]:: get cfg/log file from 0x200: req type 1, off 1960, len 980; ack aclen 980, leftlen 3588, ret=0
08-19 10:43:29.193   220   295 I DUSS&63[ sys_common_get_cfg_file:1389]:: get cfg/log file from 0x200: req type 1, off 2940, len 980; ack aclen 980, leftlen 2608, ret=0
08-19 10:43:29.197   220   295 I DUSS&63[ sys_common_get_cfg_file:1389]:: get cfg/log file from 0x200: req type 1, off 3920, len 980; ack aclen 980, leftlen 1628, ret=0
08-19 10:43:29.205   220   295 I DUSS&63[ sys_common_get_cfg_file:1389]:: get cfg/log file from 0x200: req type 1, off 4900, len 980; ack aclen 980, leftlen 648, ret=0
08-19 10:43:29.255   220   295 I DUSS&63[ sys_common_get_cfg_file:1389]:: get cfg/log file from 0x200: req type 1, off 5880, len 980; ack aclen 648, leftlen 0, ret=0
08-19 10:43:36.406   218 27751 W DUSS&63[       tcp_async_connect: 311]:: [sys]EINPROGRESS in connect() - selecting,addr=192.168.41.1
08-19 10:43:36.435   218 27751 I DUSS&63[       tcp_async_connect: 375]:: [sys]connect to 192.168.41.1 success
08-19 10:43:36.435   218 27751 I DUSS&63[      tcp_connect_thread: 152]:: [sys]connected to 192.168.41.1
08-19 10:43:36.435   218 27751 I DUSS&63[      tcp_connect_thread: 160]:: [sys]WL TCP State change to connected
08-19 10:44:04.883   220   306 W DUSS&63[       tcp_async_connect: 311]:: [sys]EINPROGRESS in connect() - selecting,addr=192.168.41.3
08-19 10:44:05.884   220   306 W DUSS&63[       tcp_async_connect: 334]:: [sys]Timeout in select() - Cancelling, addr=192.168.41.3
08-19 10:44:45.890   220   306 W DUSS&63[       tcp_async_connect: 311]:: [sys]EINPROGRESS in connect() - selecting,addr=192.168.41.3
08-19 10:44:46.891   220   306 W DUSS&63[       tcp_async_connect: 334]:: [sys]Timeout in select() - Cancelling, addr=192.168.41.3
08-19 10:45:26.897   220   306 W DUSS&63[       tcp_async_connect: 311]:: [sys]EINPROGRESS in connect() - selecting,addr=192.168.41.3
08-19 10:45:27.898   220   306 W DUSS&63[       tcp_async_connect: 334]:: [sys]Timeout in select() - Cancelling, addr=192.168.41.3
08-19 10:46:07.903   220   306 W DUSS&63[       tcp_async_connect: 311]:: [sys]EINPROGRESS in connect() - selecting,addr=192.168.41.3
08-19 10:46:08.904   220   306 W DUSS&63[       tcp_async_connect: 334]:: [sys]Timeout in select() - Cancelling, addr=192.168.41.3
08-19 10:46:48.909   220   306 W DUSS&63[       tcp_async_connect: 311]:: [sys]EINPROGRESS in connect() - selecting,addr=192.168.41.3
08-19 10:46:49.910   220   306 W DUSS&63[       tcp_async_connect: 334]:: [sys]Timeout in select() - Cancelling, addr=192.168.41.3
08-19 10:47:29.916   220   306 W DUSS&63[       tcp_async_connect: 311]:: [sys]EINPROGRESS in connect() - selecting,addr=192.168.41.3
08-19 10:47:30.917   220   306 W DUSS&63[       tcp_async_connect: 334]:: [sys]Timeout in select() - Cancelling, addr=192.168.41.3
08-19 10:48:10.922   220   306 W DUSS&63[       tcp_async_connect: 311]:: [sys]EINPROGRESS in connect() - selecting,addr=192.168.41.3
08-19 10:48:11.923   220   306 W DUSS&63[       tcp_async_connect: 334]:: [sys]Timeout in select() - Cancelling, addr=192.168.41.3
08-19 10:48:33.355   218   451 E DUSS&63[        wl_prot_tcp_recv: 749]:: [sys]WL TCP State change to disconnect, cur_fd=94, addr=192.168.41.1
08-19 10:48:33.355   218   451 I DUSS&63[           tcp_reconnect: 193]:: [sys]new socket fd 99, need connect
08-19 10:48:33.355   218   451 W DUSS&63[       tcp_async_connect: 311]:: [sys]EINPROGRESS in connect() - selecting,addr=192.168.41.1
08-19 10:48:33.541   218   451 E DUSS&63[       tcp_async_connect: 328]:: [sys]Error in delayed connection() - Connection refused
08-19 10:48:33.541   218   451 E DUSS&63[           tcp_reconnect: 197]:: [sys]first connect failed, err=Operation now in progress, will try later
08-19 10:48:33.541   218   451 I DUSS&63[           tcp_reconnect: 201]:: [sys]before join the old connect task
08-19 10:48:33.541   218   451 I DUSS&63[           tcp_reconnect: 206]:: [sys]success joined the connect task
08-19 10:48:33.541   218  8733 I DUSS&63[      tcp_connect_thread: 139]:: [sys]start to connect, fd=99
08-19 10:48:33.541   218  8733 I DUSS&63[      tcp_connect_thread: 143]:: [sys]WL TCP State change to connecting
08-19 10:48:35.542   218  8733 W DUSS&63[       tcp_async_connect: 311]:: [sys]EINPROGRESS in connect() - selecting,addr=192.168.41.1
08-19 10:48:36.542   218  8733 W DUSS&63[       tcp_async_connect: 334]:: [sys]Timeout in select() - Cancelling, addr=192.168.41.1
08-19 10:48:43.634   220   295 I DUSS&63[        sys_event_reboot:1415]:: receive reboot from 0x600, this_host=0xd01
08-19 10:48:43.634   220   295 I DUSS&63[        sys_event_reboot:1421]:: Get reboot callback. .
08-19 10:48:43.634   220   295 I DUSS&63[           sys_p1_reboot:5026]:: Request power/boot 2 after 2000 ms from 0x600
                                                                                                                                            ===/data/dji/log is already a link===
===/data/dji/blackbox is already a link===


!!!new file start!!!

01-01 00:00:04.473   227   227 I DUSS&63[                    main: 670]:: dji_sys run as dev_type 1, duss_sketch_initialize done...
01-01 00:00:04.477   227   227 I DUSS&63[sys_load_config_from_jso: 154]:: Get the hw_str WM220 RC
01-01 00:00:04.477   227   227 W DUSS&63[sys_load_config_from_jso: 160]:: Can't find platform:system_init domain! Call default routing...
01-01 00:00:04.478   227   227 I DUSS&63[         sys_load_config: 501]:: platform dev_info: WM220 1860RC
01-01 00:00:04.493   227   227 I DUSS&63[sys_check_boot_mode_norm: 346]:: Set system mode to NORMAL.
01-01 00:00:04.550   227   227 I DUSS&63[sys_up_load_general_stat: 203]:: get option_value wm220 for package_id
01-01 00:00:04.550   227   227 I DUSS&63[sys_up_load_general_stat: 204]:: updated package_str wm220
01-01 00:00:04.550   227   227 I DUSS&63[sys_up_load_general_stat: 211]:: get package_ver 1.4.400
01-01 00:00:04.550   227   227 I DUSS&63[sys_up_load_general_stat: 211]:: 
01-01 00:00:04.550   227   227 I DUSS&63[sys_up_load_general_stat: 215]:: updated package_ver 1.4.400
01-01 00:00:04.550   227   227 I DUSS&63[sys_up_load_general_stat: 222]:: get package_uav_cnt 20
01-01 00:00:04.550   227   227 I DUSS&63[sys_up_load_general_stat: 222]:: 
01-01 00:00:04.550   227   227 I DUSS&63[sys_up_load_general_stat: 224]:: updated package_uav_cnt 20
01-01 00:00:04.550   227   227 I DUSS&63[sys_up_load_general_stat: 231]:: get package_gnd_cnt 3
01-01 00:00:04.550   227   227 I DUSS&63[sys_up_load_general_stat: 231]:: 
01-01 00:00:04.550   227   227 I DUSS&63[sys_up_load_general_stat: 233]:: updated package_gnd_cnt 3
01-01 00:00:04.550   227   227 I DUSS&63[sys_up_load_general_stat: 240]:: get package_gls_cnt 0
01-01 00:00:04.550   227   227 I DUSS&63[sys_up_load_general_stat: 240]:: 
01-01 00:00:04.550   227   227 I DUSS&63[sys_up_load_general_stat: 242]:: updated package_gls_cnt 0
01-01 00:00:04.550   227   227 W DUSS&63[sys_up_load_general_stat: 251]:: can not get option_value for wm22x_type, use wm220 by default
01-01 00:00:04.550   227   227 I DUSS&63[sys_up_load_upgrade_stat: 275]:: file /cache/upgrade_status not exist, return directly
01-01 00:00:04.558   227   227 I DUSS&63[sys_upgrade_check_status:5266]:: didn't save upgrade_retry in last boot
01-01 00:00:04.558   227   227 I DUSS&63[sys_upgrade_check_status:5292]:: non need to push upgrade status, set upgrade status to idle.
01-01 00:00:04.672   227   227 I DUSS&63[            sys_pre_init: 547]:: this is production board
01-01 00:00:04.719   227   227 I DUSS&63[      wl_prot_tcp_create: 404]:: [sys]open_type=0, local_port=0, remote_ip=192.168.41.1, remote_port=22350, l_ctx=0xb71bbdf8 
01-01 00:00:04.719   227   227 I DUSS&63[      wl_prot_tcp_create: 467]:: [sys]first connect failed, err=Network is unreachable
01-01 00:00:04.720   227   227 I DUSS&63[      wl_prot_tcp_create: 500]:: [sys]create tcp channel success, l_ctx=0xb71bbdf8
01-01 00:00:04.720   227   314 I DUSS&63[      tcp_connect_thread: 139]:: [sys]start to connect, fd=17
01-01 00:00:04.720   227   314 I DUSS&63[      tcp_connect_thread: 143]:: [sys]WL TCP State change to connecting
01-01 00:00:04.720   227   227 I DUSS&63[      wl_prot_tcp_create: 404]:: [sys]open_type=0, local_port=0, remote_ip=192.168.41.3, remote_port=22351, l_ctx=0xb71bcf98 
01-01 00:00:04.721   227   227 I DUSS&63[      wl_prot_tcp_create: 467]:: [sys]first connect failed, err=Network is unreachable
01-01 00:00:04.721   227   227 I DUSS&63[      wl_prot_tcp_create: 500]:: [sys]create tcp channel success, l_ctx=0xb71bcf98
01-01 00:00:04.721   227   318 I DUSS&63[      tcp_connect_thread: 139]:: [sys]start to connect, fd=18
01-01 00:00:04.721   227   318 I DUSS&63[      tcp_connect_thread: 143]:: [sys]WL TCP State change to connecting
01-01 00:00:04.723   227   227 I DUSS&63[        sys_events_start:  96]:: aging_test_mode=0, system_mode=0
01-01 00:00:04.723   227   322 I DUSS&63[sys_up_status_push_threa: 863]:: pushing thread start, stop_pushing=1, push_status=0
01-01 00:00:04.724   227   227 I DUSS&63[       sys_check_pc_conn: 313]:: For pc connection, usb state is DISCONNECTED
01-01 00:00:04.724   227   227 I DUSS&63[           sys_post_init: 578]:: conn_pc=0 when init
01-01 00:00:04.724   227   227 E DUSS&63[sys_event_pc_through_rc_:1198]:: Find route item to pc by wl channel fail: -1001
01-01 00:00:04.725   227   227 I DUSS&63[sys_flight_data_do_first: 637]:: gnd, no need to check whether to send nfz.db to uav anymore
01-01 00:00:04.736   227   227 I DUSS&63[        sys_version_scan: 130]:: Got signed cfg file /vendor/cfg/wm220_ac_fw_v01_04_0400.cfg.sig
01-01 00:00:04.791   227   227 I DUSS&63[        sys_version_scan: 157]:: unsign the backup cfg file.
01-01 00:00:04.839   227   227 I DUSS&63[       sys_p1_unsign_img:1960]:: verify results: passed to verify image /vendor/cfg/wm220_ac_fw_v01_04_0400.cfg.sig
01-01 00:00:04.840   227   227 I DUSS&63[       sys_p1_unsign_img:1968]:: dji_verify -n 0000 -o /tmp/wm330_0000.xml '/vendor/cfg/wm220_ac_fw_v01_04_0400.cfg.sig' exit status 0, return 0
01-01 00:00:04.840   227   227 I DUSS&63[       sys_p1_unsign_img:1976]:: dji_verify -n 0000 -o /tmp/wm330_0000.xml '/vendor/cfg/wm220_ac_fw_v01_04_0400.cfg.sig' success.
01-01 00:00:04.840   227   227 I DUSS&63[        sys_version_scan: 167]:: check the system compability..
01-01 00:00:04.840   227   227 I DUSS&63[  need_check_compability:  89]:: will send revert SYS_SELF_DEF_CMD_NEED_CHK_COMP to id=8, index=1
01-01 00:00:04.840   227   227 I DUSS&63[  need_check_compability: 109]:: dev_type=1, dev_id=wm220, pack_ver=1.4.400
01-01 00:00:06.630   227   324 E DUSS&63[find_and_kill_all_udhcpd: 457]:: pid 180's cmdline: busybox udhcpd
01-01 00:00:06.631   227   324 E DUSS&63[find_and_kill_all_udhcpd: 460]:: execute busybox kill 180
01-01 00:00:06.639   227   324 E DUSS&63[find_and_kill_all_udhcpd: 457]:: pid 181's cmdline: busybox tcpsvd
01-01 00:00:06.639   227   324 I DUSS&63[ handle_dji_device_event: 284]:: kill udhcpd service (busybox)
01-01 00:00:06.841   227   227 E DUSS&63[  need_check_compability: 118]:: can not get response from 0x801, result=-1002, retry_count=0
01-01 00:00:06.957   225   225 I DUSS&63[      wl_prot_tcp_create: 404]:: [sys]open_type=0, local_port=0, remote_ip=192.168.41.1, remote_port=22352, l_ctx=0xb71a7050 
01-01 00:00:06.958   225   225 I DUSS&63[      wl_prot_tcp_create: 467]:: [sys]first connect failed, err=Network is unreachable
01-01 00:00:06.958   225   225 I DUSS&63[      wl_prot_tcp_create: 500]:: [sys]create tcp channel success, l_ctx=0xb71a7050
01-01 00:00:06.958   225   461 I DUSS&63[      tcp_connect_thread: 139]:: [sys]start to connect, fd=49
01-01 00:00:06.958   225   461 I DUSS&63[      tcp_connect_thread: 143]:: [sys]WL TCP State change to connecting
01-01 00:00:07.720   227   314 W DUSS&63[       tcp_async_connect: 311]:: [sys]EINPROGRESS in connect() - selecting,addr=192.168.41.1
01-01 00:00:07.722   227   318 W DUSS&63[       tcp_async_connect: 311]:: [sys]EINPROGRESS in connect() - selecting,addr=192.168.41.3
01-01 00:00:07.958   225   461 W DUSS&63[       tcp_async_connect: 311]:: [sys]EINPROGRESS in connect() - selecting,addr=192.168.41.1
01-01 00:00:08.721   227   314 W DUSS&63[       tcp_async_connect: 334]:: [sys]Timeout in select() - Cancelling, addr=192.168.41.1
01-01 00:00:08.723   227   318 W DUSS&63[       tcp_async_connect: 334]:: [sys]Timeout in select() - Cancelling, addr=192.168.41.3
01-01 00:00:08.941   227   227 E DUSS&63[  need_check_compability: 118]:: can not get response from 0x801, result=-1002, retry_count=1
01-01 00:00:08.941   227   227 I DUSS&63[sys_need_check_compabili: 167]:: on gnd, *add_uav=0
01-01 00:00:08.941   227   227 I DUSS&63[sys_need_check_compabili: 172]:: no gls images for last package, set add_gls to 0
01-01 00:00:08.944   227   227 I DUSS&63[sys_p1_check_compability: 239]:: get device_id wm220 from xml
01-01 00:00:08.944   227   227 I DUSS&63[sys_p1_check_compability: 253]:: get last updated package version  Major=1, minor=4, build=400
01-01 00:00:08.944   227   227 I DUSS&63[        sys_p1_check_ver:2608]:: check version for wm220_0907_v47.26.02.18_20170801.pro.fw.sig
01-01 00:00:08.945   227   227 I DUSS&63[        sys_p1_check_ver:2655]:: skip module dev_id=0x9, dev_index=0x7 on dev 0, current gnd: add_uav=0, add_gls=0
01-01 00:00:08.945   227   227 E DUSS&63[sys_p1_check_compability: 281]:: check version for file wm220_0907_v47.26.02.18_20170801.pro.fw.sig error
01-01 00:00:08.945   227   227 I DUSS&63[        sys_p1_check_ver:2608]:: check version for wm220_0305_v34.04.00.24_20170726.pro.fw.sig
01-01 00:00:08.945   227   227 I DUSS&63[        sys_p1_check_ver:2655]:: skip module dev_id=0x3, dev_index=0x5 on dev 0, current gnd: add_uav=0, add_gls=0
01-01 00:00:08.945   227   227 E DUSS&63[sys_p1_check_compability: 281]:: check version for file wm220_0305_v34.04.00.24_20170726.pro.fw.sig error
01-01 00:00:08.945   227   227 I DUSS&63[        sys_p1_check_ver:2608]:: check version for wm220_0306_v03.02.44.07_20171116.pro.fw.sig
01-01 00:00:08.945   227   227 I DUSS&63[        sys_p1_check_ver:2655]:: skip module dev_id=0x3, dev_index=0x6 on dev 0, current gnd: add_uav=0, add_gls=0
01-01 00:00:08.945   227   227 E DUSS&63[sys_p1_check_compability: 281]:: check version for file wm220_0306_v03.02.44.07_20171116.pro.fw.sig error
01-01 00:00:08.945   227   227 I DUSS&63[        sys_p1_check_ver:2608]:: check version for wm220_1100_v01.00.07.32_20170726.pro.fw.sig
01-01 00:00:08.945   227   227 I DUSS&63[        sys_p1_check_ver:2655]:: skip module dev_id=0xb, dev_index=0x0 on dev 0, current gnd: add_uav=0, add_gls=0
01-01 00:00:08.945   227   227 E DUSS&63[sys_p1_check_compability: 281]:: check version for file wm220_1100_v01.00.07.32_20170726.pro.fw.sig error
01-01 00:00:08.945   227   227 I DUSS&63[        sys_p1_check_ver:2608]:: check version for wm220_0803_v00.00.04.09_20170728.pro.fw.sig
01-01 00:00:08.945   227   227 I DUSS&63[        sys_p1_check_ver:2655]:: skip module dev_id=0x8, dev_index=0x3 on dev 0, current gnd: add_uav=0, add_gls=0
01-01 00:00:08.945   227   227 E DUSS&63[sys_p1_check_compability: 281]:: check version for file wm220_0803_v00.00.04.09_20170728.pro.fw.sig error
01-01 00:00:08.945   227   227 I DUSS&63[        sys_p1_check_ver:2608]:: check version for wm220_0100_v02.08.56.68_20180122.pro.fw.sig
01-01 00:00:08.945   227   227 I DUSS&63[        sys_p1_check_ver:2655]:: skip module dev_id=0x1, dev_index=0x0 on dev 0, current gnd: add_uav=0, add_gls=0
01-01 00:00:08.945   227   227 E DUSS&63[sys_p1_check_compability: 281]:: check version for file wm220_0100_v02.08.56.68_20180122.pro.fw.sig error
01-01 00:00:08.945   227   227 I DUSS&63[        sys_p1_check_ver:2608]:: check version for wm220_0100_v02.10.05.19_20180122_ca02.pro.fw.sig
01-01 00:00:08.945   227   227 I DUSS&63[        sys_p1_check_ver:2655]:: skip module dev_id=0x1, dev_index=0x0 on dev 0, current gnd: add_uav=0, add_gls=0
01-01 00:00:08.945   227   227 E DUSS&63[sys_p1_check_compability: 281]:: check version for file wm220_0100_v02.10.05.19_20180122_ca02.pro.fw.sig error
01-01 00:00:08.945   227   227 I DUSS&63[        sys_p1_check_ver:2608]:: check version for wm220_0101_v02.08.56.68_20180122.pro.fw.sig
01-01 00:00:08.945   227   227 I DUSS&63[        sys_p1_check_ver:2655]:: skip module dev_id=0x1, dev_index=0x1 on dev 0, current gnd: add_uav=0, add_gls=0
01-01 00:00:08.945   227   227 E DUSS&63[sys_p1_check_compability: 281]:: check version for file wm220_0101_v02.08.56.68_20180122.pro.fw.sig error
01-01 00:00:08.945   227   227 I DUSS&63[        sys_p1_check_ver:2608]:: check version for wm220_0101_v02.10.05.19_20180122_ca02.pro.fw.sig
01-01 00:00:08.945   227   227 I DUSS&63[        sys_p1_check_ver:2655]:: skip module dev_id=0x1, dev_index=0x1 on dev 0, current gnd: add_uav=0, add_gls=0
01-01 00:00:08.945   227   227 E DUSS&63[sys_p1_check_compability: 281]:: check version for file wm220_0101_v02.10.05.19_20180122_ca02.pro.fw.sig error
01-01 00:00:08.946   227   227 I DUSS&63[        sys_p1_check_ver:2608]:: check version for wm220_0400_v01.50.12.10_20170809.pro.fw.sig
01-01 00:00:08.946   227   227 I DUSS&63[        sys_p1_check_ver:2655]:: skip module dev_id=0x4, dev_index=0x0 on dev 0, current gnd: add_uav=0, add_gls=0
01-01 00:00:08.946   227   227 E DUSS&63[sys_p1_check_compability: 281]:: check version for file wm220_0400_v01.50.12.10_20170809.pro.fw.sig error
01-01 00:00:08.946   227   227 I DUSS&63[        sys_p1_check_ver:2608]:: check version for wm220_0804_v01.00.00.11_20170828.pro.fw.sig
01-01 00:00:08.946   227   227 I DUSS&63[        sys_p1_check_ver:2655]:: skip module dev_id=0x8, dev_index=0x4 on dev 0, current gnd: add_uav=0, add_gls=0
01-01 00:00:08.946   227   227 E DUSS&63[sys_p1_check_compability: 281]:: check version for file wm220_0804_v01.00.00.11_20170828.pro.fw.sig error
01-01 00:00:08.946   227   227 I DUSS&63[        sys_p1_check_ver:2608]:: check version for wm220_0801_v01.06.00.46_20180613.pro.fw.sig
01-01 00:00:08.946   227   227 I DUSS&63[        sys_p1_check_ver:2655]:: skip module dev_id=0x8, dev_index=0x1 on dev 0, current gnd: add_uav=0, add_gls=0
01-01 00:00:08.946   227   227 E DUSS&63[sys_p1_check_compability: 281]:: check version for file wm220_0801_v01.06.00.46_20180613.pro.fw.sig error
01-01 00:00:08.946   227   227 I DUSS&63[        sys_p1_check_ver:2608]:: check version for wm220_1200_v01.10.00.00_20170731.pro.fw.sig
01-01 00:00:08.946   227   227 I DUSS&63[        sys_p1_check_ver:2655]:: skip module dev_id=0xc, dev_index=0x0 on dev 0, current gnd: add_uav=0, add_gls=0
01-01 00:00:08.946   227   227 E DUSS&63[sys_p1_check_compability: 281]:: check version for file wm220_1200_v01.10.00.00_20170731.pro.fw.sig error
01-01 00:00:08.946   227   227 I DUSS&63[        sys_p1_check_ver:2608]:: check version for wm220_1200_v01.01.00.72_20180515_es02.pro.fw.sig
01-01 00:00:08.946   227   227 I DUSS&63[        sys_p1_check_ver:2655]:: skip module dev_id=0xc, dev_index=0x0 on dev 0, current gnd: add_uav=0, add_gls=0
01-01 00:00:08.946   227   227 E DUSS&63[sys_p1_check_compability: 281]:: check version for file wm220_1200_v01.01.00.72_20180515_es02.pro.fw.sig error
01-01 00:00:08.946   227   227 I DUSS&63[        sys_p1_check_ver:2608]:: check version for wm220_1201_v01.10.00.00_20170731.pro.fw.sig
01-01 00:00:08.946   227   227 I DUSS&63[        sys_p1_check_ver:2655]:: skip module dev_id=0xc, dev_index=0x1 on dev 0, current gnd: add_uav=0, add_gls=0
01-01 00:00:08.946   227   227 E DUSS&63[sys_p1_check_compability: 281]:: check version for file wm220_1201_v01.10.00.00_20170731.pro.fw.sig error
01-01 00:00:08.946   227   227 I DUSS&63[        sys_p1_check_ver:2608]:: check version for wm220_1202_v01.10.00.00_20170731.pro.fw.sig
01-01 00:00:08.946   227   227 I DUSS&63[        sys_p1_check_ver:2655]:: skip module dev_id=0xc, dev_index=0x2 on dev 0, current gnd: add_uav=0, add_gls=0
01-01 00:00:08.946   227   227 E DUSS&63[sys_p1_check_compability: 281]:: check version for file wm220_1202_v01.10.00.00_20170731.pro.fw.sig error
01-01 00:00:08.946   227   227 I DUSS&63[        sys_p1_check_ver:2608]:: check version for wm220_1203_v01.10.00.00_20170731.pro.fw.sig
01-01 00:00:08.946   227   227 I DUSS&63[        sys_p1_check_ver:2655]:: skip module dev_id=0xc, dev_index=0x3 on dev 0, current gnd: add_uav=0, add_gls=0
01-01 00:00:08.946   227   227 E DUSS&63[sys_p1_check_compability: 281]:: check version for file wm220_1203_v01.10.00.00_20170731.pro.fw.sig error
01-01 00:00:08.946   227   227 I DUSS&63[        sys_p1_check_ver:2608]:: check version for wm220_0802_v01.01.00.02_20170729.pro.fw.sig
01-01 00:00:08.947   227   227 I DUSS&63[        sys_p1_check_ver:2655]:: skip module dev_id=0x8, dev_index=0x2 on dev 0, current gnd: add_uav=0, add_gls=0
01-01 00:00:08.947   227   227 E DUSS&63[sys_p1_check_compability: 281]:: check version for file wm220_0802_v01.01.00.02_20170729.pro.fw.sig error
01-01 00:00:08.947   227   227 I DUSS&63[        sys_p1_check_ver:2608]:: check version for wm220_0805_v01.04.00.99_20180601.pro.fw.sig
01-01 00:00:08.947   227   227 I DUSS&63[        sys_p1_check_ver:2655]:: skip module dev_id=0x8, dev_index=0x5 on dev 0, current gnd: add_uav=0, add_gls=0
01-01 00:00:08.947   227   227 E DUSS&63[sys_p1_check_compability: 281]:: check version for file wm220_0805_v01.04.00.99_20180601.pro.fw.sig error
01-01 00:00:08.947   227   227 I DUSS&63[        sys_p1_check_ver:2608]:: check version for wm220_1407_v47.26.02.18_20170801.pro.fw.sig
01-01 00:00:08.947   227   304 I DUSS&63[   sys_event_dev_ver_get: 258]:: from 0xa03, this_host=0xe07, dev_type=1, hw_str=WM220 RC
01-01 00:00:08.960   225   461 W DUSS&63[       tcp_async_connect: 334]:: [sys]Timeout in select() - Cancelling, addr=192.168.41.1
01-01 00:00:08.977   227   227 I DUSS&63[        sys_p1_check_ver:2723]:: 14:7: Same version.
01-01 00:00:08.977   227   227 I DUSS&63[        sys_p1_check_ver:2608]:: check version for wm220_0600_v00.00.01.28_20170727.pro.fw.sig
01-01 00:00:08.993   227   227 I DUSS&63[        sys_p1_check_ver:2723]:: 6:0: Same version.
01-01 00:00:08.993   227   227 I DUSS&63[        sys_p1_check_ver:2608]:: check version for wm220_1301_v01.06.00.46_20180613.pro.fw.sig
01-01 00:00:08.994   227   297 I DUSS&63[   sys_event_dev_ver_get: 258]:: from 0xa03, this_host=0xd01, dev_type=1, hw_str=WM220 RC
01-01 00:00:09.005   227   227 I DUSS&63[        sys_p1_check_ver:2723]:: 13:1: Same version.
01-01 00:00:09.005   227   227 I DUSS&63[sys_p1_check_compability: 274]:: /data/upgrade/backup//wm220_2807_v34.84.01.00_20180522.pro.fw.sig not exist!
01-01 00:00:09.005   227   227 I DUSS&63[        sys_p1_check_ver:2608]:: check version for wm220_2807_v34.84.01.00_20180522.pro.fw.sig
01-01 00:00:09.005   227   227 I DUSS&63[        sys_p1_check_ver:2655]:: skip module dev_id=0x1c, dev_index=0x7 on dev 2, current gnd: add_uav=0, add_gls=0
01-01 00:00:09.005   227   227 E DUSS&63[sys_p1_check_compability: 281]:: check version for file wm220_2807_v34.84.01.00_20180522.pro.fw.sig error
01-01 00:00:09.005   227   227 I DUSS&63[sys_p1_check_compability: 274]:: /data/upgrade/backup//wm220_0601_v00.00.03.06_20170528.pro.fw.sig not exist!
01-01 00:00:09.005   227   227 I DUSS&63[        sys_p1_check_ver:2608]:: check version for wm220_0601_v00.00.03.06_20170528.pro.fw.sig
01-01 00:00:09.005   227   227 I DUSS&63[        sys_p1_check_ver:2655]:: skip module dev_id=0x6, dev_index=0x1 on dev 2, current gnd: add_uav=0, add_gls=0
01-01 00:00:09.005   227   227 E DUSS&63[sys_p1_check_compability: 281]:: check version for file wm220_0601_v00.00.03.06_20170528.pro.fw.sig error
01-01 00:00:09.005   227   227 I DUSS&63[sys_p1_check_compability: 274]:: /data/upgrade/backup//wm220_0603_v00.00.06.09_20170728.pro.fw.sig not exist!
01-01 00:00:09.005   227   227 I DUSS&63[        sys_p1_check_ver:2608]:: check version for wm220_0603_v00.00.06.09_20170728.pro.fw.sig
01-01 00:00:09.005   227   227 I DUSS&63[        sys_p1_check_ver:2655]:: skip module dev_id=0x6, dev_index=0x3 on dev 2, current gnd: add_uav=0, add_gls=0
01-01 00:00:09.005   227   227 E DUSS&63[sys_p1_check_compability: 281]:: check version for file wm220_0603_v00.00.06.09_20170728.pro.fw.sig error
01-01 00:00:09.005   227   227 I DUSS&63[sys_p1_check_compability: 274]:: /data/upgrade/backup//wm220_2801_v01.04.01.09_20180612.pro.fw.sig not exist!
01-01 00:00:09.005   227   227 I DUSS&63[        sys_p1_check_ver:2608]:: check version for wm220_2801_v01.04.01.09_20180612.pro.fw.sig
01-01 00:00:09.005   227   227 I DUSS&63[        sys_p1_check_ver:2655]:: skip module dev_id=0x1c, dev_index=0x1 on dev 2, current gnd: add_uav=0, add_gls=0
01-01 00:00:09.005   227   227 E DUSS&63[sys_p1_check_compability: 281]:: check version for file wm220_2801_v01.04.01.09_20180612.pro.fw.sig error
01-01 00:00:09.005   227   227 I DUSS&63[sys_p1_check_compability: 274]:: /data/upgrade/backup//wm220_2803_v00.00.03.07_20170228.pro.fw.sig not exist!
01-01 00:00:09.005   227   227 I DUSS&63[        sys_p1_check_ver:2608]:: check version for wm220_2803_v00.00.03.07_20170228.pro.fw.sig
01-01 00:00:09.005   227   227 I DUSS&63[        sys_p1_check_ver:2655]:: skip module dev_id=0x1c, dev_index=0x3 on dev 2, current gnd: add_uav=0, add_gls=0
01-01 00:00:09.005   227   227 E DUSS&63[sys_p1_check_compability: 281]:: check version for file wm220_2803_v00.00.03.07_20170228.pro.fw.sig error
01-01 00:00:09.005   227   227 I DUSS&63[sys_p1_check_compability: 274]:: /data/upgrade/backup//wm220_2803_v00.00.03.08_20170302_cd01.pro.fw.sig not exist!
01-01 00:00:09.005   227   227 I DUSS&63[        sys_p1_check_ver:2608]:: check version for wm220_2803_v00.00.03.08_20170302_cd01.pro.fw.sig
01-01 00:00:09.005   227   227 I DUSS&63[        sys_p1_check_ver:2655]:: skip module dev_id=0x1c, dev_index=0x3 on dev 2, current gnd: add_uav=0, add_gls=0
01-01 00:00:09.005   227   227 E DUSS&63[sys_p1_check_compability: 281]:: check version for file wm220_2803_v00.00.03.08_20170302_cd01.pro.fw.sig error
01-01 00:00:09.005   227   227 I DUSS&63[sys_p1_check_compability: 274]:: /data/upgrade/backup//wm220_2803_v00.00.03.08_20170302_cd02.pro.fw.sig not exist!
01-01 00:00:09.005   227   227 I DUSS&63[        sys_p1_check_ver:2608]:: check version for wm220_2803_v00.00.03.08_20170302_cd02.pro.fw.sig
01-01 00:00:09.005   227   227 I DUSS&63[        sys_p1_check_ver:2655]:: skip module dev_id=0x1c, dev_index=0x3 on dev 2, current gnd: add_uav=0, add_gls=0
01-01 00:00:09.005   227   227 E DUSS&63[sys_p1_check_compability: 281]:: check version for file wm220_2803_v00.00.03.08_20170302_cd02.pro.fw.sig error
01-01 00:00:09.005   227   227 I DUSS&63[sys_p1_check_compability: 274]:: /data/upgrade/backup//wm220_2803_v00.00.04.08_20170828_cd03.pro.fw.sig not exist!
01-01 00:00:09.005   227   227 I DUSS&63[        sys_p1_check_ver:2608]:: check version for wm220_2803_v00.00.04.08_20170828_cd03.pro.fw.sig
01-01 00:00:09.005   227   227 I DUSS&63[        sys_p1_check_ver:2655]:: skip module dev_id=0x1c, dev_index=0x3 on dev 2, current gnd: add_uav=0, add_gls=0
01-01 00:00:09.005   227   227 E DUSS&63[sys_p1_check_compability: 281]:: check version for file wm220_2803_v00.00.04.08_20170828_cd03.pro.fw.sig error
01-01 00:00:09.006   227   227 I DUSS&63[        sys_p1_check_ver:2608]:: check version for wm220_0905_v01.00.01.07_20170929.pro.fw.sig
01-01 00:00:09.006   227   227 I DUSS&63[        sys_p1_check_ver:2629]:: skip module for datacopy, dev_id=0x9, dev_index=0x5 
