01-01 00:00:07.986   227   227 I DUSS&63[        sys_p1_check_ver:2723]:: 13:1: Same version.
01-01 00:00:07.986   227   227 I DUSS&63[sys_p1_check_compability: 274]:: /data/upgrade/backup//wm220_2807_v34.93.04.07_20180820.pro.fw.sig not exist!
01-01 00:00:07.986   227   227 I DUSS&63[        sys_p1_check_ver:2608]:: check version for wm220_2807_v34.93.04.07_20180820.pro.fw.sig
01-01 00:00:07.986   227   227 I DUSS&63[        sys_p1_check_ver:2655]:: skip module dev_id=0x1c, dev_index=0x7 on dev 2, current gnd: add_uav=0, add_gls=0
01-01 00:00:07.986   227   227 E DUSS&63[sys_p1_check_compability: 281]:: check version for file wm220_2807_v34.93.04.07_20180820.pro.fw.sig error
01-01 00:00:07.986   227   227 I DUSS&63[sys_p1_check_compability: 274]:: /data/upgrade/backup//wm220_0601_v00.00.03.06_20170528.pro.fw.sig not exist!
01-01 00:00:07.986   227   227 I DUSS&63[        sys_p1_check_ver:2608]:: check version for wm220_0601_v00.00.03.06_20170528.pro.fw.sig
01-01 00:00:07.986   227   227 I DUSS&63[        sys_p1_check_ver:2655]:: skip module dev_id=0x6, dev_index=0x1 on dev 2, current gnd: add_uav=0, add_gls=0
01-01 00:00:07.986   227   227 E DUSS&63[sys_p1_check_compability: 281]:: check version for file wm220_0601_v00.00.03.06_20170528.pro.fw.sig error
01-01 00:00:07.986   227   227 I DUSS&63[sys_p1_check_compability: 274]:: /data/upgrade/backup//wm220_0603_v00.00.06.09_20170728.pro.fw.sig not exist!
01-01 00:00:07.986   227   227 I DUSS&63[        sys_p1_check_ver:2608]:: check version for wm220_0603_v00.00.06.09_20170728.pro.fw.sig
01-01 00:00:07.986   227   227 I DUSS&63[        sys_p1_check_ver:2655]:: skip module dev_id=0x6, dev_index=0x3 on dev 2, current gnd: add_uav=0, add_gls=0
01-01 00:00:07.986   227   227 E DUSS&63[sys_p1_check_compability: 281]:: check version for file wm220_0603_v00.00.06.09_20170728.pro.fw.sig error
01-01 00:00:07.986   227   227 I DUSS&63[sys_p1_check_compability: 274]:: /data/upgrade/backup//wm220_2801_v01.04.01.29_20180903.pro.fw.sig not exist!
01-01 00:00:07.986   227   227 I DUSS&63[        sys_p1_check_ver:2608]:: check version for wm220_2801_v01.04.01.29_20180903.pro.fw.sig
01-01 00:00:07.986   227   227 I DUSS&63[        sys_p1_check_ver:2655]:: skip module dev_id=0x1c, dev_index=0x1 on dev 2, current gnd: add_uav=0, add_gls=0
01-01 00:00:07.986   227   227 E DUSS&63[sys_p1_check_compability: 281]:: check version for file wm220_2801_v01.04.01.29_20180903.pro.fw.sig error
01-01 00:00:07.986   227   227 I DUSS&63[sys_p1_check_compability: 274]:: /data/upgrade/backup//wm220_2803_v00.00.03.07_20170228.pro.fw.sig not exist!
01-01 00:00:07.986   227   227 I DUSS&63[        sys_p1_check_ver:2608]:: check version for wm220_2803_v00.00.03.07_20170228.pro.fw.sig
01-01 00:00:07.986   227   227 I DUSS&63[        sys_p1_check_ver:2655]:: skip module dev_id=0x1c, dev_index=0x3 on dev 2, current gnd: add_uav=0, add_gls=0
01-01 00:00:07.986   227   227 E DUSS&63[sys_p1_check_compability: 281]:: check version for file wm220_2803_v00.00.03.07_20170228.pro.fw.sig error
01-01 00:00:07.986   227   227 I DUSS&63[sys_p1_check_compability: 274]:: /data/upgrade/backup//wm220_2803_v00.00.03.08_20170302_cd01.pro.fw.sig not exist!
01-01 00:00:07.986   227   227 I DUSS&63[        sys_p1_check_ver:2608]:: check version for wm220_2803_v00.00.03.08_20170302_cd01.pro.fw.sig
01-01 00:00:07.986   227   227 I DUSS&63[        sys_p1_check_ver:2655]:: skip module dev_id=0x1c, dev_index=0x3 on dev 2, current gnd: add_uav=0, add_gls=0
01-01 00:00:07.986   227   227 E DUSS&63[sys_p1_check_compability: 281]:: check version for file wm220_2803_v00.00.03.08_20170302_cd01.pro.fw.sig error
01-01 00:00:07.986   227   227 I DUSS&63[sys_p1_check_compability: 274]:: /data/upgrade/backup//wm220_2803_v00.00.03.08_20170302_cd02.pro.fw.sig not exist!
01-01 00:00:07.986   227   227 I DUSS&63[        sys_p1_check_ver:2608]:: check version for wm220_2803_v00.00.03.08_20170302_cd02.pro.fw.sig
01-01 00:00:07.986   227   227 I DUSS&63[        sys_p1_check_ver:2655]:: skip module dev_id=0x1c, dev_index=0x3 on dev 2, current gnd: add_uav=0, add_gls=0
01-01 00:00:07.986   227   227 E DUSS&63[sys_p1_check_compability: 281]:: check version for file wm220_2803_v00.00.03.08_20170302_cd02.pro.fw.sig error
01-01 00:00:07.986   227   227 I DUSS&63[sys_p1_check_compability: 274]:: /data/upgrade/backup//wm220_2803_v00.00.04.08_20170828_cd03.pro.fw.sig not exist!
01-01 00:00:07.986   227   227 I DUSS&63[        sys_p1_check_ver:2608]:: check version for wm220_2803_v00.00.04.08_20170828_cd03.pro.fw.sig
01-01 00:00:07.987   227   227 I DUSS&63[        sys_p1_check_ver:2655]:: skip module dev_id=0x1c, dev_index=0x3 on dev 2, current gnd: add_uav=0, add_gls=0
01-01 00:00:07.987   227   227 E DUSS&63[sys_p1_check_compability: 281]:: check version for file wm220_2803_v00.00.04.08_20170828_cd03.pro.fw.sig error
01-01 00:00:07.987   227   227 I DUSS&63[        sys_p1_check_ver:2608]:: check version for wm220_0905_v01.00.01.07_20170929.pro.fw.sig
01-01 00:00:07.987   227   227 I DUSS&63[        sys_p1_check_ver:2629]:: skip module for datacopy, dev_id=0x9, dev_index=0x5 
01-01 00:00:07.987   227   227 E DUSS&63[sys_p1_check_compability: 281]:: check version for file wm220_0905_v01.00.01.07_20170929.pro.fw.sig error
01-01 00:00:07.987   227   227 I DUSS&63[sys_p1_check_compability: 301]:: after check *comptbl = 0, p1_first=0
01-01 00:00:07.987   227   227 I DUSS&63[        sys_version_scan: 207]:: found system compatible with the large package
01-01 00:00:07.987   227   227 I DUSS&63[            sys_mainloop: 279]:: version scan done.
01-01 00:00:08.707   227   311 W DUSS&63[       tcp_async_connect: 334]:: [sys]Timeout in select() - Cancelling, addr=192.168.41.3
01-01 00:00:08.708   227   309 W DUSS&63[       tcp_async_connect: 334]:: [sys]Timeout in select() - Cancelling, addr=192.168.41.1
01-01 00:00:09.960   223   465 I DUSS&63[       tcp_async_connect: 375]:: [sys]connect to 192.168.41.1 success
01-01 00:00:09.960   223   465 I DUSS&63[      tcp_connect_thread: 152]:: [sys]connected to 192.168.41.1
01-01 00:00:09.960   223   465 I DUSS&63[      tcp_connect_thread: 160]:: [sys]WL TCP State change to connected
10-08 15:17:35.008   227   301 F DUSS&63[      sys_event_set_date: 101]:: Got sys_event_set_date message: 2018.10.08-15:17:35, result 0
10-08 15:17:35.070   227   308 I DUSS&63[   sys_event_dev_ver_get: 290]:: DUSS_MB_HOST_ALL ver WM220 RC Ver.A, package ver 1.4.500, Production=1
10-08 15:17:35.158   227   301 I DUSS&63[ sys_common_get_cfg_file:1355]:: +++request file from 0x200: req type 1, off 0, len -1
10-08 15:17:35.159   227   301 I DUSS&63[           _get_cfg_file:1285]:: +++request cfg file /data/upgrade/wm330_0000.cfg.sig
10-08 15:17:35.161   227   301 I DUSS&63[ sys_common_get_cfg_file:1389]:: get cfg/log file from 0x200: req type 1, off 0, len 980; ack aclen 980, leftlen 5548, ret=0
10-08 15:17:35.210   227   301 I DUSS&63[ sys_common_get_cfg_file:1389]:: get cfg/log file from 0x200: req type 1, off 980, len 980; ack aclen 980, leftlen 4568, ret=0
10-08 15:17:35.214   227   301 I DUSS&63[ sys_common_get_cfg_file:1389]:: get cfg/log file from 0x200: req type 1, off 1960, len 980; ack aclen 980, leftlen 3588, ret=0
10-08 15:17:35.264   227   301 I DUSS&63[ sys_common_get_cfg_file:1389]:: get cfg/log file from 0x200: req type 1, off 2940, len 980; ack aclen 980, leftlen 2608, ret=0
10-08 15:17:35.269   227   301 I DUSS&63[ sys_common_get_cfg_file:1389]:: get cfg/log file from 0x200: req type 1, off 3920, len 980; ack aclen 980, leftlen 1628, ret=0
10-08 15:17:35.277   227   301 I DUSS&63[ sys_common_get_cfg_file:1389]:: get cfg/log file from 0x200: req type 1, off 4900, len 980; ack aclen 980, leftlen 648, ret=0
10-08 15:17:35.281   227   301 I DUSS&63[ sys_common_get_cfg_file:1389]:: get cfg/log file from 0x200: req type 1, off 5880, len 980; ack aclen 648, leftlen 0, ret=0
10-08 15:17:35.333   227   309 I DUSS&63[       tcp_async_connect: 375]:: [sys]connect to 192.168.41.1 success
10-08 15:17:35.333   227   309 I DUSS&63[      tcp_connect_thread: 152]:: [sys]connected to 192.168.41.1
10-08 15:17:35.333   227   309 I DUSS&63[      tcp_connect_thread: 160]:: [sys]WL TCP State change to connected
10-08 15:17:36.009   227   301 F DUSS&63[      sys_event_set_date: 101]:: Got sys_event_set_date message: 2018.10.08-15:17:36, result 0
10-08 15:18:13.054   227   311 W DUSS&63[       tcp_async_connect: 311]:: [sys]EINPROGRESS in connect() - selecting,addr=192.168.41.3
10-08 15:18:14.055   227   311 W DUSS&63[       tcp_async_connect: 334]:: [sys]Timeout in select() - Cancelling, addr=192.168.41.3
10-08 15:18:54.059   227   311 W DUSS&63[       tcp_async_connect: 311]:: [sys]EINPROGRESS in connect() - selecting,addr=192.168.41.3
10-08 15:18:55.060   227   311 W DUSS&63[       tcp_async_connect: 334]:: [sys]Timeout in select() - Cancelling, addr=192.168.41.3
10-08 15:19:35.069   227   311 W DUSS&63[       tcp_async_connect: 311]:: [sys]EINPROGRESS in connect() - selecting,addr=192.168.41.3
10-08 15:19:36.069   227   311 W DUSS&63[       tcp_async_connect: 334]:: [sys]Timeout in select() - Cancelling, addr=192.168.41.3
10-08 15:20:16.074   227   311 W DUSS&63[       tcp_async_connect: 311]:: [sys]EINPROGRESS in connect() - selecting,addr=192.168.41.3
10-08 15:20:17.075   227   311 W DUSS&63[       tcp_async_connect: 334]:: [sys]Timeout in select() - Cancelling, addr=192.168.41.3
10-08 15:20:57.081   227   311 W DUSS&63[       tcp_async_connect: 311]:: [sys]EINPROGRESS in connect() - selecting,addr=192.168.41.3
10-08 15:20:58.082   227   311 W DUSS&63[       tcp_async_connect: 334]:: [sys]Timeout in select() - Cancelling, addr=192.168.41.3
10-08 15:21:38.087   227   311 W DUSS&63[       tcp_async_connect: 311]:: [sys]EINPROGRESS in connect() - selecting,addr=192.168.41.3
10-08 15:21:39.088   227   311 W DUSS&63[       tcp_async_connect: 334]:: [sys]Timeout in select() - Cancelling, addr=192.168.41.3
10-08 15:22:19.092   227   311 W DUSS&63[       tcp_async_connect: 311]:: [sys]EINPROGRESS in connect() - selecting,addr=192.168.41.3
10-08 15:22:20.093   227   311 W DUSS&63[       tcp_async_connect: 334]:: [sys]Timeout in select() - Cancelling, addr=192.168.41.3
10-08 15:23:00.097   227   311 W DUSS&63[       tcp_async_connect: 311]:: [sys]EINPROGRESS in connect() - selecting,addr=192.168.41.3
10-08 15:23:01.098   227   311 W DUSS&63[       tcp_async_connect: 334]:: [sys]Timeout in select() - Cancelling, addr=192.168.41.3
10-08 15:23:41.103   227   311 W DUSS&63[       tcp_async_connect: 311]:: [sys]EINPROGRESS in connect() - selecting,addr=192.168.41.3
10-08 15:23:42.104   227   311 W DUSS&63[       tcp_async_connect: 334]:: [sys]Timeout in select() - Cancelling, addr=192.168.41.3
10-08 15:24:22.108   227   311 W DUSS&63[       tcp_async_connect: 311]:: [sys]EINPROGRESS in connect() - selecting,addr=192.168.41.3
10-08 15:24:23.109   227   311 W DUSS&63[       tcp_async_connect: 334]:: [sys]Timeout in select() - Cancelling, addr=192.168.41.3
10-08 15:25:03.114   227   311 W DUSS&63[       tcp_async_connect: 311]:: [sys]EINPROGRESS in connect() - selecting,addr=192.168.41.3
10-08 15:25:04.115   227   311 W DUSS&63[       tcp_async_connect: 334]:: [sys]Timeout in select() - Cancelling, addr=192.168.41.3
10-08 15:25:44.120   227   311 W DUSS&63[       tcp_async_connect: 311]:: [sys]EINPROGRESS in connect() - selecting,addr=192.168.41.3
10-08 15:25:45.121   227   311 W DUSS&63[       tcp_async_connect: 334]:: [sys]Timeout in select() - Cancelling, addr=192.168.41.3
10-08 15:26:25.125   227   311 W DUSS&63[       tcp_async_connect: 311]:: [sys]EINPROGRESS in connect() - selecting,addr=192.168.41.3
10-08 15:26:26.126   227   311 W DUSS&63[       tcp_async_connect: 334]:: [sys]Timeout in select() - Cancelling, addr=192.168.41.3
10-08 15:27:06.130   227   311 W DUSS&63[       tcp_async_connect: 311]:: [sys]EINPROGRESS in connect() - selecting,addr=192.168.41.3
10-08 15:27:07.131   227   311 W DUSS&63[       tcp_async_connect: 334]:: [sys]Timeout in select() - Cancelling, addr=192.168.41.3
10-08 15:27:47.136   227   311 W DUSS&63[       tcp_async_connect: 311]:: [sys]EINPROGRESS in connect() - selecting,addr=192.168.41.3
10-08 15:27:48.137   227   311 W DUSS&63[       tcp_async_connect: 334]:: [sys]Timeout in select() - Cancelling, addr=192.168.41.3
10-08 15:28:28.142   227   311 W DUSS&63[       tcp_async_connect: 311]:: [sys]EINPROGRESS in connect() - selecting,addr=192.168.41.3
10-08 15:28:29.143   227   311 W DUSS&63[       tcp_async_connect: 334]:: [sys]Timeout in select() - Cancelling, addr=192.168.41.3
10-08 15:29:09.151   227   311 W DUSS&63[       tcp_async_connect: 311]:: [sys]EINPROGRESS in connect() - selecting,addr=192.168.41.3
10-08 15:29:10.152   227   311 W DUSS&63[       tcp_async_connect: 334]:: [sys]Timeout in select() - Cancelling, addr=192.168.41.3
10-08 15:29:50.157   227   311 W DUSS&63[       tcp_async_connect: 311]:: [sys]EINPROGRESS in connect() - selecting,addr=192.168.41.3
10-08 15:29:51.158   227   311 W DUSS&63[       tcp_async_connect: 334]:: [sys]Timeout in select() - Cancelling, addr=192.168.41.3
10-08 15:30:31.163   227   311 W DUSS&63[       tcp_async_connect: 311]:: [sys]EINPROGRESS in connect() - selecting,addr=192.168.41.3
10-08 15:30:32.164   227   311 W DUSS&63[       tcp_async_connect: 334]:: [sys]Timeout in select() - Cancelling, addr=192.168.41.3
10-08 15:31:12.168   227   311 W DUSS&63[       tcp_async_connect: 311]:: [sys]EINPROGRESS in connect() - selecting,addr=192.168.41.3
10-08 15:31:13.169   227   311 W DUSS&63[       tcp_async_connect: 334]:: [sys]Timeout in select() - Cancelling, addr=192.168.41.3
10-08 15:31:53.174   227   311 W DUSS&63[       tcp_async_connect: 311]:: [sys]EINPROGRESS in connect() - selecting,addr=192.168.41.3
10-08 15:31:54.176   227   311 W DUSS&63[       tcp_async_connect: 334]:: [sys]Timeout in select() - Cancelling, addr=192.168.41.3
10-08 15:32:34.183   227   311 W DUSS&63[       tcp_async_connect: 311]:: [sys]EINPROGRESS in connect() - selecting,addr=192.168.41.3
10-08 15:32:35.184   227   311 W DUSS&63[       tcp_async_connect: 334]:: [sys]Timeout in select() - Cancelling, addr=192.168.41.3
10-08 15:33:15.189   227   311 W DUSS&63[       tcp_async_connect: 311]:: [sys]EINPROGRESS in connect() - selecting,addr=192.168.41.3
10-08 15:33:16.190   227   311 W DUSS&63[       tcp_async_connect: 334]:: [sys]Timeout in select() - Cancelling, addr=192.168.41.3
10-08 15:33:56.196   227   311 W DUSS&63[       tcp_async_connect: 311]:: [sys]EINPROGRESS in connect() - selecting,addr=192.168.41.3
10-08 15:33:57.197   227   311 W DUSS&63[       tcp_async_connect: 334]:: [sys]Timeout in select() - Cancelling, addr=192.168.41.3
10-08 15:34:37.202   227   311 W DUSS&63[       tcp_async_connect: 311]:: [sys]EINPROGRESS in connect() - selecting,addr=192.168.41.3
10-08 15:34:38.203   227   311 W DUSS&63[       tcp_async_connect: 334]:: [sys]Timeout in select() - Cancelling, addr=192.168.41.3
10-08 15:35:18.209   227   311 W DUSS&63[       tcp_async_connect: 311]:: [sys]EINPROGRESS in connect() - selecting,addr=192.168.41.3
10-08 15:35:19.210   227   311 W DUSS&63[       tcp_async_connect: 334]:: [sys]Timeout in select() - Cancelling, addr=192.168.41.3
10-08 15:35:59.214   227   311 W DUSS&63[       tcp_async_connect: 311]:: [sys]EINPROGRESS in connect() - selecting,addr=192.168.41.3
10-08 15:36:00.215   227   311 W DUSS&63[       tcp_async_connect: 334]:: [sys]Timeout in select() - Cancelling, addr=192.168.41.3
10-08 15:36:40.220   227   311 W DUSS&63[       tcp_async_connect: 311]:: [sys]EINPROGRESS in connect() - selecting,addr=192.168.41.3
10-08 15:36:41.221   227   311 W DUSS&63[       tcp_async_connect: 334]:: [sys]Timeout in select() - Cancelling, addr=192.168.41.3
10-08 15:37:21.226   227   311 W DUSS&63[       tcp_async_connect: 311]:: [sys]EINPROGRESS in connect() - selecting,addr=192.168.41.3
10-08 15:37:22.227   227   311 W DUSS&63[       tcp_async_connect: 334]:: [sys]Timeout in select() - Cancelling, addr=192.168.41.3
10-08 15:37:25.961   223   466 E DUSS&63[        wl_prot_tcp_recv: 749]:: [sys]WL TCP State change to disconnect, cur_fd=49, addr=192.168.41.1
10-08 15:37:25.961   223   466 I DUSS&63[           tcp_reconnect: 193]:: [sys]new socket fd 89, need connect
10-08 15:37:25.961   223   466 W DUSS&63[       tcp_async_connect: 311]:: [sys]EINPROGRESS in connect() - selecting,addr=192.168.41.1
10-08 15:37:26.230   223   466 E DUSS&63[       tcp_async_connect: 328]:: [sys]Error in delayed connection() - Connection refused
10-08 15:37:26.231   223   466 E DUSS&63[           tcp_reconnect: 197]:: [sys]first connect failed, err=Operation now in progress, will try later
10-08 15:37:26.231   223   466 I DUSS&63[           tcp_reconnect: 201]:: [sys]before join the old connect task
10-08 15:37:26.231   223   466 I DUSS&63[           tcp_reconnect: 206]:: [sys]success joined the connect task
10-08 15:37:26.231   223 15329 I DUSS&63[      tcp_connect_thread: 139]:: [sys]start to connect, fd=89
10-08 15:37:26.231   223 15329 I DUSS&63[      tcp_connect_thread: 143]:: [sys]WL TCP State change to connecting
10-08 15:37:28.231   223 15329 W DUSS&63[       tcp_async_connect: 311]:: [sys]EINPROGRESS in connect() - selecting,addr=192.168.41.1
10-08 15:37:29.231   223 15329 W DUSS&63[       tcp_async_connect: 334]:: [sys]Timeout in select() - Cancelling, addr=192.168.41.1
10-08 15:37:29.527   227   301 I DUSS&63[ sys_common_get_cfg_file:1355]:: +++request file from 0x200: req type 1, off 0, len -1
10-08 15:37:29.527   227   301 I DUSS&63[           _get_cfg_file:1285]:: +++request cfg file /data/upgrade/wm330_0000.cfg.sig
10-08 15:37:29.528   227   301 I DUSS&63[ sys_common_get_cfg_file:1389]:: get cfg/log file from 0x200: req type 1, off 0, len 980; ack aclen 980, leftlen 5548, ret=0
10-08 15:37:29.579   227   301 I DUSS&63[ sys_common_get_cfg_file:1389]:: get cfg/log file from 0x200: req type 1, off 980, len 980; ack aclen 980, leftlen 4568, ret=0
10-08 15:37:29.583   227   301 I DUSS&63[ sys_common_get_cfg_file:1389]:: get cfg/log file from 0x200: req type 1, off 1960, len 980; ack aclen 980, leftlen 3588, ret=0
10-08 15:37:29.587   227   301 I DUSS&63[ sys_common_get_cfg_file:1389]:: get cfg/log file from 0x200: req type 1, off 2940, len 980; ack aclen 980, leftlen 2608, ret=0
10-08 15:37:29.590   227   301 I DUSS&63[ sys_common_get_cfg_file:1389]:: get cfg/log file from 0x200: req type 1, off 3920, len 980; ack aclen 980, leftlen 1628, ret=0
10-08 15:37:29.594   227   301 I DUSS&63[ sys_common_get_cfg_file:1389]:: get cfg/log file from 0x200: req type 1, off 4900, len 980; ack aclen 980, leftlen 648, ret=0
10-08 15:37:29.597   227   301 I DUSS&63[ sys_common_get_cfg_file:1389]:: get cfg/log file from 0x200: req type 1, off 5880, len 980; ack aclen 648, leftlen 0, ret=0
10-08 15:38:02.232   227   311 W DUSS&63[       tcp_async_connect: 311]:: [sys]EINPROGRESS in connect() - selecting,addr=192.168.41.3
10-08 15:38:03.233   227   311 W DUSS&63[       tcp_async_connect: 334]:: [sys]Timeout in select() - Cancelling, addr=192.168.41.3
10-08 15:38:09.233   223 15329 W DUSS&63[       tcp_async_connect: 311]:: [sys]EINPROGRESS in connect() - selecting,addr=192.168.41.1
10-08 15:38:10.234   223 15329 W DUSS&63[       tcp_async_connect: 334]:: [sys]Timeout in select() - Cancelling, addr=192.168.41.1
10-08 15:38:43.237   227   311 W DUSS&63[       tcp_async_connect: 311]:: [sys]EINPROGRESS in connect() - selecting,addr=192.168.41.3
10-08 15:38:44.238   227   311 W DUSS&63[       tcp_async_connect: 334]:: [sys]Timeout in select() - Cancelling, addr=192.168.41.3
10-08 15:38:50.236   223 15329 W DUSS&63[       tcp_async_connect: 311]:: [sys]EINPROGRESS in connect() - selecting,addr=192.168.41.1
10-08 15:38:51.236   223 15329 W DUSS&63[       tcp_async_connect: 334]:: [sys]Timeout in select() - Cancelling, addr=192.168.41.1
10-08 15:38:55.301   227   301 I DUSS&63[        sys_event_reboot:1415]:: receive reboot from 0x600, this_host=0xd01
10-08 15:38:55.301   227   301 I DUSS&63[        sys_event_reboot:1421]:: Get reboot callback. .
10-08 15:38:55.301   227   301 I DUSS&63[           sys_p1_reboot:5026]:: Request power/boot 2 after 2000 ms from 0x600
10-08 15:38:57.340   227   301 I DUSS&63[           sys_p1_reboot:5103]:: going to reboot/poweroff/powersave... reboot_type 2 reboot_mode 0
===/data/dji/log is already a link===
===/data/dji/blackbox is already a link===


!!!new file start!!!

01-01 00:00:03.471   227   227 I DUSS&63[                    main: 670]:: dji_sys run as dev_type 1, duss_sketch_initialize done...
01-01 00:00:03.476   227   227 I DUSS&63[sys_load_config_from_jso: 154]:: Get the hw_str WM220 RC
01-01 00:00:03.476   227   227 W DUSS&63[sys_load_config_from_jso: 160]:: Can't find platform:system_init domain! Call default routing...
01-01 00:00:03.477   227   227 I DUSS&63[         sys_load_config: 501]:: platform dev_info: WM220 1860RC
01-01 00:00:03.500   227   227 I DUSS&63[sys_check_boot_mode_norm: 346]:: Set system mode to NORMAL.
01-01 00:00:03.538   227   227 I DUSS&63[sys_up_load_general_stat: 203]:: get option_value wm220 for package_id
01-01 00:00:03.538   227   227 I DUSS&63[sys_up_load_general_stat: 204]:: updated package_str wm220
01-01 00:00:03.538   227   227 I DUSS&63[sys_up_load_general_stat: 211]:: get package_ver 1.4.500
01-01 00:00:03.538   227   227 I DUSS&63[sys_up_load_general_stat: 211]:: 
01-01 00:00:03.538   227   227 I DUSS&63[sys_up_load_general_stat: 215]:: updated package_ver 1.4.500
01-01 00:00:03.538   227   227 I DUSS&63[sys_up_load_general_stat: 222]:: get package_uav_cnt 20
01-01 00:00:03.538   227   227 I DUSS&63[sys_up_load_general_stat: 222]:: 
01-01 00:00:03.538   227   227 I DUSS&63[sys_up_load_general_stat: 224]:: updated package_uav_cnt 20
01-01 00:00:03.538   227   227 I DUSS&63[sys_up_load_general_stat: 231]:: get package_gnd_cnt 3
01-01 00:00:03.538   227   227 I DUSS&63[sys_up_load_general_stat: 231]:: 
01-01 00:00:03.538   227   227 I DUSS&63[sys_up_load_general_stat: 233]:: updated package_gnd_cnt 3
01-01 00:00:03.538   227   227 I DUSS&63[sys_up_load_general_stat: 240]:: get package_gls_cnt 0
01-01 00:00:03.538   227   227 I DUSS&63[sys_up_load_general_stat: 240]:: 
01-01 00:00:03.538   227   227 I DUSS&63[sys_up_load_general_stat: 242]:: updated package_gls_cnt 0
01-01 00:00:03.538   227   227 W DUSS&63[sys_up_load_general_stat: 251]:: can not get option_value for wm22x_type, use wm220 by default
01-01 00:00:03.538   227   227 I DUSS&63[sys_up_load_upgrade_stat: 275]:: file /cache/upgrade_status not exist, return directly
01-01 00:00:03.544   227   227 I DUSS&63[sys_upgrade_check_status:5266]:: didn't save upgrade_retry in last boot
01-01 00:00:03.544   227   227 I DUSS&63[sys_upgrade_check_status:5292]:: non need to push upgrade status, set upgrade status to idle.
01-01 00:00:03.646   227   227 I DUSS&63[            sys_pre_init: 547]:: this is production board
01-01 00:00:03.690   227   227 I DUSS&63[      wl_prot_tcp_create: 404]:: [sys]open_type=0, local_port=0, remote_ip=192.168.41.1, remote_port=22350, l_ctx=0xb7105df8 
01-01 00:00:03.690   227   227 I DUSS&63[      wl_prot_tcp_create: 467]:: [sys]first connect failed, err=Network is unreachable
01-01 00:00:03.690   227   227 I DUSS&63[      wl_prot_tcp_create: 500]:: [sys]create tcp channel success, l_ctx=0xb7105df8
01-01 00:00:03.691   227   309 I DUSS&63[      tcp_connect_thread: 139]:: [sys]start to connect, fd=17
01-01 00:00:03.691   227   309 I DUSS&63[      tcp_connect_thread: 143]:: [sys]WL TCP State change to connecting
01-01 00:00:03.691   227   227 I DUSS&63[      wl_prot_tcp_create: 404]:: [sys]open_type=0, local_port=0, remote_ip=192.168.41.3, remote_port=22351, l_ctx=0xb7106f98 
01-01 00:00:03.691   227   227 I DUSS&63[      wl_prot_tcp_create: 467]:: [sys]first connect failed, err=Network is unreachable
01-01 00:00:03.691   227   227 I DUSS&63[      wl_prot_tcp_create: 500]:: [sys]create tcp channel success, l_ctx=0xb7106f98
01-01 00:00:03.691   227   311 I DUSS&63[      tcp_connect_thread: 139]:: [sys]start to connect, fd=18
01-01 00:00:03.691   227   311 I DUSS&63[      tcp_connect_thread: 143]:: [sys]WL TCP State change to connecting
01-01 00:00:03.692   227   227 I DUSS&63[        sys_events_start:  96]:: aging_test_mode=0, system_mode=0
01-01 00:00:03.692   227   315 I DUSS&63[sys_up_status_push_threa: 863]:: pushing thread start, stop_pushing=1, push_status=0
01-01 00:00:03.693   227   227 I DUSS&63[       sys_check_pc_conn: 313]:: For pc connection, usb state is DISCONNECTED
01-01 00:00:03.693   227   227 I DUSS&63[           sys_post_init: 578]:: conn_pc=0 when init
01-01 00:00:03.693   227   227 E DUSS&63[sys_event_pc_through_rc_:1198]:: Find route item to pc by wl channel fail: -1001
01-01 00:00:03.694   227   227 I DUSS&63[sys_flight_data_do_first: 637]:: gnd, no need to check whether to send nfz.db to uav anymore
01-01 00:00:03.708   227   227 I DUSS&63[        sys_version_scan: 130]:: Got signed cfg file /vendor/cfg/wm220_ac_fw_v01_04_0500.cfg.sig
01-01 00:00:03.806   227   227 I DUSS&63[        sys_version_scan: 157]:: unsign the backup cfg file.
01-01 00:00:03.855   227   227 I DUSS&63[       sys_p1_unsign_img:1960]:: verify results: passed to verify image /vendor/cfg/wm220_ac_fw_v01_04_0500.cfg.sig
01-01 00:00:03.856   227   227 I DUSS&63[       sys_p1_unsign_img:1968]:: dji_verify -n 0000 -o /tmp/wm330_0000.xml '/vendor/cfg/wm220_ac_fw_v01_04_0500.cfg.sig' exit status 0, return 0
01-01 00:00:03.856   227   227 I DUSS&63[       sys_p1_unsign_img:1976]:: dji_verify -n 0000 -o /tmp/wm330_0000.xml '/vendor/cfg/wm220_ac_fw_v01_04_0500.cfg.sig' success.
01-01 00:00:03.856   227   227 I DUSS&63[        sys_version_scan: 167]:: check the system compability..
01-01 00:00:03.856   227   227 I DUSS&63[  need_check_compability:  89]:: will send revert SYS_SELF_DEF_CMD_NEED_CHK_COMP to id=8, index=1
01-01 00:00:03.856   227   227 I DUSS&63[  need_check_compability: 109]:: dev_type=1, dev_id=wm220, pack_ver=1.4.500
01-01 00:00:05.631   227   317 E DUSS&63[find_and_kill_all_udhcpd: 457]:: pid 180's cmdline: busybox udhcpd
01-01 00:00:05.631   227   317 E DUSS&63[find_and_kill_all_udhcpd: 460]:: execute busybox kill 180
01-01 00:00:05.639   227   317 E DUSS&63[find_and_kill_all_udhcpd: 457]:: pid 181's cmdline: busybox tcpsvd
01-01 00:00:05.640   227   317 I DUSS&63[ handle_dji_device_event: 284]:: kill udhcpd service (busybox)
01-01 00:00:05.856   227   227 E DUSS&63[  need_check_compability: 118]:: can not get response from 0x801, result=-1002, retry_count=0
01-01 00:00:05.939   222   222 I DUSS&63[      wl_prot_tcp_create: 404]:: [sys]open_type=0, local_port=0, remote_ip=192.168.41.1, remote_port=22352, l_ctx=0xb722d050 
01-01 00:00:05.940   222   222 I DUSS&63[      wl_prot_tcp_create: 467]:: [sys]first connect failed, err=Network is unreachable
01-01 00:00:05.940   222   222 I DUSS&63[      wl_prot_tcp_create: 500]:: [sys]create tcp channel success, l_ctx=0xb722d050
01-01 00:00:05.940   222   451 I DUSS&63[      tcp_connect_thread: 139]:: [sys]start to connect, fd=49
01-01 00:00:05.940   222   451 I DUSS&63[      tcp_connect_thread: 143]:: [sys]WL TCP State change to connecting
01-01 00:00:06.940   222   451 W DUSS&63[       tcp_async_connect: 311]:: [sys]EINPROGRESS in connect() - selecting,addr=192.168.41.1
01-01 00:00:07.691   227   309 W DUSS&63[       tcp_async_connect: 311]:: [sys]EINPROGRESS in connect() - selecting,addr=192.168.41.1
01-01 00:00:07.692   227   311 W DUSS&63[       tcp_async_connect: 311]:: [sys]EINPROGRESS in connect() - selecting,addr=192.168.41.3
01-01 00:00:07.941   222   451 W DUSS&63[       tcp_async_connect: 334]:: [sys]Timeout in select() - Cancelling, addr=192.168.41.1
01-01 00:00:07.957   227   227 E DUSS&63[  need_check_compability: 118]:: can not get response from 0x801, result=-1002, retry_count=1
01-01 00:00:07.957   227   227 I DUSS&63[sys_need_check_compabili: 167]:: on gnd, *add_uav=0
01-01 00:00:07.957   227   227 I DUSS&63[sys_need_check_compabili: 172]:: no gls images for last package, set add_gls to 0
01-01 00:00:07.960   227   227 I DUSS&63[sys_p1_check_compability: 239]:: get device_id wm220 from xml
01-01 00:00:07.960   227   227 I DUSS&63[sys_p1_check_compability: 253]:: get last updated package version  Major=1, minor=4, build=500
01-01 00:00:07.961   227   227 I DUSS&63[        sys_p1_check_ver:2608]:: check version for wm220_0907_v47.26.02.18_20170801.pro.fw.sig
01-01 00:00:07.961   227   227 I DUSS&63[        sys_p1_check_ver:2655]:: skip module dev_id=0x9, dev_index=0x7 on dev 0, current gnd: add_uav=0, add_gls=0
01-01 00:00:07.961   227   227 E DUSS&63[sys_p1_check_compability: 281]:: check version for file wm220_0907_v47.26.02.18_20170801.pro.fw.sig error
01-01 00:00:07.961   227   227 I DUSS&63[        sys_p1_check_ver:2608]:: check version for wm220_0305_v34.04.00.24_20170726.pro.fw.sig
01-01 00:00:07.961   227   227 I DUSS&63[        sys_p1_check_ver:2655]:: skip module dev_id=0x3, dev_index=0x5 on dev 0, current gnd: add_uav=0, add_gls=0
01-01 00:00:07.961   227   227 E DUSS&63[sys_p1_check_compability: 281]:: check version for file wm220_0305_v34.04.00.24_20170726.pro.fw.sig error
01-01 00:00:07.961   227   227 I DUSS&63[        sys_p1_check_ver:2608]:: check version for wm220_0306_v03.02.44.07_20171116.pro.fw.sig
01-01 00:00:07.962   227   227 I DUSS&63[        sys_p1_check_ver:2655]:: skip module dev_id=0x3, dev_index=0x6 on dev 0, current gnd: add_uav=0, add_gls=0
01-01 00:00:07.962   227   227 E DUSS&63[sys_p1_check_compability: 281]:: check version for file wm220_0306_v03.02.44.07_20171116.pro.fw.sig error
01-01 00:00:07.962   227   227 I DUSS&63[        sys_p1_check_ver:2608]:: check version for wm220_1100_v01.00.07.32_20170726.pro.fw.sig
01-01 00:00:07.962   227   227 I DUSS&63[        sys_p1_check_ver:2655]:: skip module dev_id=0xb, dev_index=0x0 on dev 0, current gnd: add_uav=0, add_gls=0
01-01 00:00:07.962   227   227 E DUSS&63[sys_p1_check_compability: 281]:: check version for file wm220_1100_v01.00.07.32_20170726.pro.fw.sig error
01-01 00:00:07.962   227   227 I DUSS&63[        sys_p1_check_ver:2608]:: check version for wm220_0803_v00.00.04.09_20170728.pro.fw.sig
01-01 00:00:07.962   227   227 I DUSS&63[        sys_p1_check_ver:2655]:: skip module dev_id=0x8, dev_index=0x3 on dev 0, current gnd: add_uav=0, add_gls=0
01-01 00:00:07.962   227   227 E DUSS&63[sys_p1_check_compability: 281]:: check version for file wm220_0803_v00.00.04.09_20170728.pro.fw.sig error
01-01 00:00:07.962   227   227 I DUSS&63[        sys_p1_check_ver:2608]:: check version for wm220_0100_v02.08.56.68_20180122.pro.fw.sig
01-01 00:00:07.962   227   227 I DUSS&63[        sys_p1_check_ver:2655]:: skip module dev_id=0x1, dev_index=0x0 on dev 0, current gnd: add_uav=0, add_gls=0
01-01 00:00:07.962   227   227 E DUSS&63[sys_p1_check_compability: 281]:: check version for file wm220_0100_v02.08.56.68_20180122.pro.fw.sig error
01-01 00:00:07.962   227   227 I DUSS&63[        sys_p1_check_ver:2608]:: check version for wm220_0100_v02.10.05.19_20180122_ca02.pro.fw.sig
01-01 00:00:07.962   227   227 I DUSS&63[        sys_p1_check_ver:2655]:: skip module dev_id=0x1, dev_index=0x0 on dev 0, current gnd: add_uav=0, add_gls=0
01-01 00:00:07.962   227   227 E DUSS&63[sys_p1_check_compability: 281]:: check version for file wm220_0100_v02.10.05.19_20180122_ca02.pro.fw.sig error
01-01 00:00:07.962   227   227 I DUSS&63[        sys_p1_check_ver:2608]:: check version for wm220_0101_v02.08.56.68_20180122.pro.fw.sig
01-01 00:00:07.962   227   227 I DUSS&63[        sys_p1_check_ver:2655]:: skip module dev_id=0x1, dev_index=0x1 on dev 0, current gnd: add_uav=0, add_gls=0
01-01 00:00:07.962   227   227 E DUSS&63[sys_p1_check_compability: 281]:: check version for file wm220_0101_v02.08.56.68_20180122.pro.fw.sig error
01-01 00:00:07.962   227   227 I DUSS&63[        sys_p1_check_ver:2608]:: check version for wm220_0101_v02.10.05.19_20180122_ca02.pro.fw.sig
01-01 00:00:07.962   227   227 I DUSS&63[        sys_p1_check_ver:2655]:: skip module dev_id=0x1, dev_index=0x1 on dev 0, current gnd: add_uav=0, add_gls=0
01-01 00:00:07.962   227   227 E DUSS&63[sys_p1_check_compability: 281]:: check version for file wm220_0101_v02.10.05.19_20180122_ca02.pro.fw.sig error
01-01 00:00:07.962   227   227 I DUSS&63[        sys_p1_check_ver:2608]:: check version for wm220_0400_v01.50.12.10_20170809.pro.fw.sig
01-01 00:00:07.962   227   227 I DUSS&63[        sys_p1_check_ver:2655]:: skip module dev_id=0x4, dev_index=0x0 on dev 0, current gnd: add_uav=0, add_gls=0
01-01 00:00:07.962   227   227 E DUSS&63[sys_p1_check_compability: 281]:: check version for file wm220_0400_v01.50.12.10_20170809.pro.fw.sig error
01-01 00:00:07.962   227   227 I DUSS&63[        sys_p1_check_ver:2608]:: check version for wm220_0804_v01.00.00.11_20170828.pro.fw.sig
01-01 00:00:07.962   227   227 I DUSS&63[        sys_p1_check_ver:2655]:: skip module dev_id=0x8, dev_index=0x4 on dev 0, current gnd: add_uav=0, add_gls=0
01-01 00:00:07.962   227   227 E DUSS&63[sys_p1_check_compability: 281]:: check version for file wm220_0804_v01.00.00.11_20170828.pro.fw.sig error
01-01 00:00:07.962   227   227 I DUSS&63[        sys_p1_check_ver:2608]:: check version for wm220_0801_v01.06.00.46_20180613.pro.fw.sig
01-01 00:00:07.963   227   227 I DUSS&63[        sys_p1_check_ver:2655]:: skip module dev_id=0x8, dev_index=0x1 on dev 0, current gnd: add_uav=0, add_gls=0
01-01 00:00:07.963   227   227 E DUSS&63[sys_p1_check_compability: 281]:: check version for file wm220_0801_v01.06.00.46_20180613.pro.fw.sig error
01-01 00:00:07.963   227   227 I DUSS&63[        sys_p1_check_ver:2608]:: check version for wm220_1200_v01.10.00.00_20170731.pro.fw.sig
01-01 00:00:07.963   227   227 I DUSS&63[        sys_p1_check_ver:2655]:: skip module dev_id=0xc, dev_index=0x0 on dev 0, current gnd: add_uav=0, add_gls=0
01-01 00:00:07.963   227   227 E DUSS&63[sys_p1_check_compability: 281]:: check version for file wm220_1200_v01.10.00.00_20170731.pro.fw.sig error
01-01 00:00:07.963   227   227 I DUSS&63[        sys_p1_check_ver:2608]:: check version for wm220_1200_v01.01.00.72_20180515_es02.pro.fw.sig
01-01 00:00:07.963   227   227 I DUSS&63[        sys_p1_check_ver:2655]:: skip module dev_id=0xc, dev_index=0x0 on dev 0, current gnd: add_uav=0, add_gls=0
01-01 00:00:07.963   227   227 E DUSS&63[sys_p1_check_compability: 281]:: check version for file wm220_1200_v01.01.00.72_20180515_es02.pro.fw.sig error
01-01 00:00:07.963   227   227 I DUSS&63[        sys_p1_check_ver:2608]:: check version for wm220_1201_v01.10.00.00_20170731.pro.fw.sig
01-01 00:00:07.963   227   227 I DUSS&63[        sys_p1_check_ver:2655]:: skip module dev_id=0xc, dev_index=0x1 on dev 0, current gnd: add_uav=0, add_gls=0
01-01 00:00:07.963   227   227 E DUSS&63[sys_p1_check_compability: 281]:: check version for file wm220_1201_v01.10.00.00_20170731.pro.fw.sig error
01-01 00:00:07.963   227   227 I DUSS&63[        sys_p1_check_ver:2608]:: check version for wm220_1202_v01.10.00.00_20170731.pro.fw.sig
01-01 00:00:07.963   227   227 I DUSS&63[        sys_p1_check_ver:2655]:: skip module dev_id=0xc, dev_index=0x2 on dev 0, current gnd: add_uav=0, add_gls=0
01-01 00:00:07.963   227   227 E DUSS&63[sys_p1_check_compability: 281]:: check version for file wm220_1202_v01.10.00.00_20170731.pro.fw.sig error
01-01 00:00:07.963   227   227 I DUSS&63[        sys_p1_check_ver:2608]:: check version for wm220_1203_v01.10.00.00_20170731.pro.fw.sig
01-01 00:00:07.963   227   227 I DUSS&63[        sys_p1_check_ver:2655]:: skip module dev_id=0xc, dev_index=0x3 on dev 0, current gnd: add_uav=0, add_gls=0
01-01 00:00:07.963   227   227 E DUSS&63[sys_p1_check_compability: 281]:: check version for file wm220_1203_v01.10.00.00_20170731.pro.fw.sig error
01-01 00:00:07.963   227   227 I DUSS&63[        sys_p1_check_ver:2608]:: check version for wm220_0802_v01.01.00.02_20170729.pro.fw.sig
01-01 00:00:07.963   227   227 I DUSS&63[        sys_p1_check_ver:2655]:: skip module dev_id=0x8, dev_index=0x2 on dev 0, current gnd: add_uav=0, add_gls=0
01-01 00:00:07.963   227   227 E DUSS&63[sys_p1_check_compability: 281]:: check version for file wm220_0802_v01.01.00.02_20170729.pro.fw.sig error
01-01 00:00:07.963   227   227 I DUSS&63[        sys_p1_check_ver:2608]:: check version for wm220_0805_v01.04.00.99_20180601.pro.fw.sig
01-01 00:00:07.963   227   227 I DUSS&63[        sys_p1_check_ver:2655]:: skip module dev_id=0x8, dev_index=0x5 on dev 0, current gnd: add_uav=0, add_gls=0
01-01 00:00:07.963   227   227 E DUSS&63[sys_p1_check_compability: 281]:: check version for file wm220_0805_v01.04.00.99_20180601.pro.fw.sig error
01-01 00:00:07.963   227   227 I DUSS&63[        sys_p1_check_ver:2608]:: check version for wm220_1407_v47.26.02.18_20170801.pro.fw.sig
01-01 00:00:07.964   227   303 I DUSS&63[   sys_event_dev_ver_get: 258]:: from 0xa03, this_host=0xe07, dev_type=1, hw_str=WM220 RC
01-01 00:00:07.992   227   227 I DUSS&63[        sys_p1_check_ver:2723]:: 14:7: Same version.
01-01 00:00:07.993   227   227 I DUSS&63[        sys_p1_check_ver:2608]:: check version for wm220_0600_v00.00.01.28_20170727.pro.fw.sig
01-01 00:00:08.111   227   227 I DUSS&63[        sys_p1_check_ver:2723]:: 6:0: Same version.
01-01 00:00:08.112   227   227 I DUSS&63[        sys_p1_check_ver:2608]:: check version for wm220_1301_v01.06.00.46_20180613.pro.fw.sig
01-01 00:00:08.112   227   299 I DUSS&63[   sys_event_dev_ver_get: 258]:: from 0xa03, this_host=0xd01, dev_type=1, hw_str=WM220 RC
01-01 00:00:08.125   227   227 I DUSS&63[        sys_p1_check_ver:2723]:: 13:1: Same version.
01-01 00:00:08.125   227   227 I DUSS&63[sys_p1_check_compability: 274]:: /data/upgrade/backup//wm220_2807_v34.93.04.07_20180820.pro.fw.sig not exist!
01-01 00:00:08.125   227   227 I DUSS&63[        sys_p1_check_ver:2608]:: check version for wm220_2807_v34.93.04.07_20180820.pro.fw.sig
01-01 00:00:08.125   227   227 I DUSS&63[        sys_p1_check_ver:2655]:: skip module dev_id=0x1c, dev_index=0x7 on dev 2, current gnd: add_uav=0, add_gls=0
01-01 00:00:08.125   227   227 E DUSS&63[sys_p1_check_compability: 281]:: check version for file wm220_2807_v34.93.04.07_20180820.pro.fw.sig error
01-01 00:00:08.125   227   227 I DUSS&63[sys_p1_check_compability: 274]:: /data/upgrade/backup//wm220_0601_v00.00.03.06_20170528.pro.fw.sig not exist!
01-01 00:00:08.125   227   227 I DUSS&63[        sys_p1_check_ver:2608]:: check version for wm220_0601_v00.00.03.06_20170528.pro.fw.sig
01-01 00:00:08.125   227   227 I DUSS&63[        sys_p1_check_ver:2655]:: skip module dev_id=0x6, dev_index=0x1 on dev 2, current gnd: add_uav=0, add_gls=0
01-01 00:00:08.125   227   227 E DUSS&63[sys_p1_check_compability: 281]:: check version for file wm220_0601_v00.00.03.06_20170528.pro.fw.sig error
01-01 00:00:08.125   227   227 I DUSS&63[sys_p1_check_compability: 274]:: /data/upgrade/backup//wm220_0603_v00.00.06.09_20170728.pro.fw.sig not exist!
01-01 00:00:08.125   227   227 I DUSS&63[        sys_p1_check_ver:2608]:: check version for wm220_0603_v00.00.06.09_20170728.pro.fw.sig
01-01 00:00:08.125   227   227 I DUSS&63[        sys_p1_check_ver:2655]:: skip module dev_id=0x6, dev_index=0x3 on dev 2, current gnd: add_uav=0, add_gls=0
01-01 00:00:08.125   227   227 E DUSS&63[sys_p1_check_compability: 281]:: check version for file wm220_0603_v00.00.06.09_20170728.pro.fw.sig error
01-01 00:00:08.125   227   227 I DUSS&63[sys_p1_check_compability: 274]:: /data/upgrade/backup//wm220_2801_v01.04.01.29_20180903.pro.fw.sig not exist!
01-01 00:00:08.125   227   227 I DUSS&63[        sys_p1_check_ver:2608]:: check version for wm220_2801_v01.04.01.29_20180903.pro.fw.sig
01-01 00:00:08.125   227   227 I DUSS&63[        sys_p1_check_ver:2655]:: skip module dev_id=0x1c, dev_index=0x1 on dev 2, current gnd: add_uav=0, add_gls=0
01-01 00:00:08.125   227   227 E DUSS&63[sys_p1_check_compability: 281]:: check version for file wm220_2801_v01.04.01.29_20180903.pro.fw.sig error
01-01 00:00:08.125   227   227 I DUSS&63[sys_p1_check_compability: 274]:: /data/upgrade/backup//wm220_2803_v00.00.03.07_20170228.pro.fw.sig not exist!
01-01 00:00:08.125   227   227 I DUSS&63[        sys_p1_check_ver:2608]:: check version for wm220_2803_v00.00.03.07_20170228.pro.fw.sig
01-01 00:00:08.125   227   227 I DUSS&63[        sys_p1_check_ver:2655]:: skip module dev_id=0x1c, dev_index=0x3 on dev 2, current gnd: add_uav=0, add_gls=0
01-01 00:00:08.125   227   227 E DUSS&63[sys_p1_check_compability: 281]:: check version for file wm220_2803_v00.00.03.07_20170228.pro.fw.sig error
01-01 00:00:08.126   227   227 I DUSS&63[sys_p1_check_compability: 274]:: /data/upgrade/backup//wm220_2803_v00.00.03.08_20170302_cd01.pro.fw.sig not exist!
01-01 00:00:08.126   227   227 I DUSS&63[        sys_p1_check_ver:2608]:: check version for wm220_2803_v00.00.03.08_20170302_cd01.pro.fw.sig
01-01 00:00:08.126   227   227 I DUSS&63[        sys_p1_check_ver:2655]:: skip module dev_id=0x1c, dev_index=0x3 on dev 2, current gnd: add_uav=0, add_gls=0
01-01 00:00:08.126   227   227 E DUSS&63[sys_p1_check_compability: 281]:: check version for file wm220_2803_v00.00.03.08_20170302_cd01.pro.fw.sig error
01-01 00:00:08.126   227   227 I DUSS&63[sys_p1_check_compability: 274]:: /data/upgrade/backup//wm220_2803_v00.00.03.08_20170302_cd02.pro.fw.sig not exist!
01-01 00:00:08.126   227   227 I DUSS&63[        sys_p1_check_ver:2608]:: check version for wm220_2803_v00.00.03.08_20170302_cd02.pro.fw.sig
01-01 00:00:08.126   227   227 I DUSS&63[        sys_p1_check_ver:2655]:: skip module dev_id=0x1c, dev_index=0x3 on dev 2, current gnd: add_uav=0, add_gls=0
01-01 00:00:08.126   227   227 E DUSS&63[sys_p1_check_compability: 281]:: check version for file wm220_2803_v00.00.03.08_20170302_cd02.pro.fw.sig error
01-01 00:00:08.126   227   227 I DUSS&63[sys_p1_check_compability: 274]:: /data/upgrade/backup//wm220_2803_v00.00.04.08_20170828_cd03.pro.fw.sig not exist!
01-01 00:00:08.126   227   227 I DUSS&63[        sys_p1_check_ver:2608]:: check version for wm220_2803_v00.00.04.08_20170828_cd03.pro.fw.sig
01-01 00:00:08.126   227   227 I DUSS&63[        sys_p1_check_ver:2655]:: skip module dev_id=0x1c, dev_index=0x3 on dev 2, current gnd: add_uav=0, add_gls=0
01-01 00:00:08.126   227   227 E DUSS&63[sys_p1_check_compability: 281]:: check version for file wm220_2803_v00.00.04.08_20170828_cd03.pro.fw.sig error
01-01 00:00:08.126   227   227 I DUSS&63[        sys_p1_check_ver:2608]:: check version for wm220_0905_v01.00.01.07_20170929.pro.fw.sig
01-01 00:00:08.126   227   227 I DUSS&63[        sys_p1_check_ver:2629]:: skip module for datacopy, dev_id=0x9, dev_index=0x5 
01-01 00:00:08.126   227   227 E DUSS&63[sys_p1_check_compability: 281]:: check version for file wm220_0905_v01.00.01.07_20170929.pro.fw.sig error
01-01 00:00:08.126   227   227 I DUSS&63[sys_p1_check_compability: 301]:: after check *comptbl = 0, p1_first=0
01-01 00:00:08.127   227   227 I DUSS&63[        sys_version_scan: 207]:: found system compatible with the large package
01-01 00:00:08.127   227   227 I DUSS&63[            sys_mainloop: 279]:: version scan done.
01-01 00:00:08.692   227   309 W DUSS&63[       tcp_async_connect: 334]:: [sys]Timeout in select() - Cancelling, addr=192.168.41.1
01-01 00:00:08.693   227   311 W DUSS&63[       tcp_async_connect: 334]:: [sys]Timeout in select() - Cancelling, addr=192.168.41.3
01-01 00:00:47.946   222   451 W DUSS&63[       tcp_async_connect: 311]:: [sys]EINPROGRESS in connect() - selecting,addr=192.168.41.1
01-01 00:00:48.697   227   309 W DUSS&63[       tcp_async_connect: 311]:: [sys]EINPROGRESS in connect() - selecting,addr=192.168.41.1
01-01 00:00:48.697   227   311 W DUSS&63[       tcp_async_connect: 311]:: [sys]EINPROGRESS in connect() - selecting,addr=192.168.41.3
01-01 00:00:48.947   222   451 W DUSS&63[       tcp_async_connect: 334]:: [sys]Timeout in select() - Cancelling, addr=192.168.41.1
01-01 00:00:49.698   227   309 W DUSS&63[       tcp_async_connect: 334]:: [sys]Timeout in select() - Cancelling, addr=192.168.41.1
01-01 00:00:49.698   227   311 W DUSS&63[       tcp_async_connect: 334]:: [sys]Timeout in select() - Cancelling, addr=192.168.41.3
01-01 00:00:49.729   227   308 I DUSS&63[   sys_event_dev_ver_get: 290]:: DUSS_MB_HOST_ALL ver WM220 RC Ver.A, package ver 1.4.500, Production=1
01-01 00:00:49.868   227   299 I DUSS&63[ sys_common_get_cfg_file:1355]:: +++request file from 0x200: req type 1, off 0, len -1
01-01 00:00:49.869   227   299 I DUSS&63[           _get_cfg_file:1285]:: +++request cfg file /data/upgrade/wm330_0000.cfg.sig
01-01 00:00:49.870   227   299 I DUSS&63[ sys_common_get_cfg_file:1389]:: get cfg/log file from 0x200: req type 1, off 0, len 980; ack aclen 980, leftlen 5548, ret=0
01-01 00:00:50.722   227   299 I DUSS&63[ sys_common_get_cfg_file:1389]:: get cfg/log file from 0x200: req type 1, off 980, len 980; ack aclen 980, leftlen 4568, ret=0
01-01 00:00:50.725   227   299 I DUSS&63[ sys_common_get_cfg_file:1389]:: get cfg/log file from 0x200: req type 1, off 1960, len 980; ack aclen 980, leftlen 3588, ret=0
01-01 00:00:50.728   227   299 I DUSS&63[ sys_common_get_cfg_file:1389]:: get cfg/log file from 0x200: req type 1, off 2940, len 980; ack aclen 980, leftlen 2608, ret=0
01-01 00:00:50.730   227   299 I DUSS&63[ sys_common_get_cfg_file:1389]:: get cfg/log file from 0x200: req type 1, off 3920, len 980; ack aclen 980, leftlen 1628, ret=0
01-01 00:00:50.733   227   299 I DUSS&63[ sys_common_get_cfg_file:1389]:: get cfg/log file from 0x200: req type 1, off 4900, len 980; ack aclen 980, leftlen 648, ret=0
01-01 00:00:50.735   227   299 I DUSS&63[ sys_common_get_cfg_file:1389]:: get cfg/log file from 0x200: req type 1, off 5880, len 980; ack aclen 648, leftlen 0, ret=0
01-01 00:01:28.951   222   451 W DUSS&63[       tcp_async_connect: 311]:: [sys]EINPROGRESS in connect() - selecting,addr=192.168.41.1
01-01 00:01:29.702   227   309 W DUSS&63[       tcp_async_connect: 311]:: [sys]EINPROGRESS in connect() - selecting,addr=192.168.41.1
01-01 00:01:29.702   227   311 W DUSS&63[       tcp_async_connect: 311]:: [sys]EINPROGRESS in connect() - selecting,addr=192.168.41.3
01-01 00:01:29.952   222   451 W DUSS&63[       tcp_async_connect: 334]:: [sys]Timeout in select() - Cancelling, addr=192.168.41.1
01-01 00:01:30.703   227   311 W DUSS&63[       tcp_async_connect: 334]:: [sys]Timeout in select() - Cancelling, addr=192.168.41.3
01-01 00:01:30.703   227   309 W DUSS&63[       tcp_async_connect: 334]:: [sys]Timeout in select() - Cancelling, addr=192.168.41.1
10-10 12:48:11.008   227   299 F DUSS&63[      sys_event_set_date: 101]:: Got sys_event_set_date message: 2018.10.10-12:48:11, result 0
10-10 12:48:39.152   222   451 W DUSS&63[       tcp_async_connect: 311]:: [sys]EINPROGRESS in connect() - selecting,addr=192.168.41.1
10-10 12:48:39.903   227   309 W DUSS&63[       tcp_async_connect: 311]:: [sys]EINPROGRESS in connect() - selecting,addr=192.168.41.1
10-10 12:48:39.903   227   311 W DUSS&63[       tcp_async_connect: 311]:: [sys]EINPROGRESS in connect() - selecting,addr=192.168.41.3
10-10 12:48:40.153   222   451 W DUSS&63[       tcp_async_connect: 334]:: [sys]Timeout in select() - Cancelling, addr=192.168.41.1
10-10 12:48:40.904   227   309 W DUSS&63[       tcp_async_connect: 334]:: [sys]Timeout in select() - Cancelling, addr=192.168.41.1
10-10 12:48:40.904   227   311 W DUSS&63[       tcp_async_connect: 334]:: [sys]Timeout in select() - Cancelling, addr=192.168.41.3
10-10 12:49:20.158   222   451 W DUSS&63[       tcp_async_connect: 311]:: [sys]EINPROGRESS in connect() - selecting,addr=192.168.41.1
10-10 12:49:20.908   227   309 W DUSS&63[       tcp_async_connect: 311]:: [sys]EINPROGRESS in connect() - selecting,addr=192.168.41.1
10-10 12:49:20.909   227   311 W DUSS&63[       tcp_async_connect: 311]:: [sys]EINPROGRESS in connect() - selecting,addr=192.168.41.3
10-10 12:49:21.159   222   451 W DUSS&63[       tcp_async_connect: 334]:: [sys]Timeout in select() - Cancelling, addr=192.168.41.1
10-10 12:49:21.909   227   309 W DUSS&63[       tcp_async_connect: 334]:: [sys]Timeout in select() - Cancelling, addr=192.168.41.1
10-10 12:49:21.910   227   311 W DUSS&63[       tcp_async_connect: 334]:: [sys]Timeout in select() - Cancelling, addr=192.168.41.3
10-10 12:50:01.163   222   451 W DUSS&63[       tcp_async_connect: 311]:: [sys]EINPROGRESS in connect() - selecting,addr=192.168.41.1
10-10 12:50:01.913   227   309 W DUSS&63[       tcp_async_connect: 311]:: [sys]EINPROGRESS in connect() - selecting,addr=192.168.41.1
10-10 12:50:01.914   227   311 W DUSS&63[       tcp_async_connect: 311]:: [sys]EINPROGRESS in connect() - selecting,addr=192.168.41.3
10-10 12:50:02.164   222   451 W DUSS&63[       tcp_async_connect: 334]:: [sys]Timeout in select() - Cancelling, addr=192.168.41.1
10-10 12:50:02.914   227   309 W DUSS&63[       tcp_async_connect: 334]:: [sys]Timeout in select() - Cancelling, addr=192.168.41.1
10-10 12:50:02.915   227   311 W DUSS&63[       tcp_async_connect: 334]:: [sys]Timeout in select() - Cancelling, addr=192.168.41.3
10-10 12:50:26.283   227   308 I DUSS&63[   sys_event_dev_ver_get: 290]:: DUSS_MB_HOST_ALL ver WM220 RC Ver.A, package ver 1.4.500, Production=1
10-10 12:50:26.422   227   299 I DUSS&63[ sys_common_get_cfg_file:1355]:: +++request file from 0x200: req type 1, off 0, len -1
10-10 12:50:26.422   227   299 I DUSS&63[           _get_cfg_file:1285]:: +++request cfg file /data/upgrade/wm330_0000.cfg.sig
10-10 12:50:26.423   227   299 I DUSS&63[ sys_common_get_cfg_file:1389]:: get cfg/log file from 0x200: req type 1, off 0, len 980; ack aclen 980, leftlen 5548, ret=0
10-10 12:50:26.428   227   299 I DUSS&63[ sys_common_get_cfg_file:1389]:: get cfg/log file from 0x200: req type 1, off 980, len 980; ack aclen 980, leftlen 4568, ret=0
