dji_verify ==> dummy_verify.sh

packet1
01-01 00:01:12.840   254   407 I DUSS&63[sys_event_enter_upgrade_: 854]:: 0x7:received cmd to request enter upgrade mode, peer_id=0xa01, this_host=0x801
01-01 00:01:12.841   254   407 I DUSS&63[sys_up_cleanup_last_reso:  85]:: cleanup last upgrading resources: sys_info=0xb6f738b8
01-01 00:01:13.171   254   407 I DUSS&63[ sys_up_del_full_package:1099]:: deleted /data/ftp/upgrade/dji_system.bin
01-01 00:01:13.287   254   407 I DUSS&63[sys_up_free_some_disk_sp: 104]:: free disk space of data
01-01 00:01:13.377   254   407 I DUSS&63[sys_p1_check_uav_fly_sta:4240]:: motor is still, upgrade is ok.
01-01 00:01:13.678   254   407 E DUSS&63[sys_p1_disable_motor_run:4285]:: set motor work status error: -1002
01-01 00:01:13.678   254   407 I DUSS&63[sys_event_enter_upgrade_: 918]:: 0x7:request enter upgrading success, host_id=0x801
01-01 00:01:13.950   254   407 I DUSS&63[ sys_event_report_status:1431]:: report status:  0:0
01-01 00:01:15.182   254   445 I DUSS&63[          sys_usb_switch: 323]:: mode: 0, up_status 1, conn_pc 1, conn_app_timeout 0, cam_rt_mode 0, cam_mode 3
01-01 00:01:15.182   254   445 I DUSS&63[   sys_cam_switch_to_eth: 341]:: A9 USB switch to ETH mode, cur_mode=3!
01-01 00:01:15.335   254   446 I DUSS&63[ handle_dji_device_event: 305]:: remove usb:v070Ap4026d0001dc00dsc00dp00ic08isc06ip50in00
01-01 00:01:16.211   254   445 I DUSS&63[   sys_cam_switch_to_eth: 374]:: usb0 device ready
01-01 00:01:16.211   254   445 I DUSS&63[   sys_cam_switch_to_eth: 380]:: success
01-01 00:01:16.211   254   446 I DUSS&63[ handle_dji_device_event: 312]:: set cam_usb_mode to CAM_USB_MODE_INVALID
01-01 00:01:16.211   254   446 I DUSS&63[ handle_dji_device_event: 468]:: add network interface: usb0
01-01 00:01:16.235   254   446 I DUSS&63[ handle_dji_device_event: 473]:: Handle events for usb0 network plug in.
01-01 00:01:16.235   254   446 I DUSS&63[ handle_dji_device_event: 478]:: ++++++Disable uart channel to camera
01-01 00:01:16.254   254   446 E DUSS&63[ sys_event_usb_rt_enable:1123]:: Find route item to 0x104 fail: -1001
01-01 00:01:16.254   254   446 E DUSS&63[ sys_event_usb_rt_enable:1123]:: Find route item to 0x106 fail: -1001
01-01 00:01:16.254   254   446 E DUSS&63[ sys_event_usb_rt_enable:1123]:: Find route item to 0x401 fail: -1001
01-01 00:01:16.254   254   446 E DUSS&63[ sys_event_usb_rt_enable:1123]:: Find route item to 0x402 fail: -1001
01-01 00:01:16.254   254   446 I DUSS&63[sys_event_camera_rt_enab:1170]:: enable the mobile rt (throught camera).
01-01 00:01:16.254   254   446 E DUSS&63[ sys_event_usb_rt_enable:1123]:: Find route item to 0x200 fail: -1001
01-01 00:01:16.254   254   446 E DUSS&63[sys_event_camera_rt_enab:1175]:: route table: turn on USB eth to 2:0 fail
01-01 00:01:18.182   254   445 I DUSS&63[          sys_usb_switch: 323]:: mode: 0, up_status 1, conn_pc 1, conn_app_timeout 0, cam_rt_mode 0, cam_mode 5
01-01 00:01:19.988   254   407 I DUSS&63[sys_event_accept_upgrade: 981]:: 0x8:whole image size: 1579520, path = 2, type = 4
01-01 00:01:19.988   254   407 I DUSS&63[sys_event_accept_upgrade:1036]:: 0x8: using path ftp, app_host=0xa01, event_peer_host=0xa01
01-01 00:01:20.138   254   407 I DUSS&63[sys_event_accept_upgrade:1082]:: 0x8:send back ftp upgrade request done. file_name=/upgrade/dji_system.bin
01-01 00:01:21.182   254   445 I DUSS&63[          sys_usb_switch: 323]:: mode: 0, up_status 2, conn_pc 1, conn_app_timeout 0, cam_rt_mode 0, cam_mode 5
01-01 00:01:22.597   254   407 I DUSS&63[sys_event_finish_upgrade:1240]:: 0xa:Receive transfer complete message.
01-01 00:01:22.597   254   407 I DUSS&63[sys_event_finish_upgrade:1287]:: 0xa:ftp file /data/ftp/upgrade/dji_system.bin, file_size=1579520, info->img_size(1579520)
01-01 00:01:22.597   254   407 I DUSS&63[sys_event_finish_upgrade:1304]:: 0xa:path_use=2, type_use=4, data_store=1, info->recv_size(0), info->img_size(1579520)
01-01 00:01:22.597   254   407 I DUSS&63[sys_event_finish_upgrade:1354]:: 0xa:Md5sum check ok......
01-01 00:01:23.448   254   407 I DUSS&63[          sys_p1_upgrade:4569]:: P1: update all uav/gnd system now ...
01-01 00:01:23.451   254   407 I DUSS&63[sys_up_save_upgrade_stat: 370]:: fileName=/cache/upgrade_status, optionName=upgrade_host, optionValue=2561
01-01 00:01:23.451   254   407 I DUSS&63[sys_up_save_upgrade_stat: 374]:: file /cache/upgrade_status not exist, will create it
01-01 00:01:23.940   254  2403 I DUSS&63[    sys_up_sec_up_thread:1381]:: upgrade thread start... retry=2, up_mode=1
01-01 00:01:23.940   254  2403 I DUSS&63[sys_p1_push_ongoing_stat:2997]:: Push to 0xa01 for module 0x801, overall upgrade progress: 1 (0:0:0), stop_pushing=0
01-01 00:01:23.940   254  2403 I DUSS&63[sys_p1_up_start_smooth_p:2877]:: will start smooth pushing, from 1 to 7, step=1,interval=2, mod_id=0x0, is_local_progress=0
01-01 00:01:23.941   254   442 I DUSS&63[sys_up_status_push_threa: 993]:: +++++++ Sending upgrade status for upgrading_stage, len: 11, app_host=0xa01, mod_id=0x28 (08.01), status 1, progress: 0, total_progress: 1
01-01 00:01:24.164   254  2403 I DUSS&63[    sys_up_sec_up_thread:1443]:: Start to extract firmware
01-01 00:01:24.185   254   445 I DUSS&63[          sys_usb_switch: 323]:: mode: 0, up_status 4, conn_pc 1, conn_app_timeout 0, cam_rt_mode 0, cam_mode 5
01-01 00:01:24.199   254  2403 I DUSS&63[    sys_up_sec_up_thread:1460]:: Finish to extract firmware
01-01 00:01:24.199   254  2403 I DUSS&63[sys_p1_up_stop_smooth_pu:2904]:: will stop smooth pushing, previous timer=0xb71124c0
01-01 00:01:24.199   254  2403 I DUSS&63[sys_p1_up_stop_smooth_pu:2908]:: stop previous timer, mod_id=0x0, start_progress=1, end_progress=7
01-01 00:01:24.199   254  2403 I DUSS&63[sys_p1_push_ongoing_stat:2997]:: Push to 0xa01 for module 0x801, overall upgrade progress: 7 (0:0:0), stop_pushing=0
01-01 00:01:24.200   254  2403 I DUSS&63[    sys_up_sec_up_thread:1476]:: scan_system = 2
01-01 00:01:24.200   254  2403 I DUSS&63[sys_p1_up_start_smooth_p:2877]:: will start smooth pushing, from 7 to 15, step=1,interval=3, mod_id=0x0, is_local_progress=0
01-01 00:01:24.200   254   442 I DUSS&63[sys_up_status_push_threa: 993]:: +++++++ Sending upgrade status for upgrading_stage, len: 11, app_host=0xa01, mod_id=0x28 (08.01), status 1, progress: 0, total_progress: 7
01-01 00:01:24.206   254  2403 I DUSS&63[sys_p1_get_filelist_from:3848]:: got signed cfg file: /data/ftp/upgrade/upgrade/signimgs/wm220.cfg.sig
01-01 00:01:24.207   254  2403 I DUSS&63[sys_p1_get_filelist_from:3867]:: Got signed cfg file /data/ftp/upgrade/upgrade/signimgs/wm220.cfg.sig
01-01 00:01:24.255   254  2403 I DUSS&63[       sys_p1_unsign_img:1829]:: verify results: switching to OG mode
01-01 00:01:24.267   254  2403 I DUSS&63[       sys_p1_unsign_img:1837]:: dji_verify -n 0000 -o /cache/upgrade/unsignimgs/wm330_0000.xml /data/ftp/upgrade/upgrade/signimgs/wm220.cfg.sig exit status 0, return 0
01-01 00:01:24.267   254  2403 I DUSS&63[       sys_p1_unsign_img:1845]:: dji_verify -n 0000 -o /cache/upgrade/unsignimgs/wm330_0000.xml /data/ftp/upgrade/upgrade/signimgs/wm220.cfg.sig success.
01-01 00:01:24.267   254  2403 I DUSS&63[sys_p1_get_filelist_from:3879]:: succeed to unsign cfg file.
01-01 00:01:24.270   254  2403 I DUSS&63[        sys_p1_parse_cfg:  63]:: root name: dji
01-01 00:01:24.271   254  2403 I DUSS&63[        sys_p1_parse_cfg:  66]:: child name: device
01-01 00:01:24.271   254  2403 I DUSS&63[        sys_p1_parse_cfg:  72]:: get device_id wm220 from xml
01-01 00:01:24.271   254  2403 I DUSS&63[        sys_p1_parse_cfg:  82]:: formal = 01.04.0400
01-01 00:01:24.271   254  2403 I DUSS&63[        sys_p1_parse_cfg:  95]:: release version = 01.04.0400
01-01 00:01:24.271   254  2403 I DUSS&63[        sys_p1_parse_cfg: 101]:: parsed version:1.4.400
01-01 00:01:24.271   254  2403 I DUSS&63[        sys_p1_parse_cfg: 104]:: anti rool back = 3
01-01 00:01:24.271   254  2403 I DUSS&63[        sys_p1_parse_cfg: 109]:: from = 2018/07/04
01-01 00:01:24.271   254  2403 I DUSS&63[        sys_p1_parse_cfg: 116]:: expire = 2019/07/04
01-01 00:01:24.271   254  2403 I DUSS&63[        sys_p1_parse_cfg: 130]:: module id: 0907
01-01 00:01:24.271   254  2403 I DUSS&63[        sys_p1_parse_cfg: 133]:: module version: 47.26.02.18
01-01 00:01:24.271   254  2403 I DUSS&63[        sys_p1_parse_cfg: 136]:: hardware version: 
01-01 00:01:24.271   254  2403 I DUSS&63[        sys_p1_parse_cfg: 141]:: module file_name = wm220_0907_v47.26.02.18_20170801.pro.fw.sig
01-01 00:01:24.271   254  2403 I DUSS&63[        sys_p1_parse_cfg: 146]:: /data/ftp/upgrade/upgrade/signimgs//wm220_0907_v47.26.02.18_20170801.pro.fw.sig not exists
01-01 00:01:24.271   254  2403 I DUSS&63[        sys_p1_parse_cfg: 130]:: module id: 0305
01-01 00:01:24.271   254  2403 I DUSS&63[        sys_p1_parse_cfg: 133]:: module version: 34.04.00.24
01-01 00:01:24.271   254  2403 I DUSS&63[        sys_p1_parse_cfg: 136]:: hardware version: 
01-01 00:01:24.271   254  2403 I DUSS&63[        sys_p1_parse_cfg: 141]:: module file_name = wm220_0305_v34.04.00.24_20170726.pro.fw.sig
01-01 00:01:24.271   254  2403 I DUSS&63[        sys_p1_parse_cfg: 153]:: md5: fcde0f3bc310c78e5c13f1e2239e185e
01-01 00:01:24.272   254  2403 I DUSS&63[      sys_p1_add_up_file:2359]:: get hw_ver[NULL] from file /data/ftp/upgrade/upgrade/signimgs//wm220_0305_v34.04.00.24_20170726.pro.fw.sig
01-01 00:01:24.272   254  2403 I DUSS&63[      sys_p1_add_up_file:2456]:: parse file ok, id 3, index 5, ver: 34.4.0.24
01-01 00:01:24.272   254  2403 I DUSS&63[      sys_p1_add_up_file:2458]:: sign file name: /data/ftp/upgrade/upgrade/signimgs//wm220_0305_v34.04.00.24_20170726.pro.fw.sig, file_size=55072
01-01 00:01:24.272   254  2403 I DUSS&63[        sys_p1_parse_cfg: 130]:: module id: 0306
01-01 00:01:24.272   254  2403 I DUSS&63[        sys_p1_parse_cfg: 133]:: module version: 03.02.44.13
01-01 00:01:24.272   254  2403 I DUSS&63[        sys_p1_parse_cfg: 136]:: hardware version: 
01-01 00:01:24.272   254  2403 I DUSS&63[        sys_p1_parse_cfg: 141]:: module file_name = wm220_0306_v03.02.44.13_20171116.pro.fw.sig
01-01 00:01:24.272   254  2403 I DUSS&63[        sys_p1_parse_cfg: 153]:: md5: 173cf3d4286c83e74baa5f5b79fdd5d2
01-01 00:01:24.292   254  2403 I DUSS&63[      sys_p1_add_up_file:2359]:: get hw_ver[NULL] from file /data/ftp/upgrade/upgrade/signimgs//wm220_0306_v03.02.44.13_20171116.pro.fw.sig
01-01 00:01:24.292   254  2403 I DUSS&63[      sys_p1_add_up_file:2456]:: parse file ok, id 3, index 6, ver: 3.2.44.13
01-01 00:01:24.292   254  2403 I DUSS&63[      sys_p1_add_up_file:2458]:: sign file name: /data/ftp/upgrade/upgrade/signimgs//wm220_0306_v03.02.44.13_20171116.pro.fw.sig, file_size=1483776
01-01 00:01:24.292   254  2403 I DUSS&63[        sys_p1_parse_cfg: 130]:: module id: 1100
01-01 00:01:24.292   254  2403 I DUSS&63[        sys_p1_parse_cfg: 133]:: module version: 01.00.07.32
01-01 00:01:24.292   254  2403 I DUSS&63[        sys_p1_parse_cfg: 136]:: hardware version: 
01-01 00:01:24.292   254  2403 I DUSS&63[        sys_p1_parse_cfg: 141]:: module file_name = wm220_1100_v01.00.07.32_20170726.pro.fw.sig
01-01 00:01:24.292   254  2403 I DUSS&63[        sys_p1_parse_cfg: 146]:: /data/ftp/upgrade/upgrade/signimgs//wm220_1100_v01.00.07.32_20170726.pro.fw.sig not exists
01-01 00:01:24.292   254  2403 I DUSS&63[        sys_p1_parse_cfg: 130]:: module id: 0803
01-01 00:01:24.292   254  2403 I DUSS&63[        sys_p1_parse_cfg: 133]:: module version: 00.00.04.09
01-01 00:01:24.292   254  2403 I DUSS&63[        sys_p1_parse_cfg: 136]:: hardware version: 
01-01 00:01:24.292   254  2403 I DUSS&63[        sys_p1_parse_cfg: 141]:: module file_name = wm220_0803_v00.00.04.09_20170728.pro.fw.sig
01-01 00:01:24.292   254  2403 I DUSS&63[        sys_p1_parse_cfg: 146]:: /data/ftp/upgrade/upgrade/signimgs//wm220_0803_v00.00.04.09_20170728.pro.fw.sig not exists
01-01 00:01:24.292   254  2403 I DUSS&63[        sys_p1_parse_cfg: 130]:: module id: 0100
01-01 00:01:24.292   254  2403 I DUSS&63[        sys_p1_parse_cfg: 133]:: module version: 02.08.56.68
01-01 00:01:24.292   254  2403 I DUSS&63[        sys_p1_parse_cfg: 136]:: hardware version: 
01-01 00:01:24.292   254  2403 I DUSS&63[        sys_p1_parse_cfg: 141]:: module file_name = wm220_0100_v02.08.56.68_20180122.pro.fw.sig
01-01 00:01:24.292   254  2403 I DUSS&63[        sys_p1_parse_cfg: 146]:: /data/ftp/upgrade/upgrade/signimgs//wm220_0100_v02.08.56.68_20180122.pro.fw.sig not exists
01-01 00:01:24.292   254  2403 I DUSS&63[        sys_p1_parse_cfg: 130]:: module id: 0100
01-01 00:01:24.292   254  2403 I DUSS&63[        sys_p1_parse_cfg: 133]:: module version: 02.10.05.19
01-01 00:01:24.292   254  2403 I DUSS&63[        sys_p1_parse_cfg: 136]:: hardware version: ca02
01-01 00:01:24.292   254  2403 I DUSS&63[        sys_p1_parse_cfg: 141]:: module file_name = wm220_0100_v02.10.05.19_20180122_ca02.pro.fw.sig
01-01 00:01:24.292   254  2403 I DUSS&63[        sys_p1_parse_cfg: 146]:: /data/ftp/upgrade/upgrade/signimgs//wm220_0100_v02.10.05.19_20180122_ca02.pro.fw.sig not exists
01-01 00:01:24.292   254  2403 I DUSS&63[        sys_p1_parse_cfg: 130]:: module id: 0101
01-01 00:01:24.292   254  2403 I DUSS&63[        sys_p1_parse_cfg: 133]:: module version: 02.08.56.68
01-01 00:01:24.292   254  2403 I DUSS&63[        sys_p1_parse_cfg: 136]:: hardware version: 
01-01 00:01:24.292   254  2403 I DUSS&63[        sys_p1_parse_cfg: 141]:: module file_name = wm220_0101_v02.08.56.68_20180122.pro.fw.sig
01-01 00:01:24.292   254  2403 I DUSS&63[        sys_p1_parse_cfg: 146]:: /data/ftp/upgrade/upgrade/signimgs//wm220_0101_v02.08.56.68_20180122.pro.fw.sig not exists
01-01 00:01:24.292   254  2403 I DUSS&63[        sys_p1_parse_cfg: 130]:: module id: 0101
01-01 00:01:24.292   254  2403 I DUSS&63[        sys_p1_parse_cfg: 133]:: module version: 02.10.05.19
01-01 00:01:24.292   254  2403 I DUSS&63[        sys_p1_parse_cfg: 136]:: hardware version: ca02
01-01 00:01:24.292   254  2403 I DUSS&63[        sys_p1_parse_cfg: 141]:: module file_name = wm220_0101_v02.10.05.19_20180122_ca02.pro.fw.sig
01-01 00:01:24.293   254  2403 I DUSS&63[        sys_p1_parse_cfg: 146]:: /data/ftp/upgrade/upgrade/signimgs//wm220_0101_v02.10.05.19_20180122_ca02.pro.fw.sig not exists
01-01 00:01:24.293   254  2403 I DUSS&63[        sys_p1_parse_cfg: 130]:: module id: 0400
01-01 00:01:24.293   254  2403 I DUSS&63[        sys_p1_parse_cfg: 133]:: module version: 01.50.12.10
01-01 00:01:24.293   254  2403 I DUSS&63[        sys_p1_parse_cfg: 136]:: hardware version: 
01-01 00:01:24.293   254  2403 I DUSS&63[        sys_p1_parse_cfg: 141]:: module file_name = wm220_0400_v01.50.12.10_20170809.pro.fw.sig
01-01 00:01:24.293   254  2403 I DUSS&63[        sys_p1_parse_cfg: 146]:: /data/ftp/upgrade/upgrade/signimgs//wm220_0400_v01.50.12.10_20170809.pro.fw.sig not exists
01-01 00:01:24.293   254  2403 I DUSS&63[        sys_p1_parse_cfg: 130]:: module id: 0804
01-01 00:01:24.293   254  2403 I DUSS&63[        sys_p1_parse_cfg: 133]:: module version: 01.00.00.11
01-01 00:01:24.293   254  2403 I DUSS&63[        sys_p1_parse_cfg: 136]:: hardware version: 
01-01 00:01:24.293   254  2403 I DUSS&63[        sys_p1_parse_cfg: 141]:: module file_name = wm220_0804_v01.00.00.11_20170828.pro.fw.sig
01-01 00:01:24.293   254  2403 I DUSS&63[        sys_p1_parse_cfg: 146]:: /data/ftp/upgrade/upgrade/signimgs//wm220_0804_v01.00.00.11_20170828.pro.fw.sig not exists
01-01 00:01:24.293   254  2403 I DUSS&63[        sys_p1_parse_cfg: 130]:: module id: 0801
01-01 00:01:24.293   254  2403 I DUSS&63[        sys_p1_parse_cfg: 133]:: module version: 01.06.00.46
01-01 00:01:24.293   254  2403 I DUSS&63[        sys_p1_parse_cfg: 136]:: hardware version: 
01-01 00:01:24.293   254  2403 I DUSS&63[        sys_p1_parse_cfg: 141]:: module file_name = wm220_0801_v01.06.00.46_20180613.pro.fw.sig
01-01 00:01:24.293   254  2403 I DUSS&63[        sys_p1_parse_cfg: 146]:: /data/ftp/upgrade/upgrade/signimgs//wm220_0801_v01.06.00.46_20180613.pro.fw.sig not exists
01-01 00:01:24.293   254  2403 I DUSS&63[        sys_p1_parse_cfg: 130]:: module id: 1200
01-01 00:01:24.293   254  2403 I DUSS&63[        sys_p1_parse_cfg: 133]:: module version: 01.10.00.00
01-01 00:01:24.293   254  2403 I DUSS&63[        sys_p1_parse_cfg: 136]:: hardware version: 
01-01 00:01:24.293   254  2403 I DUSS&63[        sys_p1_parse_cfg: 141]:: module file_name = wm220_1200_v01.10.00.00_20170731.pro.fw.sig
01-01 00:01:24.293   254  2403 I DUSS&63[        sys_p1_parse_cfg: 146]:: /data/ftp/upgrade/upgrade/signimgs//wm220_1200_v01.10.00.00_20170731.pro.fw.sig not exists
01-01 00:01:24.293   254  2403 I DUSS&63[        sys_p1_parse_cfg: 130]:: module id: 1200
01-01 00:01:24.293   254  2403 I DUSS&63[        sys_p1_parse_cfg: 133]:: module version: 01.01.00.72
01-01 00:01:24.293   254  2403 I DUSS&63[        sys_p1_parse_cfg: 136]:: hardware version: es02
01-01 00:01:24.293   254  2403 I DUSS&63[        sys_p1_parse_cfg: 141]:: module file_name = wm220_1200_v01.01.00.72_20180515_es02.pro.fw.sig
01-01 00:01:24.293   254  2403 I DUSS&63[        sys_p1_parse_cfg: 153]:: md5: 0d033c910c37ed7c323739db04633325
01-01 00:01:24.294   254  2403 I DUSS&63[      sys_p1_add_up_file:2359]:: get hw_ver[ES02] from file /data/ftp/upgrade/upgrade/signimgs//wm220_1200_v01.01.00.72_20180515_es02.pro.fw.sig
01-01 00:01:24.294   254  2403 I DUSS&63[      sys_p1_add_up_file:2456]:: parse file ok, id 12, index 0, ver: 1.1.0.72
01-01 00:01:24.294   254  2403 I DUSS&63[      sys_p1_add_up_file:2458]:: sign file name: /data/ftp/upgrade/upgrade/signimgs//wm220_1200_v01.01.00.72_20180515_es02.pro.fw.sig, file_size=28448
01-01 00:01:24.294   254  2403 I DUSS&63[        sys_p1_parse_cfg: 130]:: module id: 1201
01-01 00:01:24.294   254  2403 I DUSS&63[        sys_p1_parse_cfg: 133]:: module version: 01.10.00.00
01-01 00:01:24.294   254  2403 I DUSS&63[        sys_p1_parse_cfg: 136]:: hardware version: 
01-01 00:01:24.294   254  2403 I DUSS&63[        sys_p1_parse_cfg: 141]:: module file_name = wm220_1201_v01.10.00.00_20170731.pro.fw.sig
01-01 00:01:24.294   254  2403 I DUSS&63[        sys_p1_parse_cfg: 146]:: /data/ftp/upgrade/upgrade/signimgs//wm220_1201_v01.10.00.00_20170731.pro.fw.sig not exists
01-01 00:01:24.294   254  2403 I DUSS&63[        sys_p1_parse_cfg: 130]:: module id: 1202
01-01 00:01:24.294   254  2403 I DUSS&63[        sys_p1_parse_cfg: 133]:: module version: 01.10.00.00
01-01 00:01:24.294   254  2403 I DUSS&63[        sys_p1_parse_cfg: 136]:: hardware version: 
01-01 00:01:24.294   254  2403 I DUSS&63[        sys_p1_parse_cfg: 141]:: module file_name = wm220_1202_v01.10.00.00_20170731.pro.fw.sig
01-01 00:01:24.294   254  2403 I DUSS&63[        sys_p1_parse_cfg: 146]:: /data/ftp/upgrade/upgrade/signimgs//wm220_1202_v01.10.00.00_20170731.pro.fw.sig not exists
01-01 00:01:24.294   254  2403 I DUSS&63[        sys_p1_parse_cfg: 130]:: module id: 1203
01-01 00:01:24.294   254  2403 I DUSS&63[        sys_p1_parse_cfg: 133]:: module version: 01.10.00.00
01-01 00:01:24.294   254  2403 I DUSS&63[        sys_p1_parse_cfg: 136]:: hardware version: 
01-01 00:01:24.294   254  2403 I DUSS&63[        sys_p1_parse_cfg: 141]:: module file_name = wm220_1203_v01.10.00.00_20170731.pro.fw.sig
01-01 00:01:24.295   254  2403 I DUSS&63[        sys_p1_parse_cfg: 146]:: /data/ftp/upgrade/upgrade/signimgs//wm220_1203_v01.10.00.00_20170731.pro.fw.sig not exists
01-01 00:01:24.295   254  2403 I DUSS&63[        sys_p1_parse_cfg: 130]:: module id: 0802
01-01 00:01:24.295   254  2403 I DUSS&63[        sys_p1_parse_cfg: 133]:: module version: 01.01.00.02
01-01 00:01:24.295   254  2403 I DUSS&63[        sys_p1_parse_cfg: 136]:: hardware version: 
01-01 00:01:24.295   254  2403 I DUSS&63[        sys_p1_parse_cfg: 141]:: module file_name = wm220_0802_v01.01.00.02_20170729.pro.fw.sig
01-01 00:01:24.295   254  2403 I DUSS&63[        sys_p1_parse_cfg: 146]:: /data/ftp/upgrade/upgrade/signimgs//wm220_0802_v01.01.00.02_20170729.pro.fw.sig not exists
01-01 00:01:24.295   254  2403 I DUSS&63[        sys_p1_parse_cfg: 130]:: module id: 0805
01-01 00:01:24.295   254  2403 I DUSS&63[        sys_p1_parse_cfg: 133]:: module version: 01.04.00.99
01-01 00:01:24.295   254  2403 I DUSS&63[        sys_p1_parse_cfg: 136]:: hardware version: 
01-01 00:01:24.295   254  2403 I DUSS&63[        sys_p1_parse_cfg: 141]:: module file_name = wm220_0805_v01.04.00.99_20180601.pro.fw.sig
01-01 00:01:24.295   254  2403 I DUSS&63[        sys_p1_parse_cfg: 146]:: /data/ftp/upgrade/upgrade/signimgs//wm220_0805_v01.04.00.99_20180601.pro.fw.sig not exists
01-01 00:01:24.295   254  2403 I DUSS&63[        sys_p1_parse_cfg: 130]:: module id: 1407
01-01 00:01:24.295   254  2403 I DUSS&63[        sys_p1_parse_cfg: 133]:: module version: 47.26.02.18
01-01 00:01:24.295   254  2403 I DUSS&63[        sys_p1_parse_cfg: 136]:: hardware version: 
01-01 00:01:24.295   254  2403 I DUSS&63[        sys_p1_parse_cfg: 141]:: module file_name = wm220_1407_v47.26.02.18_20170801.pro.fw.sig
01-01 00:01:24.295   254  2403 I DUSS&63[        sys_p1_parse_cfg: 146]:: /data/ftp/upgrade/upgrade/signimgs//wm220_1407_v47.26.02.18_20170801.pro.fw.sig not exists
01-01 00:01:24.295   254  2403 I DUSS&63[        sys_p1_parse_cfg: 130]:: module id: 0600
01-01 00:01:24.295   254  2403 I DUSS&63[        sys_p1_parse_cfg: 133]:: module version: 00.00.01.28
01-01 00:01:24.295   254  2403 I DUSS&63[        sys_p1_parse_cfg: 136]:: hardware version: 
01-01 00:01:24.295   254  2403 I DUSS&63[        sys_p1_parse_cfg: 141]:: module file_name = wm220_0600_v00.00.01.28_20170727.pro.fw.sig
01-01 00:01:24.295   254  2403 I DUSS&63[        sys_p1_parse_cfg: 146]:: /data/ftp/upgrade/upgrade/signimgs//wm220_0600_v00.00.01.28_20170727.pro.fw.sig not exists
01-01 00:01:24.295   254  2403 I DUSS&63[        sys_p1_parse_cfg: 130]:: module id: 1301
01-01 00:01:24.295   254  2403 I DUSS&63[        sys_p1_parse_cfg: 133]:: module version: 01.06.00.46
01-01 00:01:24.295   254  2403 I DUSS&63[        sys_p1_parse_cfg: 136]:: hardware version: 
01-01 00:01:24.295   254  2403 I DUSS&63[        sys_p1_parse_cfg: 141]:: module file_name = wm220_1301_v01.06.00.46_20180613.pro.fw.sig
01-01 00:01:24.295   254  2403 I DUSS&63[        sys_p1_parse_cfg: 146]:: /data/ftp/upgrade/upgrade/signimgs//wm220_1301_v01.06.00.46_20180613.pro.fw.sig not exists
01-01 00:01:24.295   254  2403 I DUSS&63[        sys_p1_parse_cfg: 130]:: module id: 2807
01-01 00:01:24.295   254  2403 I DUSS&63[        sys_p1_parse_cfg: 133]:: module version: 34.84.01.00
01-01 00:01:24.295   254  2403 I DUSS&63[        sys_p1_parse_cfg: 136]:: hardware version: 
01-01 00:01:24.295   254  2403 I DUSS&63[        sys_p1_parse_cfg: 141]:: module file_name = wm220_2807_v34.84.01.00_20180522.pro.fw.sig
01-01 00:01:24.295   254  2403 I DUSS&63[        sys_p1_parse_cfg: 146]:: /data/ftp/upgrade/upgrade/signimgs//wm220_2807_v34.84.01.00_20180522.pro.fw.sig not exists
01-01 00:01:24.295   254  2403 I DUSS&63[        sys_p1_parse_cfg: 130]:: module id: 0601
01-01 00:01:24.295   254  2403 I DUSS&63[        sys_p1_parse_cfg: 133]:: module version: 00.00.03.06
01-01 00:01:24.295   254  2403 I DUSS&63[        sys_p1_parse_cfg: 136]:: hardware version: 
01-01 00:01:24.295   254  2403 I DUSS&63[        sys_p1_parse_cfg: 141]:: module file_name = wm220_0601_v00.00.03.06_20170528.pro.fw.sig
01-01 00:01:24.295   254  2403 I DUSS&63[        sys_p1_parse_cfg: 146]:: /data/ftp/upgrade/upgrade/signimgs//wm220_0601_v00.00.03.06_20170528.pro.fw.sig not exists
01-01 00:01:24.295   254  2403 I DUSS&63[        sys_p1_parse_cfg: 130]:: module id: 0603
01-01 00:01:24.295   254  2403 I DUSS&63[        sys_p1_parse_cfg: 133]:: module version: 00.00.06.09
01-01 00:01:24.295   254  2403 I DUSS&63[        sys_p1_parse_cfg: 136]:: hardware version: 
01-01 00:01:24.295   254  2403 I DUSS&63[        sys_p1_parse_cfg: 141]:: module file_name = wm220_0603_v00.00.06.09_20170728.pro.fw.sig
01-01 00:01:24.295   254  2403 I DUSS&63[        sys_p1_parse_cfg: 146]:: /data/ftp/upgrade/upgrade/signimgs//wm220_0603_v00.00.06.09_20170728.pro.fw.sig not exists
01-01 00:01:24.295   254  2403 I DUSS&63[        sys_p1_parse_cfg: 130]:: module id: 2801
01-01 00:01:24.295   254  2403 I DUSS&63[        sys_p1_parse_cfg: 133]:: module version: 01.04.01.09
01-01 00:01:24.295   254  2403 I DUSS&63[        sys_p1_parse_cfg: 136]:: hardware version: 
01-01 00:01:24.295   254  2403 I DUSS&63[        sys_p1_parse_cfg: 141]:: module file_name = wm220_2801_v01.04.01.09_20180612.pro.fw.sig
01-01 00:01:24.295   254  2403 I DUSS&63[        sys_p1_parse_cfg: 146]:: /data/ftp/upgrade/upgrade/signimgs//wm220_2801_v01.04.01.09_20180612.pro.fw.sig not exists
01-01 00:01:24.295   254  2403 I DUSS&63[        sys_p1_parse_cfg: 130]:: module id: 2803
01-01 00:01:24.295   254  2403 I DUSS&63[        sys_p1_parse_cfg: 133]:: module version: 00.00.03.07
01-01 00:01:24.295   254  2403 I DUSS&63[        sys_p1_parse_cfg: 136]:: hardware version: 
01-01 00:01:24.295   254  2403 I DUSS&63[        sys_p1_parse_cfg: 141]:: module file_name = wm220_2803_v00.00.03.07_20170228.pro.fw.sig
01-01 00:01:24.296   254  2403 I DUSS&63[        sys_p1_parse_cfg: 146]:: /data/ftp/upgrade/upgrade/signimgs//wm220_2803_v00.00.03.07_20170228.pro.fw.sig not exists
01-01 00:01:24.296   254  2403 I DUSS&63[        sys_p1_parse_cfg: 130]:: module id: 2803
01-01 00:01:24.296   254  2403 I DUSS&63[        sys_p1_parse_cfg: 133]:: module version: 00.00.03.08
01-01 00:01:24.296   254  2403 I DUSS&63[        sys_p1_parse_cfg: 136]:: hardware version: cd01
01-01 00:01:24.296   254  2403 I DUSS&63[        sys_p1_parse_cfg: 141]:: module file_name = wm220_2803_v00.00.03.08_20170302_cd01.pro.fw.sig
01-01 00:01:24.296   254  2403 I DUSS&63[        sys_p1_parse_cfg: 146]:: /data/ftp/upgrade/upgrade/signimgs//wm220_2803_v00.00.03.08_20170302_cd01.pro.fw.sig not exists
01-01 00:01:24.296   254  2403 I DUSS&63[        sys_p1_parse_cfg: 130]:: module id: 2803
01-01 00:01:24.296   254  2403 I DUSS&63[        sys_p1_parse_cfg: 133]:: module version: 00.00.03.08
01-01 00:01:24.296   254  2403 I DUSS&63[        sys_p1_parse_cfg: 136]:: hardware version: cd02
01-01 00:01:24.296   254  2403 I DUSS&63[        sys_p1_parse_cfg: 141]:: module file_name = wm220_2803_v00.00.03.08_20170302_cd02.pro.fw.sig
01-01 00:01:24.296   254  2403 I DUSS&63[        sys_p1_parse_cfg: 146]:: /data/ftp/upgrade/upgrade/signimgs//wm220_2803_v00.00.03.08_20170302_cd02.pro.fw.sig not exists
01-01 00:01:24.296   254  2403 I DUSS&63[        sys_p1_parse_cfg: 130]:: module id: 2803
01-01 00:01:24.296   254  2403 I DUSS&63[        sys_p1_parse_cfg: 133]:: module version: 00.00.03.08
01-01 00:01:24.296   254  2403 I DUSS&63[        sys_p1_parse_cfg: 136]:: hardware version: cd03
01-01 00:01:24.296   254  2403 I DUSS&63[        sys_p1_parse_cfg: 141]:: module file_name = wm220_2803_v00.00.04.08_20170828_cd03.pro.fw.sig
01-01 00:01:24.296   254  2403 I DUSS&63[        sys_p1_parse_cfg: 146]:: /data/ftp/upgrade/upgrade/signimgs//wm220_2803_v00.00.04.08_20170828_cd03.pro.fw.sig not exists
01-01 00:01:24.296   254  2403 I DUSS&63[        sys_p1_parse_cfg: 130]:: module id: 0905
01-01 00:01:24.296   254  2403 I DUSS&63[        sys_p1_parse_cfg: 133]:: module version: 01.00.01.07
01-01 00:01:24.296   254  2403 I DUSS&63[        sys_p1_parse_cfg: 136]:: hardware version: 
01-01 00:01:24.296   254  2403 I DUSS&63[        sys_p1_parse_cfg: 141]:: module file_name = wm220_0905_v01.00.01.07_20170929.pro.fw.sig
01-01 00:01:24.296   254  2403 I DUSS&63[        sys_p1_parse_cfg: 146]:: /data/ftp/upgrade/upgrade/signimgs//wm220_0905_v01.00.01.07_20170929.pro.fw.sig not exists
01-01 00:01:24.297   254  2403 I DUSS&63[sys_p1_get_filelist_from:3894]:: dev id in cfg file: wm220, hw_str: WM220 AC
01-01 00:01:24.297   254  2403 I DUSS&63[sys_p1_get_filelist_from:3902]:: +++ p1->up_file_cnt = 3, p1_first=1
01-01 00:01:24.304   254  2403 I DUSS&63[     sys_p1_verify_image:3995]:: file parse result: up_file_cnt=3, uav_img_cnt=3, gnd_img_cnt=0, gls_img_cnt=0
01-01 00:01:24.304   254  2403 I DUSS&63[     sys_p1_verify_image:4047]:: ++++ id_idx = 0305, unsign_file_name /cache/upgrade/unsignimgs//wm220_0305_v34.04.00.24_20170726.pro.fw
01-01 00:01:24.372   254  2403 I DUSS&63[       sys_p1_unsign_img:1837]:: dji_verify -n 0305 -o /cache/upgrade/unsignimgs//wm220_0305_v34.04.00.24_20170726.pro.fw /data/ftp/upgrade/upgrade/signimgs//wm220_0305_v34.04.00.24_20170726.pro.fw.sig exit status 0, return 0
01-01 00:01:24.372   254  2403 I DUSS&63[       sys_p1_unsign_img:1845]:: dji_verify -n 0305 -o /cache/upgrade/unsignimgs//wm220_0305_v34.04.00.24_20170726.pro.fw /data/ftp/upgrade/upgrade/signimgs//wm220_0305_v34.04.00.24_20170726.pro.fw.sig success.
01-01 00:01:24.372   254  2403 I DUSS&63[     sys_p1_verify_image:4047]:: ++++ id_idx = 0306, unsign_file_name /cache/upgrade/unsignimgs//wm220_0306_v03.02.44.13_20171116.pro.fw
01-01 00:01:24.420   254  2403 I DUSS&63[       sys_p1_unsign_img:1829]:: verify results: switching to OG mode
01-01 00:01:24.448   254  2403 I DUSS&63[       sys_p1_unsign_img:1837]:: dji_verify -n 0306 -o /cache/upgrade/unsignimgs//wm220_0306_v03.02.44.13_20171116.pro.fw /data/ftp/upgrade/upgrade/signimgs//wm220_0306_v03.02.44.13_20171116.pro.fw.sig exit status 0, return 0
01-01 00:01:24.448   254  2403 I DUSS&63[       sys_p1_unsign_img:1845]:: dji_verify -n 0306 -o /cache/upgrade/unsignimgs//wm220_0306_v03.02.44.13_20171116.pro.fw /data/ftp/upgrade/upgrade/signimgs//wm220_0306_v03.02.44.13_20171116.pro.fw.sig success.
01-01 00:01:24.448   254  2403 I DUSS&63[     sys_p1_verify_image:4047]:: ++++ id_idx = 1200, unsign_file_name /cache/upgrade/unsignimgs//wm220_1200_v01.01.00.72_20180515_es02.pro.fw
01-01 00:01:24.511   254  2403 I DUSS&63[       sys_p1_unsign_img:1837]:: dji_verify -n 1200 -o /cache/upgrade/unsignimgs//wm220_1200_v01.01.00.72_20180515_es02.pro.fw /data/ftp/upgrade/upgrade/signimgs//wm220_1200_v01.01.00.72_20180515_es02.pro.fw.sig exit status 0, return 0
01-01 00:01:24.511   254  2403 I DUSS&63[       sys_p1_unsign_img:1845]:: dji_verify -n 1200 -o /cache/upgrade/unsignimgs//wm220_1200_v01.01.00.72_20180515_es02.pro.fw /data/ftp/upgrade/upgrade/signimgs//wm220_1200_v01.01.00.72_20180515_es02.pro.fw.sig success.
01-01 00:01:24.511   254  2403 I DUSS&63[sys_p1_up_stop_smooth_pu:2904]:: will stop smooth pushing, previous timer=0xb71124c0
01-01 00:01:24.511   254  2403 I DUSS&63[sys_p1_up_stop_smooth_pu:2908]:: stop previous timer, mod_id=0x0, start_progress=7, end_progress=15
01-01 00:01:24.512   254  2403 I DUSS&63[sys_p1_push_ongoing_stat:2997]:: Push to 0xa01 for module 0x801, overall upgrade progress: 15 (0:3:0), stop_pushing=0
01-01 00:01:24.512   254  2403 I DUSS&63[    sys_up_sec_up_thread:1555]:: first upgrading, back up upgrade images.
01-01 00:01:24.512   254  2403 I DUSS&63[sys_p1_up_start_smooth_p:2877]:: will start smooth pushing, from 15 to 20, step=1,interval=2, mod_id=0x0, is_local_progress=0
01-01 00:01:24.512   254   442 I DUSS&63[sys_up_status_push_threa: 993]:: +++++++ Sending upgrade status for upgrading_stage, len: 11, app_host=0xa01, mod_id=0x28 (08.01), status 1, progress: 0, total_progress: 15
01-01 00:01:26.512   254  2453 I DUSS&63[sys_p1_up_smooth_push_en:2831]:: smooth pushing status, start=15, end=20, step=1, cur=15, mod_id=0
01-01 00:01:26.512   254  2453 I DUSS&63[sys_p1_push_ongoing_stat:2997]:: Push to 0xa01 for module 0x801, overall upgrade progress: 15 (0:3:0), stop_pushing=0
01-01 00:01:26.512   254   442 I DUSS&63[sys_up_status_push_threa: 993]:: +++++++ Sending upgrade status for upgrading_stage, len: 11, app_host=0xa01, mod_id=0x28 (08.01), status 1, progress: 0, total_progress: 15
01-01 00:01:26.515   254   442 E DUSS&63[sys_up_status_push_threa:1012]:: Sending upgrade status to app_host 0xa01 failed, result=-1002
01-01 00:01:26.515   254   442 I DUSS&63[       sys_check_pc_conn: 304]:: pc state is CONFIGURED
01-01 00:01:26.515   254   442 I DUSS&63[sys_up_status_push_threa:1017]:: conn_pc=1 when re-check in pushing thread
01-01 00:01:26.515   254   442 E DUSS&63[sys_event_pc_through_rc_:1205]:: switch pc wl channel to 0 success
01-01 00:01:27.182   254   445 I DUSS&63[          sys_usb_switch: 323]:: mode: 0, up_status 4, conn_pc 1, conn_app_timeout 0, cam_rt_mode 0, cam_mode 5
01-01 00:01:28.065   254  2403 I DUSS&63[ sys_up_del_full_package:1099]:: deleted /data/ftp/upgrade/dji_system.bin
01-01 00:01:28.512   254  2453 I DUSS&63[sys_p1_up_smooth_push_en:2831]:: smooth pushing status, start=15, end=20, step=1, cur=16, mod_id=0
01-01 00:01:28.512   254  2453 I DUSS&63[sys_p1_push_ongoing_stat:2997]:: Push to 0xa01 for module 0x801, overall upgrade progress: 16 (0:3:0), stop_pushing=0
01-01 00:01:28.512   254   442 I DUSS&63[sys_up_status_push_threa: 993]:: +++++++ Sending upgrade status for upgrading_stage, len: 11, app_host=0xa01, mod_id=0x28 (08.01), status 1, progress: 0, total_progress: 16
01-01 00:01:28.514   254   442 E DUSS&63[sys_up_status_push_threa:1012]:: Sending upgrade status to app_host 0xa01 failed, result=-1002
01-01 00:01:30.182   254   445 I DUSS&63[          sys_usb_switch: 323]:: mode: 0, up_status 4, conn_pc 1, conn_app_timeout 0, cam_rt_mode 0, cam_mode 5
01-01 00:01:30.512   254  2453 I DUSS&63[sys_p1_up_smooth_push_en:2831]:: smooth pushing status, start=15, end=20, step=1, cur=17, mod_id=0
01-01 00:01:30.512   254  2453 I DUSS&63[sys_p1_push_ongoing_stat:2997]:: Push to 0xa01 for module 0x801, overall upgrade progress: 17 (0:3:0), stop_pushing=0
01-01 00:01:30.512   254   442 I DUSS&63[sys_up_status_push_threa: 993]:: +++++++ Sending upgrade status for upgrading_stage, len: 11, app_host=0xa01, mod_id=0x28 (08.01), status 1, progress: 0, total_progress: 17
01-01 00:01:30.514   254   442 E DUSS&63[sys_up_status_push_threa:1012]:: Sending upgrade status to app_host 0xa01 failed, result=-1002
01-01 00:01:31.329   254  2403 I DUSS&63[sys_p1_up_stop_smooth_pu:2904]:: will stop smooth pushing, previous timer=0xb71124c0
01-01 00:01:31.329   254  2403 I DUSS&63[sys_p1_up_stop_smooth_pu:2908]:: stop previous timer, mod_id=0x0, start_progress=15, end_progress=20
01-01 00:01:31.329   254  2403 I DUSS&63[sys_p1_push_ongoing_stat:2997]:: Push to 0xa01 for module 0x801, overall upgrade progress: 20 (0:3:0), stop_pushing=0
01-01 00:01:31.329   254  2403 I DUSS&63[sys_up_save_upgrade_stat: 462]:: optionName=package_id, optionValue=wm220
01-01 00:01:31.330   254   442 I DUSS&63[sys_up_status_push_threa: 993]:: +++++++ Sending upgrade status for upgrading_stage, len: 11, app_host=0xa01, mod_id=0x28 (08.01), status 1, progress: 0, total_progress: 20
01-01 00:01:31.336   254   442 E DUSS&63[sys_up_status_push_threa:1012]:: Sending upgrade status to app_host 0xa01 failed, result=-1002
01-01 00:01:31.432   254  2403 I DUSS&63[sys_up_save_upgrade_stat: 462]:: optionName=package_ver, optionValue=1.4.400
01-01 00:01:31.514   254  2403 I DUSS&63[sys_up_save_upgrade_stat: 370]:: fileName=/cache/general_status, optionName=package_uav_cnt, optionValue=3
01-01 00:01:31.515   254  2403 I DUSS&63[sys_up_save_upgrade_stat: 406]:: original value 3, new value 3
01-01 00:01:31.589   254  2403 I DUSS&63[sys_up_save_upgrade_stat: 370]:: fileName=/cache/general_status, optionName=package_gnd_cnt, optionValue=0
01-01 00:01:31.590   254  2403 I DUSS&63[sys_up_save_upgrade_stat: 406]:: original value 0, new value 0
01-01 00:01:31.659   254  2403 I DUSS&63[sys_up_save_upgrade_stat: 370]:: fileName=/cache/general_status, optionName=package_gls_cnt, optionValue=0
01-01 00:01:31.660   254  2403 I DUSS&63[sys_up_save_upgrade_stat: 406]:: original value 0, new value 0
01-01 00:01:31.762   254  2403 I DUSS&63[ sys_up_save_int_to_file: 547]:: fileName=/cache/upgrade_retry, value=2
01-01 00:01:31.846   254  2403 I DUSS&63[      sys_p1_upgrade_all:3324]::  **********************  upgrade begins *******************
01-01 00:01:31.846   254  2403 I DUSS&63[      sys_p1_upgrade_all:3326]::  3 modules need to be upgraded, 1860 is not the last one
01-01 00:01:31.846   254  2403 I DUSS&63[sys_p1_push_ongoing_stat:2997]:: Push to 0xa01 for module 0x305, overall upgrade progress: 20 (3:3:0), stop_pushing=0
01-01 00:01:31.846   254   442 I DUSS&63[sys_up_status_push_threa: 993]:: +++++++ Sending upgrade status for upgrading_stage, len: 11, app_host=0xa01, mod_id=0xa3 (03.05), status 1, progress: 0, total_progress: 20
01-01 00:01:31.848   254   442 E DUSS&63[sys_up_status_push_threa:1012]:: Sending upgrade status to app_host 0xa01 failed, result=-1002
01-01 00:01:33.182   254   445 I DUSS&63[          sys_usb_switch: 323]:: mode: 0, up_status 4, conn_pc 1, conn_app_timeout 0, cam_rt_mode 0, cam_mode 5
01-01 00:01:33.846   254  2403 I DUSS&63[  sys_upgrade_check_file:1653]:: FC Loader Upgrade: check file /cache/upgrade/unsignimgs//wm220_0305_v34.04.00.24_20170726.pro.fw
01-01 00:01:33.846   254  2403 I DUSS&63[  sys_upgrade_check_file:1719]:: /cache/upgrade/unsignimgs//wm220_0305_v34.04.00.24_20170726.pro.fw: header crc16_verify ok
01-01 00:01:33.847   254  2403 I DUSS&63[   sys_upgrade_commom_hw:3036]:: Start to upgrade FC Loader
01-01 00:01:33.847   254  2403 I DUSS&63[sys_upgrade_check_connec:1608]:: Send check connection message to FC Loader ...
01-01 00:01:33.848   254   442 I DUSS&63[sys_up_status_push_threa: 993]:: +++++++ Sending upgrade status for upgrading_stage, len: 11, app_host=0xa01, mod_id=0xa3 (03.05), status 1, progress: 0, total_progress: 20
01-01 00:01:33.851   254   442 E DUSS&63[sys_up_status_push_threa:1012]:: Sending upgrade status to app_host 0xa01 failed, result=-1002
01-01 00:01:33.855   254  2403 I DUSS&63[sys_upgrade_check_connec:1620]:: get response from FC Loader, ret_code: 0x0
01-01 00:01:33.855   254  2403 I DUSS&63[sys_upgrade_check_connec:1629]:: Has HW ver for FC Loader: 08RDEBMP0103FC
01-01 00:01:33.855   254  2403 I DUSS&63[       sys_check_version:  77]:: Same version. Current: 34.4.0.24 (24); Target: 34.4.0.24
01-01 00:01:33.855   254  2403 I DUSS&63[      sys_p1_upgrade_all:3620]:: FC Loader: sys_upgrade_commom_hw success
01-01 00:01:33.855   254  2403 I DUSS&63[sys_p1_push_ongoing_stat:2997]:: Push to 0xa01 for module 0x305, overall upgrade progress: 46 (3:3:100), stop_pushing=0
01-01 00:01:33.855   254  2403 I DUSS&63[    sys_del_upgrade_file:3297]:: del file /data/ftp/upgrade/upgrade/signimgs//wm220_0305_v34.04.00.24_20170726.pro.fw.sig /cache/upgrade/unsignimgs//wm220_0305_v34.04.00.24_20170726.pro.fw
01-01 00:01:33.855   254   442 I DUSS&63[sys_up_status_push_threa: 993]:: +++++++ Sending upgrade status for upgrading_stage, len: 11, app_host=0xa01, mod_id=0xa3 (03.05), status 5, progress: 100, total_progress: 46
01-01 00:01:33.859   254   442 E DUSS&63[sys_up_status_push_threa:1012]:: Sending upgrade status to app_host 0xa01 failed, result=-1002
01-01 00:01:35.859   254   442 I DUSS&63[sys_up_status_push_threa: 993]:: +++++++ Sending upgrade status for upgrading_stage, len: 11, app_host=0xa01, mod_id=0xa3 (03.05), status 5, progress: 100, total_progress: 46
01-01 00:01:35.861   254   442 E DUSS&63[sys_up_status_push_threa:1012]:: Sending upgrade status to app_host 0xa01 failed, result=-1002
01-01 00:01:36.182   254   445 I DUSS&63[          sys_usb_switch: 323]:: mode: 0, up_status 4, conn_pc 1, conn_app_timeout 0, cam_rt_mode 0, cam_mode 5
01-01 00:01:36.875   254  2403 I DUSS&63[sys_p1_push_ongoing_stat:2997]:: Push to 0xa01 for module 0x306, overall upgrade progress: 46 (3:2:0), stop_pushing=0
01-01 00:01:36.875   254   442 I DUSS&63[sys_up_status_push_threa: 993]:: +++++++ Sending upgrade status for upgrading_stage, len: 11, app_host=0xa01, mod_id=0xc3 (03.06), status 1, progress: 0, total_progress: 46
01-01 00:01:36.877   254   442 E DUSS&63[sys_up_status_push_threa:1012]:: Sending upgrade status to app_host 0xa01 failed, result=-1002
01-01 00:01:38.876   254  2403 I DUSS&63[  sys_upgrade_check_file:1653]:: FC APP Upgrade: check file /cache/upgrade/unsignimgs//wm220_0306_v03.02.44.13_20171116.pro.fw
01-01 00:01:38.876   254  2403 I DUSS&63[  sys_upgrade_check_file:1701]:: Firmaware /cache/upgrade/unsignimgs//wm220_0306_v03.02.44.13_20171116.pro.fw is not encrypted
01-01 00:01:38.878   254   442 I DUSS&63[sys_up_status_push_threa: 993]:: +++++++ Sending upgrade status for upgrading_stage, len: 11, app_host=0xa01, mod_id=0xc3 (03.06), status 1, progress: 0, total_progress: 46
01-01 00:01:38.880   254   442 E DUSS&63[sys_up_status_push_threa:1012]:: Sending upgrade status to app_host 0xa01 failed, result=-1002
01-01 00:01:38.897   254  2403 I DUSS&63[  sys_upgrade_check_file:1713]:: md5string: 173cf3d4286c83e74baa5f5b79fdd5d2
01-01 00:01:38.897   254  2403 I DUSS&63[   sys_upgrade_commom_hw:3036]:: Start to upgrade FC APP
01-01 00:01:38.897   254  2403 I DUSS&63[sys_upgrade_check_connec:1608]:: Send check connection message to FC APP ...
01-01 00:01:38.916   254  2403 I DUSS&63[sys_upgrade_check_connec:1620]:: get response from FC APP, ret_code: 0x0
01-01 00:01:38.916   254  2403 I DUSS&63[sys_upgrade_check_connec:1629]:: Has HW ver for FC APP: 08RDEBMP0103FC
01-01 00:01:38.916   254  2403 I DUSS&63[       sys_check_version:  81]:: Different version.
01-01 00:01:38.916   254  2403 I DUSS&63[       sys_check_version:  82]:: Current ver.Fw = 3.2.44.12
01-01 00:01:38.916   254  2403 I DUSS&63[       sys_check_version:  87]:: Targetr.Fw = 3.2.44.13
01-01 00:01:39.182   254   445 I DUSS&63[          sys_usb_switch: 323]:: mode: 0, up_status 4, conn_pc 1, conn_app_timeout 0, cam_rt_mode 0, cam_mode 5
01-01 00:01:40.880   254   442 I DUSS&63[sys_up_status_push_threa: 993]:: +++++++ Sending upgrade status for upgrading_stage, len: 11, app_host=0xa01, mod_id=0xc3 (03.06), status 1, progress: 0, total_progress: 46
01-01 00:01:40.885   254   442 E DUSS&63[sys_up_status_push_threa:1012]:: Sending upgrade status to app_host 0xa01 failed, result=-1002
01-01 00:01:40.916   254  2403 I DUSS&63[sys_upgrade_request_upgr:1794]:: Send enter upgrade mode to FC APP...
01-01 00:01:40.937   254  2403 I DUSS&63[sys_upgrade_request_upgr:1814]:: Got enter upgrade mode ack message, len = 1.
01-01 00:01:40.937   254  2403 I DUSS&63[sys_upgrade_request_upgr:1827]:: Hw FC APP return ok for requesting upgrade.
01-01 00:01:41.868   254   446 I DUSS&63[ handle_dji_device_event: 415]:: Handle events for usb ACM /dev/ttyACM:vFFF0p0008 plug out.
01-01 00:01:41.879   254   446 I DUSS&63[ handle_dji_device_event: 419]:: disable ttyACM channel result: 0
01-01 00:01:41.879   254   446 I DUSS&63[ handle_dji_device_event: 433]:: Enable local channel to FC 0306 channel.
01-01 00:01:42.182   254   445 I DUSS&63[          sys_usb_switch: 323]:: mode: 0, up_status 4, conn_pc 1, conn_app_timeout 0, cam_rt_mode 0, cam_mode 5
01-01 00:01:42.478   254   444 E DUSS&63[sys_p1_disable_motor_run:4285]:: set motor work status error: -1002
01-01 00:01:42.885   254   442 I DUSS&63[sys_up_status_push_threa: 993]:: +++++++ Sending upgrade status for upgrading_stage, len: 11, app_host=0xa01, mod_id=0xc3 (03.06), status 1, progress: 0, total_progress: 46
01-01 00:01:42.887   254   442 E DUSS&63[sys_up_status_push_threa:1012]:: Sending upgrade status to app_host 0xa01 failed, result=-1002
01-01 00:01:42.937   254  2403 I DUSS&63[ sys_upgrade_check_state:1888]:: Send check state message to FC APP...
01-01 00:01:43.642   254   446 I DUSS&63[ handle_dji_device_event: 350]:: ttyACM1 modalias: usb:vFFF0p0008d0100dc02dsc00dp00ic02isc02ip00in00
01-01 00:01:44.477   254   444 E DUSS&63[sys_p1_disable_motor_run:4285]:: set motor work status error: -1002
01-01 00:01:44.887   254   442 I DUSS&63[sys_up_status_push_threa: 993]:: +++++++ Sending upgrade status for upgrading_stage, len: 11, app_host=0xa01, mod_id=0xc3 (03.06), status 1, progress: 0, total_progress: 46
01-01 00:01:44.889   254   442 E DUSS&63[sys_up_status_push_threa:1012]:: Sending upgrade status to app_host 0xa01 failed, result=-1002
01-01 00:01:44.937   254  2403 E DUSS&63[ sys_upgrade_check_state:1904]:: FC APP: duss_event_send() error: -1002, continue
01-01 00:01:45.182   254   445 I DUSS&63[          sys_usb_switch: 323]:: mode: 0, up_status 4, conn_pc 1, conn_app_timeout 0, cam_rt_mode 0, cam_mode 5
01-01 00:01:46.477   254   444 E DUSS&63[sys_p1_disable_motor_run:4285]:: set motor work status error: -1002
01-01 00:01:46.642   254   446 I DUSS&63[ handle_dji_device_event: 357]:: Handle events for usb ACM /dev/ttyACM:vFFF0p0008 plug in.
01-01 00:01:46.653   254   446 I DUSS&63[ handle_dji_device_event: 361]:: enable ttyACM channel result: 0
01-01 00:01:46.654   254   446 I DUSS&63[ handle_dji_device_event: 404]:: Disable local channel to FC 0306 channel.
01-01 00:01:46.889   254   442 I DUSS&63[sys_up_status_push_threa: 993]:: +++++++ Sending upgrade status for upgrading_stage, len: 11, app_host=0xa01, mod_id=0xc3 (03.06), status 1, progress: 0, total_progress: 46
01-01 00:01:46.892   254   442 E DUSS&63[sys_up_status_push_threa:1012]:: Sending upgrade status to app_host 0xa01 failed, result=-1002
01-01 00:01:46.937   254  2403 I DUSS&63[ sys_upgrade_check_state:1888]:: Send check state message to FC APP...
01-01 00:01:46.938   254  2403 I DUSS&63[ sys_upgrade_check_state:1910]:: Got FC APP status report message.
01-01 00:01:46.938   254  2403 I DUSS&63[ sys_upgrade_check_state:1933]:: Ack: version major = 0
01-01 00:01:46.938   254  2403 I DUSS&63[ sys_upgrade_check_state:1934]:: Ack: version minor = 0
01-01 00:01:46.938   254  2403 I DUSS&63[ sys_upgrade_check_state:1935]:: Ack: status = 0x1
01-01 00:01:46.938   254  2403 I DUSS&63[sys_upgrade_request_acce:1976]:: FC APP: upgrade data size = 1483776
01-01 00:01:48.182   254   445 I DUSS&63[          sys_usb_switch: 323]:: mode: 0, up_status 4, conn_pc 1, conn_app_timeout 0, cam_rt_mode 0, cam_mode 5
01-01 00:01:48.477   254   444 E DUSS&63[sys_p1_disable_motor_run:4285]:: set motor work status error: -1002
01-01 00:01:48.892   254   442 I DUSS&63[sys_up_status_push_threa: 993]:: +++++++ Sending upgrade status for upgrading_stage, len: 11, app_host=0xa01, mod_id=0xc3 (03.06), status 1, progress: 0, total_progress: 46
01-01 00:01:48.894   254   442 E DUSS&63[sys_up_status_push_threa:1012]:: Sending upgrade status to app_host 0xa01 failed, result=-1002
01-01 00:01:48.938   254  2403 I DUSS&63[sys_upgrade_request_acce:2018]:: Send cmd 0x8 to FC APP, size 1483776...
01-01 00:01:48.938   254  2403 I DUSS&63[sys_upgrade_request_acce:2026]:: FC APP: wait for cmd 0x8's ack message
01-01 00:01:48.939   254   441 I DUSS&63[sys_event_pc_accept_upgr: 554]:: FC APP: ACK size = 5 ----
01-01 00:01:48.939   254  2403 I DUSS&63[sys_upgrade_request_acce:2051]:: FC APP: wait for erase flash
01-01 00:01:50.477   254   444 E DUSS&63[sys_p1_disable_motor_run:4285]:: set motor work status error: -1002
01-01 00:01:50.477   254   444 I DUSS&63[sys_p1_disable_motor_run:4302]:: timeout, reset requester_id to 0
01-01 00:01:50.894   254   442 I DUSS&63[sys_up_status_push_threa: 993]:: +++++++ Sending upgrade status for upgrading_stage, len: 11, app_host=0xa01, mod_id=0xc3 (03.06), status 1, progress: 0, total_progress: 46
01-01 00:01:50.896   254   442 E DUSS&63[sys_up_status_push_threa:1012]:: Sending upgrade status to app_host 0xa01 failed, result=-1002
01-01 00:01:51.182   254   445 I DUSS&63[          sys_usb_switch: 323]:: mode: 0, up_status 4, conn_pc 1, conn_app_timeout 0, cam_rt_mode 0, cam_mode 5
01-01 00:01:52.478   254   444 E DUSS&63[sys_p1_register_motor_er:4350]:: register motor_err_action error: -1002
01-01 00:01:52.896   254   442 I DUSS&63[sys_up_status_push_threa: 993]:: +++++++ Sending upgrade status for upgrading_stage, len: 11, app_host=0xa01, mod_id=0xc3 (03.06), status 1, progress: 0, total_progress: 46
01-01 00:01:52.899   254   442 E DUSS&63[sys_up_status_push_threa:1012]:: Sending upgrade status to app_host 0xa01 failed, result=-1002
01-01 00:01:54.182   254   445 I DUSS&63[          sys_usb_switch: 323]:: mode: 0, up_status 4, conn_pc 1, conn_app_timeout 0, cam_rt_mode 0, cam_mode 5
01-01 00:01:54.477   254   444 E DUSS&63[sys_p1_register_motor_er:4350]:: register motor_err_action error: -1002
01-01 00:01:54.899   254   442 I DUSS&63[sys_up_status_push_threa: 993]:: +++++++ Sending upgrade status for upgrading_stage, len: 11, app_host=0xa01, mod_id=0xc3 (03.06), status 1, progress: 0, total_progress: 46
01-01 00:01:54.902   254   442 E DUSS&63[sys_up_status_push_threa:1012]:: Sending upgrade status to app_host 0xa01 failed, result=-1002
01-01 00:01:56.478   254   444 E DUSS&63[sys_p1_register_motor_er:4350]:: register motor_err_action error: -1002
01-01 00:01:56.902   254   442 I DUSS&63[sys_up_status_push_threa: 993]:: +++++++ Sending upgrade status for upgrading_stage, len: 11, app_host=0xa01, mod_id=0xc3 (03.06), status 1, progress: 0, total_progress: 46
01-01 00:01:56.904   254   442 E DUSS&63[sys_up_status_push_threa:1012]:: Sending upgrade status to app_host 0xa01 failed, result=-1002
01-01 00:01:57.014   254   441 I DUSS&63[sys_event_pc_accept_upgr: 554]:: FC APP: ACK size = 5 ----
01-01 00:01:57.014   254  2403 I DUSS&63[sys_upgrade_request_acce:2076]:: Ack: sub package size = 256
01-01 00:01:57.014   254  2403 I DUSS&63[sys_upgrade_transfer_dat:2208]:: sys_upgrade_transfer_data: Start transferring data, offset = 0
01-01 00:01:57.014   254  2403 I DUSS&63[sys_upgrade_transfer_dat:2265]:: Send upgrade data to FC APP, data seq_num = 0, enc_type = 0, offset=0
01-01 00:01:57.182   254   445 I DUSS&63[          sys_usb_switch: 323]:: mode: 0, up_status 4, conn_pc 1, conn_app_timeout 0, cam_rt_mode 0, cam_mode 5
01-01 00:01:57.188   254  2403 I DUSS&63[sys_upgrade_transfer_dat:2265]:: Send upgrade data to FC APP, data seq_num = 100, enc_type = 0, offset=25600
01-01 00:01:57.361   254  2403 I DUSS&63[sys_upgrade_transfer_dat:2265]:: Send upgrade data to FC APP, data seq_num = 200, enc_type = 0, offset=51200
01-01 00:01:57.539   254  2403 I DUSS&63[sys_upgrade_transfer_dat:2265]:: Send upgrade data to FC APP, data seq_num = 300, enc_type = 0, offset=76800
