01-01 00:01:57.721   254  2403 I DUSS&63[sys_upgrade_transfer_dat:2265]:: Send upgrade data to FC APP, data seq_num = 400, enc_type = 0, offset=102400
01-01 00:01:57.910   254  2403 I DUSS&63[sys_upgrade_transfer_dat:2265]:: Send upgrade data to FC APP, data seq_num = 500, enc_type = 0, offset=128000
01-01 00:01:57.959   254  2403 I DUSS&63[sys_p1_push_ongoing_stat:2997]:: Push to 0xa01 for module 0x306, overall upgrade progress: 47 (3:2:5), stop_pushing=0
01-01 00:01:57.959   254   442 I DUSS&63[sys_up_status_push_threa: 993]:: +++++++ Sending upgrade status for upgrading_stage, len: 11, app_host=0xa01, mod_id=0xc3 (03.06), status 1, progress: 5, total_progress: 47
01-01 00:01:57.961   254   442 E DUSS&63[sys_up_status_push_threa:1012]:: Sending upgrade status to app_host 0xa01 failed, result=-1002
01-01 00:01:58.104   254  2403 I DUSS&63[sys_upgrade_transfer_dat:2265]:: Send upgrade data to FC APP, data seq_num = 600, enc_type = 0, offset=153600
01-01 00:01:58.282   254  2403 I DUSS&63[sys_upgrade_transfer_dat:2265]:: Send upgrade data to FC APP, data seq_num = 700, enc_type = 0, offset=179200
01-01 00:01:58.460   254  2403 I DUSS&63[sys_upgrade_transfer_dat:2265]:: Send upgrade data to FC APP, data seq_num = 800, enc_type = 0, offset=204800
01-01 00:01:58.477   254   444 E DUSS&63[sys_p1_register_motor_er:4350]:: register motor_err_action error: -1002
01-01 00:01:58.643   254  2403 I DUSS&63[sys_upgrade_transfer_dat:2265]:: Send upgrade data to FC APP, data seq_num = 900, enc_type = 0, offset=230400
01-01 00:01:58.795   254  2403 I DUSS&63[sys_p1_push_ongoing_stat:2997]:: Push to 0xa01 for module 0x306, overall upgrade progress: 48 (3:2:10), stop_pushing=0
01-01 00:01:58.795   254   442 I DUSS&63[sys_up_status_push_threa: 993]:: +++++++ Sending upgrade status for upgrading_stage, len: 11, app_host=0xa01, mod_id=0xc3 (03.06), status 1, progress: 10, total_progress: 48
01-01 00:01:58.797   254   442 E DUSS&63[sys_up_status_push_threa:1012]:: Sending upgrade status to app_host 0xa01 failed, result=-1002
01-01 00:01:58.817   254  2403 I DUSS&63[sys_upgrade_transfer_dat:2265]:: Send upgrade data to FC APP, data seq_num = 1000, enc_type = 0, offset=256000
01-01 00:01:58.990   254  2403 I DUSS&63[sys_upgrade_transfer_dat:2265]:: Send upgrade data to FC APP, data seq_num = 1100, enc_type = 0, offset=281600
01-01 00:01:59.171   254  2403 I DUSS&63[sys_upgrade_transfer_dat:2265]:: Send upgrade data to FC APP, data seq_num = 1200, enc_type = 0, offset=307200
01-01 00:01:59.362   254  2403 I DUSS&63[sys_upgrade_transfer_dat:2265]:: Send upgrade data to FC APP, data seq_num = 1300, enc_type = 0, offset=332800
01-01 00:01:59.553   254  2403 I DUSS&63[sys_upgrade_transfer_dat:2265]:: Send upgrade data to FC APP, data seq_num = 1400, enc_type = 0, offset=358400
01-01 00:01:59.639   254  2403 I DUSS&63[sys_p1_push_ongoing_stat:2997]:: Push to 0xa01 for module 0x306, overall upgrade progress: 50 (3:2:15), stop_pushing=0
01-01 00:01:59.640   254   442 I DUSS&63[sys_up_status_push_threa: 993]:: +++++++ Sending upgrade status for upgrading_stage, len: 11, app_host=0xa01, mod_id=0xc3 (03.06), status 1, progress: 15, total_progress: 50
01-01 00:01:59.642   254   442 E DUSS&63[sys_up_status_push_threa:1012]:: Sending upgrade status to app_host 0xa01 failed, result=-1002
01-01 00:01:59.727   254  2403 I DUSS&63[sys_upgrade_transfer_dat:2265]:: Send upgrade data to FC APP, data seq_num = 1500, enc_type = 0, offset=384000
01-01 00:01:59.902   254  2403 I DUSS&63[sys_upgrade_transfer_dat:2265]:: Send upgrade data to FC APP, data seq_num = 1600, enc_type = 0, offset=409600
01-01 00:02:00.079   254  2403 I DUSS&63[sys_upgrade_transfer_dat:2265]:: Send upgrade data to FC APP, data seq_num = 1700, enc_type = 0, offset=435200
01-01 00:02:00.182   254   445 I DUSS&63[          sys_usb_switch: 323]:: mode: 0, up_status 4, conn_pc 1, conn_app_timeout 0, cam_rt_mode 0, cam_mode 5
01-01 00:02:00.255   254  2403 I DUSS&63[sys_upgrade_transfer_dat:2265]:: Send upgrade data to FC APP, data seq_num = 1800, enc_type = 0, offset=460800
01-01 00:02:00.427   254  2403 I DUSS&63[sys_upgrade_transfer_dat:2265]:: Send upgrade data to FC APP, data seq_num = 1900, enc_type = 0, offset=486400
01-01 00:02:00.477   254   444 E DUSS&63[sys_p1_register_motor_er:4350]:: register motor_err_action error: -1002
01-01 00:02:00.560   254  2403 I DUSS&63[sys_p1_push_ongoing_stat:2997]:: Push to 0xa01 for module 0x306, overall upgrade progress: 51 (3:2:20), stop_pushing=0
01-01 00:02:00.560   254   442 I DUSS&63[sys_up_status_push_threa: 993]:: +++++++ Sending upgrade status for upgrading_stage, len: 11, app_host=0xa01, mod_id=0xc3 (03.06), status 1, progress: 20, total_progress: 51
01-01 00:02:00.563   254   442 E DUSS&63[sys_up_status_push_threa:1012]:: Sending upgrade status to app_host 0xa01 failed, result=-1002
01-01 00:02:00.613   254  2403 I DUSS&63[sys_upgrade_transfer_dat:2265]:: Send upgrade data to FC APP, data seq_num = 2000, enc_type = 0, offset=512000
01-01 00:02:00.801   254  2403 I DUSS&63[sys_upgrade_transfer_dat:2265]:: Send upgrade data to FC APP, data seq_num = 2100, enc_type = 0, offset=537600
01-01 00:02:00.983   254  2403 I DUSS&63[sys_upgrade_transfer_dat:2265]:: Send upgrade data to FC APP, data seq_num = 2200, enc_type = 0, offset=563200
01-01 00:02:01.169   254  2403 I DUSS&63[sys_upgrade_transfer_dat:2265]:: Send upgrade data to FC APP, data seq_num = 2300, enc_type = 0, offset=588800
01-01 00:02:01.351   254  2403 I DUSS&63[sys_upgrade_transfer_dat:2265]:: Send upgrade data to FC APP, data seq_num = 2400, enc_type = 0, offset=614400
01-01 00:02:01.415   254  2403 I DUSS&63[sys_p1_push_ongoing_stat:2997]:: Push to 0xa01 for module 0x306, overall upgrade progress: 52 (3:2:25), stop_pushing=0
01-01 00:02:01.416   254   442 I DUSS&63[sys_up_status_push_threa: 993]:: +++++++ Sending upgrade status for upgrading_stage, len: 11, app_host=0xa01, mod_id=0xc3 (03.06), status 1, progress: 25, total_progress: 52
01-01 00:02:01.418   254   442 E DUSS&63[sys_up_status_push_threa:1012]:: Sending upgrade status to app_host 0xa01 failed, result=-1002
01-01 00:02:01.533   254  2403 I DUSS&63[sys_upgrade_transfer_dat:2265]:: Send upgrade data to FC APP, data seq_num = 2500, enc_type = 0, offset=640000
01-01 00:02:01.711   254  2403 I DUSS&63[sys_upgrade_transfer_dat:2265]:: Send upgrade data to FC APP, data seq_num = 2600, enc_type = 0, offset=665600
01-01 00:02:01.883   254  2403 I DUSS&63[sys_upgrade_transfer_dat:2265]:: Send upgrade data to FC APP, data seq_num = 2700, enc_type = 0, offset=691200
01-01 00:02:02.054   254  2403 I DUSS&63[sys_upgrade_transfer_dat:2265]:: Send upgrade data to FC APP, data seq_num = 2800, enc_type = 0, offset=716800
01-01 00:02:02.230   254  2403 I DUSS&63[sys_p1_push_ongoing_stat:2997]:: Push to 0xa01 for module 0x306, overall upgrade progress: 54 (3:2:30), stop_pushing=0
01-01 00:02:02.230   254   442 I DUSS&63[sys_up_status_push_threa: 993]:: +++++++ Sending upgrade status for upgrading_stage, len: 11, app_host=0xa01, mod_id=0xc3 (03.06), status 1, progress: 30, total_progress: 54
01-01 00:02:02.232   254  2403 I DUSS&63[sys_upgrade_transfer_dat:2265]:: Send upgrade data to FC APP, data seq_num = 2900, enc_type = 0, offset=742400
01-01 00:02:02.232   254   442 E DUSS&63[sys_up_status_push_threa:1012]:: Sending upgrade status to app_host 0xa01 failed, result=-1002
01-01 00:02:02.408   254  2403 I DUSS&63[sys_upgrade_transfer_dat:2265]:: Send upgrade data to FC APP, data seq_num = 3000, enc_type = 0, offset=768000
01-01 00:02:02.477   254   444 E DUSS&63[sys_p1_register_motor_er:4350]:: register motor_err_action error: -1002
01-01 00:02:02.588   254  2403 I DUSS&63[sys_upgrade_transfer_dat:2265]:: Send upgrade data to FC APP, data seq_num = 3100, enc_type = 0, offset=793600
01-01 00:02:02.763   254  2403 I DUSS&63[sys_upgrade_transfer_dat:2265]:: Send upgrade data to FC APP, data seq_num = 3200, enc_type = 0, offset=819200
01-01 00:02:02.939   254  2403 I DUSS&63[sys_upgrade_transfer_dat:2265]:: Send upgrade data to FC APP, data seq_num = 3300, enc_type = 0, offset=844800
01-01 00:02:03.118   254  2403 I DUSS&63[sys_upgrade_transfer_dat:2265]:: Send upgrade data to FC APP, data seq_num = 3400, enc_type = 0, offset=870400
01-01 00:02:03.153   254  2403 I DUSS&63[sys_p1_push_ongoing_stat:2997]:: Push to 0xa01 for module 0x306, overall upgrade progress: 55 (3:2:35), stop_pushing=0
01-01 00:02:03.153   254   442 I DUSS&63[sys_up_status_push_threa: 993]:: +++++++ Sending upgrade status for upgrading_stage, len: 11, app_host=0xa01, mod_id=0xc3 (03.06), status 1, progress: 35, total_progress: 55
01-01 00:02:03.155   254   442 E DUSS&63[sys_up_status_push_threa:1012]:: Sending upgrade status to app_host 0xa01 failed, result=-1002
01-01 00:02:03.182   254   445 I DUSS&63[          sys_usb_switch: 323]:: mode: 0, up_status 4, conn_pc 1, conn_app_timeout 0, cam_rt_mode 0, cam_mode 5
01-01 00:02:03.295   254  2403 I DUSS&63[sys_upgrade_transfer_dat:2265]:: Send upgrade data to FC APP, data seq_num = 3500, enc_type = 0, offset=896000
01-01 00:02:03.473   254  2403 I DUSS&63[sys_upgrade_transfer_dat:2265]:: Send upgrade data to FC APP, data seq_num = 3600, enc_type = 0, offset=921600
01-01 00:02:03.650   254  2403 I DUSS&63[sys_upgrade_transfer_dat:2265]:: Send upgrade data to FC APP, data seq_num = 3700, enc_type = 0, offset=947200
01-01 00:02:03.824   254  2403 I DUSS&63[sys_upgrade_transfer_dat:2265]:: Send upgrade data to FC APP, data seq_num = 3800, enc_type = 0, offset=972800
01-01 00:02:03.972   254  2403 I DUSS&63[sys_p1_push_ongoing_stat:2997]:: Push to 0xa01 for module 0x306, overall upgrade progress: 56 (3:2:40), stop_pushing=0
01-01 00:02:03.972   254   442 I DUSS&63[sys_up_status_push_threa: 993]:: +++++++ Sending upgrade status for upgrading_stage, len: 11, app_host=0xa01, mod_id=0xc3 (03.06), status 1, progress: 40, total_progress: 56
01-01 00:02:03.974   254   442 E DUSS&63[sys_up_status_push_threa:1012]:: Sending upgrade status to app_host 0xa01 failed, result=-1002
01-01 00:02:03.999   254  2403 I DUSS&63[sys_upgrade_transfer_dat:2265]:: Send upgrade data to FC APP, data seq_num = 3900, enc_type = 0, offset=998400
01-01 00:02:04.178   254  2403 I DUSS&63[sys_upgrade_transfer_dat:2265]:: Send upgrade data to FC APP, data seq_num = 4000, enc_type = 0, offset=1024000
01-01 00:02:04.367   254  2403 I DUSS&63[sys_upgrade_transfer_dat:2265]:: Send upgrade data to FC APP, data seq_num = 4100, enc_type = 0, offset=1049600
01-01 00:02:04.477   254   444 E DUSS&63[sys_p1_register_motor_er:4350]:: register motor_err_action error: -1002
01-01 00:02:04.563   254  2403 I DUSS&63[sys_upgrade_transfer_dat:2265]:: Send upgrade data to FC APP, data seq_num = 4200, enc_type = 0, offset=1075200
01-01 00:02:04.741   254  2403 I DUSS&63[sys_upgrade_transfer_dat:2265]:: Send upgrade data to FC APP, data seq_num = 4300, enc_type = 0, offset=1100800
01-01 00:02:04.829   254  2403 I DUSS&63[sys_p1_push_ongoing_stat:2997]:: Push to 0xa01 for module 0x306, overall upgrade progress: 58 (3:2:45), stop_pushing=0
01-01 00:02:04.830   254   442 I DUSS&63[sys_up_status_push_threa: 993]:: +++++++ Sending upgrade status for upgrading_stage, len: 11, app_host=0xa01, mod_id=0xc3 (03.06), status 1, progress: 45, total_progress: 58
01-01 00:02:04.832   254   442 E DUSS&63[sys_up_status_push_threa:1012]:: Sending upgrade status to app_host 0xa01 failed, result=-1002
01-01 00:02:04.923   254  2403 I DUSS&63[sys_upgrade_transfer_dat:2265]:: Send upgrade data to FC APP, data seq_num = 4400, enc_type = 0, offset=1126400
01-01 00:02:05.105   254  2403 I DUSS&63[sys_upgrade_transfer_dat:2265]:: Send upgrade data to FC APP, data seq_num = 4500, enc_type = 0, offset=1152000
01-01 00:02:05.281   254  2403 I DUSS&63[sys_upgrade_transfer_dat:2265]:: Send upgrade data to FC APP, data seq_num = 4600, enc_type = 0, offset=1177600
01-01 00:02:05.461   254  2403 I DUSS&63[sys_upgrade_transfer_dat:2265]:: Send upgrade data to FC APP, data seq_num = 4700, enc_type = 0, offset=1203200
01-01 00:02:05.642   254  2403 I DUSS&63[sys_upgrade_transfer_dat:2265]:: Send upgrade data to FC APP, data seq_num = 4800, enc_type = 0, offset=1228800
01-01 00:02:05.777   254  2403 I DUSS&63[sys_p1_push_ongoing_stat:2997]:: Push to 0xa01 for module 0x306, overall upgrade progress: 59 (3:2:50), stop_pushing=0
01-01 00:02:05.778   254   442 I DUSS&63[sys_up_status_push_threa: 993]:: +++++++ Sending upgrade status for upgrading_stage, len: 11, app_host=0xa01, mod_id=0xc3 (03.06), status 1, progress: 50, total_progress: 59
01-01 00:02:05.780   254   442 E DUSS&63[sys_up_status_push_threa:1012]:: Sending upgrade status to app_host 0xa01 failed, result=-1002
01-01 00:02:05.834   254  2403 I DUSS&63[sys_upgrade_transfer_dat:2265]:: Send upgrade data to FC APP, data seq_num = 4900, enc_type = 0, offset=1254400
01-01 00:02:06.024   254  2403 I DUSS&63[sys_upgrade_transfer_dat:2265]:: Send upgrade data to FC APP, data seq_num = 5000, enc_type = 0, offset=1280000
01-01 00:02:06.182   254   445 I DUSS&63[          sys_usb_switch: 323]:: mode: 0, up_status 4, conn_pc 1, conn_app_timeout 0, cam_rt_mode 0, cam_mode 5
01-01 00:02:06.217   254  2403 I DUSS&63[sys_upgrade_transfer_dat:2265]:: Send upgrade data to FC APP, data seq_num = 5100, enc_type = 0, offset=1305600
01-01 00:02:06.394   254  2403 I DUSS&63[sys_upgrade_transfer_dat:2265]:: Send upgrade data to FC APP, data seq_num = 5200, enc_type = 0, offset=1331200
01-01 00:02:06.477   254   444 E DUSS&63[sys_p1_register_motor_er:4350]:: register motor_err_action error: -1002
01-01 00:02:06.569   254  2403 I DUSS&63[sys_upgrade_transfer_dat:2265]:: Send upgrade data to FC APP, data seq_num = 5300, enc_type = 0, offset=1356800
01-01 00:02:06.628   254  2403 I DUSS&63[sys_p1_push_ongoing_stat:2997]:: Push to 0xa01 for module 0x306, overall upgrade progress: 60 (3:2:55), stop_pushing=0
01-01 00:02:06.628   254   442 I DUSS&63[sys_up_status_push_threa: 993]:: +++++++ Sending upgrade status for upgrading_stage, len: 11, app_host=0xa01, mod_id=0xc3 (03.06), status 1, progress: 55, total_progress: 60
01-01 00:02:06.630   254   442 E DUSS&63[sys_up_status_push_threa:1012]:: Sending upgrade status to app_host 0xa01 failed, result=-1002
01-01 00:02:06.744   254  2403 I DUSS&63[sys_upgrade_transfer_dat:2265]:: Send upgrade data to FC APP, data seq_num = 5400, enc_type = 0, offset=1382400
01-01 00:02:06.919   254  2403 I DUSS&63[sys_upgrade_transfer_dat:2265]:: Send upgrade data to FC APP, data seq_num = 5500, enc_type = 0, offset=1408000
01-01 00:02:07.094   254  2403 I DUSS&63[sys_upgrade_transfer_dat:2265]:: Send upgrade data to FC APP, data seq_num = 5600, enc_type = 0, offset=1433600
01-01 00:02:07.290   254  2403 I DUSS&63[sys_upgrade_transfer_dat:2265]:: Send upgrade data to FC APP, data seq_num = 5700, enc_type = 0, offset=1459200
01-01 00:02:08.477   254   444 E DUSS&63[sys_p1_register_motor_er:4350]:: register motor_err_action error: -1002
01-01 00:02:08.630   254   442 I DUSS&63[sys_up_status_push_threa: 993]:: +++++++ Sending upgrade status for upgrading_stage, len: 11, app_host=0xa01, mod_id=0xc3 (03.06), status 1, progress: 55, total_progress: 60
01-01 00:02:08.633   254   442 E DUSS&63[sys_up_status_push_threa:1012]:: Sending upgrade status to app_host 0xa01 failed, result=-1002
01-01 00:02:09.182   254   445 I DUSS&63[          sys_usb_switch: 323]:: mode: 0, up_status 4, conn_pc 1, conn_app_timeout 0, cam_rt_mode 0, cam_mode 5
01-01 00:02:09.474   254  2403 I DUSS&63[sys_upgrade_transfer_com:2657]:: Send transfer complete message to FC APP, len = 17, timeout = 20000000
01-01 00:02:09.766   254  2403 I DUSS&63[sys_upgrade_transfer_com:2686]:: resp_msg->msg_buf[0] = 0x0
01-01 00:02:09.766   254  2403 I DUSS&63[sys_upgrade_transfer_com:2750]:: Succeed to send transfer completet message to FC APP
01-01 00:02:09.766   254  2403 I DUSS&63[   sys_upgrade_commom_hw:3126]:: ..... Succeed to upgrade  FC APP ......
01-01 00:02:10.478   254   444 E DUSS&63[sys_p1_register_motor_er:4350]:: register motor_err_action error: -1002
01-01 00:02:10.633   254   442 I DUSS&63[sys_up_status_push_threa: 993]:: +++++++ Sending upgrade status for upgrading_stage, len: 11, app_host=0xa01, mod_id=0xc3 (03.06), status 1, progress: 55, total_progress: 60
01-01 00:02:10.635   254   442 E DUSS&63[sys_up_status_push_threa:1012]:: Sending upgrade status to app_host 0xa01 failed, result=-1002
01-01 00:02:10.766   254  2403 I DUSS&63[sys_upgrade_reboot_and_c:2874]:: Send reboot to FC APP
01-01 00:02:10.766   254  2403 I DUSS&63[sys_upgrade_reboot_and_c:2899]:: Succeed to send reboot msg to FC APP
01-01 00:02:12.182   254   445 I DUSS&63[          sys_usb_switch: 323]:: mode: 0, up_status 4, conn_pc 1, conn_app_timeout 0, cam_rt_mode 0, cam_mode 5
01-01 00:02:12.277   254   446 I DUSS&63[ handle_dji_device_event: 415]:: Handle events for usb ACM /dev/ttyACM:vFFF0p0008 plug out.
01-01 00:02:12.282   254   446 I DUSS&63[ handle_dji_device_event: 419]:: disable ttyACM channel result: 0
01-01 00:02:12.282   254   446 I DUSS&63[ handle_dji_device_event: 433]:: Enable local channel to FC 0306 channel.
01-01 00:02:12.478   254   444 E DUSS&63[sys_p1_register_motor_er:4350]:: register motor_err_action error: -1002
01-01 00:02:12.635   254   442 I DUSS&63[sys_up_status_push_threa: 993]:: +++++++ Sending upgrade status for upgrading_stage, len: 11, app_host=0xa01, mod_id=0xc3 (03.06), status 1, progress: 55, total_progress: 60
01-01 00:02:12.637   254   442 E DUSS&63[sys_up_status_push_threa:1012]:: Sending upgrade status to app_host 0xa01 failed, result=-1002
01-01 00:02:12.767   254  2403 I DUSS&63[sys_upgrade_check_connec:1608]:: Send check connection message to FC APP ...
01-01 00:02:13.267   254  2403 I DUSS&63[sys_upgrade_check_connec:1615]:: duss_event_send_sync error: -1002, retry=0
01-01 00:02:13.767   254  2403 I DUSS&63[sys_upgrade_check_connec:1608]:: Send check connection message to FC APP ...
01-01 00:02:14.267   254  2403 I DUSS&63[sys_upgrade_check_connec:1615]:: duss_event_send_sync error: -1002, retry=1
01-01 00:02:14.477   254   444 E DUSS&63[sys_p1_register_motor_er:4350]:: register motor_err_action error: -1002
01-01 00:02:14.637   254   442 I DUSS&63[sys_up_status_push_threa: 993]:: +++++++ Sending upgrade status for upgrading_stage, len: 11, app_host=0xa01, mod_id=0xc3 (03.06), status 1, progress: 55, total_progress: 60
01-01 00:02:14.639   254   442 E DUSS&63[sys_up_status_push_threa:1012]:: Sending upgrade status to app_host 0xa01 failed, result=-1002
01-01 00:02:14.767   254  2403 I DUSS&63[sys_upgrade_check_connec:1608]:: Send check connection message to FC APP ...
01-01 00:02:15.182   254   445 I DUSS&63[          sys_usb_switch: 323]:: mode: 0, up_status 4, conn_pc 1, conn_app_timeout 0, cam_rt_mode 0, cam_mode 5
01-01 00:02:15.267   254  2403 I DUSS&63[sys_upgrade_check_connec:1615]:: duss_event_send_sync error: -1002, retry=2
01-01 00:02:15.326   254   446 I DUSS&63[ handle_dji_device_event: 350]:: ttyACM1 modalias: usb:vFFF0p0008d0100dc02dsc00dp00ic02isc02ip00in00
01-01 00:02:15.767   254  2403 I DUSS&63[sys_upgrade_check_connec:1608]:: Send check connection message to FC APP ...
01-01 00:02:16.268   254  2403 I DUSS&63[sys_upgrade_check_connec:1615]:: duss_event_send_sync error: -1002, retry=3
01-01 00:02:16.477   254   444 E DUSS&63[sys_p1_register_motor_er:4350]:: register motor_err_action error: -1002
01-01 00:02:16.640   254   442 I DUSS&63[sys_up_status_push_threa: 993]:: +++++++ Sending upgrade status for upgrading_stage, len: 11, app_host=0xa01, mod_id=0xc3 (03.06), status 1, progress: 55, total_progress: 60
01-01 00:02:16.642   254   442 E DUSS&63[sys_up_status_push_threa:1012]:: Sending upgrade status to app_host 0xa01 failed, result=-1002
01-01 00:02:16.768   254  2403 I DUSS&63[sys_upgrade_check_connec:1608]:: Send check connection message to FC APP ...
01-01 00:02:17.268   254  2403 I DUSS&63[sys_upgrade_check_connec:1615]:: duss_event_send_sync error: -1002, retry=4
01-01 00:02:17.768   254  2403 I DUSS&63[sys_upgrade_check_connec:1608]:: Send check connection message to FC APP ...
01-01 00:02:18.182   254   445 I DUSS&63[          sys_usb_switch: 323]:: mode: 0, up_status 4, conn_pc 1, conn_app_timeout 0, cam_rt_mode 0, cam_mode 5
01-01 00:02:18.268   254  2403 I DUSS&63[sys_upgrade_check_connec:1615]:: duss_event_send_sync error: -1002, retry=5
01-01 00:02:18.326   254   446 I DUSS&63[ handle_dji_device_event: 357]:: Handle events for usb ACM /dev/ttyACM:vFFF0p0008 plug in.
01-01 00:02:18.352   254   446 I DUSS&63[ handle_dji_device_event: 361]:: enable ttyACM channel result: 0
01-01 00:02:18.352   254   446 I DUSS&63[ handle_dji_device_event: 404]:: Disable local channel to FC 0306 channel.
01-01 00:02:18.477   254   444 E DUSS&63[sys_p1_register_motor_er:4350]:: register motor_err_action error: -1002
01-01 00:02:18.642   254   442 I DUSS&63[sys_up_status_push_threa: 993]:: +++++++ Sending upgrade status for upgrading_stage, len: 11, app_host=0xa01, mod_id=0xc3 (03.06), status 1, progress: 55, total_progress: 60
01-01 00:02:18.644   254   442 E DUSS&63[sys_up_status_push_threa:1012]:: Sending upgrade status to app_host 0xa01 failed, result=-1002
01-01 00:02:18.768   254  2403 I DUSS&63[sys_upgrade_check_connec:1608]:: Send check connection message to FC APP ...
01-01 00:02:18.780   254  2403 I DUSS&63[sys_upgrade_check_connec:1620]:: get response from FC APP, ret_code: 0x0
01-01 00:02:18.780   254  2403 I DUSS&63[sys_upgrade_check_connec:1629]:: Has HW ver for FC APP: 08RDEBMP0103FC
01-01 00:02:18.780   254  2403 I DUSS&63[       sys_check_version:  77]:: Same version. Current: 3.2.44.13 (11277); Target: 3.2.44.13
01-01 00:02:18.780   254  2403 I DUSS&63[      sys_p1_upgrade_all:3620]:: FC APP: sys_upgrade_commom_hw success
01-01 00:02:18.780   254  2403 I DUSS&63[sys_p1_push_ongoing_stat:2997]:: Push to 0xa01 for module 0x306, overall upgrade progress: 72 (3:2:100), stop_pushing=0
01-01 00:02:18.780   254  2403 I DUSS&63[    sys_del_upgrade_file:3297]:: del file /data/ftp/upgrade/upgrade/signimgs//wm220_0306_v03.02.44.13_20171116.pro.fw.sig /cache/upgrade/unsignimgs//wm220_0306_v03.02.44.13_20171116.pro.fw
01-01 00:02:18.780   254   442 I DUSS&63[sys_up_status_push_threa: 993]:: +++++++ Sending upgrade status for upgrading_stage, len: 11, app_host=0xa01, mod_id=0xc3 (03.06), status 5, progress: 100, total_progress: 72
01-01 00:02:18.785   254   442 E DUSS&63[sys_up_status_push_threa:1012]:: Sending upgrade status to app_host 0xa01 failed, result=-1002
01-01 00:02:20.186   254   444 I DUSS&63[sys_p1_register_motor_er:4359]:: succ to register motor_err_act, result = 0, requester_id=0xe3004400, motor_action_id=201, surplus_id_num=39
01-01 00:02:20.785   254   442 I DUSS&63[sys_up_status_push_threa: 993]:: +++++++ Sending upgrade status for upgrading_stage, len: 11, app_host=0xa01, mod_id=0xc3 (03.06), status 5, progress: 100, total_progress: 72
01-01 00:02:20.789   254   442 E DUSS&63[sys_up_status_push_threa:1012]:: Sending upgrade status to app_host 0xa01 failed, result=-1002
01-01 00:02:21.182   254   445 I DUSS&63[          sys_usb_switch: 323]:: mode: 0, up_status 4, conn_pc 1, conn_app_timeout 0, cam_rt_mode 0, cam_mode 5
01-01 00:02:21.800   254  2403 I DUSS&63[sys_p1_push_ongoing_stat:2997]:: Push to 0xa01 for module 0xc00, overall upgrade progress: 72 (3:1:0), stop_pushing=0
01-01 00:02:21.800   254  2403 I DUSS&63[sys_upgrade_check_connec:1608]:: Send check connection message to ESC 0 ...
01-01 00:02:21.800   254   442 I DUSS&63[sys_up_status_push_threa: 993]:: +++++++ Sending upgrade status for upgrading_stage, len: 11, app_host=0xa01, mod_id=0xc (12.00), status 1, progress: 0, total_progress: 72
01-01 00:02:21.802   254   442 E DUSS&63[sys_up_status_push_threa:1012]:: Sending upgrade status to app_host 0xa01 failed, result=-1002
01-01 00:02:21.831   254  2403 I DUSS&63[sys_upgrade_check_connec:1620]:: get response from ESC 0, ret_code: 0x0
01-01 00:02:21.831   254  2403 I DUSS&63[sys_upgrade_check_connec:1629]:: Has HW ver for ESC 0: ES02_FD_V1
01-01 00:02:21.831   254  2403 I DUSS&63[      sys_p1_upgrade_all:3424]:: ESC 0: file HW ES02, module HW ES02_FD_V1, HW match!
01-01 00:02:23.802   254   442 I DUSS&63[sys_up_status_push_threa: 993]:: +++++++ Sending upgrade status for upgrading_stage, len: 11, app_host=0xa01, mod_id=0xc (12.00), status 1, progress: 0, total_progress: 72
01-01 00:02:23.804   254   442 E DUSS&63[sys_up_status_push_threa:1012]:: Sending upgrade status to app_host 0xa01 failed, result=-1002
01-01 00:02:23.831   254  2403 I DUSS&63[  sys_upgrade_check_file:1653]:: ESC 0 Upgrade: check file /cache/upgrade/unsignimgs//wm220_1200_v01.01.00.72_20180515_es02.pro.fw
01-01 00:02:23.831   254  2403 I DUSS&63[  sys_upgrade_check_file:1701]:: Firmaware /cache/upgrade/unsignimgs//wm220_1200_v01.01.00.72_20180515_es02.pro.fw is not encrypted
01-01 00:02:23.832   254  2403 I DUSS&63[  sys_upgrade_check_file:1713]:: md5string: 6a40fdaa55a4ee6ca91cbf5ddccb5980
01-01 00:02:23.832   254  2403 I DUSS&63[   sys_upgrade_commom_hw:3026]:: new ESC, hw_str=ES02, need_repeat!
01-01 00:02:23.832   254  2403 I DUSS&63[   sys_upgrade_commom_hw:3032]:: Start to upgrade ESC 0_0
01-01 00:02:23.832   254  2403 I DUSS&63[sys_upgrade_check_connec:1608]:: Send check connection message to ESC 0 ...
01-01 00:02:23.851   254  2403 I DUSS&63[sys_upgrade_check_connec:1620]:: get response from ESC 0, ret_code: 0x0
01-01 00:02:23.851   254  2403 I DUSS&63[sys_upgrade_check_connec:1629]:: Has HW ver for ESC 0: ES02_FD_V1
01-01 00:02:23.851   254  2403 I DUSS&63[       sys_check_version:  77]:: Same version. Current: 1.1.0.72 (72); Target: 1.1.0.72
01-01 00:02:23.852   254  2403 I DUSS&63[   sys_upgrade_commom_hw:3155]:: try next hw: ESC 0_1
01-01 00:02:23.852   254  2403 I DUSS&63[   sys_upgrade_commom_hw:3032]:: Start to upgrade ESC 0_1
01-01 00:02:23.852   254  2403 I DUSS&63[sys_upgrade_check_connec:1608]:: Send check connection message to ESC 0 ...
01-01 00:02:23.872   254  2403 I DUSS&63[sys_upgrade_check_connec:1620]:: get response from ESC 0, ret_code: 0x0
01-01 00:02:23.872   254  2403 I DUSS&63[sys_upgrade_check_connec:1629]:: Has HW ver for ESC 0: ES02_FD_V1
01-01 00:02:23.872   254  2403 I DUSS&63[       sys_check_version:  77]:: Same version. Current: 1.1.0.72 (72); Target: 1.1.0.72
01-01 00:02:23.872   254  2403 I DUSS&63[   sys_upgrade_commom_hw:3155]:: try next hw: ESC 0_2
01-01 00:02:23.872   254  2403 I DUSS&63[   sys_upgrade_commom_hw:3032]:: Start to upgrade ESC 0_2
01-01 00:02:23.872   254  2403 I DUSS&63[sys_upgrade_check_connec:1608]:: Send check connection message to ESC 0 ...
01-01 00:02:23.900   254  2403 I DUSS&63[sys_upgrade_check_connec:1620]:: get response from ESC 0, ret_code: 0x0
01-01 00:02:23.900   254  2403 I DUSS&63[sys_upgrade_check_connec:1629]:: Has HW ver for ESC 0: ES02_FD_V1
01-01 00:02:23.900   254  2403 I DUSS&63[       sys_check_version:  77]:: Same version. Current: 1.1.0.72 (72); Target: 1.1.0.72
01-01 00:02:23.900   254  2403 I DUSS&63[   sys_upgrade_commom_hw:3155]:: try next hw: ESC 0_3
01-01 00:02:23.900   254  2403 I DUSS&63[   sys_upgrade_commom_hw:3032]:: Start to upgrade ESC 0_3
01-01 00:02:23.900   254  2403 I DUSS&63[sys_upgrade_check_connec:1608]:: Send check connection message to ESC 0 ...
01-01 00:02:23.932   254  2403 I DUSS&63[sys_upgrade_check_connec:1620]:: get response from ESC 0, ret_code: 0x0
01-01 00:02:23.932   254  2403 I DUSS&63[sys_upgrade_check_connec:1629]:: Has HW ver for ESC 0: ES02_FD_V1
01-01 00:02:23.932   254  2403 I DUSS&63[       sys_check_version:  77]:: Same version. Current: 1.1.0.72 (72); Target: 1.1.0.72
01-01 00:02:23.932   254  2403 I DUSS&63[      sys_p1_upgrade_all:3620]:: ESC 0: sys_upgrade_commom_hw success
01-01 00:02:23.932   254  2403 I DUSS&63[sys_p1_push_ongoing_stat:2997]:: Push to 0xa01 for module 0xc00, overall upgrade progress: 99 (3:1:100), stop_pushing=0
01-01 00:02:23.932   254  2403 I DUSS&63[    sys_del_upgrade_file:3297]:: del file /data/ftp/upgrade/upgrade/signimgs//wm220_1200_v01.01.00.72_20180515_es02.pro.fw.sig /cache/upgrade/unsignimgs//wm220_1200_v01.01.00.72_20180515_es02.pro.fw
01-01 00:02:23.938   254   442 I DUSS&63[sys_up_status_push_threa: 993]:: +++++++ Sending upgrade status for upgrading_stage, len: 11, app_host=0xa01, mod_id=0xc (12.00), status 5, progress: 100, total_progress: 99
01-01 00:02:23.946   254   442 E DUSS&63[sys_up_status_push_threa:1012]:: Sending upgrade status to app_host 0xa01 failed, result=-1002
01-01 00:02:24.182   254   445 I DUSS&63[          sys_usb_switch: 323]:: mode: 0, up_status 4, conn_pc 1, conn_app_timeout 0, cam_rt_mode 0, cam_mode 5
01-01 00:02:25.946   254   442 I DUSS&63[sys_up_status_push_threa: 993]:: +++++++ Sending upgrade status for upgrading_stage, len: 11, app_host=0xa01, mod_id=0xc (12.00), status 5, progress: 100, total_progress: 99
01-01 00:02:25.950   254   442 E DUSS&63[sys_up_status_push_threa:1012]:: Sending upgrade status to app_host 0xa01 failed, result=-1002
01-01 00:02:27.182   254   445 I DUSS&63[          sys_usb_switch: 323]:: mode: 0, up_status 4, conn_pc 1, conn_app_timeout 0, cam_rt_mode 0, cam_mode 5
01-01 00:02:27.950   254   442 I DUSS&63[sys_up_status_push_threa: 993]:: +++++++ Sending upgrade status for upgrading_stage, len: 11, app_host=0xa01, mod_id=0xc (12.00), status 5, progress: 100, total_progress: 99
01-01 00:02:27.952   254   442 E DUSS&63[sys_up_status_push_threa:1012]:: Sending upgrade status to app_host 0xa01 failed, result=-1002
01-01 00:02:29.960   254   442 I DUSS&63[sys_up_status_push_threa: 993]:: +++++++ Sending upgrade status for upgrading_stage, len: 11, app_host=0xa01, mod_id=0xc (12.00), status 5, progress: 100, total_progress: 99
01-01 00:02:29.963   254   442 E DUSS&63[sys_up_status_push_threa:1012]:: Sending upgrade status to app_host 0xa01 failed, result=-1002
01-01 00:02:30.182   254   445 I DUSS&63[          sys_usb_switch: 323]:: mode: 0, up_status 4, conn_pc 1, conn_app_timeout 0, cam_rt_mode 0, cam_mode 5
01-01 00:02:31.964   254   442 I DUSS&63[sys_up_status_push_threa: 993]:: +++++++ Sending upgrade status for upgrading_stage, len: 11, app_host=0xa01, mod_id=0xc (12.00), status 5, progress: 100, total_progress: 99
01-01 00:02:31.966   254   442 E DUSS&63[sys_up_status_push_threa:1012]:: Sending upgrade status to app_host 0xa01 failed, result=-1002
01-01 00:02:33.182   254   445 I DUSS&63[          sys_usb_switch: 323]:: mode: 0, up_status 4, conn_pc 1, conn_app_timeout 0, cam_rt_mode 0, cam_mode 5
01-01 00:02:33.230   254  2403 I DUSS&63[ sys_up_del_full_package:1099]:: deleted /data/ftp/upgrade/dji_system.bin
01-01 00:02:33.230   254  2403 I DUSS&63[sys_up_save_upgrade_stat: 370]:: fileName=/cache/upgrade_status, optionName=push_status, optionValue=1
01-01 00:02:33.230   254  2403 I DUSS&63[sys_up_save_upgrade_stat: 416]:: can not find this option, append new line
01-01 00:02:33.355   254  2403 I DUSS&63[      sys_p1_upgrade_all:3734]:: Update the cfg file for system.
01-01 00:02:33.966   254   442 I DUSS&63[sys_up_status_push_threa: 993]:: +++++++ Sending upgrade status for upgrading_stage, len: 11, app_host=0xa01, mod_id=0xc (12.00), status 5, progress: 100, total_progress: 99
01-01 00:02:33.969   254   442 E DUSS&63[sys_up_status_push_threa:1012]:: Sending upgrade status to app_host 0xa01 failed, result=-1002
01-01 00:02:35.969   254   442 I DUSS&63[sys_up_status_push_threa: 993]:: +++++++ Sending upgrade status for upgrading_stage, len: 11, app_host=0xa01, mod_id=0xc (12.00), status 5, progress: 100, total_progress: 99
01-01 00:02:35.973   254   442 E DUSS&63[sys_up_status_push_threa:1012]:: Sending upgrade status to app_host 0xa01 failed, result=-1002
01-01 00:02:36.183   254   445 I DUSS&63[          sys_usb_switch: 323]:: mode: 0, up_status 4, conn_pc 1, conn_app_timeout 0, cam_rt_mode 0, cam_mode 5
01-01 00:02:37.973   254   442 I DUSS&63[sys_up_status_push_threa: 993]:: +++++++ Sending upgrade status for upgrading_stage, len: 11, app_host=0xa01, mod_id=0xc (12.00), status 5, progress: 100, total_progress: 99
01-01 00:02:37.976   254   442 E DUSS&63[sys_up_status_push_threa:1012]:: Sending upgrade status to app_host 0xa01 failed, result=-1002
01-01 00:02:39.182   254   445 I DUSS&63[          sys_usb_switch: 323]:: mode: 0, up_status 4, conn_pc 1, conn_app_timeout 0, cam_rt_mode 0, cam_mode 5
01-01 00:02:39.366   254  2403 I DUSS&63[      sys_p1_upgrade_all:3744]::  All upgrade success, reboot.
01-01 00:02:39.976   254   442 I DUSS&63[sys_up_status_push_threa: 993]:: +++++++ Sending upgrade status for upgrading_stage, len: 11, app_host=0xa01, mod_id=0xc (12.00), status 5, progress: 100, total_progress: 99
01-01 00:02:39.979   254   442 E DUSS&63[sys_up_status_push_threa:1012]:: Sending upgrade status to app_host 0xa01 failed, result=-1002
01-01 00:02:40.521   254  2403 I DUSS&63[sys_p1_active_reboot_for:5504]:: app_host=0xa01
01-01 00:02:40.647   254  2403 I DUSS&63[sys_p1_active_reboot_for:5512]:: Send reboot request to battery.
01-01 00:02:40.647   254  2403 I DUSS&63[sys_upgrade_request_rebo:1572]:: Send reboot to 11:0
01-01 00:02:41.979   254   442 I DUSS&63[sys_up_status_push_threa: 993]:: +++++++ Sending upgrade status for upgrading_stage, len: 11, app_host=0xa01, mod_id=0xc (12.00), status 5, progress: 100, total_progress: 99
01-01 00:02:41.981   254   442 E DUSS&63[sys_up_status_push_threa:1012]:: Sending upgrade status to app_host 0xa01 failed, result=-1002
01-01 00:02:42.182   254   445 I DUSS&63[          sys_usb_switch: 323]:: mode: 0, up_status 4, conn_pc 1, conn_app_timeout 0, cam_rt_mode 0, cam_mode 5
01-01 00:02:42.404   254   407 I DUSS&63[        sys_event_reboot:1401]:: receive reboot from 0xb00, this_host=0x801
01-01 00:02:42.404   254   407 I DUSS&63[        sys_event_reboot:1407]:: Get reboot callback. .
01-01 00:02:42.404   254   407 I DUSS&63[           sys_p1_reboot:4879]:: Request power/boot 2 after 0 ms from 0xb00
01-01 00:02:42.651   254  2403 I DUSS&63[sys_p1_active_reboot_for:5512]:: Send reboot request to battery.
01-01 00:02:42.651   254  2403 I DUSS&63[sys_upgrade_request_rebo:1572]:: Send reboot to 11:0
01-01 00:02:42.704   254   407 I DUSS&63[  sys_notify_reboot_peer:4854]:: power: send command 300166, -1002
01-01 00:02:42.704   254   407 E DUSS&63[  sys_notify_reboot_peer:4856]:: power: can not reach peer, result=-1002, retry_count=0
01-01 00:02:43.004   254   407 I DUSS&63[  sys_notify_reboot_peer:4854]:: power: send command 300169, -1002
01-01 00:02:43.004   254   407 E DUSS&63[  sys_notify_reboot_peer:4856]:: power: can not reach peer, result=-1002, retry_count=1
01-01 00:02:43.305   254   407 I DUSS&63[  sys_notify_reboot_peer:4854]:: power: send command 300248, -1002
01-01 00:02:43.305   254   407 E DUSS&63[  sys_notify_reboot_peer:4856]:: power: can not reach peer, result=-1002, retry_count=2
01-01 00:02:43.605   254   407 I DUSS&63[  sys_notify_reboot_peer:4854]:: power: send command 300168, -1002
01-01 00:02:43.605   254   407 E DUSS&63[  sys_notify_reboot_peer:4856]:: power: can not reach peer, result=-1002, retry_count=3
01-01 00:02:43.905   254   407 I DUSS&63[  sys_notify_reboot_peer:4854]:: power: send command 300172, -1002
01-01 00:02:43.905   254   407 E DUSS&63[  sys_notify_reboot_peer:4856]:: power: can not reach peer, result=-1002, retry_count=4
01-01 00:02:43.905   254   407 E DUSS&63[       sys_notify_reboot:4818]:: duss_event_send() power error: -1007
===/data/dji/log is already a link===


!!!new file start!!!

01-01 00:00:09.498   242   242 I DUSS&63[                    main: 657]:: dji_sys run as dev_type 0, duss_sketch_initialize done...
01-01 00:00:09.507   242   242 I DUSS&63[sys_load_config_from_jso: 154]:: Get the hw_str WM220 AC
01-01 00:00:09.507   242   242 I DUSS&63[         sys_load_config: 488]:: platform dev_info: WM220 1860AC
01-01 00:00:09.524   242   242 I DUSS&63[sys_check_boot_mode_norm: 333]:: Set system mode to NORMAL.
01-01 00:00:10.722   242   242 I DUSS&63[sys_up_load_general_stat: 203]:: get option_value wm220 for package_id
01-01 00:00:10.722   242   242 I DUSS&63[sys_up_load_general_stat: 204]:: updated package_str wm220
01-01 00:00:10.722   242   242 I DUSS&63[sys_up_load_general_stat: 211]:: get package_ver 1.4.400
01-01 00:00:10.722   242   242 I DUSS&63[sys_up_load_general_stat: 211]:: 
01-01 00:00:10.722   242   242 I DUSS&63[sys_up_load_general_stat: 215]:: updated package_ver 1.4.400
01-01 00:00:10.722   242   242 I DUSS&63[sys_up_load_general_stat: 222]:: get package_uav_cnt 3
01-01 00:00:10.722   242   242 I DUSS&63[sys_up_load_general_stat: 222]:: 
01-01 00:00:10.722   242   242 I DUSS&63[sys_up_load_general_stat: 224]:: updated package_uav_cnt 3
01-01 00:00:10.722   242   242 I DUSS&63[sys_up_load_general_stat: 231]:: get package_gnd_cnt 0
01-01 00:00:10.722   242   242 I DUSS&63[sys_up_load_general_stat: 231]:: 
01-01 00:00:10.722   242   242 I DUSS&63[sys_up_load_general_stat: 233]:: updated package_gnd_cnt 0
01-01 00:00:10.722   242   242 I DUSS&63[sys_up_load_general_stat: 240]:: get package_gls_cnt 0
01-01 00:00:10.722   242   242 I DUSS&63[sys_up_load_general_stat: 240]:: 
01-01 00:00:10.722   242   242 I DUSS&63[sys_up_load_general_stat: 242]:: updated package_gls_cnt 0
01-01 00:00:10.725   242   242 I DUSS&63[sys_up_load_upgrade_stat: 298]:: get option_value 0xa01 for upgrade_host
01-01 00:00:10.725   242   242 I DUSS&63[sys_up_load_upgrade_stat: 309]:: get option_value 1 for push_status
01-01 00:00:10.759   242   242 I DUSS&63[sys_upgrade_check_status:5119]:: didn't save upgrade_retry in last boot
01-01 00:00:10.759   242   242 I DUSS&63[sys_upgrade_check_status:5127]:: push_status=1, need to push status to host 0xa01
01-01 00:00:12.042   242   242 I DUSS&63[            sys_pre_init: 534]:: this is production board
01-01 00:00:12.055   242   242 I DUSS&63[      wl_prot_tcp_create: 404]:: [sys]open_type=1, local_port=22350, remote_ip=0.0.0.0, remote_port=0, l_ctx=0xb70c5d30 
01-01 00:00:12.055   242   242 I DUSS&63[      wl_prot_tcp_create: 452]:: [sys]create tcp listen task success, task=0xb70c5d90
01-01 00:00:12.056   242   242 I DUSS&63[      wl_prot_tcp_create: 500]:: [sys]create tcp channel success, l_ctx=0xb70c5d30
01-01 00:00:12.159   242   242 I DUSS&63[        sys_events_start:  96]:: aging_test_mode=0, system_mode=0
01-01 00:00:12.160   242   242 I DUSS&63[            sys_ltc_init: 636]:: use the same i2c device /dev/i2c-1 for version read
01-01 00:00:12.160   242   242 I DUSS&63[            sys_ltc_init: 640]:: check the cpld version and toggle program pin.
01-01 00:00:12.160   242   242 I DUSS&63[   sys_ltc_program_check: 535]:: return ver 0x409
01-01 00:00:12.162   242   242 I DUSS&63[       sys_check_pc_conn: 304]:: pc state is CONFIGURED
01-01 00:00:12.162   242   242 I DUSS&63[           sys_post_init: 565]:: conn_pc=1 when init
01-01 00:00:12.162   242   242 I DUSS&63[      sys_usbclient_init: 496]:: MFi: Ignore mobile channels...
01-01 00:00:12.163   242   422 I DUSS&63[sys_up_status_push_threa: 863]:: pushing thread start, stop_pushing=0, push_status=1
01-01 00:00:12.163   242   422 I DUSS&63[      sys_up_status_init: 703]:: Init the upgrade status.
01-01 00:00:12.163   242   422 I DUSS&63[      sys_up_status_init: 712]:: Set the finish result to SUCCESS.
01-01 00:00:12.163   242   422 I DUSS&63[sys_up_status_push_threa: 899]:: Succeed to send the led control msg to camera.
01-01 00:00:12.171   242   242 I DUSS&63[sys_uevent_force_usb_eve: 626]:: ttyACM0 modalias: usb:vFFF0p0008d0100dc02dsc00dp00ic02isc02ip00in00
01-01 00:00:12.171   242   242 I DUSS&63[sys_uevent_force_usb_eve: 635]:: ttyACM0: force trigger add uevent /sys/class/tty/ttyACM0/uevent!
01-01 00:00:12.190   242   242 I DUSS&63[sys_uevent_force_usb_eve: 657]:: force trigger add uevent /sys/class/net/usb0/uevent
01-01 00:00:12.192   242   242 I DUSS&63[sys_flight_data_do_first: 575]:: nfz database exist,need to check the version!
01-01 00:00:12.193   242   242 I DUSS&63[sys_flight_data_get_vers: 451]:: Get the version from mflight_data.
01-01 00:00:12.193   242   242 I DUSS&63[sys_flight_data_get_vers: 461]:: ver.Protocal.MajorVer = 0
01-01 00:00:12.193   242   242 I DUSS&63[sys_flight_data_get_vers: 462]:: ver.Protocal.MinorVer = 0
01-01 00:00:12.193   242   242 I DUSS&63[sys_flight_data_get_vers: 463]:: ver.Loader = 1.0.1.11
01-01 00:00:12.193   242   242 I DUSS&63[sys_flight_data_get_vers: 464]:: ver.Fw = 1.0.1.11
01-01 00:00:12.193   242   242 I DUSS&63[sys_flight_data_do_first: 638]:: nfz database already exist, return directly!
01-01 00:00:12.281   242   427 I DUSS&63[ handle_dji_device_event: 350]:: ttyACM0 modalias: usb:vFFF0p0008d0100dc02dsc00dp00ic02isc02ip00in00
01-01 00:00:13.193   242   242 I DUSS&63[    sys_p1_up_check_conn:4172]:: check connection with camera failed: -1002
01-01 00:00:14.159   242   425 E DUSS&63[sys_p1_register_motor_er:4350]:: register motor_err_action error: -1001
01-01 00:00:14.164   242   422 I DUSS&63[sys_up_status_push_threa: 970]:: +++++++ Sending upgrade status for finishing_stage, len: 11, app_host=0xa01, mod_id=0x28 (08.01), status 0, reason 1, progress: 100
01-01 00:00:14.194   242   242 I DUSS&63[    sys_p1_up_check_conn:4172]:: check connection with camera failed: -1002
01-01 00:00:15.015   238   238 I DUSS&63[      wl_prot_tcp_create: 404]:: [sys]open_type=1, local_port=22352, remote_ip=0.0.0.0, remote_port=0, l_ctx=0xb704fb70 
01-01 00:00:15.017   238   238 I DUSS&63[      wl_prot_tcp_create: 452]:: [sys]create tcp listen task success, task=0xb704fbd0
01-01 00:00:15.019   238   238 I DUSS&63[      wl_prot_tcp_create: 500]:: [sys]create tcp channel success, l_ctx=0xb704fb70
01-01 00:00:15.112   242   400 I DUSS&63[  sys_event_get_date_ack: 116]:: Got get_date_ack and the return code is 0xe0, peer_host=0x100
01-01 00:00:15.162   242   426 I DUSS&63[          sys_usb_switch: 323]:: mode: 0, up_status 5, conn_pc 1, conn_app_timeout 0, cam_rt_mode 2, cam_mode 0
01-01 00:00:15.162   242   426 I DUSS&63[   sys_cam_switch_to_eth: 341]:: A9 USB switch to ETH mode, cur_mode=0!
01-01 00:00:15.195   242   242 I DUSS&63[    sys_p1_up_check_conn:4172]:: check connection with camera failed: -1002
01-01 00:00:15.203   242   242 I DUSS&63[    sys_p1_up_check_conn:4175]:: check connection with camera success
01-01 00:00:15.222   242   242 I DUSS&63[    sys_p1_up_check_conn:4199]:: check connection with flight control success
01-01 00:00:15.222   242   242 I DUSS&63[            sys_mainloop: 266]:: version scan done.
01-01 00:00:15.281   242   427 I DUSS&63[ handle_dji_device_event: 357]:: Handle events for usb ACM /dev/ttyACM:vFFF0p0008 plug in.
01-01 00:00:15.284   242   427 I DUSS&63[ handle_dji_device_event: 361]:: enable ttyACM channel result: 0
01-01 00:00:15.284   242   427 I DUSS&63[ handle_dji_device_event: 404]:: Disable local channel to FC 0306 channel.
01-01 00:00:15.284   242   427 I DUSS&63[ handle_dji_device_event: 468]:: add network interface: usb0
01-01 00:00:15.293   242   427 I DUSS&63[ handle_dji_device_event: 473]:: Handle events for usb0 network plug in.
01-01 00:00:15.293   242   427 I DUSS&63[ handle_dji_device_event: 478]:: ++++++Disable uart channel to camera
01-01 00:00:16.164   242   422 I DUSS&63[sys_up_status_push_threa: 970]:: +++++++ Sending upgrade status for finishing_stage, len: 11, app_host=0xa01, mod_id=0x28 (08.01), status 0, reason 1, progress: 100
01-01 00:00:16.166   242   422 E DUSS&63[sys_up_status_push_threa:1012]:: Sending upgrade status to app_host 0xa01 failed, result=-1002
01-01 00:00:16.166   242   422 I DUSS&63[       sys_check_pc_conn: 304]:: pc state is CONFIGURED
01-01 00:00:16.166   242   422 I DUSS&63[sys_up_status_push_threa:1017]:: conn_pc=1 when re-check in pushing thread
01-01 00:00:16.167   242   422 E DUSS&63[sys_event_pc_through_rc_:1205]:: switch pc wl channel to 0 success
01-01 00:00:16.171   242   426 I DUSS&63[   sys_cam_switch_to_eth: 374]:: usb0 device ready
01-01 00:00:16.171   242   426 I DUSS&63[   sys_cam_switch_to_eth: 380]:: success
01-01 00:00:16.173   242   425 I DUSS&63[sys_p1_register_motor_er:4359]:: succ to register motor_err_act, result = 0, requester_id=0x3f2a58c0, motor_action_id=200, surplus_id_num=40
01-01 00:00:16.172   242   427 E DUSS&63[ sys_event_usb_rt_enable:1123]:: Find route item to 0x104 fail: -1001
01-01 00:00:16.174   242   427 E DUSS&63[ sys_event_usb_rt_enable:1123]:: Find route item to 0x106 fail: -1001
01-01 00:00:16.174   242   427 E DUSS&63[ sys_event_usb_rt_enable:1123]:: Find route item to 0x401 fail: -1001
01-01 00:00:16.174   242   427 E DUSS&63[ sys_event_usb_rt_enable:1123]:: Find route item to 0x402 fail: -1001
01-01 00:00:16.174   242   427 I DUSS&63[sys_event_camera_rt_enab:1170]:: enable the mobile rt (throught camera).
01-01 00:00:16.174   242   427 E DUSS&63[ sys_event_usb_rt_enable:1123]:: Find route item to 0x200 fail: -1001
01-01 00:00:16.174   242   427 E DUSS&63[sys_event_camera_rt_enab:1175]:: route table: turn on USB eth to 2:0 fail
01-01 00:00:16.174   242   427 I DUSS&63[ handle_dji_device_event: 176]:: android_usb DISCONNECTED
01-01 00:00:16.174   242   427 I DUSS&63[ handle_dji_device_event: 194]:: handle usb events for pc plugging out
01-01 00:00:16.176   242   427 E DUSS&63[sys_event_pc_through_rc_:1205]:: switch pc wl channel to 1 success
01-01 00:00:16.223   242   427 E DUSS&63[find_and_kill_all_udhcpd: 457]:: pid 193's cmdline: busybox udhcpd
01-01 00:00:16.223   242   427 E DUSS&63[find_and_kill_all_udhcpd: 460]:: execute busybox kill 193
01-01 00:00:16.232   242   427 E DUSS&63[find_and_kill_all_udhcpd: 457]:: pid 194's cmdline: busybox tcpsvd
01-01 00:00:16.248   242   427 E DUSS&63[find_and_kill_all_udhcpd: 457]:: pid 578's cmdline: busybox udhcpd
01-01 00:00:16.248   242   427 E DUSS&63[find_and_kill_all_udhcpd: 460]:: execute busybox kill 578
01-01 00:00:16.267   242   427 I DUSS&63[ handle_dji_device_event: 284]:: kill udhcpd service (busybox)
01-01 00:00:16.280   242   427 I DUSS&63[ handle_dji_device_event: 274]:: start udhcpd service for rndis
01-01 00:00:16.290   242   427 I DUSS&63[ handle_dji_device_event: 279]:: start udhcpd service for wifi
01-01 00:00:16.307   242   427 I DUSS&63[ handle_dji_device_event: 176]:: android_usb CONNECTED
01-01 00:00:16.307   242   427 I DUSS&63[ handle_dji_device_event: 176]:: android_usb CONFIGURED
01-01 00:00:16.308   242   427 I DUSS&63[ handle_dji_device_event: 181]:: handle usb events for pc plugging in
01-01 00:00:17.629   242   412 E DUSS&63[ sys_upgrade_get_version:1532]:: 12:0: query version error: -1002
01-01 00:00:18.167   242   422 I DUSS&63[sys_up_status_push_threa: 970]:: +++++++ Sending upgrade status for finishing_stage, len: 11, app_host=0xa01, mod_id=0x28 (08.01), status 0, reason 1, progress: 100
01-01 00:00:31.261   242   422 E DUSS&63[sys_up_status_push_threa:1012]:: Sending upgrade status to app_host 0xa01 failed, result=-1002
01-01 00:00:31.270   242   427 E DUSS&63[sys_event_pc_through_rc_:1205]:: switch pc wl channel to 0 success
01-01 00:00:31.561   242   425 E DUSS&63[sys_p1_disable_motor_run:4285]:: set motor work status error: -1002
01-01 00:00:31.561   242   425 I DUSS&63[sys_p1_logout_motor_err_:4387]:: logout: motor_requester_id = 0x3f2a58c0, action_id=200
01-01 00:00:31.811   242   425 I DUSS&63[sys_p1_logout_motor_err_:4419]:: succ to logout motor_err_act, result = 0, surplus_id_num=41
01-01 00:00:32.171   242   425 I DUSS&63[sys_p1_register_motor_er:4359]:: succ to register motor_err_act, result = 0, requester_id=0xd2395700, motor_action_id=201, surplus_id_num=40
01-01 00:00:33.162   242   426 I DUSS&63[          sys_usb_switch: 323]:: mode: 0, up_status 5, conn_pc 1, conn_app_timeout 0, cam_rt_mode 0, cam_mode 5
01-01 00:00:33.261   242   422 I DUSS&63[sys_up_status_push_threa: 970]:: +++++++ Sending upgrade status for finishing_stage, len: 11, app_host=0xa01, mod_id=0x28 (08.01), status 0, reason 1, progress: 100
01-01 00:00:33.263   242   422 E DUSS&63[sys_up_status_push_threa:1012]:: Sending upgrade status to app_host 0xa01 failed, result=-1002
01-01 00:00:35.263   242   422 I DUSS&63[sys_up_status_push_threa: 970]:: +++++++ Sending upgrade status for finishing_stage, len: 11, app_host=0xa01, mod_id=0x28 (08.01), status 0, reason 1, progress: 100
01-01 00:00:35.266   242   422 E DUSS&63[sys_up_status_push_threa:1012]:: Sending upgrade status to app_host 0xa01 failed, result=-1002
01-01 00:00:36.163   242   426 I DUSS&63[          sys_usb_switch: 323]:: mode: 0, up_status 5, conn_pc 1, conn_app_timeout 0, cam_rt_mode 0, cam_mode 5
01-01 00:00:37.266   242   422 I DUSS&63[sys_up_status_push_threa: 970]:: +++++++ Sending upgrade status for finishing_stage, len: 11, app_host=0xa01, mod_id=0x28 (08.01), status 0, reason 1, progress: 100
01-01 00:00:37.271   242   422 E DUSS&63[sys_up_status_push_threa:1012]:: Sending upgrade status to app_host 0xa01 failed, result=-1002
01-01 00:00:39.162   242   426 I DUSS&63[          sys_usb_switch: 323]:: mode: 0, up_status 5, conn_pc 1, conn_app_timeout 0, cam_rt_mode 0, cam_mode 5
01-01 00:00:39.271   242   422 I DUSS&63[sys_up_status_push_threa: 970]:: +++++++ Sending upgrade status for finishing_stage, len: 11, app_host=0xa01, mod_id=0x28 (08.01), status 0, reason 1, progress: 100
01-01 00:00:39.273   242   422 E DUSS&63[sys_up_status_push_threa:1012]:: Sending upgrade status to app_host 0xa01 failed, result=-1002
